2026-03-25 22:47:09,489 [INFO] Found rosetta database at: /wynton/home/rotation/jqmo/.conda/envs/mcsce/lib/python3.7/site-packages/pyrosetta/database; using it....
2026-03-25 22:47:09,520 [INFO] ┌──────────────────────────────────────────────────────────────────────────────┐
│                                 PyRosetta-4                                  │
│              Created in JHU by Sergey Lyskov and PyRosetta Team              │
│              (C) Copyright Rosetta Commons Member Institutions               │
│                                                                              │
│ NOTE: USE OF PyRosetta FOR COMMERCIAL PURPOSES REQUIRE PURCHASE OF A LICENSE │
│         See LICENSE.PyRosetta.md or email license@uw.edu for details         │
└──────────────────────────────────────────────────────────────────────────────┘
PyRosetta-4 2024 [Rosetta PyRosetta4.conda.linux.cxx11thread.serialization.CentOS.python37.Release 2024.39+release.59628fbc5bc09f1221e1642f1f8d157ce49b1410 2024-09-23T07:49:48] retrieved from: http://www.pyrosetta.org
2026-03-25 22:47:09,496 [INFO] Found rosetta database at: /wynton/home/rotation/jqmo/.conda/envs/mcsce/lib/python3.7/site-packages/pyrosetta/database; using it....
2026-03-25 22:47:09,503 [INFO] Found rosetta database at: /wynton/home/rotation/jqmo/.conda/envs/mcsce/lib/python3.7/site-packages/pyrosetta/database; using it....
2026-03-25 22:47:09,520 [INFO] ┌──────────────────────────────────────────────────────────────────────────────┐
│                                 PyRosetta-4                                  │
│              Created in JHU by Sergey Lyskov and PyRosetta Team              │
│              (C) Copyright Rosetta Commons Member Institutions               │
│                                                                              │
│ NOTE: USE OF PyRosetta FOR COMMERCIAL PURPOSES REQUIRE PURCHASE OF A LICENSE │
│         See LICENSE.PyRosetta.md or email license@uw.edu for details         │
└──────────────────────────────────────────────────────────────────────────────┘
PyRosetta-4 2024 [Rosetta PyRosetta4.conda.linux.cxx11thread.serialization.CentOS.python37.Release 2024.39+release.59628fbc5bc09f1221e1642f1f8d157ce49b1410 2024-09-23T07:49:48] retrieved from: http://www.pyrosetta.org
2026-03-25 22:47:09,521 [INFO] ┌──────────────────────────────────────────────────────────────────────────────┐
│                                 PyRosetta-4                                  │
│              Created in JHU by Sergey Lyskov and PyRosetta Team              │
│              (C) Copyright Rosetta Commons Member Institutions               │
│                                                                              │
│ NOTE: USE OF PyRosetta FOR COMMERCIAL PURPOSES REQUIRE PURCHASE OF A LICENSE │
│         See LICENSE.PyRosetta.md or email license@uw.edu for details         │
└──────────────────────────────────────────────────────────────────────────────┘
PyRosetta-4 2024 [Rosetta PyRosetta4.conda.linux.cxx11thread.serialization.CentOS.python37.Release 2024.39+release.59628fbc5bc09f1221e1642f1f8d157ce49b1410 2024-09-23T07:49:48] retrieved from: http://www.pyrosetta.org
2026-03-25 22:47:09,521 [INFO] ┌──────────────────────────────────────────────────────────────────────────────┐
│                                 PyRosetta-4                                  │
│              Created in JHU by Sergey Lyskov and PyRosetta Team              │
│              (C) Copyright Rosetta Commons Member Institutions               │
│                                                                              │
│ NOTE: USE OF PyRosetta FOR COMMERCIAL PURPOSES REQUIRE PURCHASE OF A LICENSE │
│         See LICENSE.PyRosetta.md or email license@uw.edu for details         │
└──────────────────────────────────────────────────────────────────────────────┘
PyRosetta-4 2024 [Rosetta PyRosetta4.conda.linux.cxx11thread.serialization.CentOS.python37.Release 2024.39+release.59628fbc5bc09f1221e1642f1f8d157ce49b1410 2024-09-23T07:49:48] retrieved from: http://www.pyrosetta.org
2026-03-25 22:47:09,522 [INFO] ┌──────────────────────────────────────────────────────────────────────────────┐
│                                 PyRosetta-4                                  │
│              Created in JHU by Sergey Lyskov and PyRosetta Team              │
│              (C) Copyright Rosetta Commons Member Institutions               │
│                                                                              │
│ NOTE: USE OF PyRosetta FOR COMMERCIAL PURPOSES REQUIRE PURCHASE OF A LICENSE │
│         See LICENSE.PyRosetta.md or email license@uw.edu for details         │
└──────────────────────────────────────────────────────────────────────────────┘
PyRosetta-4 2024 [Rosetta PyRosetta4.conda.linux.cxx11thread.serialization.CentOS.python37.Release 2024.39+release.59628fbc5bc09f1221e1642f1f8d157ce49b1410 2024-09-23T07:49:48] retrieved from: http://www.pyrosetta.org
2026-03-25 22:47:09,543 [INFO] Found rosetta database at: /wynton/home/rotation/jqmo/.conda/envs/mcsce/lib/python3.7/site-packages/pyrosetta/database; using it....
2026-03-25 22:47:09,543 [INFO] Found rosetta database at: /wynton/home/rotation/jqmo/.conda/envs/mcsce/lib/python3.7/site-packages/pyrosetta/database; using it....
2026-03-25 22:47:09,544 [INFO] ┌──────────────────────────────────────────────────────────────────────────────┐
│                                 PyRosetta-4                                  │
│              Created in JHU by Sergey Lyskov and PyRosetta Team              │
│              (C) Copyright Rosetta Commons Member Institutions               │
│                                                                              │
│ NOTE: USE OF PyRosetta FOR COMMERCIAL PURPOSES REQUIRE PURCHASE OF A LICENSE │
│         See LICENSE.PyRosetta.md or email license@uw.edu for details         │
└──────────────────────────────────────────────────────────────────────────────┘
PyRosetta-4 2024 [Rosetta PyRosetta4.conda.linux.cxx11thread.serialization.CentOS.python37.Release 2024.39+release.59628fbc5bc09f1221e1642f1f8d157ce49b1410 2024-09-23T07:49:48] retrieved from: http://www.pyrosetta.org
2026-03-25 22:47:09,544 [INFO] ┌──────────────────────────────────────────────────────────────────────────────┐
│                                 PyRosetta-4                                  │
│              Created in JHU by Sergey Lyskov and PyRosetta Team              │
│              (C) Copyright Rosetta Commons Member Institutions               │
│                                                                              │
│ NOTE: USE OF PyRosetta FOR COMMERCIAL PURPOSES REQUIRE PURCHASE OF A LICENSE │
│         See LICENSE.PyRosetta.md or email license@uw.edu for details         │
└──────────────────────────────────────────────────────────────────────────────┘
PyRosetta-4 2024 [Rosetta PyRosetta4.conda.linux.cxx11thread.serialization.CentOS.python37.Release 2024.39+release.59628fbc5bc09f1221e1642f1f8d157ce49b1410 2024-09-23T07:49:48] retrieved from: http://www.pyrosetta.org
2026-03-25 22:47:09,548 [INFO] Running Backrub on 1gcvA00_31 (5 conformers, 10000 MC steps, kT=0.6)
2026-03-25 22:47:09,550 [INFO] Running Backrub on 1wtbA00_28 (5 conformers, 10000 MC steps, kT=0.6)
2026-03-25 22:47:09,552 [INFO] Running Backrub on 2vqeN00_6 (5 conformers, 10000 MC steps, kT=0.6)
2026-03-25 22:47:09,553 [INFO] Running Backrub on 3s3lA01_4 (5 conformers, 10000 MC steps, kT=0.6)
2026-03-25 22:47:09,556 [INFO] Running Backrub on 1kj6A00_4 (5 conformers, 10000 MC steps, kT=0.6)
2026-03-25 22:47:09,564 [INFO] Found rosetta database at: /wynton/home/rotation/jqmo/.conda/envs/mcsce/lib/python3.7/site-packages/pyrosetta/database; using it....
2026-03-25 22:47:09,565 [INFO] Found rosetta database at: /wynton/home/rotation/jqmo/.conda/envs/mcsce/lib/python3.7/site-packages/pyrosetta/database; using it....
2026-03-25 22:47:09,565 [INFO] ┌──────────────────────────────────────────────────────────────────────────────┐
│                                 PyRosetta-4                                  │
│              Created in JHU by Sergey Lyskov and PyRosetta Team              │
│              (C) Copyright Rosetta Commons Member Institutions               │
│                                                                              │
│ NOTE: USE OF PyRosetta FOR COMMERCIAL PURPOSES REQUIRE PURCHASE OF A LICENSE │
│         See LICENSE.PyRosetta.md or email license@uw.edu for details         │
└──────────────────────────────────────────────────────────────────────────────┘
PyRosetta-4 2024 [Rosetta PyRosetta4.conda.linux.cxx11thread.serialization.CentOS.python37.Release 2024.39+release.59628fbc5bc09f1221e1642f1f8d157ce49b1410 2024-09-23T07:49:48] retrieved from: http://www.pyrosetta.org
2026-03-25 22:47:09,565 [INFO] ┌──────────────────────────────────────────────────────────────────────────────┐
│                                 PyRosetta-4                                  │
│              Created in JHU by Sergey Lyskov and PyRosetta Team              │
│              (C) Copyright Rosetta Commons Member Institutions               │
│                                                                              │
│ NOTE: USE OF PyRosetta FOR COMMERCIAL PURPOSES REQUIRE PURCHASE OF A LICENSE │
│         See LICENSE.PyRosetta.md or email license@uw.edu for details         │
└──────────────────────────────────────────────────────────────────────────────┘
PyRosetta-4 2024 [Rosetta PyRosetta4.conda.linux.cxx11thread.serialization.CentOS.python37.Release 2024.39+release.59628fbc5bc09f1221e1642f1f8d157ce49b1410 2024-09-23T07:49:48] retrieved from: http://www.pyrosetta.org
2026-03-25 22:47:09,575 [INFO] Running Backrub on 1vq8200_2 (5 conformers, 10000 MC steps, kT=0.6)
2026-03-25 22:47:09,575 [INFO] Running Backrub on 3jzjA01_18 (5 conformers, 10000 MC steps, kT=0.6)
2026-03-25 22:47:09,593 [INFO] Running Backrub on 4bszB00_23 (5 conformers, 10000 MC steps, kT=0.6)
2026-03-25 22:47:09,594 [INFO] Running Backrub on 4yn3B00_6 (5 conformers, 10000 MC steps, kT=0.6)
2026-03-25 22:47:09,607 [INFO] Found rosetta database at: /wynton/home/rotation/jqmo/.conda/envs/mcsce/lib/python3.7/site-packages/pyrosetta/database; using it....
2026-03-25 22:47:09,607 [INFO] ┌──────────────────────────────────────────────────────────────────────────────┐
│                                 PyRosetta-4                                  │
│              Created in JHU by Sergey Lyskov and PyRosetta Team              │
│              (C) Copyright Rosetta Commons Member Institutions               │
│                                                                              │
│ NOTE: USE OF PyRosetta FOR COMMERCIAL PURPOSES REQUIRE PURCHASE OF A LICENSE │
│         See LICENSE.PyRosetta.md or email license@uw.edu for details         │
└──────────────────────────────────────────────────────────────────────────────┘
PyRosetta-4 2024 [Rosetta PyRosetta4.conda.linux.cxx11thread.serialization.CentOS.python37.Release 2024.39+release.59628fbc5bc09f1221e1642f1f8d157ce49b1410 2024-09-23T07:49:48] retrieved from: http://www.pyrosetta.org
2026-03-25 22:47:09,624 [INFO] Found rosetta database at: /wynton/home/rotation/jqmo/.conda/envs/mcsce/lib/python3.7/site-packages/pyrosetta/database; using it....
2026-03-25 22:47:09,625 [INFO] ┌──────────────────────────────────────────────────────────────────────────────┐
│                                 PyRosetta-4                                  │
│              Created in JHU by Sergey Lyskov and PyRosetta Team              │
│              (C) Copyright Rosetta Commons Member Institutions               │
│                                                                              │
│ NOTE: USE OF PyRosetta FOR COMMERCIAL PURPOSES REQUIRE PURCHASE OF A LICENSE │
│         See LICENSE.PyRosetta.md or email license@uw.edu for details         │
└──────────────────────────────────────────────────────────────────────────────┘
PyRosetta-4 2024 [Rosetta PyRosetta4.conda.linux.cxx11thread.serialization.CentOS.python37.Release 2024.39+release.59628fbc5bc09f1221e1642f1f8d157ce49b1410 2024-09-23T07:49:48] retrieved from: http://www.pyrosetta.org
2026-03-25 22:47:09,644 [INFO] Running Backrub on 1ui5A00_30 (5 conformers, 10000 MC steps, kT=0.6)
2026-03-25 22:47:09,647 [INFO] Running Backrub on 3uk2A02_1 (5 conformers, 10000 MC steps, kT=0.6)
2026-03-25 22:47:09,670 [INFO] Found rosetta database at: /wynton/home/rotation/jqmo/.conda/envs/mcsce/lib/python3.7/site-packages/pyrosetta/database; using it....
2026-03-25 22:47:09,671 [INFO] ┌──────────────────────────────────────────────────────────────────────────────┐
│                                 PyRosetta-4                                  │
│              Created in JHU by Sergey Lyskov and PyRosetta Team              │
│              (C) Copyright Rosetta Commons Member Institutions               │
│                                                                              │
│ NOTE: USE OF PyRosetta FOR COMMERCIAL PURPOSES REQUIRE PURCHASE OF A LICENSE │
│         See LICENSE.PyRosetta.md or email license@uw.edu for details         │
└──────────────────────────────────────────────────────────────────────────────┘
PyRosetta-4 2024 [Rosetta PyRosetta4.conda.linux.cxx11thread.serialization.CentOS.python37.Release 2024.39+release.59628fbc5bc09f1221e1642f1f8d157ce49b1410 2024-09-23T07:49:48] retrieved from: http://www.pyrosetta.org
2026-03-25 22:47:09,675 [INFO] Found rosetta database at: /wynton/home/rotation/jqmo/.conda/envs/mcsce/lib/python3.7/site-packages/pyrosetta/database; using it....
2026-03-25 22:47:09,676 [INFO] ┌──────────────────────────────────────────────────────────────────────────────┐
│                                 PyRosetta-4                                  │
│              Created in JHU by Sergey Lyskov and PyRosetta Team              │
│              (C) Copyright Rosetta Commons Member Institutions               │
│                                                                              │
│ NOTE: USE OF PyRosetta FOR COMMERCIAL PURPOSES REQUIRE PURCHASE OF A LICENSE │
│         See LICENSE.PyRosetta.md or email license@uw.edu for details         │
└──────────────────────────────────────────────────────────────────────────────┘
PyRosetta-4 2024 [Rosetta PyRosetta4.conda.linux.cxx11thread.serialization.CentOS.python37.Release 2024.39+release.59628fbc5bc09f1221e1642f1f8d157ce49b1410 2024-09-23T07:49:48] retrieved from: http://www.pyrosetta.org
2026-03-25 22:47:09,680 [INFO] Found rosetta database at: /wynton/home/rotation/jqmo/.conda/envs/mcsce/lib/python3.7/site-packages/pyrosetta/database; using it....
2026-03-25 22:47:09,681 [INFO] ┌──────────────────────────────────────────────────────────────────────────────┐
│                                 PyRosetta-4                                  │
│              Created in JHU by Sergey Lyskov and PyRosetta Team              │
│              (C) Copyright Rosetta Commons Member Institutions               │
│                                                                              │
│ NOTE: USE OF PyRosetta FOR COMMERCIAL PURPOSES REQUIRE PURCHASE OF A LICENSE │
│         See LICENSE.PyRosetta.md or email license@uw.edu for details         │
└──────────────────────────────────────────────────────────────────────────────┘
PyRosetta-4 2024 [Rosetta PyRosetta4.conda.linux.cxx11thread.serialization.CentOS.python37.Release 2024.39+release.59628fbc5bc09f1221e1642f1f8d157ce49b1410 2024-09-23T07:49:48] retrieved from: http://www.pyrosetta.org
2026-03-25 22:47:09,699 [INFO] Found rosetta database at: /wynton/home/rotation/jqmo/.conda/envs/mcsce/lib/python3.7/site-packages/pyrosetta/database; using it....
2026-03-25 22:47:09,700 [INFO] ┌──────────────────────────────────────────────────────────────────────────────┐
│                                 PyRosetta-4                                  │
│              Created in JHU by Sergey Lyskov and PyRosetta Team              │
│              (C) Copyright Rosetta Commons Member Institutions               │
│                                                                              │
│ NOTE: USE OF PyRosetta FOR COMMERCIAL PURPOSES REQUIRE PURCHASE OF A LICENSE │
│         See LICENSE.PyRosetta.md or email license@uw.edu for details         │
└──────────────────────────────────────────────────────────────────────────────┘
PyRosetta-4 2024 [Rosetta PyRosetta4.conda.linux.cxx11thread.serialization.CentOS.python37.Release 2024.39+release.59628fbc5bc09f1221e1642f1f8d157ce49b1410 2024-09-23T07:49:48] retrieved from: http://www.pyrosetta.org
2026-03-25 22:47:09,708 [INFO] Found rosetta database at: /wynton/home/rotation/jqmo/.conda/envs/mcsce/lib/python3.7/site-packages/pyrosetta/database; using it....
2026-03-25 22:47:09,709 [INFO] ┌──────────────────────────────────────────────────────────────────────────────┐
│                                 PyRosetta-4                                  │
│              Created in JHU by Sergey Lyskov and PyRosetta Team              │
│              (C) Copyright Rosetta Commons Member Institutions               │
│                                                                              │
│ NOTE: USE OF PyRosetta FOR COMMERCIAL PURPOSES REQUIRE PURCHASE OF A LICENSE │
│         See LICENSE.PyRosetta.md or email license@uw.edu for details         │
└──────────────────────────────────────────────────────────────────────────────┘
PyRosetta-4 2024 [Rosetta PyRosetta4.conda.linux.cxx11thread.serialization.CentOS.python37.Release 2024.39+release.59628fbc5bc09f1221e1642f1f8d157ce49b1410 2024-09-23T07:49:48] retrieved from: http://www.pyrosetta.org
2026-03-25 22:47:09,710 [INFO] Running Backrub on 3uogA01_9 (5 conformers, 10000 MC steps, kT=0.6)
2026-03-25 22:47:09,711 [INFO] Found rosetta database at: /wynton/home/rotation/jqmo/.conda/envs/mcsce/lib/python3.7/site-packages/pyrosetta/database; using it....
2026-03-25 22:47:09,711 [INFO] Running Backrub on 3sreA00_30 (5 conformers, 10000 MC steps, kT=0.6)
2026-03-25 22:47:09,712 [INFO] Running Backrub on 3ossC00_7 (5 conformers, 10000 MC steps, kT=0.6)
2026-03-25 22:47:09,712 [INFO] ┌──────────────────────────────────────────────────────────────────────────────┐
│                                 PyRosetta-4                                  │
│              Created in JHU by Sergey Lyskov and PyRosetta Team              │
│              (C) Copyright Rosetta Commons Member Institutions               │
│                                                                              │
│ NOTE: USE OF PyRosetta FOR COMMERCIAL PURPOSES REQUIRE PURCHASE OF A LICENSE │
│         See LICENSE.PyRosetta.md or email license@uw.edu for details         │
└──────────────────────────────────────────────────────────────────────────────┘
PyRosetta-4 2024 [Rosetta PyRosetta4.conda.linux.cxx11thread.serialization.CentOS.python37.Release 2024.39+release.59628fbc5bc09f1221e1642f1f8d157ce49b1410 2024-09-23T07:49:48] retrieved from: http://www.pyrosetta.org
2026-03-25 22:47:09,725 [INFO] Found rosetta database at: /wynton/home/rotation/jqmo/.conda/envs/mcsce/lib/python3.7/site-packages/pyrosetta/database; using it....
2026-03-25 22:47:09,726 [INFO] ┌──────────────────────────────────────────────────────────────────────────────┐
│                                 PyRosetta-4                                  │
│              Created in JHU by Sergey Lyskov and PyRosetta Team              │
│              (C) Copyright Rosetta Commons Member Institutions               │
│                                                                              │
│ NOTE: USE OF PyRosetta FOR COMMERCIAL PURPOSES REQUIRE PURCHASE OF A LICENSE │
│         See LICENSE.PyRosetta.md or email license@uw.edu for details         │
└──────────────────────────────────────────────────────────────────────────────┘
PyRosetta-4 2024 [Rosetta PyRosetta4.conda.linux.cxx11thread.serialization.CentOS.python37.Release 2024.39+release.59628fbc5bc09f1221e1642f1f8d157ce49b1410 2024-09-23T07:49:48] retrieved from: http://www.pyrosetta.org
2026-03-25 22:47:09,726 [INFO] Found rosetta database at: /wynton/home/rotation/jqmo/.conda/envs/mcsce/lib/python3.7/site-packages/pyrosetta/database; using it....
2026-03-25 22:47:09,727 [INFO] ┌──────────────────────────────────────────────────────────────────────────────┐
│                                 PyRosetta-4                                  │
│              Created in JHU by Sergey Lyskov and PyRosetta Team              │
│              (C) Copyright Rosetta Commons Member Institutions               │
│                                                                              │
│ NOTE: USE OF PyRosetta FOR COMMERCIAL PURPOSES REQUIRE PURCHASE OF A LICENSE │
│         See LICENSE.PyRosetta.md or email license@uw.edu for details         │
└──────────────────────────────────────────────────────────────────────────────┘
PyRosetta-4 2024 [Rosetta PyRosetta4.conda.linux.cxx11thread.serialization.CentOS.python37.Release 2024.39+release.59628fbc5bc09f1221e1642f1f8d157ce49b1410 2024-09-23T07:49:48] retrieved from: http://www.pyrosetta.org
2026-03-25 22:47:09,732 [INFO] Running Backrub on 4ig1A00_19 (5 conformers, 10000 MC steps, kT=0.6)
2026-03-25 22:47:09,735 [INFO] Running Backrub on 2f76X00_3_reres (5 conformers, 10000 MC steps, kT=0.6)
2026-03-25 22:47:09,752 [INFO] Running Backrub on 4b79B00_15_reres (5 conformers, 10000 MC steps, kT=0.6)
2026-03-25 22:47:09,753 [INFO] Running Backrub on 1m1jB03_0_reres (5 conformers, 10000 MC steps, kT=0.6)
2026-03-25 22:47:09,756 [INFO] Running Backrub on 2f5xA01_21 (5 conformers, 10000 MC steps, kT=0.6)
2026-03-25 22:47:09,824 [INFO] Found rosetta database at: /wynton/home/rotation/jqmo/.conda/envs/mcsce/lib/python3.7/site-packages/pyrosetta/database; using it....
2026-03-25 22:47:09,824 [INFO] Found rosetta database at: /wynton/home/rotation/jqmo/.conda/envs/mcsce/lib/python3.7/site-packages/pyrosetta/database; using it....
2026-03-25 22:47:09,825 [INFO] ┌──────────────────────────────────────────────────────────────────────────────┐
│                                 PyRosetta-4                                  │
│              Created in JHU by Sergey Lyskov and PyRosetta Team              │
│              (C) Copyright Rosetta Commons Member Institutions               │
│                                                                              │
│ NOTE: USE OF PyRosetta FOR COMMERCIAL PURPOSES REQUIRE PURCHASE OF A LICENSE │
│         See LICENSE.PyRosetta.md or email license@uw.edu for details         │
└──────────────────────────────────────────────────────────────────────────────┘
PyRosetta-4 2024 [Rosetta PyRosetta4.conda.linux.cxx11thread.serialization.CentOS.python37.Release 2024.39+release.59628fbc5bc09f1221e1642f1f8d157ce49b1410 2024-09-23T07:49:48] retrieved from: http://www.pyrosetta.org
2026-03-25 22:47:09,825 [INFO] ┌──────────────────────────────────────────────────────────────────────────────┐
│                                 PyRosetta-4                                  │
│              Created in JHU by Sergey Lyskov and PyRosetta Team              │
│              (C) Copyright Rosetta Commons Member Institutions               │
│                                                                              │
│ NOTE: USE OF PyRosetta FOR COMMERCIAL PURPOSES REQUIRE PURCHASE OF A LICENSE │
│         See LICENSE.PyRosetta.md or email license@uw.edu for details         │
└──────────────────────────────────────────────────────────────────────────────┘
PyRosetta-4 2024 [Rosetta PyRosetta4.conda.linux.cxx11thread.serialization.CentOS.python37.Release 2024.39+release.59628fbc5bc09f1221e1642f1f8d157ce49b1410 2024-09-23T07:49:48] retrieved from: http://www.pyrosetta.org
2026-03-25 22:47:09,858 [INFO] Running Backrub on 1uddA00_6 (5 conformers, 10000 MC steps, kT=0.6)
2026-03-25 22:47:09,860 [INFO] Running Backrub on 1yb5A02_24 (5 conformers, 10000 MC steps, kT=0.6)
2026-03-25 22:47:11,870 [INFO] Found rosetta database at: /wynton/home/rotation/jqmo/.conda/envs/mcsce/lib/python3.7/site-packages/pyrosetta/database; using it....
2026-03-25 22:47:11,871 [INFO] ┌──────────────────────────────────────────────────────────────────────────────┐
│                                 PyRosetta-4                                  │
│              Created in JHU by Sergey Lyskov and PyRosetta Team              │
│              (C) Copyright Rosetta Commons Member Institutions               │
│                                                                              │
│ NOTE: USE OF PyRosetta FOR COMMERCIAL PURPOSES REQUIRE PURCHASE OF A LICENSE │
│         See LICENSE.PyRosetta.md or email license@uw.edu for details         │
└──────────────────────────────────────────────────────────────────────────────┘
PyRosetta-4 2024 [Rosetta PyRosetta4.conda.linux.cxx11thread.serialization.CentOS.python37.Release 2024.39+release.59628fbc5bc09f1221e1642f1f8d157ce49b1410 2024-09-23T07:49:48] retrieved from: http://www.pyrosetta.org
2026-03-25 22:47:11,918 [INFO] Running Backrub on 3wx7A01_4 (5 conformers, 10000 MC steps, kT=0.6)
2026-03-25 22:47:12,051 [INFO] Found rosetta database at: /wynton/home/rotation/jqmo/.conda/envs/mcsce/lib/python3.7/site-packages/pyrosetta/database; using it....
2026-03-25 22:47:12,052 [INFO] ┌──────────────────────────────────────────────────────────────────────────────┐
│                                 PyRosetta-4                                  │
│              Created in JHU by Sergey Lyskov and PyRosetta Team              │
│              (C) Copyright Rosetta Commons Member Institutions               │
│                                                                              │
│ NOTE: USE OF PyRosetta FOR COMMERCIAL PURPOSES REQUIRE PURCHASE OF A LICENSE │
│         See LICENSE.PyRosetta.md or email license@uw.edu for details         │
└──────────────────────────────────────────────────────────────────────────────┘
PyRosetta-4 2024 [Rosetta PyRosetta4.conda.linux.cxx11thread.serialization.CentOS.python37.Release 2024.39+release.59628fbc5bc09f1221e1642f1f8d157ce49b1410 2024-09-23T07:49:48] retrieved from: http://www.pyrosetta.org
2026-03-25 22:47:12,054 [INFO] Found rosetta database at: /wynton/home/rotation/jqmo/.conda/envs/mcsce/lib/python3.7/site-packages/pyrosetta/database; using it....
2026-03-25 22:47:12,055 [INFO] ┌──────────────────────────────────────────────────────────────────────────────┐
│                                 PyRosetta-4                                  │
│              Created in JHU by Sergey Lyskov and PyRosetta Team              │
│              (C) Copyright Rosetta Commons Member Institutions               │
│                                                                              │
│ NOTE: USE OF PyRosetta FOR COMMERCIAL PURPOSES REQUIRE PURCHASE OF A LICENSE │
│         See LICENSE.PyRosetta.md or email license@uw.edu for details         │
└──────────────────────────────────────────────────────────────────────────────┘
PyRosetta-4 2024 [Rosetta PyRosetta4.conda.linux.cxx11thread.serialization.CentOS.python37.Release 2024.39+release.59628fbc5bc09f1221e1642f1f8d157ce49b1410 2024-09-23T07:49:48] retrieved from: http://www.pyrosetta.org
2026-03-25 22:47:12,074 [INFO] Running Backrub on 3stjA03_13 (5 conformers, 10000 MC steps, kT=0.6)
2026-03-25 22:47:12,090 [INFO] Running Backrub on 1vjqA00_26 (5 conformers, 10000 MC steps, kT=0.6)
2026-03-25 22:47:12,120 [INFO] Found rosetta database at: /wynton/home/rotation/jqmo/.conda/envs/mcsce/lib/python3.7/site-packages/pyrosetta/database; using it....
2026-03-25 22:47:12,121 [INFO] ┌──────────────────────────────────────────────────────────────────────────────┐
│                                 PyRosetta-4                                  │
│              Created in JHU by Sergey Lyskov and PyRosetta Team              │
│              (C) Copyright Rosetta Commons Member Institutions               │
│                                                                              │
│ NOTE: USE OF PyRosetta FOR COMMERCIAL PURPOSES REQUIRE PURCHASE OF A LICENSE │
│         See LICENSE.PyRosetta.md or email license@uw.edu for details         │
└──────────────────────────────────────────────────────────────────────────────┘
PyRosetta-4 2024 [Rosetta PyRosetta4.conda.linux.cxx11thread.serialization.CentOS.python37.Release 2024.39+release.59628fbc5bc09f1221e1642f1f8d157ce49b1410 2024-09-23T07:49:48] retrieved from: http://www.pyrosetta.org
2026-03-25 22:47:12,179 [INFO] Running Backrub on 2vgmA01_1 (5 conformers, 10000 MC steps, kT=0.6)
2026-03-25 22:47:12,887 [INFO] Found rosetta database at: /wynton/home/rotation/jqmo/.conda/envs/mcsce/lib/python3.7/site-packages/pyrosetta/database; using it....
2026-03-25 22:47:12,888 [INFO] ┌──────────────────────────────────────────────────────────────────────────────┐
│                                 PyRosetta-4                                  │
│              Created in JHU by Sergey Lyskov and PyRosetta Team              │
│              (C) Copyright Rosetta Commons Member Institutions               │
│                                                                              │
│ NOTE: USE OF PyRosetta FOR COMMERCIAL PURPOSES REQUIRE PURCHASE OF A LICENSE │
│         See LICENSE.PyRosetta.md or email license@uw.edu for details         │
└──────────────────────────────────────────────────────────────────────────────┘
PyRosetta-4 2024 [Rosetta PyRosetta4.conda.linux.cxx11thread.serialization.CentOS.python37.Release 2024.39+release.59628fbc5bc09f1221e1642f1f8d157ce49b1410 2024-09-23T07:49:48] retrieved from: http://www.pyrosetta.org
2026-03-25 22:47:12,929 [INFO] Running Backrub on 2xotB01_2_reres (5 conformers, 10000 MC steps, kT=0.6)
2026-03-25 22:47:12,946 [INFO] Found rosetta database at: /wynton/home/rotation/jqmo/.conda/envs/mcsce/lib/python3.7/site-packages/pyrosetta/database; using it....
2026-03-25 22:47:12,947 [INFO] ┌──────────────────────────────────────────────────────────────────────────────┐
│                                 PyRosetta-4                                  │
│              Created in JHU by Sergey Lyskov and PyRosetta Team              │
│              (C) Copyright Rosetta Commons Member Institutions               │
│                                                                              │
│ NOTE: USE OF PyRosetta FOR COMMERCIAL PURPOSES REQUIRE PURCHASE OF A LICENSE │
│         See LICENSE.PyRosetta.md or email license@uw.edu for details         │
└──────────────────────────────────────────────────────────────────────────────┘
PyRosetta-4 2024 [Rosetta PyRosetta4.conda.linux.cxx11thread.serialization.CentOS.python37.Release 2024.39+release.59628fbc5bc09f1221e1642f1f8d157ce49b1410 2024-09-23T07:49:48] retrieved from: http://www.pyrosetta.org
2026-03-25 22:47:12,978 [INFO] Running Backrub on 3buxB01_22_reres (5 conformers, 10000 MC steps, kT=0.6)
2026-03-25 22:47:14,038 [INFO] Found rosetta database at: /wynton/home/rotation/jqmo/.conda/envs/mcsce/lib/python3.7/site-packages/pyrosetta/database; using it....
2026-03-25 22:47:14,039 [INFO] ┌──────────────────────────────────────────────────────────────────────────────┐
│                                 PyRosetta-4                                  │
│              Created in JHU by Sergey Lyskov and PyRosetta Team              │
│              (C) Copyright Rosetta Commons Member Institutions               │
│                                                                              │
│ NOTE: USE OF PyRosetta FOR COMMERCIAL PURPOSES REQUIRE PURCHASE OF A LICENSE │
│         See LICENSE.PyRosetta.md or email license@uw.edu for details         │
└──────────────────────────────────────────────────────────────────────────────┘
PyRosetta-4 2024 [Rosetta PyRosetta4.conda.linux.cxx11thread.serialization.CentOS.python37.Release 2024.39+release.59628fbc5bc09f1221e1642f1f8d157ce49b1410 2024-09-23T07:49:48] retrieved from: http://www.pyrosetta.org
2026-03-25 22:47:14,077 [INFO] Running Backrub on 3mkrA00_3 (5 conformers, 10000 MC steps, kT=0.6)
2026-03-25 22:47:14,952 [INFO] Found rosetta database at: /wynton/home/rotation/jqmo/.conda/envs/mcsce/lib/python3.7/site-packages/pyrosetta/database; using it....
2026-03-25 22:47:14,953 [INFO] ┌──────────────────────────────────────────────────────────────────────────────┐
│                                 PyRosetta-4                                  │
│              Created in JHU by Sergey Lyskov and PyRosetta Team              │
│              (C) Copyright Rosetta Commons Member Institutions               │
│                                                                              │
│ NOTE: USE OF PyRosetta FOR COMMERCIAL PURPOSES REQUIRE PURCHASE OF A LICENSE │
│         See LICENSE.PyRosetta.md or email license@uw.edu for details         │
└──────────────────────────────────────────────────────────────────────────────┘
PyRosetta-4 2024 [Rosetta PyRosetta4.conda.linux.cxx11thread.serialization.CentOS.python37.Release 2024.39+release.59628fbc5bc09f1221e1642f1f8d157ce49b1410 2024-09-23T07:49:48] retrieved from: http://www.pyrosetta.org
2026-03-25 22:47:14,975 [INFO] Running Backrub on 5ayvA01_6 (5 conformers, 10000 MC steps, kT=0.6)
2026-03-25 22:47:14,998 [INFO] Found rosetta database at: /wynton/home/rotation/jqmo/.conda/envs/mcsce/lib/python3.7/site-packages/pyrosetta/database; using it....
2026-03-25 22:47:14,999 [INFO] ┌──────────────────────────────────────────────────────────────────────────────┐
│                                 PyRosetta-4                                  │
│              Created in JHU by Sergey Lyskov and PyRosetta Team              │
│              (C) Copyright Rosetta Commons Member Institutions               │
│                                                                              │
│ NOTE: USE OF PyRosetta FOR COMMERCIAL PURPOSES REQUIRE PURCHASE OF A LICENSE │
│         See LICENSE.PyRosetta.md or email license@uw.edu for details         │
└──────────────────────────────────────────────────────────────────────────────┘
PyRosetta-4 2024 [Rosetta PyRosetta4.conda.linux.cxx11thread.serialization.CentOS.python37.Release 2024.39+release.59628fbc5bc09f1221e1642f1f8d157ce49b1410 2024-09-23T07:49:48] retrieved from: http://www.pyrosetta.org
2026-03-25 22:47:15,021 [INFO] Running Backrub on 4pmnA00_16 (5 conformers, 10000 MC steps, kT=0.6)
2026-03-25 22:47:43,130 [INFO]   Conformer 0: score=158.7 -> /wynton/scratch/jqmo/rotation_datasets/ai-cath_backrub_subset_ensembles/1vq8200_2/1vq8200_2_backrub_000.pdb
2026-03-25 22:47:47,265 [INFO]   Conformer 0: score=29.2 -> /wynton/scratch/jqmo/rotation_datasets/ai-cath_backrub_subset_ensembles/1kj6A00_4/1kj6A00_4_backrub_000.pdb
2026-03-25 22:47:50,385 [INFO]   Conformer 0: score=-61.1 -> /wynton/scratch/jqmo/rotation_datasets/ai-cath_backrub_subset_ensembles/4yn3B00_6/4yn3B00_6_backrub_000.pdb
2026-03-25 22:47:50,685 [INFO]   Conformer 0: score=132.3 -> /wynton/scratch/jqmo/rotation_datasets/ai-cath_backrub_subset_ensembles/2vqeN00_6/2vqeN00_6_backrub_000.pdb
2026-03-25 22:48:03,590 [INFO]   Conformer 1: score=151.0 -> /wynton/scratch/jqmo/rotation_datasets/ai-cath_backrub_subset_ensembles/1vq8200_2/1vq8200_2_backrub_001.pdb
2026-03-25 22:48:12,497 [INFO]   Conformer 1: score=35.9 -> /wynton/scratch/jqmo/rotation_datasets/ai-cath_backrub_subset_ensembles/1kj6A00_4/1kj6A00_4_backrub_001.pdb
2026-03-25 22:48:20,029 [INFO]   Conformer 1: score=122.8 -> /wynton/scratch/jqmo/rotation_datasets/ai-cath_backrub_subset_ensembles/2vqeN00_6/2vqeN00_6_backrub_001.pdb
2026-03-25 22:48:20,793 [INFO]   Conformer 1: score=-52.1 -> /wynton/scratch/jqmo/rotation_datasets/ai-cath_backrub_subset_ensembles/4yn3B00_6/4yn3B00_6_backrub_001.pdb
2026-03-25 22:48:22,449 [INFO]   Conformer 0: score=-97.5 -> /wynton/scratch/jqmo/rotation_datasets/ai-cath_backrub_subset_ensembles/3ossC00_7/3ossC00_7_backrub_000.pdb
2026-03-25 22:48:23,127 [INFO]   Conformer 0: score=6.9 -> /wynton/scratch/jqmo/rotation_datasets/ai-cath_backrub_subset_ensembles/1vjqA00_26/1vjqA00_26_backrub_000.pdb
2026-03-25 22:48:24,028 [INFO]   Conformer 2: score=155.7 -> /wynton/scratch/jqmo/rotation_datasets/ai-cath_backrub_subset_ensembles/1vq8200_2/1vq8200_2_backrub_002.pdb
2026-03-25 22:48:24,726 [INFO]   Conformer 0: score=-5.4 -> /wynton/scratch/jqmo/rotation_datasets/ai-cath_backrub_subset_ensembles/1m1jB03_0_reres/1m1jB03_0_reres_backrub_000.pdb
2026-03-25 22:48:26,850 [INFO]   Conformer 0: score=-66.9 -> /wynton/scratch/jqmo/rotation_datasets/ai-cath_backrub_subset_ensembles/1wtbA00_28/1wtbA00_28_backrub_000.pdb
2026-03-25 22:48:33,282 [INFO]   Conformer 0: score=142.0 -> /wynton/scratch/jqmo/rotation_datasets/ai-cath_backrub_subset_ensembles/2f76X00_3_reres/2f76X00_3_reres_backrub_000.pdb
2026-03-25 22:48:38,930 [INFO]   Conformer 0: score=-179.6 -> /wynton/scratch/jqmo/rotation_datasets/ai-cath_backrub_subset_ensembles/3uk2A02_1/3uk2A02_1_backrub_000.pdb
2026-03-25 22:48:39,152 [INFO]   Conformer 2: score=36.1 -> /wynton/scratch/jqmo/rotation_datasets/ai-cath_backrub_subset_ensembles/1kj6A00_4/1kj6A00_4_backrub_002.pdb
2026-03-25 22:48:39,258 [INFO]   Conformer 0: score=-323.3 -> /wynton/scratch/jqmo/rotation_datasets/ai-cath_backrub_subset_ensembles/4bszB00_23/4bszB00_23_backrub_000.pdb
2026-03-25 22:48:44,095 [INFO]   Conformer 0: score=260.2 -> /wynton/scratch/jqmo/rotation_datasets/ai-cath_backrub_subset_ensembles/2vgmA01_1/2vgmA01_1_backrub_000.pdb
2026-03-25 22:48:44,472 [INFO]   Conformer 3: score=162.9 -> /wynton/scratch/jqmo/rotation_datasets/ai-cath_backrub_subset_ensembles/1vq8200_2/1vq8200_2_backrub_003.pdb
2026-03-25 22:48:45,351 [INFO]   Conformer 0: score=-218.9 -> /wynton/scratch/jqmo/rotation_datasets/ai-cath_backrub_subset_ensembles/3stjA03_13/3stjA03_13_backrub_000.pdb
2026-03-25 22:48:49,947 [INFO]   Conformer 2: score=135.3 -> /wynton/scratch/jqmo/rotation_datasets/ai-cath_backrub_subset_ensembles/2vqeN00_6/2vqeN00_6_backrub_002.pdb
2026-03-25 22:48:51,624 [INFO]   Conformer 2: score=-66.8 -> /wynton/scratch/jqmo/rotation_datasets/ai-cath_backrub_subset_ensembles/4yn3B00_6/4yn3B00_6_backrub_002.pdb
2026-03-25 22:48:58,710 [INFO]   Conformer 0: score=-273.6 -> /wynton/scratch/jqmo/rotation_datasets/ai-cath_backrub_subset_ensembles/1gcvA00_31/1gcvA00_31_backrub_000.pdb
2026-03-25 22:49:03,629 [INFO]   Conformer 3: score=38.3 -> /wynton/scratch/jqmo/rotation_datasets/ai-cath_backrub_subset_ensembles/1kj6A00_4/1kj6A00_4_backrub_003.pdb
2026-03-25 22:49:04,303 [INFO]   Conformer 4: score=172.4 -> /wynton/scratch/jqmo/rotation_datasets/ai-cath_backrub_subset_ensembles/1vq8200_2/1vq8200_2_backrub_004.pdb
2026-03-25 22:49:13,737 [INFO]   Conformer 0: score=-30.9 -> /wynton/scratch/jqmo/rotation_datasets/ai-cath_backrub_subset_ensembles/3buxB01_22_reres/3buxB01_22_reres_backrub_000.pdb
2026-03-25 22:49:16,890 [INFO]   Conformer 3: score=131.4 -> /wynton/scratch/jqmo/rotation_datasets/ai-cath_backrub_subset_ensembles/2vqeN00_6/2vqeN00_6_backrub_003.pdb
2026-03-25 22:49:18,882 [INFO]   Conformer 1: score=16.9 -> /wynton/scratch/jqmo/rotation_datasets/ai-cath_backrub_subset_ensembles/1vjqA00_26/1vjqA00_26_backrub_001.pdb
2026-03-25 22:49:19,022 [INFO]   Conformer 1: score=-103.3 -> /wynton/scratch/jqmo/rotation_datasets/ai-cath_backrub_subset_ensembles/3ossC00_7/3ossC00_7_backrub_001.pdb
2026-03-25 22:49:20,247 [INFO]   Conformer 1: score=10.3 -> /wynton/scratch/jqmo/rotation_datasets/ai-cath_backrub_subset_ensembles/1m1jB03_0_reres/1m1jB03_0_reres_backrub_001.pdb
2026-03-25 22:49:22,026 [INFO]   Conformer 3: score=-53.6 -> /wynton/scratch/jqmo/rotation_datasets/ai-cath_backrub_subset_ensembles/4yn3B00_6/4yn3B00_6_backrub_003.pdb
2026-03-25 22:49:23,487 [INFO]   Conformer 0: score=-137.3 -> /wynton/scratch/jqmo/rotation_datasets/ai-cath_backrub_subset_ensembles/1ui5A00_30/1ui5A00_30_backrub_000.pdb
2026-03-25 22:49:28,803 [INFO]   Conformer 4: score=33.6 -> /wynton/scratch/jqmo/rotation_datasets/ai-cath_backrub_subset_ensembles/1kj6A00_4/1kj6A00_4_backrub_004.pdb
2026-03-25 22:49:30,035 [INFO]   Conformer 1: score=-77.6 -> /wynton/scratch/jqmo/rotation_datasets/ai-cath_backrub_subset_ensembles/1wtbA00_28/1wtbA00_28_backrub_001.pdb
2026-03-25 22:49:38,338 [INFO]   Conformer 1: score=163.4 -> /wynton/scratch/jqmo/rotation_datasets/ai-cath_backrub_subset_ensembles/2f76X00_3_reres/2f76X00_3_reres_backrub_001.pdb
2026-03-25 22:49:52,226 [INFO]   Conformer 4: score=-57.6 -> /wynton/scratch/jqmo/rotation_datasets/ai-cath_backrub_subset_ensembles/4yn3B00_6/4yn3B00_6_backrub_004.pdb
2026-03-25 22:49:53,522 [INFO]   Conformer 4: score=123.5 -> /wynton/scratch/jqmo/rotation_datasets/ai-cath_backrub_subset_ensembles/2vqeN00_6/2vqeN00_6_backrub_004.pdb
2026-03-25 22:49:55,331 [INFO]   Conformer 1: score=-178.6 -> /wynton/scratch/jqmo/rotation_datasets/ai-cath_backrub_subset_ensembles/3uk2A02_1/3uk2A02_1_backrub_001.pdb
2026-03-25 22:49:56,802 [INFO]   Conformer 1: score=-319.2 -> /wynton/scratch/jqmo/rotation_datasets/ai-cath_backrub_subset_ensembles/4bszB00_23/4bszB00_23_backrub_001.pdb
2026-03-25 22:49:57,873 [INFO]   Conformer 1: score=246.2 -> /wynton/scratch/jqmo/rotation_datasets/ai-cath_backrub_subset_ensembles/2vgmA01_1/2vgmA01_1_backrub_001.pdb
2026-03-25 22:49:58,516 [INFO]   Conformer 0: score=-176.1 -> /wynton/scratch/jqmo/rotation_datasets/ai-cath_backrub_subset_ensembles/2f5xA01_21/2f5xA01_21_backrub_000.pdb
2026-03-25 22:50:01,741 [INFO]   Conformer 0: score=-252.1 -> /wynton/scratch/jqmo/rotation_datasets/ai-cath_backrub_subset_ensembles/3s3lA01_4/3s3lA01_4_backrub_000.pdb
2026-03-25 22:50:06,515 [INFO]   Conformer 0: score=-335.3 -> /wynton/scratch/jqmo/rotation_datasets/ai-cath_backrub_subset_ensembles/5ayvA01_6/5ayvA01_6_backrub_000.pdb
2026-03-25 22:50:06,759 [INFO]   Conformer 1: score=-219.7 -> /wynton/scratch/jqmo/rotation_datasets/ai-cath_backrub_subset_ensembles/3stjA03_13/3stjA03_13_backrub_001.pdb
2026-03-25 22:50:10,832 [INFO]   Conformer 2: score=-86.0 -> /wynton/scratch/jqmo/rotation_datasets/ai-cath_backrub_subset_ensembles/3ossC00_7/3ossC00_7_backrub_002.pdb
2026-03-25 22:50:11,671 [INFO]   Conformer 0: score=-334.2 -> /wynton/scratch/jqmo/rotation_datasets/ai-cath_backrub_subset_ensembles/1yb5A02_24/1yb5A02_24_backrub_000.pdb
2026-03-25 22:50:12,815 [INFO]   Conformer 2: score=14.3 -> /wynton/scratch/jqmo/rotation_datasets/ai-cath_backrub_subset_ensembles/1m1jB03_0_reres/1m1jB03_0_reres_backrub_002.pdb
2026-03-25 22:50:14,812 [INFO]   Conformer 2: score=8.3 -> /wynton/scratch/jqmo/rotation_datasets/ai-cath_backrub_subset_ensembles/1vjqA00_26/1vjqA00_26_backrub_002.pdb
2026-03-25 22:50:19,467 [INFO]   Conformer 0: score=-300.3 -> /wynton/scratch/jqmo/rotation_datasets/ai-cath_backrub_subset_ensembles/3jzjA01_18/3jzjA01_18_backrub_000.pdb
2026-03-25 22:50:31,973 [INFO]   Conformer 0: score=-272.0 -> /wynton/scratch/jqmo/rotation_datasets/ai-cath_backrub_subset_ensembles/3uogA01_9/3uogA01_9_backrub_000.pdb
2026-03-25 22:50:37,578 [INFO]   Conformer 1: score=-293.8 -> /wynton/scratch/jqmo/rotation_datasets/ai-cath_backrub_subset_ensembles/1gcvA00_31/1gcvA00_31_backrub_001.pdb
2026-03-25 22:50:54,758 [INFO]   Conformer 1: score=-7.3 -> /wynton/scratch/jqmo/rotation_datasets/ai-cath_backrub_subset_ensembles/3buxB01_22_reres/3buxB01_22_reres_backrub_001.pdb
2026-03-25 22:50:59,792 [INFO]   Conformer 0: score=-430.7 -> /wynton/scratch/jqmo/rotation_datasets/ai-cath_backrub_subset_ensembles/4b79B00_15_reres/4b79B00_15_reres_backrub_000.pdb
2026-03-25 22:51:04,024 [INFO]   Conformer 3: score=-95.5 -> /wynton/scratch/jqmo/rotation_datasets/ai-cath_backrub_subset_ensembles/3ossC00_7/3ossC00_7_backrub_003.pdb
2026-03-25 22:51:04,413 [INFO]   Conformer 2: score=140.1 -> /wynton/scratch/jqmo/rotation_datasets/ai-cath_backrub_subset_ensembles/2f76X00_3_reres/2f76X00_3_reres_backrub_002.pdb
2026-03-25 22:51:08,930 [INFO]   Conformer 0: score=-406.4 -> /wynton/scratch/jqmo/rotation_datasets/ai-cath_backrub_subset_ensembles/2xotB01_2_reres/2xotB01_2_reres_backrub_000.pdb
2026-03-25 22:51:09,352 [INFO]   Conformer 3: score=17.6 -> /wynton/scratch/jqmo/rotation_datasets/ai-cath_backrub_subset_ensembles/1vjqA00_26/1vjqA00_26_backrub_003.pdb
2026-03-25 22:51:12,828 [INFO]   Conformer 2: score=247.7 -> /wynton/scratch/jqmo/rotation_datasets/ai-cath_backrub_subset_ensembles/2vgmA01_1/2vgmA01_1_backrub_002.pdb
2026-03-25 22:51:13,358 [INFO]   Conformer 2: score=-176.7 -> /wynton/scratch/jqmo/rotation_datasets/ai-cath_backrub_subset_ensembles/3uk2A02_1/3uk2A02_1_backrub_002.pdb
2026-03-25 22:51:13,553 [INFO]   Conformer 2: score=-325.3 -> /wynton/scratch/jqmo/rotation_datasets/ai-cath_backrub_subset_ensembles/4bszB00_23/4bszB00_23_backrub_002.pdb
2026-03-25 22:51:17,638 [INFO]   Conformer 0: score=-279.8 -> /wynton/scratch/jqmo/rotation_datasets/ai-cath_backrub_subset_ensembles/4pmnA00_16/4pmnA00_16_backrub_000.pdb
2026-03-25 22:51:18,758 [INFO]   Conformer 3: score=20.0 -> /wynton/scratch/jqmo/rotation_datasets/ai-cath_backrub_subset_ensembles/1m1jB03_0_reres/1m1jB03_0_reres_backrub_003.pdb
2026-03-25 22:51:21,488 [INFO]   Conformer 1: score=-129.7 -> /wynton/scratch/jqmo/rotation_datasets/ai-cath_backrub_subset_ensembles/1ui5A00_30/1ui5A00_30_backrub_001.pdb
2026-03-25 22:51:22,024 [INFO]   Conformer 2: score=-75.5 -> /wynton/scratch/jqmo/rotation_datasets/ai-cath_backrub_subset_ensembles/1wtbA00_28/1wtbA00_28_backrub_002.pdb
2026-03-25 22:51:24,256 [INFO]   Conformer 0: score=-472.7 -> /wynton/scratch/jqmo/rotation_datasets/ai-cath_backrub_subset_ensembles/1uddA00_6/1uddA00_6_backrub_000.pdb
2026-03-25 22:51:26,019 [INFO]   Conformer 2: score=-217.5 -> /wynton/scratch/jqmo/rotation_datasets/ai-cath_backrub_subset_ensembles/3stjA03_13/3stjA03_13_backrub_002.pdb
2026-03-25 22:51:31,760 [INFO]   Conformer 0: score=-594.1 -> /wynton/scratch/jqmo/rotation_datasets/ai-cath_backrub_subset_ensembles/3mkrA00_3/3mkrA00_3_backrub_000.pdb
2026-03-25 22:51:52,693 [INFO]   Conformer 4: score=-99.6 -> /wynton/scratch/jqmo/rotation_datasets/ai-cath_backrub_subset_ensembles/3ossC00_7/3ossC00_7_backrub_004.pdb
2026-03-25 22:52:06,621 [INFO]   Conformer 4: score=5.7 -> /wynton/scratch/jqmo/rotation_datasets/ai-cath_backrub_subset_ensembles/1vjqA00_26/1vjqA00_26_backrub_004.pdb
2026-03-25 22:52:12,211 [INFO]   Conformer 4: score=23.8 -> /wynton/scratch/jqmo/rotation_datasets/ai-cath_backrub_subset_ensembles/1m1jB03_0_reres/1m1jB03_0_reres_backrub_004.pdb
2026-03-25 22:52:20,680 [INFO]   Conformer 2: score=-277.6 -> /wynton/scratch/jqmo/rotation_datasets/ai-cath_backrub_subset_ensembles/1gcvA00_31/1gcvA00_31_backrub_002.pdb
2026-03-25 22:52:21,620 [INFO]   Conformer 3: score=137.9 -> /wynton/scratch/jqmo/rotation_datasets/ai-cath_backrub_subset_ensembles/2f76X00_3_reres/2f76X00_3_reres_backrub_003.pdb
2026-03-25 22:52:28,776 [INFO]   Conformer 3: score=264.2 -> /wynton/scratch/jqmo/rotation_datasets/ai-cath_backrub_subset_ensembles/2vgmA01_1/2vgmA01_1_backrub_003.pdb
2026-03-25 22:52:29,219 [INFO]   Conformer 3: score=-177.7 -> /wynton/scratch/jqmo/rotation_datasets/ai-cath_backrub_subset_ensembles/3uk2A02_1/3uk2A02_1_backrub_003.pdb
2026-03-25 22:52:31,352 [INFO]   Conformer 3: score=-311.5 -> /wynton/scratch/jqmo/rotation_datasets/ai-cath_backrub_subset_ensembles/4bszB00_23/4bszB00_23_backrub_003.pdb
2026-03-25 22:52:36,314 [INFO]   Conformer 2: score=-26.1 -> /wynton/scratch/jqmo/rotation_datasets/ai-cath_backrub_subset_ensembles/3buxB01_22_reres/3buxB01_22_reres_backrub_002.pdb
2026-03-25 22:52:38,623 [INFO]   Conformer 1: score=-187.4 -> /wynton/scratch/jqmo/rotation_datasets/ai-cath_backrub_subset_ensembles/2f5xA01_21/2f5xA01_21_backrub_001.pdb
2026-03-25 22:52:44,657 [INFO]   Conformer 3: score=-218.5 -> /wynton/scratch/jqmo/rotation_datasets/ai-cath_backrub_subset_ensembles/3stjA03_13/3stjA03_13_backrub_003.pdb
2026-03-25 22:52:45,121 [INFO]   Conformer 0: score=-401.2 -> /wynton/scratch/jqmo/rotation_datasets/ai-cath_backrub_subset_ensembles/4ig1A00_19/4ig1A00_19_backrub_000.pdb
2026-03-25 22:52:48,625 [INFO]   Conformer 1: score=-333.7 -> /wynton/scratch/jqmo/rotation_datasets/ai-cath_backrub_subset_ensembles/5ayvA01_6/5ayvA01_6_backrub_001.pdb
2026-03-25 22:53:08,737 [INFO]   Conformer 1: score=-294.1 -> /wynton/scratch/jqmo/rotation_datasets/ai-cath_backrub_subset_ensembles/3jzjA01_18/3jzjA01_18_backrub_001.pdb
2026-03-25 22:53:10,875 [INFO]   Conformer 0: score=177.3 -> /wynton/scratch/jqmo/rotation_datasets/ai-cath_backrub_subset_ensembles/3wx7A01_4/3wx7A01_4_backrub_000.pdb
2026-03-25 22:53:11,970 [INFO]   Conformer 1: score=-330.6 -> /wynton/scratch/jqmo/rotation_datasets/ai-cath_backrub_subset_ensembles/1yb5A02_24/1yb5A02_24_backrub_001.pdb
2026-03-25 22:53:12,567 [INFO]   Conformer 3: score=-86.1 -> /wynton/scratch/jqmo/rotation_datasets/ai-cath_backrub_subset_ensembles/1wtbA00_28/1wtbA00_28_backrub_003.pdb
2026-03-25 22:53:19,776 [INFO]   Conformer 0: score=-412.2 -> /wynton/scratch/jqmo/rotation_datasets/ai-cath_backrub_subset_ensembles/3sreA00_30/3sreA00_30_backrub_000.pdb
2026-03-25 22:53:24,610 [INFO]   Conformer 4: score=149.6 -> /wynton/scratch/jqmo/rotation_datasets/ai-cath_backrub_subset_ensembles/2f76X00_3_reres/2f76X00_3_reres_backrub_004.pdb
2026-03-25 22:53:26,652 [INFO]   Conformer 2: score=-124.1 -> /wynton/scratch/jqmo/rotation_datasets/ai-cath_backrub_subset_ensembles/1ui5A00_30/1ui5A00_30_backrub_002.pdb
2026-03-25 22:53:40,151 [INFO]   Conformer 1: score=-298.3 -> /wynton/scratch/jqmo/rotation_datasets/ai-cath_backrub_subset_ensembles/3uogA01_9/3uogA01_9_backrub_001.pdb
2026-03-25 22:53:47,009 [INFO]   Conformer 4: score=249.8 -> /wynton/scratch/jqmo/rotation_datasets/ai-cath_backrub_subset_ensembles/2vgmA01_1/2vgmA01_1_backrub_004.pdb
2026-03-25 22:53:50,775 [INFO]   Conformer 4: score=-185.0 -> /wynton/scratch/jqmo/rotation_datasets/ai-cath_backrub_subset_ensembles/3uk2A02_1/3uk2A02_1_backrub_004.pdb
2026-03-25 22:53:54,424 [INFO]   Conformer 4: score=-341.4 -> /wynton/scratch/jqmo/rotation_datasets/ai-cath_backrub_subset_ensembles/4bszB00_23/4bszB00_23_backrub_004.pdb
2026-03-25 22:53:58,919 [INFO]   Conformer 4: score=-220.5 -> /wynton/scratch/jqmo/rotation_datasets/ai-cath_backrub_subset_ensembles/3stjA03_13/3stjA03_13_backrub_004.pdb
2026-03-25 22:54:04,402 [INFO]   Conformer 1: score=-235.5 -> /wynton/scratch/jqmo/rotation_datasets/ai-cath_backrub_subset_ensembles/3s3lA01_4/3s3lA01_4_backrub_001.pdb
2026-03-25 22:54:09,758 [INFO]   Conformer 3: score=-282.6 -> /wynton/scratch/jqmo/rotation_datasets/ai-cath_backrub_subset_ensembles/1gcvA00_31/1gcvA00_31_backrub_003.pdb
2026-03-25 22:54:18,769 [INFO]   Conformer 3: score=-21.2 -> /wynton/scratch/jqmo/rotation_datasets/ai-cath_backrub_subset_ensembles/3buxB01_22_reres/3buxB01_22_reres_backrub_003.pdb
2026-03-25 22:54:27,129 [INFO]   Conformer 1: score=-448.8 -> /wynton/scratch/jqmo/rotation_datasets/ai-cath_backrub_subset_ensembles/4b79B00_15_reres/4b79B00_15_reres_backrub_001.pdb
2026-03-25 22:54:44,904 [INFO]   Conformer 1: score=-418.2 -> /wynton/scratch/jqmo/rotation_datasets/ai-cath_backrub_subset_ensembles/2xotB01_2_reres/2xotB01_2_reres_backrub_001.pdb
2026-03-25 22:54:54,904 [INFO]   Conformer 2: score=-175.8 -> /wynton/scratch/jqmo/rotation_datasets/ai-cath_backrub_subset_ensembles/2f5xA01_21/2f5xA01_21_backrub_002.pdb
2026-03-25 22:54:55,862 [INFO]   Conformer 4: score=-67.1 -> /wynton/scratch/jqmo/rotation_datasets/ai-cath_backrub_subset_ensembles/1wtbA00_28/1wtbA00_28_backrub_004.pdb
2026-03-25 22:54:59,518 [INFO]   Conformer 1: score=-252.2 -> /wynton/scratch/jqmo/rotation_datasets/ai-cath_backrub_subset_ensembles/4pmnA00_16/4pmnA00_16_backrub_001.pdb
2026-03-25 22:55:21,735 [INFO]   Conformer 2: score=-316.7 -> /wynton/scratch/jqmo/rotation_datasets/ai-cath_backrub_subset_ensembles/5ayvA01_6/5ayvA01_6_backrub_002.pdb
2026-03-25 22:55:28,860 [INFO]   Conformer 1: score=-632.1 -> /wynton/scratch/jqmo/rotation_datasets/ai-cath_backrub_subset_ensembles/3mkrA00_3/3mkrA00_3_backrub_001.pdb
2026-03-25 22:55:42,250 [INFO]   Conformer 3: score=-152.4 -> /wynton/scratch/jqmo/rotation_datasets/ai-cath_backrub_subset_ensembles/1ui5A00_30/1ui5A00_30_backrub_003.pdb
2026-03-25 22:55:47,958 [INFO]   Conformer 4: score=-278.9 -> /wynton/scratch/jqmo/rotation_datasets/ai-cath_backrub_subset_ensembles/1gcvA00_31/1gcvA00_31_backrub_004.pdb
2026-03-25 22:55:48,287 [INFO]   Conformer 1: score=-442.8 -> /wynton/scratch/jqmo/rotation_datasets/ai-cath_backrub_subset_ensembles/1uddA00_6/1uddA00_6_backrub_001.pdb
2026-03-25 22:55:54,631 [INFO]   Conformer 2: score=-283.8 -> /wynton/scratch/jqmo/rotation_datasets/ai-cath_backrub_subset_ensembles/3jzjA01_18/3jzjA01_18_backrub_002.pdb
2026-03-25 22:56:00,099 [INFO]   Conformer 4: score=-10.1 -> /wynton/scratch/jqmo/rotation_datasets/ai-cath_backrub_subset_ensembles/3buxB01_22_reres/3buxB01_22_reres_backrub_004.pdb
2026-03-25 22:56:07,003 [INFO]   Conformer 2: score=-338.5 -> /wynton/scratch/jqmo/rotation_datasets/ai-cath_backrub_subset_ensembles/1yb5A02_24/1yb5A02_24_backrub_002.pdb
2026-03-25 22:56:23,026 [INFO]   Conformer 2: score=-266.4 -> /wynton/scratch/jqmo/rotation_datasets/ai-cath_backrub_subset_ensembles/3uogA01_9/3uogA01_9_backrub_002.pdb
2026-03-25 22:57:04,357 [INFO]   Conformer 3: score=-177.3 -> /wynton/scratch/jqmo/rotation_datasets/ai-cath_backrub_subset_ensembles/2f5xA01_21/2f5xA01_21_backrub_003.pdb
2026-03-25 22:57:40,043 [INFO]   Conformer 2: score=-442.8 -> /wynton/scratch/jqmo/rotation_datasets/ai-cath_backrub_subset_ensembles/4b79B00_15_reres/4b79B00_15_reres_backrub_002.pdb
2026-03-25 22:57:50,951 [INFO]   Conformer 3: score=-321.0 -> /wynton/scratch/jqmo/rotation_datasets/ai-cath_backrub_subset_ensembles/5ayvA01_6/5ayvA01_6_backrub_003.pdb
2026-03-25 22:57:51,518 [INFO]   Conformer 4: score=-137.1 -> /wynton/scratch/jqmo/rotation_datasets/ai-cath_backrub_subset_ensembles/1ui5A00_30/1ui5A00_30_backrub_004.pdb
2026-03-25 22:57:52,879 [INFO]   Conformer 1: score=-427.2 -> /wynton/scratch/jqmo/rotation_datasets/ai-cath_backrub_subset_ensembles/4ig1A00_19/4ig1A00_19_backrub_001.pdb
2026-03-25 22:58:05,926 [INFO]   Conformer 2: score=-225.2 -> /wynton/scratch/jqmo/rotation_datasets/ai-cath_backrub_subset_ensembles/3s3lA01_4/3s3lA01_4_backrub_002.pdb
2026-03-25 22:58:31,956 [INFO]   Conformer 2: score=-426.7 -> /wynton/scratch/jqmo/rotation_datasets/ai-cath_backrub_subset_ensembles/2xotB01_2_reres/2xotB01_2_reres_backrub_002.pdb
2026-03-25 22:58:32,599 [INFO]   Conformer 1: score=111.5 -> /wynton/scratch/jqmo/rotation_datasets/ai-cath_backrub_subset_ensembles/3wx7A01_4/3wx7A01_4_backrub_001.pdb
2026-03-25 22:58:36,691 [INFO]   Conformer 2: score=-259.0 -> /wynton/scratch/jqmo/rotation_datasets/ai-cath_backrub_subset_ensembles/4pmnA00_16/4pmnA00_16_backrub_002.pdb
2026-03-25 22:58:51,101 [INFO]   Conformer 3: score=-298.2 -> /wynton/scratch/jqmo/rotation_datasets/ai-cath_backrub_subset_ensembles/3jzjA01_18/3jzjA01_18_backrub_003.pdb
2026-03-25 22:58:55,322 [INFO]   Conformer 1: score=-397.6 -> /wynton/scratch/jqmo/rotation_datasets/ai-cath_backrub_subset_ensembles/3sreA00_30/3sreA00_30_backrub_001.pdb
2026-03-25 22:59:05,208 [INFO]   Conformer 3: score=-344.8 -> /wynton/scratch/jqmo/rotation_datasets/ai-cath_backrub_subset_ensembles/1yb5A02_24/1yb5A02_24_backrub_003.pdb
2026-03-25 22:59:05,765 [INFO]   Conformer 3: score=-269.0 -> /wynton/scratch/jqmo/rotation_datasets/ai-cath_backrub_subset_ensembles/3uogA01_9/3uogA01_9_backrub_003.pdb
2026-03-25 22:59:09,977 [INFO]   Conformer 4: score=-166.3 -> /wynton/scratch/jqmo/rotation_datasets/ai-cath_backrub_subset_ensembles/2f5xA01_21/2f5xA01_21_backrub_004.pdb
2026-03-25 22:59:32,122 [INFO]   Conformer 2: score=-614.6 -> /wynton/scratch/jqmo/rotation_datasets/ai-cath_backrub_subset_ensembles/3mkrA00_3/3mkrA00_3_backrub_002.pdb
2026-03-25 22:59:53,427 [INFO]   Conformer 2: score=-466.4 -> /wynton/scratch/jqmo/rotation_datasets/ai-cath_backrub_subset_ensembles/1uddA00_6/1uddA00_6_backrub_002.pdb
2026-03-25 23:00:09,819 [INFO]   Conformer 4: score=-324.4 -> /wynton/scratch/jqmo/rotation_datasets/ai-cath_backrub_subset_ensembles/5ayvA01_6/5ayvA01_6_backrub_004.pdb
2026-03-25 23:00:46,795 [INFO]   Conformer 3: score=-429.4 -> /wynton/scratch/jqmo/rotation_datasets/ai-cath_backrub_subset_ensembles/4b79B00_15_reres/4b79B00_15_reres_backrub_003.pdb
2026-03-25 23:01:46,018 [INFO]   Conformer 4: score=-277.5 -> /wynton/scratch/jqmo/rotation_datasets/ai-cath_backrub_subset_ensembles/3jzjA01_18/3jzjA01_18_backrub_004.pdb
2026-03-25 23:01:51,242 [INFO]   Conformer 4: score=-327.3 -> /wynton/scratch/jqmo/rotation_datasets/ai-cath_backrub_subset_ensembles/1yb5A02_24/1yb5A02_24_backrub_004.pdb
2026-03-25 23:02:05,263 [INFO]   Conformer 4: score=-295.9 -> /wynton/scratch/jqmo/rotation_datasets/ai-cath_backrub_subset_ensembles/3uogA01_9/3uogA01_9_backrub_004.pdb
2026-03-25 23:02:16,798 [INFO]   Conformer 3: score=-241.1 -> /wynton/scratch/jqmo/rotation_datasets/ai-cath_backrub_subset_ensembles/3s3lA01_4/3s3lA01_4_backrub_003.pdb
2026-03-25 23:02:20,861 [INFO]   Conformer 3: score=-257.6 -> /wynton/scratch/jqmo/rotation_datasets/ai-cath_backrub_subset_ensembles/4pmnA00_16/4pmnA00_16_backrub_003.pdb
2026-03-25 23:02:25,347 [INFO]   Conformer 3: score=-401.0 -> /wynton/scratch/jqmo/rotation_datasets/ai-cath_backrub_subset_ensembles/2xotB01_2_reres/2xotB01_2_reres_backrub_003.pdb
2026-03-25 23:03:07,763 [INFO]   Conformer 2: score=-442.6 -> /wynton/scratch/jqmo/rotation_datasets/ai-cath_backrub_subset_ensembles/4ig1A00_19/4ig1A00_19_backrub_002.pdb
2026-03-25 23:03:19,713 [INFO]   Conformer 2: score=215.8 -> /wynton/scratch/jqmo/rotation_datasets/ai-cath_backrub_subset_ensembles/3wx7A01_4/3wx7A01_4_backrub_002.pdb
2026-03-25 23:03:36,267 [INFO]   Conformer 3: score=-590.0 -> /wynton/scratch/jqmo/rotation_datasets/ai-cath_backrub_subset_ensembles/3mkrA00_3/3mkrA00_3_backrub_003.pdb
2026-03-25 23:03:52,053 [INFO]   Conformer 3: score=-474.0 -> /wynton/scratch/jqmo/rotation_datasets/ai-cath_backrub_subset_ensembles/1uddA00_6/1uddA00_6_backrub_003.pdb
2026-03-25 23:04:45,510 [INFO]   Conformer 4: score=-444.5 -> /wynton/scratch/jqmo/rotation_datasets/ai-cath_backrub_subset_ensembles/4b79B00_15_reres/4b79B00_15_reres_backrub_004.pdb
2026-03-25 23:05:04,206 [INFO]   Conformer 2: score=-412.1 -> /wynton/scratch/jqmo/rotation_datasets/ai-cath_backrub_subset_ensembles/3sreA00_30/3sreA00_30_backrub_002.pdb
2026-03-25 23:05:38,270 [INFO]   Conformer 4: score=-431.2 -> /wynton/scratch/jqmo/rotation_datasets/ai-cath_backrub_subset_ensembles/2xotB01_2_reres/2xotB01_2_reres_backrub_004.pdb
2026-03-25 23:05:58,568 [INFO]   Conformer 4: score=-226.9 -> /wynton/scratch/jqmo/rotation_datasets/ai-cath_backrub_subset_ensembles/3s3lA01_4/3s3lA01_4_backrub_004.pdb
2026-03-25 23:06:16,716 [INFO]   Conformer 4: score=-251.8 -> /wynton/scratch/jqmo/rotation_datasets/ai-cath_backrub_subset_ensembles/4pmnA00_16/4pmnA00_16_backrub_004.pdb
2026-03-25 23:07:58,073 [INFO]   Conformer 4: score=-465.1 -> /wynton/scratch/jqmo/rotation_datasets/ai-cath_backrub_subset_ensembles/1uddA00_6/1uddA00_6_backrub_004.pdb
2026-03-25 23:08:02,614 [INFO]   Conformer 3: score=-421.8 -> /wynton/scratch/jqmo/rotation_datasets/ai-cath_backrub_subset_ensembles/4ig1A00_19/4ig1A00_19_backrub_003.pdb
2026-03-25 23:09:06,700 [INFO]   Conformer 3: score=179.0 -> /wynton/scratch/jqmo/rotation_datasets/ai-cath_backrub_subset_ensembles/3wx7A01_4/3wx7A01_4_backrub_003.pdb
2026-03-25 23:09:08,171 [INFO]   Conformer 4: score=-629.6 -> /wynton/scratch/jqmo/rotation_datasets/ai-cath_backrub_subset_ensembles/3mkrA00_3/3mkrA00_3_backrub_004.pdb
2026-03-25 23:09:49,220 [INFO]   Conformer 3: score=-412.8 -> /wynton/scratch/jqmo/rotation_datasets/ai-cath_backrub_subset_ensembles/3sreA00_30/3sreA00_30_backrub_003.pdb
2026-03-25 23:12:18,207 [INFO]   Conformer 4: score=-390.9 -> /wynton/scratch/jqmo/rotation_datasets/ai-cath_backrub_subset_ensembles/4ig1A00_19/4ig1A00_19_backrub_004.pdb
2026-03-25 23:14:17,968 [INFO]   Conformer 4: score=-380.3 -> /wynton/scratch/jqmo/rotation_datasets/ai-cath_backrub_subset_ensembles/3sreA00_30/3sreA00_30_backrub_004.pdb
2026-03-25 23:16:09,343 [INFO]   Conformer 4: score=260.9 -> /wynton/scratch/jqmo/rotation_datasets/ai-cath_backrub_subset_ensembles/3wx7A01_4/3wx7A01_4_backrub_004.pdb
