2026-03-27 13:57:12,302 [INFO] Found rosetta database at: /wynton/home/rotation/jqmo/.conda/envs/mcsce/lib/python3.7/site-packages/pyrosetta/database; using it....
2026-03-27 13:57:12,331 [INFO] ┌──────────────────────────────────────────────────────────────────────────────┐
│                                 PyRosetta-4                                  │
│              Created in JHU by Sergey Lyskov and PyRosetta Team              │
│              (C) Copyright Rosetta Commons Member Institutions               │
│                                                                              │
│ NOTE: USE OF PyRosetta FOR COMMERCIAL PURPOSES REQUIRE PURCHASE OF A LICENSE │
│         See LICENSE.PyRosetta.md or email license@uw.edu for details         │
└──────────────────────────────────────────────────────────────────────────────┘
PyRosetta-4 2024 [Rosetta PyRosetta4.conda.linux.cxx11thread.serialization.CentOS.python37.Release 2024.39+release.59628fbc5bc09f1221e1642f1f8d157ce49b1410 2024-09-23T07:49:48] retrieved from: http://www.pyrosetta.org
2026-03-27 13:57:12,367 [INFO] Running PyRosetta on 3sreA00_30 (5 conformers, 10000 MC steps, kT=0.6)
2026-03-27 13:57:12,438 [INFO] Found rosetta database at: /wynton/home/rotation/jqmo/.conda/envs/mcsce/lib/python3.7/site-packages/pyrosetta/database; using it....
2026-03-27 13:57:12,439 [INFO] ┌──────────────────────────────────────────────────────────────────────────────┐
│                                 PyRosetta-4                                  │
│              Created in JHU by Sergey Lyskov and PyRosetta Team              │
│              (C) Copyright Rosetta Commons Member Institutions               │
│                                                                              │
│ NOTE: USE OF PyRosetta FOR COMMERCIAL PURPOSES REQUIRE PURCHASE OF A LICENSE │
│         See LICENSE.PyRosetta.md or email license@uw.edu for details         │
└──────────────────────────────────────────────────────────────────────────────┘
PyRosetta-4 2024 [Rosetta PyRosetta4.conda.linux.cxx11thread.serialization.CentOS.python37.Release 2024.39+release.59628fbc5bc09f1221e1642f1f8d157ce49b1410 2024-09-23T07:49:48] retrieved from: http://www.pyrosetta.org
2026-03-27 13:57:12,457 [INFO] Found rosetta database at: /wynton/home/rotation/jqmo/.conda/envs/mcsce/lib/python3.7/site-packages/pyrosetta/database; using it....
2026-03-27 13:57:12,458 [INFO] ┌──────────────────────────────────────────────────────────────────────────────┐
│                                 PyRosetta-4                                  │
│              Created in JHU by Sergey Lyskov and PyRosetta Team              │
│              (C) Copyright Rosetta Commons Member Institutions               │
│                                                                              │
│ NOTE: USE OF PyRosetta FOR COMMERCIAL PURPOSES REQUIRE PURCHASE OF A LICENSE │
│         See LICENSE.PyRosetta.md or email license@uw.edu for details         │
└──────────────────────────────────────────────────────────────────────────────┘
PyRosetta-4 2024 [Rosetta PyRosetta4.conda.linux.cxx11thread.serialization.CentOS.python37.Release 2024.39+release.59628fbc5bc09f1221e1642f1f8d157ce49b1410 2024-09-23T07:49:48] retrieved from: http://www.pyrosetta.org
2026-03-27 13:57:12,469 [INFO] Running PyRosetta on 2xotB01_2_reres (5 conformers, 10000 MC steps, kT=0.6)
2026-03-27 13:57:12,496 [INFO] Running PyRosetta on 3jzjA01_18 (5 conformers, 10000 MC steps, kT=0.6)
2026-03-27 13:57:12,619 [INFO] Found rosetta database at: /wynton/home/rotation/jqmo/.conda/envs/mcsce/lib/python3.7/site-packages/pyrosetta/database; using it....
2026-03-27 13:57:12,620 [INFO] ┌──────────────────────────────────────────────────────────────────────────────┐
│                                 PyRosetta-4                                  │
│              Created in JHU by Sergey Lyskov and PyRosetta Team              │
│              (C) Copyright Rosetta Commons Member Institutions               │
│                                                                              │
│ NOTE: USE OF PyRosetta FOR COMMERCIAL PURPOSES REQUIRE PURCHASE OF A LICENSE │
│         See LICENSE.PyRosetta.md or email license@uw.edu for details         │
└──────────────────────────────────────────────────────────────────────────────┘
PyRosetta-4 2024 [Rosetta PyRosetta4.conda.linux.cxx11thread.serialization.CentOS.python37.Release 2024.39+release.59628fbc5bc09f1221e1642f1f8d157ce49b1410 2024-09-23T07:49:48] retrieved from: http://www.pyrosetta.org
2026-03-27 13:57:12,658 [INFO] Running PyRosetta on 3s3lA01_4 (5 conformers, 10000 MC steps, kT=0.6)
2026-03-27 13:57:12,752 [INFO] Found rosetta database at: /wynton/home/rotation/jqmo/.conda/envs/mcsce/lib/python3.7/site-packages/pyrosetta/database; using it....
2026-03-27 13:57:12,753 [INFO] ┌──────────────────────────────────────────────────────────────────────────────┐
│                                 PyRosetta-4                                  │
│              Created in JHU by Sergey Lyskov and PyRosetta Team              │
│              (C) Copyright Rosetta Commons Member Institutions               │
│                                                                              │
│ NOTE: USE OF PyRosetta FOR COMMERCIAL PURPOSES REQUIRE PURCHASE OF A LICENSE │
│         See LICENSE.PyRosetta.md or email license@uw.edu for details         │
└──────────────────────────────────────────────────────────────────────────────┘
PyRosetta-4 2024 [Rosetta PyRosetta4.conda.linux.cxx11thread.serialization.CentOS.python37.Release 2024.39+release.59628fbc5bc09f1221e1642f1f8d157ce49b1410 2024-09-23T07:49:48] retrieved from: http://www.pyrosetta.org
2026-03-27 13:57:12,790 [INFO] Running PyRosetta on 2f5xA01_21 (5 conformers, 10000 MC steps, kT=0.6)
2026-03-27 13:57:12,843 [INFO] Found rosetta database at: /wynton/home/rotation/jqmo/.conda/envs/mcsce/lib/python3.7/site-packages/pyrosetta/database; using it....
2026-03-27 13:57:12,844 [INFO] ┌──────────────────────────────────────────────────────────────────────────────┐
│                                 PyRosetta-4                                  │
│              Created in JHU by Sergey Lyskov and PyRosetta Team              │
│              (C) Copyright Rosetta Commons Member Institutions               │
│                                                                              │
│ NOTE: USE OF PyRosetta FOR COMMERCIAL PURPOSES REQUIRE PURCHASE OF A LICENSE │
│         See LICENSE.PyRosetta.md or email license@uw.edu for details         │
└──────────────────────────────────────────────────────────────────────────────┘
PyRosetta-4 2024 [Rosetta PyRosetta4.conda.linux.cxx11thread.serialization.CentOS.python37.Release 2024.39+release.59628fbc5bc09f1221e1642f1f8d157ce49b1410 2024-09-23T07:49:48] retrieved from: http://www.pyrosetta.org
2026-03-27 13:57:12,854 [INFO] Found rosetta database at: /wynton/home/rotation/jqmo/.conda/envs/mcsce/lib/python3.7/site-packages/pyrosetta/database; using it....
2026-03-27 13:57:12,855 [INFO] ┌──────────────────────────────────────────────────────────────────────────────┐
│                                 PyRosetta-4                                  │
│              Created in JHU by Sergey Lyskov and PyRosetta Team              │
│              (C) Copyright Rosetta Commons Member Institutions               │
│                                                                              │
│ NOTE: USE OF PyRosetta FOR COMMERCIAL PURPOSES REQUIRE PURCHASE OF A LICENSE │
│         See LICENSE.PyRosetta.md or email license@uw.edu for details         │
└──────────────────────────────────────────────────────────────────────────────┘
PyRosetta-4 2024 [Rosetta PyRosetta4.conda.linux.cxx11thread.serialization.CentOS.python37.Release 2024.39+release.59628fbc5bc09f1221e1642f1f8d157ce49b1410 2024-09-23T07:49:48] retrieved from: http://www.pyrosetta.org
2026-03-27 13:57:12,880 [INFO] Running PyRosetta on 4pmnA00_16 (5 conformers, 10000 MC steps, kT=0.6)
2026-03-27 13:57:12,886 [INFO] Running PyRosetta on 1gcvA00_31 (5 conformers, 10000 MC steps, kT=0.6)
2026-03-27 13:57:12,909 [INFO] Found rosetta database at: /wynton/home/rotation/jqmo/.conda/envs/mcsce/lib/python3.7/site-packages/pyrosetta/database; using it....
2026-03-27 13:57:12,910 [INFO] ┌──────────────────────────────────────────────────────────────────────────────┐
│                                 PyRosetta-4                                  │
│              Created in JHU by Sergey Lyskov and PyRosetta Team              │
│              (C) Copyright Rosetta Commons Member Institutions               │
│                                                                              │
│ NOTE: USE OF PyRosetta FOR COMMERCIAL PURPOSES REQUIRE PURCHASE OF A LICENSE │
│         See LICENSE.PyRosetta.md or email license@uw.edu for details         │
└──────────────────────────────────────────────────────────────────────────────┘
PyRosetta-4 2024 [Rosetta PyRosetta4.conda.linux.cxx11thread.serialization.CentOS.python37.Release 2024.39+release.59628fbc5bc09f1221e1642f1f8d157ce49b1410 2024-09-23T07:49:48] retrieved from: http://www.pyrosetta.org
2026-03-27 13:57:12,946 [INFO] Running PyRosetta on 3ossC00_7 (5 conformers, 10000 MC steps, kT=0.6)
2026-03-27 13:57:12,978 [INFO] Found rosetta database at: /wynton/home/rotation/jqmo/.conda/envs/mcsce/lib/python3.7/site-packages/pyrosetta/database; using it....
2026-03-27 13:57:12,979 [INFO] ┌──────────────────────────────────────────────────────────────────────────────┐
│                                 PyRosetta-4                                  │
│              Created in JHU by Sergey Lyskov and PyRosetta Team              │
│              (C) Copyright Rosetta Commons Member Institutions               │
│                                                                              │
│ NOTE: USE OF PyRosetta FOR COMMERCIAL PURPOSES REQUIRE PURCHASE OF A LICENSE │
│         See LICENSE.PyRosetta.md or email license@uw.edu for details         │
└──────────────────────────────────────────────────────────────────────────────┘
PyRosetta-4 2024 [Rosetta PyRosetta4.conda.linux.cxx11thread.serialization.CentOS.python37.Release 2024.39+release.59628fbc5bc09f1221e1642f1f8d157ce49b1410 2024-09-23T07:49:48] retrieved from: http://www.pyrosetta.org
2026-03-27 13:57:13,014 [INFO] Running PyRosetta on 3uogA01_9 (5 conformers, 10000 MC steps, kT=0.6)
2026-03-27 13:57:13,047 [INFO] Found rosetta database at: /wynton/home/rotation/jqmo/.conda/envs/mcsce/lib/python3.7/site-packages/pyrosetta/database; using it....
2026-03-27 13:57:13,048 [INFO] ┌──────────────────────────────────────────────────────────────────────────────┐
│                                 PyRosetta-4                                  │
│              Created in JHU by Sergey Lyskov and PyRosetta Team              │
│              (C) Copyright Rosetta Commons Member Institutions               │
│                                                                              │
│ NOTE: USE OF PyRosetta FOR COMMERCIAL PURPOSES REQUIRE PURCHASE OF A LICENSE │
│         See LICENSE.PyRosetta.md or email license@uw.edu for details         │
└──────────────────────────────────────────────────────────────────────────────┘
PyRosetta-4 2024 [Rosetta PyRosetta4.conda.linux.cxx11thread.serialization.CentOS.python37.Release 2024.39+release.59628fbc5bc09f1221e1642f1f8d157ce49b1410 2024-09-23T07:49:48] retrieved from: http://www.pyrosetta.org
2026-03-27 13:57:13,071 [INFO] Running PyRosetta on 2vqeN00_6 (5 conformers, 10000 MC steps, kT=0.6)
2026-03-27 13:57:13,112 [INFO] Found rosetta database at: /wynton/home/rotation/jqmo/.conda/envs/mcsce/lib/python3.7/site-packages/pyrosetta/database; using it....
2026-03-27 13:57:13,113 [INFO] ┌──────────────────────────────────────────────────────────────────────────────┐
│                                 PyRosetta-4                                  │
│              Created in JHU by Sergey Lyskov and PyRosetta Team              │
│              (C) Copyright Rosetta Commons Member Institutions               │
│                                                                              │
│ NOTE: USE OF PyRosetta FOR COMMERCIAL PURPOSES REQUIRE PURCHASE OF A LICENSE │
│         See LICENSE.PyRosetta.md or email license@uw.edu for details         │
└──────────────────────────────────────────────────────────────────────────────┘
PyRosetta-4 2024 [Rosetta PyRosetta4.conda.linux.cxx11thread.serialization.CentOS.python37.Release 2024.39+release.59628fbc5bc09f1221e1642f1f8d157ce49b1410 2024-09-23T07:49:48] retrieved from: http://www.pyrosetta.org
2026-03-27 13:57:13,144 [INFO] Running PyRosetta on 3uk2A02_1 (5 conformers, 10000 MC steps, kT=0.6)
2026-03-27 13:57:13,163 [INFO] Found rosetta database at: /wynton/home/rotation/jqmo/.conda/envs/mcsce/lib/python3.7/site-packages/pyrosetta/database; using it....
2026-03-27 13:57:13,164 [INFO] ┌──────────────────────────────────────────────────────────────────────────────┐
│                                 PyRosetta-4                                  │
│              Created in JHU by Sergey Lyskov and PyRosetta Team              │
│              (C) Copyright Rosetta Commons Member Institutions               │
│                                                                              │
│ NOTE: USE OF PyRosetta FOR COMMERCIAL PURPOSES REQUIRE PURCHASE OF A LICENSE │
│         See LICENSE.PyRosetta.md or email license@uw.edu for details         │
└──────────────────────────────────────────────────────────────────────────────┘
PyRosetta-4 2024 [Rosetta PyRosetta4.conda.linux.cxx11thread.serialization.CentOS.python37.Release 2024.39+release.59628fbc5bc09f1221e1642f1f8d157ce49b1410 2024-09-23T07:49:48] retrieved from: http://www.pyrosetta.org
2026-03-27 13:57:13,202 [INFO] Running PyRosetta on 1vjqA00_26 (5 conformers, 10000 MC steps, kT=0.6)
2026-03-27 13:57:13,247 [INFO] Found rosetta database at: /wynton/home/rotation/jqmo/.conda/envs/mcsce/lib/python3.7/site-packages/pyrosetta/database; using it....
2026-03-27 13:57:13,248 [INFO] ┌──────────────────────────────────────────────────────────────────────────────┐
│                                 PyRosetta-4                                  │
│              Created in JHU by Sergey Lyskov and PyRosetta Team              │
│              (C) Copyright Rosetta Commons Member Institutions               │
│                                                                              │
│ NOTE: USE OF PyRosetta FOR COMMERCIAL PURPOSES REQUIRE PURCHASE OF A LICENSE │
│         See LICENSE.PyRosetta.md or email license@uw.edu for details         │
└──────────────────────────────────────────────────────────────────────────────┘
PyRosetta-4 2024 [Rosetta PyRosetta4.conda.linux.cxx11thread.serialization.CentOS.python37.Release 2024.39+release.59628fbc5bc09f1221e1642f1f8d157ce49b1410 2024-09-23T07:49:48] retrieved from: http://www.pyrosetta.org
2026-03-27 13:57:13,275 [INFO] Found rosetta database at: /wynton/home/rotation/jqmo/.conda/envs/mcsce/lib/python3.7/site-packages/pyrosetta/database; using it....
2026-03-27 13:57:13,276 [INFO] ┌──────────────────────────────────────────────────────────────────────────────┐
│                                 PyRosetta-4                                  │
│              Created in JHU by Sergey Lyskov and PyRosetta Team              │
│              (C) Copyright Rosetta Commons Member Institutions               │
│                                                                              │
│ NOTE: USE OF PyRosetta FOR COMMERCIAL PURPOSES REQUIRE PURCHASE OF A LICENSE │
│         See LICENSE.PyRosetta.md or email license@uw.edu for details         │
└──────────────────────────────────────────────────────────────────────────────┘
PyRosetta-4 2024 [Rosetta PyRosetta4.conda.linux.cxx11thread.serialization.CentOS.python37.Release 2024.39+release.59628fbc5bc09f1221e1642f1f8d157ce49b1410 2024-09-23T07:49:48] retrieved from: http://www.pyrosetta.org
2026-03-27 13:57:13,319 [INFO] Running PyRosetta on 3wx7A01_4 (5 conformers, 10000 MC steps, kT=0.6)
2026-03-27 13:57:13,444 [INFO] Found rosetta database at: /wynton/home/rotation/jqmo/.conda/envs/mcsce/lib/python3.7/site-packages/pyrosetta/database; using it....
2026-03-27 13:57:13,446 [INFO] ┌──────────────────────────────────────────────────────────────────────────────┐
│                                 PyRosetta-4                                  │
│              Created in JHU by Sergey Lyskov and PyRosetta Team              │
│              (C) Copyright Rosetta Commons Member Institutions               │
│                                                                              │
│ NOTE: USE OF PyRosetta FOR COMMERCIAL PURPOSES REQUIRE PURCHASE OF A LICENSE │
│         See LICENSE.PyRosetta.md or email license@uw.edu for details         │
└──────────────────────────────────────────────────────────────────────────────┘
PyRosetta-4 2024 [Rosetta PyRosetta4.conda.linux.cxx11thread.serialization.CentOS.python37.Release 2024.39+release.59628fbc5bc09f1221e1642f1f8d157ce49b1410 2024-09-23T07:49:48] retrieved from: http://www.pyrosetta.org
2026-03-27 13:57:13,485 [INFO] Running PyRosetta on 4b79B00_15_reres (5 conformers, 10000 MC steps, kT=0.6)
2026-03-27 13:57:13,645 [INFO] Found rosetta database at: /wynton/home/rotation/jqmo/.conda/envs/mcsce/lib/python3.7/site-packages/pyrosetta/database; using it....
2026-03-27 13:57:13,646 [INFO] ┌──────────────────────────────────────────────────────────────────────────────┐
│                                 PyRosetta-4                                  │
│              Created in JHU by Sergey Lyskov and PyRosetta Team              │
│              (C) Copyright Rosetta Commons Member Institutions               │
│                                                                              │
│ NOTE: USE OF PyRosetta FOR COMMERCIAL PURPOSES REQUIRE PURCHASE OF A LICENSE │
│         See LICENSE.PyRosetta.md or email license@uw.edu for details         │
└──────────────────────────────────────────────────────────────────────────────┘
PyRosetta-4 2024 [Rosetta PyRosetta4.conda.linux.cxx11thread.serialization.CentOS.python37.Release 2024.39+release.59628fbc5bc09f1221e1642f1f8d157ce49b1410 2024-09-23T07:49:48] retrieved from: http://www.pyrosetta.org
2026-03-27 13:57:13,647 [INFO] Found rosetta database at: /wynton/home/rotation/jqmo/.conda/envs/mcsce/lib/python3.7/site-packages/pyrosetta/database; using it....
2026-03-27 13:57:13,648 [INFO] ┌──────────────────────────────────────────────────────────────────────────────┐
│                                 PyRosetta-4                                  │
│              Created in JHU by Sergey Lyskov and PyRosetta Team              │
│              (C) Copyright Rosetta Commons Member Institutions               │
│                                                                              │
│ NOTE: USE OF PyRosetta FOR COMMERCIAL PURPOSES REQUIRE PURCHASE OF A LICENSE │
│         See LICENSE.PyRosetta.md or email license@uw.edu for details         │
└──────────────────────────────────────────────────────────────────────────────┘
PyRosetta-4 2024 [Rosetta PyRosetta4.conda.linux.cxx11thread.serialization.CentOS.python37.Release 2024.39+release.59628fbc5bc09f1221e1642f1f8d157ce49b1410 2024-09-23T07:49:48] retrieved from: http://www.pyrosetta.org
2026-03-27 13:57:13,688 [INFO] Running PyRosetta on 1kj6A00_4 (5 conformers, 10000 MC steps, kT=0.6)
2026-03-27 13:57:13,688 [INFO] Running PyRosetta on 3buxB01_22_reres (5 conformers, 10000 MC steps, kT=0.6)
2026-03-27 13:57:13,879 [INFO] Found rosetta database at: /wynton/home/rotation/jqmo/.conda/envs/mcsce/lib/python3.7/site-packages/pyrosetta/database; using it....
2026-03-27 13:57:13,880 [INFO] ┌──────────────────────────────────────────────────────────────────────────────┐
│                                 PyRosetta-4                                  │
│              Created in JHU by Sergey Lyskov and PyRosetta Team              │
│              (C) Copyright Rosetta Commons Member Institutions               │
│                                                                              │
│ NOTE: USE OF PyRosetta FOR COMMERCIAL PURPOSES REQUIRE PURCHASE OF A LICENSE │
│         See LICENSE.PyRosetta.md or email license@uw.edu for details         │
└──────────────────────────────────────────────────────────────────────────────┘
PyRosetta-4 2024 [Rosetta PyRosetta4.conda.linux.cxx11thread.serialization.CentOS.python37.Release 2024.39+release.59628fbc5bc09f1221e1642f1f8d157ce49b1410 2024-09-23T07:49:48] retrieved from: http://www.pyrosetta.org
2026-03-27 13:57:13,923 [INFO] Running PyRosetta on 4ig1A00_19 (5 conformers, 10000 MC steps, kT=0.6)
2026-03-27 13:57:14,941 [INFO] Found rosetta database at: /wynton/home/rotation/jqmo/.conda/envs/mcsce/lib/python3.7/site-packages/pyrosetta/database; using it....
2026-03-27 13:57:14,942 [INFO] ┌──────────────────────────────────────────────────────────────────────────────┐
│                                 PyRosetta-4                                  │
│              Created in JHU by Sergey Lyskov and PyRosetta Team              │
│              (C) Copyright Rosetta Commons Member Institutions               │
│                                                                              │
│ NOTE: USE OF PyRosetta FOR COMMERCIAL PURPOSES REQUIRE PURCHASE OF A LICENSE │
│         See LICENSE.PyRosetta.md or email license@uw.edu for details         │
└──────────────────────────────────────────────────────────────────────────────┘
PyRosetta-4 2024 [Rosetta PyRosetta4.conda.linux.cxx11thread.serialization.CentOS.python37.Release 2024.39+release.59628fbc5bc09f1221e1642f1f8d157ce49b1410 2024-09-23T07:49:48] retrieved from: http://www.pyrosetta.org
2026-03-27 13:57:14,947 [INFO] Found rosetta database at: /wynton/home/rotation/jqmo/.conda/envs/mcsce/lib/python3.7/site-packages/pyrosetta/database; using it....
2026-03-27 13:57:14,948 [INFO] Found rosetta database at: /wynton/home/rotation/jqmo/.conda/envs/mcsce/lib/python3.7/site-packages/pyrosetta/database; using it....
2026-03-27 13:57:14,949 [INFO] ┌──────────────────────────────────────────────────────────────────────────────┐
│                                 PyRosetta-4                                  │
│              Created in JHU by Sergey Lyskov and PyRosetta Team              │
│              (C) Copyright Rosetta Commons Member Institutions               │
│                                                                              │
│ NOTE: USE OF PyRosetta FOR COMMERCIAL PURPOSES REQUIRE PURCHASE OF A LICENSE │
│         See LICENSE.PyRosetta.md or email license@uw.edu for details         │
└──────────────────────────────────────────────────────────────────────────────┘
PyRosetta-4 2024 [Rosetta PyRosetta4.conda.linux.cxx11thread.serialization.CentOS.python37.Release 2024.39+release.59628fbc5bc09f1221e1642f1f8d157ce49b1410 2024-09-23T07:49:48] retrieved from: http://www.pyrosetta.org
2026-03-27 13:57:14,948 [INFO] ┌──────────────────────────────────────────────────────────────────────────────┐
│                                 PyRosetta-4                                  │
│              Created in JHU by Sergey Lyskov and PyRosetta Team              │
│              (C) Copyright Rosetta Commons Member Institutions               │
│                                                                              │
│ NOTE: USE OF PyRosetta FOR COMMERCIAL PURPOSES REQUIRE PURCHASE OF A LICENSE │
│         See LICENSE.PyRosetta.md or email license@uw.edu for details         │
└──────────────────────────────────────────────────────────────────────────────┘
PyRosetta-4 2024 [Rosetta PyRosetta4.conda.linux.cxx11thread.serialization.CentOS.python37.Release 2024.39+release.59628fbc5bc09f1221e1642f1f8d157ce49b1410 2024-09-23T07:49:48] retrieved from: http://www.pyrosetta.org
2026-03-27 13:57:14,950 [INFO] Found rosetta database at: /wynton/home/rotation/jqmo/.conda/envs/mcsce/lib/python3.7/site-packages/pyrosetta/database; using it....
2026-03-27 13:57:14,952 [INFO] ┌──────────────────────────────────────────────────────────────────────────────┐
│                                 PyRosetta-4                                  │
│              Created in JHU by Sergey Lyskov and PyRosetta Team              │
│              (C) Copyright Rosetta Commons Member Institutions               │
│                                                                              │
│ NOTE: USE OF PyRosetta FOR COMMERCIAL PURPOSES REQUIRE PURCHASE OF A LICENSE │
│         See LICENSE.PyRosetta.md or email license@uw.edu for details         │
└──────────────────────────────────────────────────────────────────────────────┘
PyRosetta-4 2024 [Rosetta PyRosetta4.conda.linux.cxx11thread.serialization.CentOS.python37.Release 2024.39+release.59628fbc5bc09f1221e1642f1f8d157ce49b1410 2024-09-23T07:49:48] retrieved from: http://www.pyrosetta.org
2026-03-27 13:57:14,981 [INFO] Found rosetta database at: /wynton/home/rotation/jqmo/.conda/envs/mcsce/lib/python3.7/site-packages/pyrosetta/database; using it....
2026-03-27 13:57:14,982 [INFO] ┌──────────────────────────────────────────────────────────────────────────────┐
│                                 PyRosetta-4                                  │
│              Created in JHU by Sergey Lyskov and PyRosetta Team              │
│              (C) Copyright Rosetta Commons Member Institutions               │
│                                                                              │
│ NOTE: USE OF PyRosetta FOR COMMERCIAL PURPOSES REQUIRE PURCHASE OF A LICENSE │
│         See LICENSE.PyRosetta.md or email license@uw.edu for details         │
└──────────────────────────────────────────────────────────────────────────────┘
PyRosetta-4 2024 [Rosetta PyRosetta4.conda.linux.cxx11thread.serialization.CentOS.python37.Release 2024.39+release.59628fbc5bc09f1221e1642f1f8d157ce49b1410 2024-09-23T07:49:48] retrieved from: http://www.pyrosetta.org
2026-03-27 13:57:14,988 [INFO] Running PyRosetta on 1uddA00_6 (5 conformers, 10000 MC steps, kT=0.6)
2026-03-27 13:57:14,989 [INFO] Running PyRosetta on 2vgmA01_1 (5 conformers, 10000 MC steps, kT=0.6)
2026-03-27 13:57:14,994 [INFO] Running PyRosetta on 1yb5A02_24 (5 conformers, 10000 MC steps, kT=0.6)
2026-03-27 13:57:14,994 [INFO] Running PyRosetta on 1vq8200_2 (5 conformers, 10000 MC steps, kT=0.6)
2026-03-27 13:57:15,024 [INFO] Running PyRosetta on 3stjA03_13 (5 conformers, 10000 MC steps, kT=0.6)
2026-03-27 13:57:15,496 [INFO] Found rosetta database at: /wynton/home/rotation/jqmo/.conda/envs/mcsce/lib/python3.7/site-packages/pyrosetta/database; using it....
2026-03-27 13:57:15,496 [INFO] Found rosetta database at: /wynton/home/rotation/jqmo/.conda/envs/mcsce/lib/python3.7/site-packages/pyrosetta/database; using it....
2026-03-27 13:57:15,497 [INFO] ┌──────────────────────────────────────────────────────────────────────────────┐
│                                 PyRosetta-4                                  │
│              Created in JHU by Sergey Lyskov and PyRosetta Team              │
│              (C) Copyright Rosetta Commons Member Institutions               │
│                                                                              │
│ NOTE: USE OF PyRosetta FOR COMMERCIAL PURPOSES REQUIRE PURCHASE OF A LICENSE │
│         See LICENSE.PyRosetta.md or email license@uw.edu for details         │
└──────────────────────────────────────────────────────────────────────────────┘
PyRosetta-4 2024 [Rosetta PyRosetta4.conda.linux.cxx11thread.serialization.CentOS.python37.Release 2024.39+release.59628fbc5bc09f1221e1642f1f8d157ce49b1410 2024-09-23T07:49:48] retrieved from: http://www.pyrosetta.org
2026-03-27 13:57:15,497 [INFO] ┌──────────────────────────────────────────────────────────────────────────────┐
│                                 PyRosetta-4                                  │
│              Created in JHU by Sergey Lyskov and PyRosetta Team              │
│              (C) Copyright Rosetta Commons Member Institutions               │
│                                                                              │
│ NOTE: USE OF PyRosetta FOR COMMERCIAL PURPOSES REQUIRE PURCHASE OF A LICENSE │
│         See LICENSE.PyRosetta.md or email license@uw.edu for details         │
└──────────────────────────────────────────────────────────────────────────────┘
PyRosetta-4 2024 [Rosetta PyRosetta4.conda.linux.cxx11thread.serialization.CentOS.python37.Release 2024.39+release.59628fbc5bc09f1221e1642f1f8d157ce49b1410 2024-09-23T07:49:48] retrieved from: http://www.pyrosetta.org
2026-03-27 13:57:15,533 [INFO] Running PyRosetta on 1m1jB03_0_reres (5 conformers, 10000 MC steps, kT=0.6)
2026-03-27 13:57:15,534 [INFO] Running PyRosetta on 5ayvA01_6 (5 conformers, 10000 MC steps, kT=0.6)
2026-03-27 13:57:16,002 [INFO] Found rosetta database at: /wynton/home/rotation/jqmo/.conda/envs/mcsce/lib/python3.7/site-packages/pyrosetta/database; using it....
2026-03-27 13:57:16,002 [INFO] Found rosetta database at: /wynton/home/rotation/jqmo/.conda/envs/mcsce/lib/python3.7/site-packages/pyrosetta/database; using it....
2026-03-27 13:57:16,003 [INFO] ┌──────────────────────────────────────────────────────────────────────────────┐
│                                 PyRosetta-4                                  │
│              Created in JHU by Sergey Lyskov and PyRosetta Team              │
│              (C) Copyright Rosetta Commons Member Institutions               │
│                                                                              │
│ NOTE: USE OF PyRosetta FOR COMMERCIAL PURPOSES REQUIRE PURCHASE OF A LICENSE │
│         See LICENSE.PyRosetta.md or email license@uw.edu for details         │
└──────────────────────────────────────────────────────────────────────────────┘
PyRosetta-4 2024 [Rosetta PyRosetta4.conda.linux.cxx11thread.serialization.CentOS.python37.Release 2024.39+release.59628fbc5bc09f1221e1642f1f8d157ce49b1410 2024-09-23T07:49:48] retrieved from: http://www.pyrosetta.org
2026-03-27 13:57:16,004 [INFO] ┌──────────────────────────────────────────────────────────────────────────────┐
│                                 PyRosetta-4                                  │
│              Created in JHU by Sergey Lyskov and PyRosetta Team              │
│              (C) Copyright Rosetta Commons Member Institutions               │
│                                                                              │
│ NOTE: USE OF PyRosetta FOR COMMERCIAL PURPOSES REQUIRE PURCHASE OF A LICENSE │
│         See LICENSE.PyRosetta.md or email license@uw.edu for details         │
└──────────────────────────────────────────────────────────────────────────────┘
PyRosetta-4 2024 [Rosetta PyRosetta4.conda.linux.cxx11thread.serialization.CentOS.python37.Release 2024.39+release.59628fbc5bc09f1221e1642f1f8d157ce49b1410 2024-09-23T07:49:48] retrieved from: http://www.pyrosetta.org
2026-03-27 13:57:16,044 [INFO] Running PyRosetta on 1ui5A00_30 (5 conformers, 10000 MC steps, kT=0.6)
2026-03-27 13:57:16,045 [INFO] Running PyRosetta on 1wtbA00_28 (5 conformers, 10000 MC steps, kT=0.6)
2026-03-27 13:57:17,765 [INFO]   Initial score: 457.3
2026-03-27 13:57:17,772 [INFO]   Initial score: 1044.6
2026-03-27 13:57:17,782 [INFO]   Initial score: 616.8
2026-03-27 13:57:17,804 [INFO]   Initial score: -116.1
2026-03-27 13:57:17,977 [INFO]   Initial score: 954.3
2026-03-27 13:57:18,036 [INFO]   Initial score: 635.5
2026-03-27 13:57:18,164 [INFO]   Initial score: 1647.4
2026-03-27 13:57:18,530 [INFO]   Initial score: 107.2
2026-03-27 13:57:18,571 [INFO]   Initial score: 279.2
2026-03-27 13:57:18,576 [INFO]   Initial score: -34.7
2026-03-27 13:57:18,846 [INFO]   Initial score: 5329.4
2026-03-27 13:57:18,862 [INFO]   Initial score: 45.3
2026-03-27 13:57:18,863 [INFO]   Initial score: -249.1
2026-03-27 13:57:18,992 [INFO]   Initial score: 425.5
2026-03-27 13:57:19,291 [INFO] Post-idealize score: 1084.3
2026-03-27 13:57:19,736 [INFO] Post-repack score: 135.3
2026-03-27 13:57:19,896 [INFO] Post-minimize (chi only): 90.1
2026-03-27 13:57:20,392 [INFO]   Initial score: -79.2
2026-03-27 13:57:20,411 [INFO]   Initial score: 295.7
2026-03-27 13:57:20,456 [INFO] Post-idealize score: 293.8
2026-03-27 13:57:20,629 [INFO]   Post-minimize (chi+bb): -72.6
2026-03-27 13:57:20,664 [INFO]   Initial score: 42.5
2026-03-27 13:57:20,851 [INFO]   Initial score: 1917.3
2026-03-27 13:57:20,953 [INFO] Post-repack score: 131.4
2026-03-27 13:57:20,968 [INFO]   Initial score: 436.6
2026-03-27 13:57:21,000 [INFO]   Initial score: 4013.8
2026-03-27 13:57:21,045 [INFO] Post-minimize (chi only): 131.3
2026-03-27 13:57:21,064 [INFO]   Initial score: 204.1
2026-03-27 13:57:21,086 [INFO]   Initial score: 141.0
2026-03-27 13:57:21,414 [INFO] Post-idealize score: 466.7
2026-03-27 13:57:21,608 [INFO] Post-idealize score: 438.3
2026-03-27 13:57:21,803 [INFO]   Initial score: 597.0
2026-03-27 13:57:21,885 [INFO] Post-repack score: 322.4
2026-03-27 13:57:21,949 [INFO]   Initial score: -93.9
2026-03-27 13:57:21,956 [INFO]   Initial score: 624.8
2026-03-27 13:57:21,983 [INFO] Post-idealize score: 474.8
2026-03-27 13:57:22,028 [INFO] Post-minimize (chi only): 302.6
2026-03-27 13:57:22,279 [INFO]   Post-minimize (chi+bb): -156.1
2026-03-27 13:57:22,416 [INFO] Post-repack score: 239.2
2026-03-27 13:57:22,452 [INFO] Post-repack score: -75.4
2026-03-27 13:57:22,575 [INFO] Post-minimize (chi only): -75.4
2026-03-27 13:57:22,576 [INFO] Post-minimize (chi only): 168.0
2026-03-27 13:57:23,004 [INFO]   Post-minimize (chi+bb): -52.0
2026-03-27 13:57:23,070 [INFO] Post-idealize score: 54.5
2026-03-27 13:57:23,362 [INFO] Post-idealize score: -71.9
2026-03-27 13:57:23,457 [INFO]   Post-minimize (chi+bb): -25.6
2026-03-27 13:57:23,710 [INFO]   Post-minimize (chi+bb): -180.0
2026-03-27 13:57:23,919 [INFO]   Initial score: 318.4
2026-03-27 13:57:23,962 [INFO]   Initial score: 601.8
2026-03-27 13:57:24,086 [INFO] Post-repack score: -132.0
2026-03-27 13:57:24,106 [INFO] Post-idealize score: 76.0
2026-03-27 13:57:24,234 [INFO] Post-repack score: -191.4
2026-03-27 13:57:24,376 [INFO] Post-minimize (chi only): -151.0
2026-03-27 13:57:24,679 [INFO] Post-minimize (chi only): -231.0
2026-03-27 13:57:24,859 [INFO] Post-repack score: -143.1
2026-03-27 13:57:25,142 [INFO] Post-minimize (chi only): -188.6
2026-03-27 13:57:26,094 [INFO]   Post-minimize (chi+bb): -241.2
/var/spool/sge/wynton/qb3-id47/job_scripts/3311233: line 27: 2098127 Segmentation fault      (core dumped) python scripts/run_backrub.py --pdb_list "$PDB_LIST" --task_id "$SGE_TASK_ID" --outdir "$OUTDIR" --nconfs "$NCONFS" --nsteps "$NSTEPS" --kT "$KT" --mode pyrosetta
/var/spool/sge/wynton/qb3-atgpu1/job_scripts/3311233: line 27: 1053551 Segmentation fault      (core dumped) python scripts/run_backrub.py --pdb_list "$PDB_LIST" --task_id "$SGE_TASK_ID" --outdir "$OUTDIR" --nconfs "$NCONFS" --nsteps "$NSTEPS" --kT "$KT" --mode pyrosetta
2026-03-27 13:57:26,543 [INFO] Found rosetta database at: /wynton/home/rotation/jqmo/.conda/envs/mcsce/lib/python3.7/site-packages/pyrosetta/database; using it....
2026-03-27 13:57:26,544 [INFO] ┌──────────────────────────────────────────────────────────────────────────────┐
│                                 PyRosetta-4                                  │
│              Created in JHU by Sergey Lyskov and PyRosetta Team              │
│              (C) Copyright Rosetta Commons Member Institutions               │
│                                                                              │
│ NOTE: USE OF PyRosetta FOR COMMERCIAL PURPOSES REQUIRE PURCHASE OF A LICENSE │
│         See LICENSE.PyRosetta.md or email license@uw.edu for details         │
└──────────────────────────────────────────────────────────────────────────────┘
PyRosetta-4 2024 [Rosetta PyRosetta4.conda.linux.cxx11thread.serialization.CentOS.python37.Release 2024.39+release.59628fbc5bc09f1221e1642f1f8d157ce49b1410 2024-09-23T07:49:48] retrieved from: http://www.pyrosetta.org
2026-03-27 13:57:26,583 [INFO] Running PyRosetta on 2f76X00_3_reres (5 conformers, 10000 MC steps, kT=0.6)
2026-03-27 13:57:26,656 [INFO]   Post-minimize (chi+bb): -292.0
2026-03-27 13:57:27,094 [INFO]   Post-minimize (chi+bb): -336.1
2026-03-27 13:57:27,296 [INFO] Found rosetta database at: /wynton/home/rotation/jqmo/.conda/envs/mcsce/lib/python3.7/site-packages/pyrosetta/database; using it....
2026-03-27 13:57:27,297 [INFO] ┌──────────────────────────────────────────────────────────────────────────────┐
│                                 PyRosetta-4                                  │
│              Created in JHU by Sergey Lyskov and PyRosetta Team              │
│              (C) Copyright Rosetta Commons Member Institutions               │
│                                                                              │
│ NOTE: USE OF PyRosetta FOR COMMERCIAL PURPOSES REQUIRE PURCHASE OF A LICENSE │
│         See LICENSE.PyRosetta.md or email license@uw.edu for details         │
└──────────────────────────────────────────────────────────────────────────────┘
PyRosetta-4 2024 [Rosetta PyRosetta4.conda.linux.cxx11thread.serialization.CentOS.python37.Release 2024.39+release.59628fbc5bc09f1221e1642f1f8d157ce49b1410 2024-09-23T07:49:48] retrieved from: http://www.pyrosetta.org
2026-03-27 13:57:27,327 [INFO] Running PyRosetta on 4bszB00_23 (5 conformers, 10000 MC steps, kT=0.6)
2026-03-27 13:57:27,739 [INFO] Found rosetta database at: /wynton/home/rotation/jqmo/.conda/envs/mcsce/lib/python3.7/site-packages/pyrosetta/database; using it....
2026-03-27 13:57:27,740 [INFO] ┌──────────────────────────────────────────────────────────────────────────────┐
│                                 PyRosetta-4                                  │
│              Created in JHU by Sergey Lyskov and PyRosetta Team              │
│              (C) Copyright Rosetta Commons Member Institutions               │
│                                                                              │
│ NOTE: USE OF PyRosetta FOR COMMERCIAL PURPOSES REQUIRE PURCHASE OF A LICENSE │
│         See LICENSE.PyRosetta.md or email license@uw.edu for details         │
└──────────────────────────────────────────────────────────────────────────────┘
PyRosetta-4 2024 [Rosetta PyRosetta4.conda.linux.cxx11thread.serialization.CentOS.python37.Release 2024.39+release.59628fbc5bc09f1221e1642f1f8d157ce49b1410 2024-09-23T07:49:48] retrieved from: http://www.pyrosetta.org
2026-03-27 13:57:27,776 [INFO] Running PyRosetta on 4yn3B00_6 (5 conformers, 10000 MC steps, kT=0.6)
/var/spool/sge/wynton/qb3-as11/job_scripts/3311233: line 27: 746073 Segmentation fault      (core dumped) python scripts/run_backrub.py --pdb_list "$PDB_LIST" --task_id "$SGE_TASK_ID" --outdir "$OUTDIR" --nconfs "$NCONFS" --nsteps "$NSTEPS" --kT "$KT" --mode pyrosetta
/var/spool/sge/wynton/qb3-id302/job_scripts/3311233: line 27: 1092970 Segmentation fault      (core dumped) python scripts/run_backrub.py --pdb_list "$PDB_LIST" --task_id "$SGE_TASK_ID" --outdir "$OUTDIR" --nconfs "$NCONFS" --nsteps "$NSTEPS" --kT "$KT" --mode pyrosetta
2026-03-27 13:57:28,218 [INFO] Post-idealize score: 327.3
2026-03-27 13:57:28,708 [INFO] Post-idealize score: 613.9
/var/spool/sge/wynton/qb3-id190/job_scripts/3311233: line 27: 1253681 Segmentation fault      (core dumped) python scripts/run_backrub.py --pdb_list "$PDB_LIST" --task_id "$SGE_TASK_ID" --outdir "$OUTDIR" --nconfs "$NCONFS" --nsteps "$NSTEPS" --kT "$KT" --mode pyrosetta
2026-03-27 13:57:28,989 [INFO] Post-repack score: 482.0
2026-03-27 13:57:29,118 [INFO] Post-minimize (chi only): 459.3
2026-03-27 13:57:29,583 [INFO] Post-repack score: 26.1
2026-03-27 13:57:30,409 [INFO] Post-minimize (chi only): -13.4
/var/spool/sge/wynton/qb3-id2/job_scripts/3311233: line 27: 176154 Segmentation fault      (core dumped) python scripts/run_backrub.py --pdb_list "$PDB_LIST" --task_id "$SGE_TASK_ID" --outdir "$OUTDIR" --nconfs "$NCONFS" --nsteps "$NSTEPS" --kT "$KT" --mode pyrosetta
2026-03-27 13:57:30,983 [INFO] Post-idealize score: 849.5
2026-03-27 13:57:31,163 [INFO] Post-idealize score: 1217.2
/var/spool/sge/wynton/qb3-id303/job_scripts/3311233: line 27: 2663956 Segmentation fault      (core dumped) python scripts/run_backrub.py --pdb_list "$PDB_LIST" --task_id "$SGE_TASK_ID" --outdir "$OUTDIR" --nconfs "$NCONFS" --nsteps "$NSTEPS" --kT "$KT" --mode pyrosetta
2026-03-27 13:57:31,431 [INFO] Post-idealize score: 1887.0
2026-03-27 13:57:31,458 [INFO] Post-idealize score: 5246.3
2026-03-27 13:57:31,627 [INFO]   Initial score: 1319.1
2026-03-27 13:57:31,798 [INFO]   Post-minimize (chi+bb): -127.7
/var/spool/sge/wynton/qb3-as19/job_scripts/3311233: line 27: 3939214 Segmentation fault      (core dumped) python scripts/run_backrub.py --pdb_list "$PDB_LIST" --task_id "$SGE_TASK_ID" --outdir "$OUTDIR" --nconfs "$NCONFS" --nsteps "$NSTEPS" --kT "$KT" --mode pyrosetta
2026-03-27 13:57:32,252 [INFO] Post-repack score: 81.8
2026-03-27 13:57:32,326 [INFO] Post-idealize score: 1287.1
2026-03-27 13:57:32,335 [INFO] Post-repack score: 1153.8
2026-03-27 13:57:32,577 [INFO] Post-repack score: 763.4
2026-03-27 13:57:32,616 [INFO] Post-minimize (chi only): 1041.5
2026-03-27 13:57:32,617 [INFO] Post-idealize score: 1972.0
2026-03-27 13:57:32,642 [INFO]   Post-minimize (chi+bb): -161.8
2026-03-27 13:57:32,707 [INFO] Post-idealize score: -53.3
2026-03-27 13:57:32,955 [INFO] Post-idealize score: 255.4
2026-03-27 13:57:33,099 [INFO] Post-repack score: -80.5
2026-03-27 13:57:33,499 [INFO] Post-repack score: 621.7
2026-03-27 13:57:33,626 [INFO]   Initial score: -0.7
2026-03-27 13:57:33,740 [INFO] Post-minimize (chi only): 157.3
2026-03-27 13:57:33,745 [INFO] Post-minimize (chi only): 7.5
2026-03-27 13:57:33,886 [INFO]   Initial score: 121.3
2026-03-27 13:57:34,035 [INFO] Post-minimize (chi only): -181.4
2026-03-27 13:57:34,247 [INFO] Post-repack score: -281.9
2026-03-27 13:57:34,267 [INFO] Post-minimize (chi only): 309.3
2026-03-27 13:57:34,408 [INFO] Post-repack score: 273.0
2026-03-27 13:57:34,668 [INFO] Post-repack score: -219.2
2026-03-27 13:57:34,940 [INFO] Post-minimize (chi only): -219.3
2026-03-27 13:57:35,064 [INFO] Post-minimize (chi only): -314.6
2026-03-27 13:57:35,903 [INFO] Post-minimize (chi only): 61.4
2026-03-27 13:57:35,984 [INFO] Post-idealize score: 1261.1
2026-03-27 13:57:36,380 [INFO] Post-idealize score: 1840.6
2026-03-27 13:57:36,399 [INFO]   Post-minimize (chi+bb): 162.3
2026-03-27 13:57:36,685 [INFO] Post-repack score: 888.9
2026-03-27 13:57:36,942 [INFO] Post-minimize (chi only): 629.1
/var/spool/sge/wynton/qb3-as16/job_scripts/3311233: line 27: 1990093 Segmentation fault      (core dumped) python scripts/run_backrub.py --pdb_list "$PDB_LIST" --task_id "$SGE_TASK_ID" --outdir "$OUTDIR" --nconfs "$NCONFS" --nsteps "$NSTEPS" --kT "$KT" --mode pyrosetta
2026-03-27 13:57:37,089 [INFO] Post-repack score: 202.1
2026-03-27 13:57:37,429 [INFO] Post-idealize score: 2058.6
2026-03-27 13:57:37,782 [INFO] Post-minimize (chi only): 77.6
/var/spool/sge/wynton/qb3-id20/job_scripts/3311233: line 27: 1055599 Segmentation fault      (core dumped) python scripts/run_backrub.py --pdb_list "$PDB_LIST" --task_id "$SGE_TASK_ID" --outdir "$OUTDIR" --nconfs "$NCONFS" --nsteps "$NSTEPS" --kT "$KT" --mode pyrosetta
2026-03-27 13:57:39,139 [INFO] Post-repack score: -82.5
2026-03-27 13:57:39,223 [INFO]   Post-minimize (chi+bb): -103.0
2026-03-27 13:57:39,493 [INFO]   Post-minimize (chi+bb): -155.3
2026-03-27 13:57:40,127 [INFO]   Post-minimize (chi+bb): -429.0
2026-03-27 13:57:40,346 [INFO] Post-minimize (chi only): -171.4
2026-03-27 13:57:40,482 [INFO]   Post-minimize (chi+bb): -471.8
2026-03-27 13:57:40,525 [INFO]   Post-minimize (chi+bb): -450.1
2026-03-27 13:57:40,646 [INFO]   Post-minimize (chi+bb): -442.6
2026-03-27 13:57:40,747 [INFO]   Post-minimize (chi+bb): -247.6
2026-03-27 13:57:41,591 [INFO] Post-idealize score: 222.3
/var/spool/sge/wynton/qb3-as11/job_scripts/3311233: line 27: 746062 Segmentation fault      (core dumped) python scripts/run_backrub.py --pdb_list "$PDB_LIST" --task_id "$SGE_TASK_ID" --outdir "$OUTDIR" --nconfs "$NCONFS" --nsteps "$NSTEPS" --kT "$KT" --mode pyrosetta
2026-03-27 13:57:43,870 [INFO]   Post-minimize (chi+bb): -422.2
2026-03-27 13:57:43,901 [INFO] Post-repack score: -325.7
/var/spool/sge/wynton/qb3-id179/job_scripts/3311233: line 27: 2461601 Segmentation fault      (core dumped) python scripts/run_backrub.py --pdb_list "$PDB_LIST" --task_id "$SGE_TASK_ID" --outdir "$OUTDIR" --nconfs "$NCONFS" --nsteps "$NSTEPS" --kT "$KT" --mode pyrosetta
2026-03-27 13:57:44,774 [INFO]   Post-minimize (chi+bb): -255.7
2026-03-27 13:57:44,947 [INFO] Post-idealize score: 18.4
2026-03-27 13:57:44,979 [INFO] Post-minimize (chi only): -378.9
/var/spool/sge/wynton/qb3-id176/job_scripts/3311233: line 27: 3740280 Segmentation fault      (core dumped) python scripts/run_backrub.py --pdb_list "$PDB_LIST" --task_id "$SGE_TASK_ID" --outdir "$OUTDIR" --nconfs "$NCONFS" --nsteps "$NSTEPS" --kT "$KT" --mode pyrosetta
/var/spool/sge/wynton/qb3-as11/job_scripts/3311233: line 27: 746065 Segmentation fault      (core dumped) python scripts/run_backrub.py --pdb_list "$PDB_LIST" --task_id "$SGE_TASK_ID" --outdir "$OUTDIR" --nconfs "$NCONFS" --nsteps "$NSTEPS" --kT "$KT" --mode pyrosetta
/var/spool/sge/wynton/msg-id33/job_scripts/3311233: line 27: 474190 Segmentation fault      (core dumped) python scripts/run_backrub.py --pdb_list "$PDB_LIST" --task_id "$SGE_TASK_ID" --outdir "$OUTDIR" --nconfs "$NCONFS" --nsteps "$NSTEPS" --kT "$KT" --mode pyrosetta
/var/spool/sge/wynton/qb3-as16/job_scripts/3311233: line 27: 1990106 Segmentation fault      (core dumped) python scripts/run_backrub.py --pdb_list "$PDB_LIST" --task_id "$SGE_TASK_ID" --outdir "$OUTDIR" --nconfs "$NCONFS" --nsteps "$NSTEPS" --kT "$KT" --mode pyrosetta
2026-03-27 13:57:46,475 [INFO] Post-repack score: -244.2
2026-03-27 13:57:47,118 [INFO] Post-minimize (chi only): -285.2
/var/spool/sge/wynton/qb3-id156/job_scripts/3311233: line 27: 3441865 Segmentation fault      (core dumped) python scripts/run_backrub.py --pdb_list "$PDB_LIST" --task_id "$SGE_TASK_ID" --outdir "$OUTDIR" --nconfs "$NCONFS" --nsteps "$NSTEPS" --kT "$KT" --mode pyrosetta
/var/spool/sge/wynton/qb3-id289/job_scripts/3311233: line 27: 2186544 Segmentation fault      (core dumped) python scripts/run_backrub.py --pdb_list "$PDB_LIST" --task_id "$SGE_TASK_ID" --outdir "$OUTDIR" --nconfs "$NCONFS" --nsteps "$NSTEPS" --kT "$KT" --mode pyrosetta
/var/spool/sge/wynton/qb3-id156/job_scripts/3311233: line 27: 3441909 Segmentation fault      (core dumped) python scripts/run_backrub.py --pdb_list "$PDB_LIST" --task_id "$SGE_TASK_ID" --outdir "$OUTDIR" --nconfs "$NCONFS" --nsteps "$NSTEPS" --kT "$KT" --mode pyrosetta
/var/spool/sge/wynton/qb3-id176/job_scripts/3311233: line 27: 3740273 Segmentation fault      (core dumped) python scripts/run_backrub.py --pdb_list "$PDB_LIST" --task_id "$SGE_TASK_ID" --outdir "$OUTDIR" --nconfs "$NCONFS" --nsteps "$NSTEPS" --kT "$KT" --mode pyrosetta
2026-03-27 13:57:50,452 [INFO]   Post-minimize (chi+bb): -517.1
2026-03-27 13:57:51,937 [INFO]   Post-minimize (chi+bb): -393.3
2026-03-27 13:57:54,069 [INFO]   Post-minimize (chi+bb): -541.0
2026-03-27 13:57:54,950 [INFO] Post-idealize score: -29.2
/var/spool/sge/wynton/qb3-id168/job_scripts/3311233: line 27: 1600967 Segmentation fault      (core dumped) python scripts/run_backrub.py --pdb_list "$PDB_LIST" --task_id "$SGE_TASK_ID" --outdir "$OUTDIR" --nconfs "$NCONFS" --nsteps "$NSTEPS" --kT "$KT" --mode pyrosetta
2026-03-27 13:57:56,276 [INFO] Post-idealize score: -182.6
2026-03-27 13:57:57,099 [INFO] Post-repack score: -345.8
/var/spool/sge/wynton/qb3-id156/job_scripts/3311233: line 27: 3441922 Segmentation fault      (core dumped) python scripts/run_backrub.py --pdb_list "$PDB_LIST" --task_id "$SGE_TASK_ID" --outdir "$OUTDIR" --nconfs "$NCONFS" --nsteps "$NSTEPS" --kT "$KT" --mode pyrosetta
2026-03-27 13:57:58,149 [INFO] Post-minimize (chi only): -414.8
2026-03-27 13:57:59,265 [INFO] Post-repack score: -505.9
/var/spool/sge/wynton/qb3-as11/job_scripts/3311233: line 27: 746067 Segmentation fault      (core dumped) python scripts/run_backrub.py --pdb_list "$PDB_LIST" --task_id "$SGE_TASK_ID" --outdir "$OUTDIR" --nconfs "$NCONFS" --nsteps "$NSTEPS" --kT "$KT" --mode pyrosetta
2026-03-27 13:58:00,843 [INFO] Post-minimize (chi only): -572.2
2026-03-27 13:58:01,620 [INFO] Post-idealize score: 843.1
2026-03-27 13:58:04,962 [INFO] Post-repack score: 129.2
2026-03-27 13:58:07,305 [INFO] Post-minimize (chi only): 44.4
2026-03-27 13:58:09,042 [INFO]   Post-minimize (chi+bb): -652.0
2026-03-27 13:58:09,047 [INFO] Post-idealize score: 913.9
2026-03-27 13:58:10,761 [INFO] Post-repack score: 103.1
2026-03-27 13:58:10,817 [INFO]   Post-minimize (chi+bb): -781.4
2026-03-27 13:58:12,147 [INFO] Post-minimize (chi only): -96.4
/var/spool/sge/wynton/qb3-id254/job_scripts/3311233: line 27: 101362 Segmentation fault      (core dumped) python scripts/run_backrub.py --pdb_list "$PDB_LIST" --task_id "$SGE_TASK_ID" --outdir "$OUTDIR" --nconfs "$NCONFS" --nsteps "$NSTEPS" --kT "$KT" --mode pyrosetta
/var/spool/sge/wynton/qb3-atgpu1/job_scripts/3311233: line 27: 1053543 Segmentation fault      (core dumped) python scripts/run_backrub.py --pdb_list "$PDB_LIST" --task_id "$SGE_TASK_ID" --outdir "$OUTDIR" --nconfs "$NCONFS" --nsteps "$NSTEPS" --kT "$KT" --mode pyrosetta
2026-03-27 13:58:17,932 [INFO]   Post-minimize (chi+bb): -405.9
2026-03-27 13:58:22,870 [INFO]   Post-minimize (chi+bb): -575.2
/var/spool/sge/wynton/qb3-id20/job_scripts/3311233: line 27: 1055598 Segmentation fault      (core dumped) python scripts/run_backrub.py --pdb_list "$PDB_LIST" --task_id "$SGE_TASK_ID" --outdir "$OUTDIR" --nconfs "$NCONFS" --nsteps "$NSTEPS" --kT "$KT" --mode pyrosetta
2026-03-27 13:58:24,502 [INFO] Post-idealize score: 1572.5
2026-03-27 13:58:27,187 [INFO] Post-repack score: 459.8
/var/spool/sge/wynton/qb3-id194/job_scripts/3311233: line 27: 152538 Segmentation fault      (core dumped) python scripts/run_backrub.py --pdb_list "$PDB_LIST" --task_id "$SGE_TASK_ID" --outdir "$OUTDIR" --nconfs "$NCONFS" --nsteps "$NSTEPS" --kT "$KT" --mode pyrosetta
2026-03-27 13:58:28,761 [INFO] Post-minimize (chi only): 320.9
2026-03-27 13:58:39,889 [INFO] Post-idealize score: 5534.6
2026-03-27 13:58:42,756 [INFO] Post-repack score: 2508.4
2026-03-27 13:58:45,536 [INFO] Post-minimize (chi only): 993.3
2026-03-27 13:59:04,708 [INFO] Post-idealize score: 593.7
2026-03-27 13:59:10,094 [INFO] Post-repack score: -368.7
2026-03-27 13:59:12,594 [INFO] Post-minimize (chi only): -514.6
2026-03-27 13:59:35,618 [INFO]   Post-minimize (chi+bb): -889.4
/var/spool/sge/wynton/qb3-idgpu4/job_scripts/3311233: line 27: 3130793 Segmentation fault      (core dumped) python scripts/run_backrub.py --pdb_list "$PDB_LIST" --task_id "$SGE_TASK_ID" --outdir "$OUTDIR" --nconfs "$NCONFS" --nsteps "$NSTEPS" --kT "$KT" --mode pyrosetta
2026-03-27 14:00:37,827 [INFO]   Post-minimize (chi+bb): -904.3
/var/spool/sge/wynton/msg-id28/job_scripts/3311233: line 27: 1661583 Segmentation fault      (core dumped) python scripts/run_backrub.py --pdb_list "$PDB_LIST" --task_id "$SGE_TASK_ID" --outdir "$OUTDIR" --nconfs "$NCONFS" --nsteps "$NSTEPS" --kT "$KT" --mode pyrosetta
2026-03-27 14:01:21,376 [INFO]   Post-minimize (chi+bb): -625.5
/var/spool/sge/wynton/qb3-id134/job_scripts/3311233: line 27: 2204413 Segmentation fault      (core dumped) python scripts/run_backrub.py --pdb_list "$PDB_LIST" --task_id "$SGE_TASK_ID" --outdir "$OUTDIR" --nconfs "$NCONFS" --nsteps "$NSTEPS" --kT "$KT" --mode pyrosetta
