2026-03-25 17:53:06,323 [ERROR] task_id 40 out of range (1-30)
2026-03-25 17:53:06,323 [ERROR] task_id 31 out of range (1-30)
2026-03-25 17:53:06,335 [ERROR] task_id 39 out of range (1-30)
2026-03-25 17:53:06,356 [ERROR] task_id 49 out of range (1-30)
2026-03-25 17:53:06,405 [ERROR] task_id 32 out of range (1-30)
2026-03-25 17:53:06,413 [ERROR] task_id 36 out of range (1-30)
2026-03-25 17:53:06,423 [ERROR] task_id 44 out of range (1-30)
2026-03-25 17:53:06,456 [ERROR] task_id 45 out of range (1-30)
2026-03-25 17:53:06,478 [ERROR] task_id 41 out of range (1-30)
2026-03-25 17:53:06,535 [ERROR] task_id 34 out of range (1-30)
2026-03-25 17:53:06,537 [ERROR] task_id 43 out of range (1-30)
2026-03-25 17:53:06,549 [ERROR] task_id 37 out of range (1-30)
2026-03-25 17:53:06,556 [ERROR] task_id 42 out of range (1-30)
2026-03-25 17:53:06,567 [ERROR] task_id 46 out of range (1-30)
2026-03-25 17:53:06,569 [ERROR] task_id 33 out of range (1-30)
2026-03-25 17:53:06,569 [ERROR] task_id 35 out of range (1-30)
2026-03-25 17:53:06,572 [ERROR] task_id 48 out of range (1-30)
2026-03-25 17:53:06,600 [ERROR] task_id 38 out of range (1-30)
2026-03-25 17:53:06,623 [ERROR] task_id 47 out of range (1-30)
2026-03-25 17:53:06,637 [ERROR] task_id 50 out of range (1-30)
2026-03-25 17:53:09,260 [INFO] Found rosetta database at: /wynton/home/rotation/jqmo/.conda/envs/mcsce/lib/python3.7/site-packages/pyrosetta/database; using it....
2026-03-25 17:53:09,260 [INFO] Found rosetta database at: /wynton/home/rotation/jqmo/.conda/envs/mcsce/lib/python3.7/site-packages/pyrosetta/database; using it....
2026-03-25 17:53:09,261 [INFO] ┌──────────────────────────────────────────────────────────────────────────────┐
│                                 PyRosetta-4                                  │
│              Created in JHU by Sergey Lyskov and PyRosetta Team              │
│              (C) Copyright Rosetta Commons Member Institutions               │
│                                                                              │
│ NOTE: USE OF PyRosetta FOR COMMERCIAL PURPOSES REQUIRE PURCHASE OF A LICENSE │
│         See LICENSE.PyRosetta.md or email license@uw.edu for details         │
└──────────────────────────────────────────────────────────────────────────────┘
PyRosetta-4 2024 [Rosetta PyRosetta4.conda.linux.cxx11thread.serialization.CentOS.python37.Release 2024.39+release.59628fbc5bc09f1221e1642f1f8d157ce49b1410 2024-09-23T07:49:48] retrieved from: http://www.pyrosetta.org
2026-03-25 17:53:09,261 [INFO] ┌──────────────────────────────────────────────────────────────────────────────┐
│                                 PyRosetta-4                                  │
│              Created in JHU by Sergey Lyskov and PyRosetta Team              │
│              (C) Copyright Rosetta Commons Member Institutions               │
│                                                                              │
│ NOTE: USE OF PyRosetta FOR COMMERCIAL PURPOSES REQUIRE PURCHASE OF A LICENSE │
│         See LICENSE.PyRosetta.md or email license@uw.edu for details         │
└──────────────────────────────────────────────────────────────────────────────┘
PyRosetta-4 2024 [Rosetta PyRosetta4.conda.linux.cxx11thread.serialization.CentOS.python37.Release 2024.39+release.59628fbc5bc09f1221e1642f1f8d157ce49b1410 2024-09-23T07:49:48] retrieved from: http://www.pyrosetta.org
2026-03-25 17:53:09,362 [INFO] Running Backrub on 4yn3B00_6 (5 conformers, 10000 MC steps, kT=0.6)
2026-03-25 17:53:09,367 [INFO] Running Backrub on 2xotB01_2_reres (5 conformers, 10000 MC steps, kT=0.6)
2026-03-25 17:53:09,391 [INFO] Found rosetta database at: /wynton/home/rotation/jqmo/.conda/envs/mcsce/lib/python3.7/site-packages/pyrosetta/database; using it....
2026-03-25 17:53:09,392 [INFO] ┌──────────────────────────────────────────────────────────────────────────────┐
│                                 PyRosetta-4                                  │
│              Created in JHU by Sergey Lyskov and PyRosetta Team              │
│              (C) Copyright Rosetta Commons Member Institutions               │
│                                                                              │
│ NOTE: USE OF PyRosetta FOR COMMERCIAL PURPOSES REQUIRE PURCHASE OF A LICENSE │
│         See LICENSE.PyRosetta.md or email license@uw.edu for details         │
└──────────────────────────────────────────────────────────────────────────────┘
PyRosetta-4 2024 [Rosetta PyRosetta4.conda.linux.cxx11thread.serialization.CentOS.python37.Release 2024.39+release.59628fbc5bc09f1221e1642f1f8d157ce49b1410 2024-09-23T07:49:48] retrieved from: http://www.pyrosetta.org
2026-03-25 17:53:09,399 [INFO] Found rosetta database at: /wynton/home/rotation/jqmo/.conda/envs/mcsce/lib/python3.7/site-packages/pyrosetta/database; using it....
2026-03-25 17:53:09,400 [INFO] Found rosetta database at: /wynton/home/rotation/jqmo/.conda/envs/mcsce/lib/python3.7/site-packages/pyrosetta/database; using it....
2026-03-25 17:53:09,400 [INFO] ┌──────────────────────────────────────────────────────────────────────────────┐
│                                 PyRosetta-4                                  │
│              Created in JHU by Sergey Lyskov and PyRosetta Team              │
│              (C) Copyright Rosetta Commons Member Institutions               │
│                                                                              │
│ NOTE: USE OF PyRosetta FOR COMMERCIAL PURPOSES REQUIRE PURCHASE OF A LICENSE │
│         See LICENSE.PyRosetta.md or email license@uw.edu for details         │
└──────────────────────────────────────────────────────────────────────────────┘
PyRosetta-4 2024 [Rosetta PyRosetta4.conda.linux.cxx11thread.serialization.CentOS.python37.Release 2024.39+release.59628fbc5bc09f1221e1642f1f8d157ce49b1410 2024-09-23T07:49:48] retrieved from: http://www.pyrosetta.org
2026-03-25 17:53:09,401 [INFO] ┌──────────────────────────────────────────────────────────────────────────────┐
│                                 PyRosetta-4                                  │
│              Created in JHU by Sergey Lyskov and PyRosetta Team              │
│              (C) Copyright Rosetta Commons Member Institutions               │
│                                                                              │
│ NOTE: USE OF PyRosetta FOR COMMERCIAL PURPOSES REQUIRE PURCHASE OF A LICENSE │
│         See LICENSE.PyRosetta.md or email license@uw.edu for details         │
└──────────────────────────────────────────────────────────────────────────────┘
PyRosetta-4 2024 [Rosetta PyRosetta4.conda.linux.cxx11thread.serialization.CentOS.python37.Release 2024.39+release.59628fbc5bc09f1221e1642f1f8d157ce49b1410 2024-09-23T07:49:48] retrieved from: http://www.pyrosetta.org
2026-03-25 17:53:09,420 [INFO] Found rosetta database at: /wynton/home/rotation/jqmo/.conda/envs/mcsce/lib/python3.7/site-packages/pyrosetta/database; using it....
2026-03-25 17:53:09,421 [INFO] ┌──────────────────────────────────────────────────────────────────────────────┐
│                                 PyRosetta-4                                  │
│              Created in JHU by Sergey Lyskov and PyRosetta Team              │
│              (C) Copyright Rosetta Commons Member Institutions               │
│                                                                              │
│ NOTE: USE OF PyRosetta FOR COMMERCIAL PURPOSES REQUIRE PURCHASE OF A LICENSE │
│         See LICENSE.PyRosetta.md or email license@uw.edu for details         │
└──────────────────────────────────────────────────────────────────────────────┘
PyRosetta-4 2024 [Rosetta PyRosetta4.conda.linux.cxx11thread.serialization.CentOS.python37.Release 2024.39+release.59628fbc5bc09f1221e1642f1f8d157ce49b1410 2024-09-23T07:49:48] retrieved from: http://www.pyrosetta.org
2026-03-25 17:53:09,437 [INFO] Running Backrub on 3wx7A01_4 (5 conformers, 10000 MC steps, kT=0.6)
2026-03-25 17:53:09,441 [INFO] Running Backrub on 1vjqA00_26 (5 conformers, 10000 MC steps, kT=0.6)
2026-03-25 17:53:09,445 [INFO] Running Backrub on 4pmnA00_16 (5 conformers, 10000 MC steps, kT=0.6)
2026-03-25 17:53:09,450 [INFO] Running Backrub on 3mkrA00_3 (5 conformers, 10000 MC steps, kT=0.6)
2026-03-25 17:53:09,464 [INFO] Found rosetta database at: /wynton/home/rotation/jqmo/.conda/envs/mcsce/lib/python3.7/site-packages/pyrosetta/database; using it....
2026-03-25 17:53:09,464 [INFO] Found rosetta database at: /wynton/home/rotation/jqmo/.conda/envs/mcsce/lib/python3.7/site-packages/pyrosetta/database; using it....
2026-03-25 17:53:09,465 [INFO] ┌──────────────────────────────────────────────────────────────────────────────┐
│                                 PyRosetta-4                                  │
│              Created in JHU by Sergey Lyskov and PyRosetta Team              │
│              (C) Copyright Rosetta Commons Member Institutions               │
│                                                                              │
│ NOTE: USE OF PyRosetta FOR COMMERCIAL PURPOSES REQUIRE PURCHASE OF A LICENSE │
│         See LICENSE.PyRosetta.md or email license@uw.edu for details         │
└──────────────────────────────────────────────────────────────────────────────┘
PyRosetta-4 2024 [Rosetta PyRosetta4.conda.linux.cxx11thread.serialization.CentOS.python37.Release 2024.39+release.59628fbc5bc09f1221e1642f1f8d157ce49b1410 2024-09-23T07:49:48] retrieved from: http://www.pyrosetta.org
2026-03-25 17:53:09,465 [INFO] ┌──────────────────────────────────────────────────────────────────────────────┐
│                                 PyRosetta-4                                  │
│              Created in JHU by Sergey Lyskov and PyRosetta Team              │
│              (C) Copyright Rosetta Commons Member Institutions               │
│                                                                              │
│ NOTE: USE OF PyRosetta FOR COMMERCIAL PURPOSES REQUIRE PURCHASE OF A LICENSE │
│         See LICENSE.PyRosetta.md or email license@uw.edu for details         │
└──────────────────────────────────────────────────────────────────────────────┘
PyRosetta-4 2024 [Rosetta PyRosetta4.conda.linux.cxx11thread.serialization.CentOS.python37.Release 2024.39+release.59628fbc5bc09f1221e1642f1f8d157ce49b1410 2024-09-23T07:49:48] retrieved from: http://www.pyrosetta.org
2026-03-25 17:53:09,493 [INFO] Running Backrub on 2f76X00_3_reres (5 conformers, 10000 MC steps, kT=0.6)
2026-03-25 17:53:09,497 [INFO] Running Backrub on 2f5xA01_21 (5 conformers, 10000 MC steps, kT=0.6)
2026-03-25 17:53:09,667 [INFO] Found rosetta database at: /wynton/home/rotation/jqmo/.conda/envs/mcsce/lib/python3.7/site-packages/pyrosetta/database; using it....
2026-03-25 17:53:09,668 [INFO] ┌──────────────────────────────────────────────────────────────────────────────┐
│                                 PyRosetta-4                                  │
│              Created in JHU by Sergey Lyskov and PyRosetta Team              │
│              (C) Copyright Rosetta Commons Member Institutions               │
│                                                                              │
│ NOTE: USE OF PyRosetta FOR COMMERCIAL PURPOSES REQUIRE PURCHASE OF A LICENSE │
│         See LICENSE.PyRosetta.md or email license@uw.edu for details         │
└──────────────────────────────────────────────────────────────────────────────┘
PyRosetta-4 2024 [Rosetta PyRosetta4.conda.linux.cxx11thread.serialization.CentOS.python37.Release 2024.39+release.59628fbc5bc09f1221e1642f1f8d157ce49b1410 2024-09-23T07:49:48] retrieved from: http://www.pyrosetta.org
2026-03-25 17:53:09,669 [INFO] Found rosetta database at: /wynton/home/rotation/jqmo/.conda/envs/mcsce/lib/python3.7/site-packages/pyrosetta/database; using it....
2026-03-25 17:53:09,669 [INFO] Found rosetta database at: /wynton/home/rotation/jqmo/.conda/envs/mcsce/lib/python3.7/site-packages/pyrosetta/database; using it....
2026-03-25 17:53:09,669 [INFO] ┌──────────────────────────────────────────────────────────────────────────────┐
│                                 PyRosetta-4                                  │
│              Created in JHU by Sergey Lyskov and PyRosetta Team              │
│              (C) Copyright Rosetta Commons Member Institutions               │
│                                                                              │
│ NOTE: USE OF PyRosetta FOR COMMERCIAL PURPOSES REQUIRE PURCHASE OF A LICENSE │
│         See LICENSE.PyRosetta.md or email license@uw.edu for details         │
└──────────────────────────────────────────────────────────────────────────────┘
PyRosetta-4 2024 [Rosetta PyRosetta4.conda.linux.cxx11thread.serialization.CentOS.python37.Release 2024.39+release.59628fbc5bc09f1221e1642f1f8d157ce49b1410 2024-09-23T07:49:48] retrieved from: http://www.pyrosetta.org
2026-03-25 17:53:09,670 [INFO] ┌──────────────────────────────────────────────────────────────────────────────┐
│                                 PyRosetta-4                                  │
│              Created in JHU by Sergey Lyskov and PyRosetta Team              │
│              (C) Copyright Rosetta Commons Member Institutions               │
│                                                                              │
│ NOTE: USE OF PyRosetta FOR COMMERCIAL PURPOSES REQUIRE PURCHASE OF A LICENSE │
│         See LICENSE.PyRosetta.md or email license@uw.edu for details         │
└──────────────────────────────────────────────────────────────────────────────┘
PyRosetta-4 2024 [Rosetta PyRosetta4.conda.linux.cxx11thread.serialization.CentOS.python37.Release 2024.39+release.59628fbc5bc09f1221e1642f1f8d157ce49b1410 2024-09-23T07:49:48] retrieved from: http://www.pyrosetta.org
2026-03-25 17:53:09,671 [INFO] Found rosetta database at: /wynton/home/rotation/jqmo/.conda/envs/mcsce/lib/python3.7/site-packages/pyrosetta/database; using it....
2026-03-25 17:53:09,672 [INFO] ┌──────────────────────────────────────────────────────────────────────────────┐
│                                 PyRosetta-4                                  │
│              Created in JHU by Sergey Lyskov and PyRosetta Team              │
│              (C) Copyright Rosetta Commons Member Institutions               │
│                                                                              │
│ NOTE: USE OF PyRosetta FOR COMMERCIAL PURPOSES REQUIRE PURCHASE OF A LICENSE │
│         See LICENSE.PyRosetta.md or email license@uw.edu for details         │
└──────────────────────────────────────────────────────────────────────────────┘
PyRosetta-4 2024 [Rosetta PyRosetta4.conda.linux.cxx11thread.serialization.CentOS.python37.Release 2024.39+release.59628fbc5bc09f1221e1642f1f8d157ce49b1410 2024-09-23T07:49:48] retrieved from: http://www.pyrosetta.org
2026-03-25 17:53:09,694 [INFO] Running Backrub on 1vq8200_2 (5 conformers, 10000 MC steps, kT=0.6)
2026-03-25 17:53:09,697 [INFO] Running Backrub on 2vgmA01_1 (5 conformers, 10000 MC steps, kT=0.6)
2026-03-25 17:53:09,702 [INFO] Running Backrub on 3jzjA01_18 (5 conformers, 10000 MC steps, kT=0.6)
2026-03-25 17:53:09,705 [INFO] Running Backrub on 1uddA00_6 (5 conformers, 10000 MC steps, kT=0.6)
2026-03-25 17:53:09,798 [INFO] Found rosetta database at: /wynton/home/rotation/jqmo/.conda/envs/mcsce/lib/python3.7/site-packages/pyrosetta/database; using it....
2026-03-25 17:53:09,799 [INFO] ┌──────────────────────────────────────────────────────────────────────────────┐
│                                 PyRosetta-4                                  │
│              Created in JHU by Sergey Lyskov and PyRosetta Team              │
│              (C) Copyright Rosetta Commons Member Institutions               │
│                                                                              │
│ NOTE: USE OF PyRosetta FOR COMMERCIAL PURPOSES REQUIRE PURCHASE OF A LICENSE │
│         See LICENSE.PyRosetta.md or email license@uw.edu for details         │
└──────────────────────────────────────────────────────────────────────────────┘
PyRosetta-4 2024 [Rosetta PyRosetta4.conda.linux.cxx11thread.serialization.CentOS.python37.Release 2024.39+release.59628fbc5bc09f1221e1642f1f8d157ce49b1410 2024-09-23T07:49:48] retrieved from: http://www.pyrosetta.org
2026-03-25 17:53:09,824 [INFO] Running Backrub on 3uogA01_9 (5 conformers, 10000 MC steps, kT=0.6)
2026-03-25 17:53:09,858 [INFO] Found rosetta database at: /wynton/home/rotation/jqmo/.conda/envs/mcsce/lib/python3.7/site-packages/pyrosetta/database; using it....
2026-03-25 17:53:09,861 [INFO] ┌──────────────────────────────────────────────────────────────────────────────┐
│                                 PyRosetta-4                                  │
│              Created in JHU by Sergey Lyskov and PyRosetta Team              │
│              (C) Copyright Rosetta Commons Member Institutions               │
│                                                                              │
│ NOTE: USE OF PyRosetta FOR COMMERCIAL PURPOSES REQUIRE PURCHASE OF A LICENSE │
│         See LICENSE.PyRosetta.md or email license@uw.edu for details         │
└──────────────────────────────────────────────────────────────────────────────┘
PyRosetta-4 2024 [Rosetta PyRosetta4.conda.linux.cxx11thread.serialization.CentOS.python37.Release 2024.39+release.59628fbc5bc09f1221e1642f1f8d157ce49b1410 2024-09-23T07:49:48] retrieved from: http://www.pyrosetta.org
2026-03-25 17:53:09,891 [INFO] Running Backrub on 4ig1A00_19 (5 conformers, 10000 MC steps, kT=0.6)
2026-03-25 17:53:10,791 [INFO] Found rosetta database at: /wynton/home/rotation/jqmo/.conda/envs/mcsce/lib/python3.7/site-packages/pyrosetta/database; using it....
2026-03-25 17:53:10,791 [INFO] ┌──────────────────────────────────────────────────────────────────────────────┐
│                                 PyRosetta-4                                  │
│              Created in JHU by Sergey Lyskov and PyRosetta Team              │
│              (C) Copyright Rosetta Commons Member Institutions               │
│                                                                              │
│ NOTE: USE OF PyRosetta FOR COMMERCIAL PURPOSES REQUIRE PURCHASE OF A LICENSE │
│         See LICENSE.PyRosetta.md or email license@uw.edu for details         │
└──────────────────────────────────────────────────────────────────────────────┘
PyRosetta-4 2024 [Rosetta PyRosetta4.conda.linux.cxx11thread.serialization.CentOS.python37.Release 2024.39+release.59628fbc5bc09f1221e1642f1f8d157ce49b1410 2024-09-23T07:49:48] retrieved from: http://www.pyrosetta.org
2026-03-25 17:53:10,822 [INFO] Running Backrub on 1gcvA00_31 (5 conformers, 10000 MC steps, kT=0.6)
2026-03-25 17:53:10,846 [INFO] Found rosetta database at: /wynton/home/rotation/jqmo/.conda/envs/mcsce/lib/python3.7/site-packages/pyrosetta/database; using it....
2026-03-25 17:53:10,847 [INFO] ┌──────────────────────────────────────────────────────────────────────────────┐
│                                 PyRosetta-4                                  │
│              Created in JHU by Sergey Lyskov and PyRosetta Team              │
│              (C) Copyright Rosetta Commons Member Institutions               │
│                                                                              │
│ NOTE: USE OF PyRosetta FOR COMMERCIAL PURPOSES REQUIRE PURCHASE OF A LICENSE │
│         See LICENSE.PyRosetta.md or email license@uw.edu for details         │
└──────────────────────────────────────────────────────────────────────────────┘
PyRosetta-4 2024 [Rosetta PyRosetta4.conda.linux.cxx11thread.serialization.CentOS.python37.Release 2024.39+release.59628fbc5bc09f1221e1642f1f8d157ce49b1410 2024-09-23T07:49:48] retrieved from: http://www.pyrosetta.org
2026-03-25 17:53:10,892 [INFO] Running Backrub on 1wtbA00_28 (5 conformers, 10000 MC steps, kT=0.6)
2026-03-25 17:53:11,007 [INFO] Found rosetta database at: /wynton/home/rotation/jqmo/.conda/envs/mcsce/lib/python3.7/site-packages/pyrosetta/database; using it....
2026-03-25 17:53:11,009 [INFO] ┌──────────────────────────────────────────────────────────────────────────────┐
│                                 PyRosetta-4                                  │
│              Created in JHU by Sergey Lyskov and PyRosetta Team              │
│              (C) Copyright Rosetta Commons Member Institutions               │
│                                                                              │
│ NOTE: USE OF PyRosetta FOR COMMERCIAL PURPOSES REQUIRE PURCHASE OF A LICENSE │
│         See LICENSE.PyRosetta.md or email license@uw.edu for details         │
└──────────────────────────────────────────────────────────────────────────────┘
PyRosetta-4 2024 [Rosetta PyRosetta4.conda.linux.cxx11thread.serialization.CentOS.python37.Release 2024.39+release.59628fbc5bc09f1221e1642f1f8d157ce49b1410 2024-09-23T07:49:48] retrieved from: http://www.pyrosetta.org
2026-03-25 17:53:11,109 [INFO] Found rosetta database at: /wynton/home/rotation/jqmo/.conda/envs/mcsce/lib/python3.7/site-packages/pyrosetta/database; using it....
2026-03-25 17:53:11,110 [INFO] ┌──────────────────────────────────────────────────────────────────────────────┐
│                                 PyRosetta-4                                  │
│              Created in JHU by Sergey Lyskov and PyRosetta Team              │
│              (C) Copyright Rosetta Commons Member Institutions               │
│                                                                              │
│ NOTE: USE OF PyRosetta FOR COMMERCIAL PURPOSES REQUIRE PURCHASE OF A LICENSE │
│         See LICENSE.PyRosetta.md or email license@uw.edu for details         │
└──────────────────────────────────────────────────────────────────────────────┘
PyRosetta-4 2024 [Rosetta PyRosetta4.conda.linux.cxx11thread.serialization.CentOS.python37.Release 2024.39+release.59628fbc5bc09f1221e1642f1f8d157ce49b1410 2024-09-23T07:49:48] retrieved from: http://www.pyrosetta.org
2026-03-25 17:53:11,151 [INFO] Found rosetta database at: /wynton/home/rotation/jqmo/.conda/envs/mcsce/lib/python3.7/site-packages/pyrosetta/database; using it....
2026-03-25 17:53:11,153 [INFO] ┌──────────────────────────────────────────────────────────────────────────────┐
│                                 PyRosetta-4                                  │
│              Created in JHU by Sergey Lyskov and PyRosetta Team              │
│              (C) Copyright Rosetta Commons Member Institutions               │
│                                                                              │
│ NOTE: USE OF PyRosetta FOR COMMERCIAL PURPOSES REQUIRE PURCHASE OF A LICENSE │
│         See LICENSE.PyRosetta.md or email license@uw.edu for details         │
└──────────────────────────────────────────────────────────────────────────────┘
PyRosetta-4 2024 [Rosetta PyRosetta4.conda.linux.cxx11thread.serialization.CentOS.python37.Release 2024.39+release.59628fbc5bc09f1221e1642f1f8d157ce49b1410 2024-09-23T07:49:48] retrieved from: http://www.pyrosetta.org
2026-03-25 17:53:11,167 [INFO] Found rosetta database at: /wynton/home/rotation/jqmo/.conda/envs/mcsce/lib/python3.7/site-packages/pyrosetta/database; using it....
2026-03-25 17:53:11,169 [INFO] ┌──────────────────────────────────────────────────────────────────────────────┐
│                                 PyRosetta-4                                  │
│              Created in JHU by Sergey Lyskov and PyRosetta Team              │
│              (C) Copyright Rosetta Commons Member Institutions               │
│                                                                              │
│ NOTE: USE OF PyRosetta FOR COMMERCIAL PURPOSES REQUIRE PURCHASE OF A LICENSE │
│         See LICENSE.PyRosetta.md or email license@uw.edu for details         │
└──────────────────────────────────────────────────────────────────────────────┘
PyRosetta-4 2024 [Rosetta PyRosetta4.conda.linux.cxx11thread.serialization.CentOS.python37.Release 2024.39+release.59628fbc5bc09f1221e1642f1f8d157ce49b1410 2024-09-23T07:49:48] retrieved from: http://www.pyrosetta.org
2026-03-25 17:53:11,178 [INFO] Found rosetta database at: /wynton/home/rotation/jqmo/.conda/envs/mcsce/lib/python3.7/site-packages/pyrosetta/database; using it....
2026-03-25 17:53:11,178 [INFO] ┌──────────────────────────────────────────────────────────────────────────────┐
│                                 PyRosetta-4                                  │
│              Created in JHU by Sergey Lyskov and PyRosetta Team              │
│              (C) Copyright Rosetta Commons Member Institutions               │
│                                                                              │
│ NOTE: USE OF PyRosetta FOR COMMERCIAL PURPOSES REQUIRE PURCHASE OF A LICENSE │
│         See LICENSE.PyRosetta.md or email license@uw.edu for details         │
└──────────────────────────────────────────────────────────────────────────────┘
PyRosetta-4 2024 [Rosetta PyRosetta4.conda.linux.cxx11thread.serialization.CentOS.python37.Release 2024.39+release.59628fbc5bc09f1221e1642f1f8d157ce49b1410 2024-09-23T07:49:48] retrieved from: http://www.pyrosetta.org
2026-03-25 17:53:11,185 [INFO] Found rosetta database at: /wynton/home/rotation/jqmo/.conda/envs/mcsce/lib/python3.7/site-packages/pyrosetta/database; using it....
2026-03-25 17:53:11,186 [INFO] ┌──────────────────────────────────────────────────────────────────────────────┐
│                                 PyRosetta-4                                  │
│              Created in JHU by Sergey Lyskov and PyRosetta Team              │
│              (C) Copyright Rosetta Commons Member Institutions               │
│                                                                              │
│ NOTE: USE OF PyRosetta FOR COMMERCIAL PURPOSES REQUIRE PURCHASE OF A LICENSE │
│         See LICENSE.PyRosetta.md or email license@uw.edu for details         │
└──────────────────────────────────────────────────────────────────────────────┘
PyRosetta-4 2024 [Rosetta PyRosetta4.conda.linux.cxx11thread.serialization.CentOS.python37.Release 2024.39+release.59628fbc5bc09f1221e1642f1f8d157ce49b1410 2024-09-23T07:49:48] retrieved from: http://www.pyrosetta.org
2026-03-25 17:53:11,186 [INFO] Found rosetta database at: /wynton/home/rotation/jqmo/.conda/envs/mcsce/lib/python3.7/site-packages/pyrosetta/database; using it....
2026-03-25 17:53:11,187 [INFO] ┌──────────────────────────────────────────────────────────────────────────────┐
│                                 PyRosetta-4                                  │
│              Created in JHU by Sergey Lyskov and PyRosetta Team              │
│              (C) Copyright Rosetta Commons Member Institutions               │
│                                                                              │
│ NOTE: USE OF PyRosetta FOR COMMERCIAL PURPOSES REQUIRE PURCHASE OF A LICENSE │
│         See LICENSE.PyRosetta.md or email license@uw.edu for details         │
└──────────────────────────────────────────────────────────────────────────────┘
PyRosetta-4 2024 [Rosetta PyRosetta4.conda.linux.cxx11thread.serialization.CentOS.python37.Release 2024.39+release.59628fbc5bc09f1221e1642f1f8d157ce49b1410 2024-09-23T07:49:48] retrieved from: http://www.pyrosetta.org
2026-03-25 17:53:11,197 [INFO] Found rosetta database at: /wynton/home/rotation/jqmo/.conda/envs/mcsce/lib/python3.7/site-packages/pyrosetta/database; using it....
2026-03-25 17:53:11,198 [INFO] ┌──────────────────────────────────────────────────────────────────────────────┐
│                                 PyRosetta-4                                  │
│              Created in JHU by Sergey Lyskov and PyRosetta Team              │
│              (C) Copyright Rosetta Commons Member Institutions               │
│                                                                              │
│ NOTE: USE OF PyRosetta FOR COMMERCIAL PURPOSES REQUIRE PURCHASE OF A LICENSE │
│         See LICENSE.PyRosetta.md or email license@uw.edu for details         │
└──────────────────────────────────────────────────────────────────────────────┘
PyRosetta-4 2024 [Rosetta PyRosetta4.conda.linux.cxx11thread.serialization.CentOS.python37.Release 2024.39+release.59628fbc5bc09f1221e1642f1f8d157ce49b1410 2024-09-23T07:49:48] retrieved from: http://www.pyrosetta.org
2026-03-25 17:53:11,315 [INFO] Running Backrub on 3ossC00_7 (5 conformers, 10000 MC steps, kT=0.6)
2026-03-25 17:53:11,318 [INFO] Running Backrub on 3s3lA01_4 (5 conformers, 10000 MC steps, kT=0.6)
2026-03-25 17:53:11,322 [INFO] Running Backrub on 3uk2A02_1 (5 conformers, 10000 MC steps, kT=0.6)
2026-03-25 17:53:11,329 [INFO] Running Backrub on 4b79B00_15_reres (5 conformers, 10000 MC steps, kT=0.6)
2026-03-25 17:53:11,331 [INFO] Running Backrub on 1m1jB03_0_reres (5 conformers, 10000 MC steps, kT=0.6)
2026-03-25 17:53:11,333 [INFO] Running Backrub on 1ui5A00_30 (5 conformers, 10000 MC steps, kT=0.6)
2026-03-25 17:53:11,337 [INFO] Running Backrub on 3buxB01_22_reres (5 conformers, 10000 MC steps, kT=0.6)
2026-03-25 17:53:11,341 [INFO] Running Backrub on 4bszB00_23 (5 conformers, 10000 MC steps, kT=0.6)
2026-03-25 17:53:11,406 [INFO] Found rosetta database at: /wynton/home/rotation/jqmo/.conda/envs/mcsce/lib/python3.7/site-packages/pyrosetta/database; using it....
2026-03-25 17:53:11,407 [INFO] ┌──────────────────────────────────────────────────────────────────────────────┐
│                                 PyRosetta-4                                  │
│              Created in JHU by Sergey Lyskov and PyRosetta Team              │
│              (C) Copyright Rosetta Commons Member Institutions               │
│                                                                              │
│ NOTE: USE OF PyRosetta FOR COMMERCIAL PURPOSES REQUIRE PURCHASE OF A LICENSE │
│         See LICENSE.PyRosetta.md or email license@uw.edu for details         │
└──────────────────────────────────────────────────────────────────────────────┘
PyRosetta-4 2024 [Rosetta PyRosetta4.conda.linux.cxx11thread.serialization.CentOS.python37.Release 2024.39+release.59628fbc5bc09f1221e1642f1f8d157ce49b1410 2024-09-23T07:49:48] retrieved from: http://www.pyrosetta.org
2026-03-25 17:53:11,442 [INFO] Running Backrub on 5ayvA01_6 (5 conformers, 10000 MC steps, kT=0.6)
2026-03-25 17:53:11,714 [INFO] Found rosetta database at: /wynton/home/rotation/jqmo/.conda/envs/mcsce/lib/python3.7/site-packages/pyrosetta/database; using it....
2026-03-25 17:53:11,715 [INFO] ┌──────────────────────────────────────────────────────────────────────────────┐
│                                 PyRosetta-4                                  │
│              Created in JHU by Sergey Lyskov and PyRosetta Team              │
│              (C) Copyright Rosetta Commons Member Institutions               │
│                                                                              │
│ NOTE: USE OF PyRosetta FOR COMMERCIAL PURPOSES REQUIRE PURCHASE OF A LICENSE │
│         See LICENSE.PyRosetta.md or email license@uw.edu for details         │
└──────────────────────────────────────────────────────────────────────────────┘
PyRosetta-4 2024 [Rosetta PyRosetta4.conda.linux.cxx11thread.serialization.CentOS.python37.Release 2024.39+release.59628fbc5bc09f1221e1642f1f8d157ce49b1410 2024-09-23T07:49:48] retrieved from: http://www.pyrosetta.org
2026-03-25 17:53:11,750 [INFO] Running Backrub on 2vqeN00_6 (5 conformers, 10000 MC steps, kT=0.6)
2026-03-25 17:53:11,877 [INFO] Found rosetta database at: /wynton/home/rotation/jqmo/.conda/envs/mcsce/lib/python3.7/site-packages/pyrosetta/database; using it....
2026-03-25 17:53:11,878 [INFO] ┌──────────────────────────────────────────────────────────────────────────────┐
│                                 PyRosetta-4                                  │
│              Created in JHU by Sergey Lyskov and PyRosetta Team              │
│              (C) Copyright Rosetta Commons Member Institutions               │
│                                                                              │
│ NOTE: USE OF PyRosetta FOR COMMERCIAL PURPOSES REQUIRE PURCHASE OF A LICENSE │
│         See LICENSE.PyRosetta.md or email license@uw.edu for details         │
└──────────────────────────────────────────────────────────────────────────────┘
PyRosetta-4 2024 [Rosetta PyRosetta4.conda.linux.cxx11thread.serialization.CentOS.python37.Release 2024.39+release.59628fbc5bc09f1221e1642f1f8d157ce49b1410 2024-09-23T07:49:48] retrieved from: http://www.pyrosetta.org
2026-03-25 17:53:11,921 [INFO] Running Backrub on 1kj6A00_4 (5 conformers, 10000 MC steps, kT=0.6)
2026-03-25 17:53:12,211 [INFO] Found rosetta database at: /wynton/home/rotation/jqmo/.conda/envs/mcsce/lib/python3.7/site-packages/pyrosetta/database; using it....
2026-03-25 17:53:12,212 [INFO] ┌──────────────────────────────────────────────────────────────────────────────┐
│                                 PyRosetta-4                                  │
│              Created in JHU by Sergey Lyskov and PyRosetta Team              │
│              (C) Copyright Rosetta Commons Member Institutions               │
│                                                                              │
│ NOTE: USE OF PyRosetta FOR COMMERCIAL PURPOSES REQUIRE PURCHASE OF A LICENSE │
│         See LICENSE.PyRosetta.md or email license@uw.edu for details         │
└──────────────────────────────────────────────────────────────────────────────┘
PyRosetta-4 2024 [Rosetta PyRosetta4.conda.linux.cxx11thread.serialization.CentOS.python37.Release 2024.39+release.59628fbc5bc09f1221e1642f1f8d157ce49b1410 2024-09-23T07:49:48] retrieved from: http://www.pyrosetta.org
2026-03-25 17:53:12,271 [INFO] Running Backrub on 3sreA00_30 (5 conformers, 10000 MC steps, kT=0.6)
Traceback (most recent call last):
  File "scripts/run_backrub.py", line 196, in <module>
    main()
  File "scripts/run_backrub.py", line 188, in main
    args.max_angle, args.seed)
  File "scripts/run_backrub.py", line 87, in run_backrub
    backrub.add_mainchain_segments()
TypeError: add_mainchain_segments(): incompatible function arguments. The following argument types are supported:
    1. (self: pyrosetta.rosetta.protocols.backrub.BackrubMover, atomids: pyrosetta.rosetta.utility.vector1_core_id_AtomID, min_atoms: int, max_atoms: int) -> int
    2. (self: pyrosetta.rosetta.protocols.backrub.BackrubMover, resnums: pyrosetta.rosetta.utility.vector1_unsigned_long, atomnames: pyrosetta.rosetta.utility.vector1_std_string, min_atoms: int, max_atoms: int) -> int
    3. (self: pyrosetta.rosetta.protocols.backrub.BackrubMover, pose: pyrosetta.rosetta.core.pose.Pose) -> int

Invoked with: <pyrosetta.rosetta.protocols.backrub.BackrubMover object at 0x1543104a35b0>
Traceback (most recent call last):
  File "scripts/run_backrub.py", line 196, in <module>
    main()
  File "scripts/run_backrub.py", line 188, in main
    args.max_angle, args.seed)
  File "scripts/run_backrub.py", line 87, in run_backrub
    backrub.add_mainchain_segments()
TypeError: add_mainchain_segments(): incompatible function arguments. The following argument types are supported:
    1. (self: pyrosetta.rosetta.protocols.backrub.BackrubMover, atomids: pyrosetta.rosetta.utility.vector1_core_id_AtomID, min_atoms: int, max_atoms: int) -> int
    2. (self: pyrosetta.rosetta.protocols.backrub.BackrubMover, resnums: pyrosetta.rosetta.utility.vector1_unsigned_long, atomnames: pyrosetta.rosetta.utility.vector1_std_string, min_atoms: int, max_atoms: int) -> int
    3. (self: pyrosetta.rosetta.protocols.backrub.BackrubMover, pose: pyrosetta.rosetta.core.pose.Pose) -> int

Invoked with: <pyrosetta.rosetta.protocols.backrub.BackrubMover object at 0x1514ebb75170>
Traceback (most recent call last):
  File "scripts/run_backrub.py", line 196, in <module>
    main()
  File "scripts/run_backrub.py", line 188, in main
    args.max_angle, args.seed)
  File "scripts/run_backrub.py", line 87, in run_backrub
    backrub.add_mainchain_segments()
TypeError: add_mainchain_segments(): incompatible function arguments. The following argument types are supported:
    1. (self: pyrosetta.rosetta.protocols.backrub.BackrubMover, atomids: pyrosetta.rosetta.utility.vector1_core_id_AtomID, min_atoms: int, max_atoms: int) -> int
    2. (self: pyrosetta.rosetta.protocols.backrub.BackrubMover, resnums: pyrosetta.rosetta.utility.vector1_unsigned_long, atomnames: pyrosetta.rosetta.utility.vector1_std_string, min_atoms: int, max_atoms: int) -> int
    3. (self: pyrosetta.rosetta.protocols.backrub.BackrubMover, pose: pyrosetta.rosetta.core.pose.Pose) -> int

Invoked with: <pyrosetta.rosetta.protocols.backrub.BackrubMover object at 0x14ccc93be5b0>
Traceback (most recent call last):
  File "scripts/run_backrub.py", line 196, in <module>
    main()
  File "scripts/run_backrub.py", line 188, in main
    args.max_angle, args.seed)
  File "scripts/run_backrub.py", line 87, in run_backrub
    backrub.add_mainchain_segments()
TypeError: add_mainchain_segments(): incompatible function arguments. The following argument types are supported:
    1. (self: pyrosetta.rosetta.protocols.backrub.BackrubMover, atomids: pyrosetta.rosetta.utility.vector1_core_id_AtomID, min_atoms: int, max_atoms: int) -> int
    2. (self: pyrosetta.rosetta.protocols.backrub.BackrubMover, resnums: pyrosetta.rosetta.utility.vector1_unsigned_long, atomnames: pyrosetta.rosetta.utility.vector1_std_string, min_atoms: int, max_atoms: int) -> int
    3. (self: pyrosetta.rosetta.protocols.backrub.BackrubMover, pose: pyrosetta.rosetta.core.pose.Pose) -> int

Invoked with: <pyrosetta.rosetta.protocols.backrub.BackrubMover object at 0x150b3e642070>
Traceback (most recent call last):
  File "scripts/run_backrub.py", line 196, in <module>
    main()
  File "scripts/run_backrub.py", line 188, in main
    args.max_angle, args.seed)
  File "scripts/run_backrub.py", line 87, in run_backrub
    backrub.add_mainchain_segments()
TypeError: add_mainchain_segments(): incompatible function arguments. The following argument types are supported:
    1. (self: pyrosetta.rosetta.protocols.backrub.BackrubMover, atomids: pyrosetta.rosetta.utility.vector1_core_id_AtomID, min_atoms: int, max_atoms: int) -> int
    2. (self: pyrosetta.rosetta.protocols.backrub.BackrubMover, resnums: pyrosetta.rosetta.utility.vector1_unsigned_long, atomnames: pyrosetta.rosetta.utility.vector1_std_string, min_atoms: int, max_atoms: int) -> int
    3. (self: pyrosetta.rosetta.protocols.backrub.BackrubMover, pose: pyrosetta.rosetta.core.pose.Pose) -> int

Invoked with: <pyrosetta.rosetta.protocols.backrub.BackrubMover object at 0x149af352e5f0>
Traceback (most recent call last):
  File "scripts/run_backrub.py", line 196, in <module>
    main()
  File "scripts/run_backrub.py", line 188, in main
    args.max_angle, args.seed)
  File "scripts/run_backrub.py", line 87, in run_backrub
    backrub.add_mainchain_segments()
TypeError: add_mainchain_segments(): incompatible function arguments. The following argument types are supported:
    1. (self: pyrosetta.rosetta.protocols.backrub.BackrubMover, atomids: pyrosetta.rosetta.utility.vector1_core_id_AtomID, min_atoms: int, max_atoms: int) -> int
    2. (self: pyrosetta.rosetta.protocols.backrub.BackrubMover, resnums: pyrosetta.rosetta.utility.vector1_unsigned_long, atomnames: pyrosetta.rosetta.utility.vector1_std_string, min_atoms: int, max_atoms: int) -> int
    3. (self: pyrosetta.rosetta.protocols.backrub.BackrubMover, pose: pyrosetta.rosetta.core.pose.Pose) -> int

Invoked with: <pyrosetta.rosetta.protocols.backrub.BackrubMover object at 0x155195315570>
Traceback (most recent call last):
  File "scripts/run_backrub.py", line 196, in <module>
    main()
  File "scripts/run_backrub.py", line 188, in main
    args.max_angle, args.seed)
  File "scripts/run_backrub.py", line 87, in run_backrub
    backrub.add_mainchain_segments()
TypeError: add_mainchain_segments(): incompatible function arguments. The following argument types are supported:
    1. (self: pyrosetta.rosetta.protocols.backrub.BackrubMover, atomids: pyrosetta.rosetta.utility.vector1_core_id_AtomID, min_atoms: int, max_atoms: int) -> int
    2. (self: pyrosetta.rosetta.protocols.backrub.BackrubMover, resnums: pyrosetta.rosetta.utility.vector1_unsigned_long, atomnames: pyrosetta.rosetta.utility.vector1_std_string, min_atoms: int, max_atoms: int) -> int
    3. (self: pyrosetta.rosetta.protocols.backrub.BackrubMover, pose: pyrosetta.rosetta.core.pose.Pose) -> int

Invoked with: <pyrosetta.rosetta.protocols.backrub.BackrubMover object at 0x1479a3ce0b70>
Traceback (most recent call last):
  File "scripts/run_backrub.py", line 196, in <module>
    main()
  File "scripts/run_backrub.py", line 188, in main
    args.max_angle, args.seed)
  File "scripts/run_backrub.py", line 87, in run_backrub
    backrub.add_mainchain_segments()
TypeError: add_mainchain_segments(): incompatible function arguments. The following argument types are supported:
    1. (self: pyrosetta.rosetta.protocols.backrub.BackrubMover, atomids: pyrosetta.rosetta.utility.vector1_core_id_AtomID, min_atoms: int, max_atoms: int) -> int
    2. (self: pyrosetta.rosetta.protocols.backrub.BackrubMover, resnums: pyrosetta.rosetta.utility.vector1_unsigned_long, atomnames: pyrosetta.rosetta.utility.vector1_std_string, min_atoms: int, max_atoms: int) -> int
    3. (self: pyrosetta.rosetta.protocols.backrub.BackrubMover, pose: pyrosetta.rosetta.core.pose.Pose) -> int

Invoked with: <pyrosetta.rosetta.protocols.backrub.BackrubMover object at 0x1504094d5a30>
Traceback (most recent call last):
  File "scripts/run_backrub.py", line 196, in <module>
    main()
  File "scripts/run_backrub.py", line 188, in main
    args.max_angle, args.seed)
  File "scripts/run_backrub.py", line 87, in run_backrub
    backrub.add_mainchain_segments()
TypeError: add_mainchain_segments(): incompatible function arguments. The following argument types are supported:
    1. (self: pyrosetta.rosetta.protocols.backrub.BackrubMover, atomids: pyrosetta.rosetta.utility.vector1_core_id_AtomID, min_atoms: int, max_atoms: int) -> int
    2. (self: pyrosetta.rosetta.protocols.backrub.BackrubMover, resnums: pyrosetta.rosetta.utility.vector1_unsigned_long, atomnames: pyrosetta.rosetta.utility.vector1_std_string, min_atoms: int, max_atoms: int) -> int
    3. (self: pyrosetta.rosetta.protocols.backrub.BackrubMover, pose: pyrosetta.rosetta.core.pose.Pose) -> int

Invoked with: <pyrosetta.rosetta.protocols.backrub.BackrubMover object at 0x15443d61f5b0>
Traceback (most recent call last):
  File "scripts/run_backrub.py", line 196, in <module>
    main()
  File "scripts/run_backrub.py", line 188, in main
    args.max_angle, args.seed)
  File "scripts/run_backrub.py", line 87, in run_backrub
    backrub.add_mainchain_segments()
TypeError: add_mainchain_segments(): incompatible function arguments. The following argument types are supported:
    1. (self: pyrosetta.rosetta.protocols.backrub.BackrubMover, atomids: pyrosetta.rosetta.utility.vector1_core_id_AtomID, min_atoms: int, max_atoms: int) -> int
    2. (self: pyrosetta.rosetta.protocols.backrub.BackrubMover, resnums: pyrosetta.rosetta.utility.vector1_unsigned_long, atomnames: pyrosetta.rosetta.utility.vector1_std_string, min_atoms: int, max_atoms: int) -> int
    3. (self: pyrosetta.rosetta.protocols.backrub.BackrubMover, pose: pyrosetta.rosetta.core.pose.Pose) -> int

Invoked with: <pyrosetta.rosetta.protocols.backrub.BackrubMover object at 0x151a87fc25b0>
Traceback (most recent call last):
  File "scripts/run_backrub.py", line 196, in <module>
    main()
  File "scripts/run_backrub.py", line 188, in main
    args.max_angle, args.seed)
  File "scripts/run_backrub.py", line 87, in run_backrub
    backrub.add_mainchain_segments()
TypeError: add_mainchain_segments(): incompatible function arguments. The following argument types are supported:
    1. (self: pyrosetta.rosetta.protocols.backrub.BackrubMover, atomids: pyrosetta.rosetta.utility.vector1_core_id_AtomID, min_atoms: int, max_atoms: int) -> int
    2. (self: pyrosetta.rosetta.protocols.backrub.BackrubMover, resnums: pyrosetta.rosetta.utility.vector1_unsigned_long, atomnames: pyrosetta.rosetta.utility.vector1_std_string, min_atoms: int, max_atoms: int) -> int
    3. (self: pyrosetta.rosetta.protocols.backrub.BackrubMover, pose: pyrosetta.rosetta.core.pose.Pose) -> int

Invoked with: <pyrosetta.rosetta.protocols.backrub.BackrubMover object at 0x153c2c81c030>
Traceback (most recent call last):
  File "scripts/run_backrub.py", line 196, in <module>
    main()
  File "scripts/run_backrub.py", line 188, in main
    args.max_angle, args.seed)
  File "scripts/run_backrub.py", line 87, in run_backrub
    backrub.add_mainchain_segments()
TypeError: add_mainchain_segments(): incompatible function arguments. The following argument types are supported:
    1. (self: pyrosetta.rosetta.protocols.backrub.BackrubMover, atomids: pyrosetta.rosetta.utility.vector1_core_id_AtomID, min_atoms: int, max_atoms: int) -> int
    2. (self: pyrosetta.rosetta.protocols.backrub.BackrubMover, resnums: pyrosetta.rosetta.utility.vector1_unsigned_long, atomnames: pyrosetta.rosetta.utility.vector1_std_string, min_atoms: int, max_atoms: int) -> int
    3. (self: pyrosetta.rosetta.protocols.backrub.BackrubMover, pose: pyrosetta.rosetta.core.pose.Pose) -> int

Invoked with: <pyrosetta.rosetta.protocols.backrub.BackrubMover object at 0x146dd4f1c630>
Traceback (most recent call last):
  File "scripts/run_backrub.py", line 196, in <module>
    main()
  File "scripts/run_backrub.py", line 188, in main
    args.max_angle, args.seed)
  File "scripts/run_backrub.py", line 87, in run_backrub
    backrub.add_mainchain_segments()
TypeError: add_mainchain_segments(): incompatible function arguments. The following argument types are supported:
    1. (self: pyrosetta.rosetta.protocols.backrub.BackrubMover, atomids: pyrosetta.rosetta.utility.vector1_core_id_AtomID, min_atoms: int, max_atoms: int) -> int
    2. (self: pyrosetta.rosetta.protocols.backrub.BackrubMover, resnums: pyrosetta.rosetta.utility.vector1_unsigned_long, atomnames: pyrosetta.rosetta.utility.vector1_std_string, min_atoms: int, max_atoms: int) -> int
    3. (self: pyrosetta.rosetta.protocols.backrub.BackrubMover, pose: pyrosetta.rosetta.core.pose.Pose) -> int

Invoked with: <pyrosetta.rosetta.protocols.backrub.BackrubMover object at 0x14563d8b41f0>
2026-03-25 17:53:14,865 [INFO] Found rosetta database at: /wynton/home/rotation/jqmo/.conda/envs/mcsce/lib/python3.7/site-packages/pyrosetta/database; using it....
2026-03-25 17:53:14,866 [INFO] ┌──────────────────────────────────────────────────────────────────────────────┐
│                                 PyRosetta-4                                  │
│              Created in JHU by Sergey Lyskov and PyRosetta Team              │
│              (C) Copyright Rosetta Commons Member Institutions               │
│                                                                              │
│ NOTE: USE OF PyRosetta FOR COMMERCIAL PURPOSES REQUIRE PURCHASE OF A LICENSE │
│         See LICENSE.PyRosetta.md or email license@uw.edu for details         │
└──────────────────────────────────────────────────────────────────────────────┘
PyRosetta-4 2024 [Rosetta PyRosetta4.conda.linux.cxx11thread.serialization.CentOS.python37.Release 2024.39+release.59628fbc5bc09f1221e1642f1f8d157ce49b1410 2024-09-23T07:49:48] retrieved from: http://www.pyrosetta.org
2026-03-25 17:53:14,866 [INFO] Found rosetta database at: /wynton/home/rotation/jqmo/.conda/envs/mcsce/lib/python3.7/site-packages/pyrosetta/database; using it....
2026-03-25 17:53:14,867 [INFO] ┌──────────────────────────────────────────────────────────────────────────────┐
│                                 PyRosetta-4                                  │
│              Created in JHU by Sergey Lyskov and PyRosetta Team              │
│              (C) Copyright Rosetta Commons Member Institutions               │
│                                                                              │
│ NOTE: USE OF PyRosetta FOR COMMERCIAL PURPOSES REQUIRE PURCHASE OF A LICENSE │
│         See LICENSE.PyRosetta.md or email license@uw.edu for details         │
└──────────────────────────────────────────────────────────────────────────────┘
PyRosetta-4 2024 [Rosetta PyRosetta4.conda.linux.cxx11thread.serialization.CentOS.python37.Release 2024.39+release.59628fbc5bc09f1221e1642f1f8d157ce49b1410 2024-09-23T07:49:48] retrieved from: http://www.pyrosetta.org
2026-03-25 17:53:14,912 [INFO] Running Backrub on 1yb5A02_24 (5 conformers, 10000 MC steps, kT=0.6)
2026-03-25 17:53:14,915 [INFO] Running Backrub on 3stjA03_13 (5 conformers, 10000 MC steps, kT=0.6)
Traceback (most recent call last):
  File "scripts/run_backrub.py", line 196, in <module>
    main()
  File "scripts/run_backrub.py", line 188, in main
    args.max_angle, args.seed)
  File "scripts/run_backrub.py", line 87, in run_backrub
    backrub.add_mainchain_segments()
TypeError: add_mainchain_segments(): incompatible function arguments. The following argument types are supported:
    1. (self: pyrosetta.rosetta.protocols.backrub.BackrubMover, atomids: pyrosetta.rosetta.utility.vector1_core_id_AtomID, min_atoms: int, max_atoms: int) -> int
    2. (self: pyrosetta.rosetta.protocols.backrub.BackrubMover, resnums: pyrosetta.rosetta.utility.vector1_unsigned_long, atomnames: pyrosetta.rosetta.utility.vector1_std_string, min_atoms: int, max_atoms: int) -> int
    3. (self: pyrosetta.rosetta.protocols.backrub.BackrubMover, pose: pyrosetta.rosetta.core.pose.Pose) -> int

Invoked with: <pyrosetta.rosetta.protocols.backrub.BackrubMover object at 0x153bed35a5f0>
Traceback (most recent call last):
  File "scripts/run_backrub.py", line 196, in <module>
    main()
  File "scripts/run_backrub.py", line 188, in main
    args.max_angle, args.seed)
  File "scripts/run_backrub.py", line 87, in run_backrub
    backrub.add_mainchain_segments()
TypeError: add_mainchain_segments(): incompatible function arguments. The following argument types are supported:
    1. (self: pyrosetta.rosetta.protocols.backrub.BackrubMover, atomids: pyrosetta.rosetta.utility.vector1_core_id_AtomID, min_atoms: int, max_atoms: int) -> int
    2. (self: pyrosetta.rosetta.protocols.backrub.BackrubMover, resnums: pyrosetta.rosetta.utility.vector1_unsigned_long, atomnames: pyrosetta.rosetta.utility.vector1_std_string, min_atoms: int, max_atoms: int) -> int
    3. (self: pyrosetta.rosetta.protocols.backrub.BackrubMover, pose: pyrosetta.rosetta.core.pose.Pose) -> int

Invoked with: <pyrosetta.rosetta.protocols.backrub.BackrubMover object at 0x152b6dc43fb0>
Traceback (most recent call last):
  File "scripts/run_backrub.py", line 196, in <module>
    main()
  File "scripts/run_backrub.py", line 188, in main
    args.max_angle, args.seed)
  File "scripts/run_backrub.py", line 87, in run_backrub
    backrub.add_mainchain_segments()
TypeError: add_mainchain_segments(): incompatible function arguments. The following argument types are supported:
    1. (self: pyrosetta.rosetta.protocols.backrub.BackrubMover, atomids: pyrosetta.rosetta.utility.vector1_core_id_AtomID, min_atoms: int, max_atoms: int) -> int
    2. (self: pyrosetta.rosetta.protocols.backrub.BackrubMover, resnums: pyrosetta.rosetta.utility.vector1_unsigned_long, atomnames: pyrosetta.rosetta.utility.vector1_std_string, min_atoms: int, max_atoms: int) -> int
    3. (self: pyrosetta.rosetta.protocols.backrub.BackrubMover, pose: pyrosetta.rosetta.core.pose.Pose) -> int

Invoked with: <pyrosetta.rosetta.protocols.backrub.BackrubMover object at 0x14901f1b42b0>
Traceback (most recent call last):
  File "scripts/run_backrub.py", line 196, in <module>
    main()
  File "scripts/run_backrub.py", line 188, in main
    args.max_angle, args.seed)
  File "scripts/run_backrub.py", line 87, in run_backrub
    backrub.add_mainchain_segments()
TypeError: add_mainchain_segments(): incompatible function arguments. The following argument types are supported:
    1. (self: pyrosetta.rosetta.protocols.backrub.BackrubMover, atomids: pyrosetta.rosetta.utility.vector1_core_id_AtomID, min_atoms: int, max_atoms: int) -> int
    2. (self: pyrosetta.rosetta.protocols.backrub.BackrubMover, resnums: pyrosetta.rosetta.utility.vector1_unsigned_long, atomnames: pyrosetta.rosetta.utility.vector1_std_string, min_atoms: int, max_atoms: int) -> int
    3. (self: pyrosetta.rosetta.protocols.backrub.BackrubMover, pose: pyrosetta.rosetta.core.pose.Pose) -> int

Invoked with: <pyrosetta.rosetta.protocols.backrub.BackrubMover object at 0x1532d64d80f0>
Traceback (most recent call last):
  File "scripts/run_backrub.py", line 196, in <module>
    main()
  File "scripts/run_backrub.py", line 188, in main
    args.max_angle, args.seed)
  File "scripts/run_backrub.py", line 87, in run_backrub
    backrub.add_mainchain_segments()
TypeError: add_mainchain_segments(): incompatible function arguments. The following argument types are supported:
    1. (self: pyrosetta.rosetta.protocols.backrub.BackrubMover, atomids: pyrosetta.rosetta.utility.vector1_core_id_AtomID, min_atoms: int, max_atoms: int) -> int
    2. (self: pyrosetta.rosetta.protocols.backrub.BackrubMover, resnums: pyrosetta.rosetta.utility.vector1_unsigned_long, atomnames: pyrosetta.rosetta.utility.vector1_std_string, min_atoms: int, max_atoms: int) -> int
    3. (self: pyrosetta.rosetta.protocols.backrub.BackrubMover, pose: pyrosetta.rosetta.core.pose.Pose) -> int

Invoked with: <pyrosetta.rosetta.protocols.backrub.BackrubMover object at 0x145c8c16b270>
Traceback (most recent call last):
  File "scripts/run_backrub.py", line 196, in <module>
    main()
  File "scripts/run_backrub.py", line 188, in main
    args.max_angle, args.seed)
  File "scripts/run_backrub.py", line 87, in run_backrub
    backrub.add_mainchain_segments()
TypeError: add_mainchain_segments(): incompatible function arguments. The following argument types are supported:
    1. (self: pyrosetta.rosetta.protocols.backrub.BackrubMover, atomids: pyrosetta.rosetta.utility.vector1_core_id_AtomID, min_atoms: int, max_atoms: int) -> int
    2. (self: pyrosetta.rosetta.protocols.backrub.BackrubMover, resnums: pyrosetta.rosetta.utility.vector1_unsigned_long, atomnames: pyrosetta.rosetta.utility.vector1_std_string, min_atoms: int, max_atoms: int) -> int
    3. (self: pyrosetta.rosetta.protocols.backrub.BackrubMover, pose: pyrosetta.rosetta.core.pose.Pose) -> int

Invoked with: <pyrosetta.rosetta.protocols.backrub.BackrubMover object at 0x14a28c1a8170>
Traceback (most recent call last):
  File "scripts/run_backrub.py", line 196, in <module>
    main()
  File "scripts/run_backrub.py", line 188, in main
    args.max_angle, args.seed)
  File "scripts/run_backrub.py", line 87, in run_backrub
    backrub.add_mainchain_segments()
TypeError: add_mainchain_segments(): incompatible function arguments. The following argument types are supported:
    1. (self: pyrosetta.rosetta.protocols.backrub.BackrubMover, atomids: pyrosetta.rosetta.utility.vector1_core_id_AtomID, min_atoms: int, max_atoms: int) -> int
    2. (self: pyrosetta.rosetta.protocols.backrub.BackrubMover, resnums: pyrosetta.rosetta.utility.vector1_unsigned_long, atomnames: pyrosetta.rosetta.utility.vector1_std_string, min_atoms: int, max_atoms: int) -> int
    3. (self: pyrosetta.rosetta.protocols.backrub.BackrubMover, pose: pyrosetta.rosetta.core.pose.Pose) -> int

Invoked with: <pyrosetta.rosetta.protocols.backrub.BackrubMover object at 0x14d9d21aa5f0>
Traceback (most recent call last):
  File "scripts/run_backrub.py", line 196, in <module>
    main()
  File "scripts/run_backrub.py", line 188, in main
    args.max_angle, args.seed)
  File "scripts/run_backrub.py", line 87, in run_backrub
    backrub.add_mainchain_segments()
TypeError: add_mainchain_segments(): incompatible function arguments. The following argument types are supported:
    1. (self: pyrosetta.rosetta.protocols.backrub.BackrubMover, atomids: pyrosetta.rosetta.utility.vector1_core_id_AtomID, min_atoms: int, max_atoms: int) -> int
    2. (self: pyrosetta.rosetta.protocols.backrub.BackrubMover, resnums: pyrosetta.rosetta.utility.vector1_unsigned_long, atomnames: pyrosetta.rosetta.utility.vector1_std_string, min_atoms: int, max_atoms: int) -> int
    3. (self: pyrosetta.rosetta.protocols.backrub.BackrubMover, pose: pyrosetta.rosetta.core.pose.Pose) -> int

Invoked with: <pyrosetta.rosetta.protocols.backrub.BackrubMover object at 0x152b6fade1b0>
Traceback (most recent call last):
  File "scripts/run_backrub.py", line 196, in <module>
    main()
  File "scripts/run_backrub.py", line 188, in main
    args.max_angle, args.seed)
  File "scripts/run_backrub.py", line 87, in run_backrub
    backrub.add_mainchain_segments()
TypeError: add_mainchain_segments(): incompatible function arguments. The following argument types are supported:
    1. (self: pyrosetta.rosetta.protocols.backrub.BackrubMover, atomids: pyrosetta.rosetta.utility.vector1_core_id_AtomID, min_atoms: int, max_atoms: int) -> int
    2. (self: pyrosetta.rosetta.protocols.backrub.BackrubMover, resnums: pyrosetta.rosetta.utility.vector1_unsigned_long, atomnames: pyrosetta.rosetta.utility.vector1_std_string, min_atoms: int, max_atoms: int) -> int
    3. (self: pyrosetta.rosetta.protocols.backrub.BackrubMover, pose: pyrosetta.rosetta.core.pose.Pose) -> int

Invoked with: <pyrosetta.rosetta.protocols.backrub.BackrubMover object at 0x151330ed12b0>
Traceback (most recent call last):
  File "scripts/run_backrub.py", line 196, in <module>
    main()
  File "scripts/run_backrub.py", line 188, in main
    args.max_angle, args.seed)
  File "scripts/run_backrub.py", line 87, in run_backrub
    backrub.add_mainchain_segments()
TypeError: add_mainchain_segments(): incompatible function arguments. The following argument types are supported:
    1. (self: pyrosetta.rosetta.protocols.backrub.BackrubMover, atomids: pyrosetta.rosetta.utility.vector1_core_id_AtomID, min_atoms: int, max_atoms: int) -> int
    2. (self: pyrosetta.rosetta.protocols.backrub.BackrubMover, resnums: pyrosetta.rosetta.utility.vector1_unsigned_long, atomnames: pyrosetta.rosetta.utility.vector1_std_string, min_atoms: int, max_atoms: int) -> int
    3. (self: pyrosetta.rosetta.protocols.backrub.BackrubMover, pose: pyrosetta.rosetta.core.pose.Pose) -> int

Invoked with: <pyrosetta.rosetta.protocols.backrub.BackrubMover object at 0x1496756f55b0>
Traceback (most recent call last):
  File "scripts/run_backrub.py", line 196, in <module>
    main()
  File "scripts/run_backrub.py", line 188, in main
    args.max_angle, args.seed)
  File "scripts/run_backrub.py", line 87, in run_backrub
    backrub.add_mainchain_segments()
TypeError: add_mainchain_segments(): incompatible function arguments. The following argument types are supported:
    1. (self: pyrosetta.rosetta.protocols.backrub.BackrubMover, atomids: pyrosetta.rosetta.utility.vector1_core_id_AtomID, min_atoms: int, max_atoms: int) -> int
    2. (self: pyrosetta.rosetta.protocols.backrub.BackrubMover, resnums: pyrosetta.rosetta.utility.vector1_unsigned_long, atomnames: pyrosetta.rosetta.utility.vector1_std_string, min_atoms: int, max_atoms: int) -> int
    3. (self: pyrosetta.rosetta.protocols.backrub.BackrubMover, pose: pyrosetta.rosetta.core.pose.Pose) -> int

Invoked with: <pyrosetta.rosetta.protocols.backrub.BackrubMover object at 0x15217b9ce5b0>
Traceback (most recent call last):
  File "scripts/run_backrub.py", line 196, in <module>
    main()
  File "scripts/run_backrub.py", line 188, in main
    args.max_angle, args.seed)
  File "scripts/run_backrub.py", line 87, in run_backrub
    backrub.add_mainchain_segments()
TypeError: add_mainchain_segments(): incompatible function arguments. The following argument types are supported:
    1. (self: pyrosetta.rosetta.protocols.backrub.BackrubMover, atomids: pyrosetta.rosetta.utility.vector1_core_id_AtomID, min_atoms: int, max_atoms: int) -> int
    2. (self: pyrosetta.rosetta.protocols.backrub.BackrubMover, resnums: pyrosetta.rosetta.utility.vector1_unsigned_long, atomnames: pyrosetta.rosetta.utility.vector1_std_string, min_atoms: int, max_atoms: int) -> int
    3. (self: pyrosetta.rosetta.protocols.backrub.BackrubMover, pose: pyrosetta.rosetta.core.pose.Pose) -> int

Invoked with: <pyrosetta.rosetta.protocols.backrub.BackrubMover object at 0x146cfb9fd570>
Traceback (most recent call last):
  File "scripts/run_backrub.py", line 196, in <module>
    main()
  File "scripts/run_backrub.py", line 188, in main
    args.max_angle, args.seed)
  File "scripts/run_backrub.py", line 87, in run_backrub
    backrub.add_mainchain_segments()
TypeError: add_mainchain_segments(): incompatible function arguments. The following argument types are supported:
    1. (self: pyrosetta.rosetta.protocols.backrub.BackrubMover, atomids: pyrosetta.rosetta.utility.vector1_core_id_AtomID, min_atoms: int, max_atoms: int) -> int
    2. (self: pyrosetta.rosetta.protocols.backrub.BackrubMover, resnums: pyrosetta.rosetta.utility.vector1_unsigned_long, atomnames: pyrosetta.rosetta.utility.vector1_std_string, min_atoms: int, max_atoms: int) -> int
    3. (self: pyrosetta.rosetta.protocols.backrub.BackrubMover, pose: pyrosetta.rosetta.core.pose.Pose) -> int

Invoked with: <pyrosetta.rosetta.protocols.backrub.BackrubMover object at 0x14ae20c67cb0>
Traceback (most recent call last):
  File "scripts/run_backrub.py", line 196, in <module>
    main()
  File "scripts/run_backrub.py", line 188, in main
    args.max_angle, args.seed)
  File "scripts/run_backrub.py", line 87, in run_backrub
    backrub.add_mainchain_segments()
TypeError: add_mainchain_segments(): incompatible function arguments. The following argument types are supported:
    1. (self: pyrosetta.rosetta.protocols.backrub.BackrubMover, atomids: pyrosetta.rosetta.utility.vector1_core_id_AtomID, min_atoms: int, max_atoms: int) -> int
    2. (self: pyrosetta.rosetta.protocols.backrub.BackrubMover, resnums: pyrosetta.rosetta.utility.vector1_unsigned_long, atomnames: pyrosetta.rosetta.utility.vector1_std_string, min_atoms: int, max_atoms: int) -> int
    3. (self: pyrosetta.rosetta.protocols.backrub.BackrubMover, pose: pyrosetta.rosetta.core.pose.Pose) -> int

Invoked with: <pyrosetta.rosetta.protocols.backrub.BackrubMover object at 0x14eb3f28f630>
Traceback (most recent call last):
  File "scripts/run_backrub.py", line 196, in <module>
    main()
  File "scripts/run_backrub.py", line 188, in main
    args.max_angle, args.seed)
  File "scripts/run_backrub.py", line 87, in run_backrub
    backrub.add_mainchain_segments()
TypeError: add_mainchain_segments(): incompatible function arguments. The following argument types are supported:
    1. (self: pyrosetta.rosetta.protocols.backrub.BackrubMover, atomids: pyrosetta.rosetta.utility.vector1_core_id_AtomID, min_atoms: int, max_atoms: int) -> int
    2. (self: pyrosetta.rosetta.protocols.backrub.BackrubMover, resnums: pyrosetta.rosetta.utility.vector1_unsigned_long, atomnames: pyrosetta.rosetta.utility.vector1_std_string, min_atoms: int, max_atoms: int) -> int
    3. (self: pyrosetta.rosetta.protocols.backrub.BackrubMover, pose: pyrosetta.rosetta.core.pose.Pose) -> int

Invoked with: <pyrosetta.rosetta.protocols.backrub.BackrubMover object at 0x149a473395f0>
Traceback (most recent call last):
  File "scripts/run_backrub.py", line 196, in <module>
    main()
  File "scripts/run_backrub.py", line 188, in main
    args.max_angle, args.seed)
  File "scripts/run_backrub.py", line 87, in run_backrub
    backrub.add_mainchain_segments()
TypeError: add_mainchain_segments(): incompatible function arguments. The following argument types are supported:
    1. (self: pyrosetta.rosetta.protocols.backrub.BackrubMover, atomids: pyrosetta.rosetta.utility.vector1_core_id_AtomID, min_atoms: int, max_atoms: int) -> int
    2. (self: pyrosetta.rosetta.protocols.backrub.BackrubMover, resnums: pyrosetta.rosetta.utility.vector1_unsigned_long, atomnames: pyrosetta.rosetta.utility.vector1_std_string, min_atoms: int, max_atoms: int) -> int
    3. (self: pyrosetta.rosetta.protocols.backrub.BackrubMover, pose: pyrosetta.rosetta.core.pose.Pose) -> int

Invoked with: <pyrosetta.rosetta.protocols.backrub.BackrubMover object at 0x1524f36e45f0>
Traceback (most recent call last):
  File "scripts/run_backrub.py", line 196, in <module>
    main()
  File "scripts/run_backrub.py", line 188, in main
    args.max_angle, args.seed)
  File "scripts/run_backrub.py", line 87, in run_backrub
    backrub.add_mainchain_segments()
TypeError: add_mainchain_segments(): incompatible function arguments. The following argument types are supported:
    1. (self: pyrosetta.rosetta.protocols.backrub.BackrubMover, atomids: pyrosetta.rosetta.utility.vector1_core_id_AtomID, min_atoms: int, max_atoms: int) -> int
    2. (self: pyrosetta.rosetta.protocols.backrub.BackrubMover, resnums: pyrosetta.rosetta.utility.vector1_unsigned_long, atomnames: pyrosetta.rosetta.utility.vector1_std_string, min_atoms: int, max_atoms: int) -> int
    3. (self: pyrosetta.rosetta.protocols.backrub.BackrubMover, pose: pyrosetta.rosetta.core.pose.Pose) -> int

Invoked with: <pyrosetta.rosetta.protocols.backrub.BackrubMover object at 0x14efab6ac230>
