2026-03-27 13:49:13,506 [INFO] Found rosetta database at: /wynton/home/rotation/jqmo/.conda/envs/mcsce/lib/python3.7/site-packages/pyrosetta/database; using it....
2026-03-27 13:49:13,507 [INFO] ┌──────────────────────────────────────────────────────────────────────────────┐
│                                 PyRosetta-4                                  │
│              Created in JHU by Sergey Lyskov and PyRosetta Team              │
│              (C) Copyright Rosetta Commons Member Institutions               │
│                                                                              │
│ NOTE: USE OF PyRosetta FOR COMMERCIAL PURPOSES REQUIRE PURCHASE OF A LICENSE │
│         See LICENSE.PyRosetta.md or email license@uw.edu for details         │
└──────────────────────────────────────────────────────────────────────────────┘
PyRosetta-4 2024 [Rosetta PyRosetta4.conda.linux.cxx11thread.serialization.CentOS.python37.Release 2024.39+release.59628fbc5bc09f1221e1642f1f8d157ce49b1410 2024-09-23T07:49:48] retrieved from: http://www.pyrosetta.org
2026-03-27 13:49:13,549 [INFO] Running PyRosetta on 1kj6A00_4 (5 conformers, 10000 MC steps, kT=0.6)

ERROR: beta_nov16(.wts) requested, but -corrections::beta_nov16 not set to true. This leads to a garbage scorefunction.  Exiting.
ERROR:: Exit from: /home/benchmark/rosetta/source/src/core/scoring/ScoreFunctionFactory.cc line: 173
Traceback (most recent call last):
  File "scripts/run_backrub.py", line 309, in <module>
    main()
  File "scripts/run_backrub.py", line 301, in main
    trajectory_stride=args.trajectory_stride)
  File "scripts/run_backrub.py", line 81, in run_backrub
    scorefxn = ScoreFunctionFactory.create_score_function("beta_nov16")
RuntimeError: 

File: /home/benchmark/rosetta/source/src/core/scoring/ScoreFunctionFactory.cc:173
[ ERROR ] UtilityExitException
ERROR: beta_nov16(.wts) requested, but -corrections::beta_nov16 not set to true. This leads to a garbage scorefunction.  Exiting.


