2026-03-25 22:28:10,102 [INFO] Found rosetta database at: /wynton/home/rotation/jqmo/.conda/envs/mcsce/lib/python3.7/site-packages/pyrosetta/database; using it....
2026-03-25 22:28:10,103 [INFO] Found rosetta database at: /wynton/home/rotation/jqmo/.conda/envs/mcsce/lib/python3.7/site-packages/pyrosetta/database; using it....
2026-03-25 22:28:10,103 [INFO] ┌──────────────────────────────────────────────────────────────────────────────┐
│                                 PyRosetta-4                                  │
│              Created in JHU by Sergey Lyskov and PyRosetta Team              │
│              (C) Copyright Rosetta Commons Member Institutions               │
│                                                                              │
│ NOTE: USE OF PyRosetta FOR COMMERCIAL PURPOSES REQUIRE PURCHASE OF A LICENSE │
│         See LICENSE.PyRosetta.md or email license@uw.edu for details         │
└──────────────────────────────────────────────────────────────────────────────┘
PyRosetta-4 2024 [Rosetta PyRosetta4.conda.linux.cxx11thread.serialization.CentOS.python37.Release 2024.39+release.59628fbc5bc09f1221e1642f1f8d157ce49b1410 2024-09-23T07:49:48] retrieved from: http://www.pyrosetta.org
2026-03-25 22:28:10,104 [INFO] ┌──────────────────────────────────────────────────────────────────────────────┐
│                                 PyRosetta-4                                  │
│              Created in JHU by Sergey Lyskov and PyRosetta Team              │
│              (C) Copyright Rosetta Commons Member Institutions               │
│                                                                              │
│ NOTE: USE OF PyRosetta FOR COMMERCIAL PURPOSES REQUIRE PURCHASE OF A LICENSE │
│         See LICENSE.PyRosetta.md or email license@uw.edu for details         │
└──────────────────────────────────────────────────────────────────────────────┘
PyRosetta-4 2024 [Rosetta PyRosetta4.conda.linux.cxx11thread.serialization.CentOS.python37.Release 2024.39+release.59628fbc5bc09f1221e1642f1f8d157ce49b1410 2024-09-23T07:49:48] retrieved from: http://www.pyrosetta.org
2026-03-25 22:28:10,114 [INFO] Found rosetta database at: /wynton/home/rotation/jqmo/.conda/envs/mcsce/lib/python3.7/site-packages/pyrosetta/database; using it....
2026-03-25 22:28:10,115 [INFO] ┌──────────────────────────────────────────────────────────────────────────────┐
│                                 PyRosetta-4                                  │
│              Created in JHU by Sergey Lyskov and PyRosetta Team              │
│              (C) Copyright Rosetta Commons Member Institutions               │
│                                                                              │
│ NOTE: USE OF PyRosetta FOR COMMERCIAL PURPOSES REQUIRE PURCHASE OF A LICENSE │
│         See LICENSE.PyRosetta.md or email license@uw.edu for details         │
└──────────────────────────────────────────────────────────────────────────────┘
PyRosetta-4 2024 [Rosetta PyRosetta4.conda.linux.cxx11thread.serialization.CentOS.python37.Release 2024.39+release.59628fbc5bc09f1221e1642f1f8d157ce49b1410 2024-09-23T07:49:48] retrieved from: http://www.pyrosetta.org
2026-03-25 22:28:10,132 [INFO] Found rosetta database at: /wynton/home/rotation/jqmo/.conda/envs/mcsce/lib/python3.7/site-packages/pyrosetta/database; using it....
2026-03-25 22:28:10,133 [INFO] ┌──────────────────────────────────────────────────────────────────────────────┐
│                                 PyRosetta-4                                  │
│              Created in JHU by Sergey Lyskov and PyRosetta Team              │
│              (C) Copyright Rosetta Commons Member Institutions               │
│                                                                              │
│ NOTE: USE OF PyRosetta FOR COMMERCIAL PURPOSES REQUIRE PURCHASE OF A LICENSE │
│         See LICENSE.PyRosetta.md or email license@uw.edu for details         │
└──────────────────────────────────────────────────────────────────────────────┘
PyRosetta-4 2024 [Rosetta PyRosetta4.conda.linux.cxx11thread.serialization.CentOS.python37.Release 2024.39+release.59628fbc5bc09f1221e1642f1f8d157ce49b1410 2024-09-23T07:49:48] retrieved from: http://www.pyrosetta.org
2026-03-25 22:28:10,138 [INFO] Running Backrub on 1uddA00_6 (5 conformers, 10000 MC steps, kT=0.6)
2026-03-25 22:28:10,142 [INFO] Running Backrub on 1vq8200_2 (5 conformers, 10000 MC steps, kT=0.6)
2026-03-25 22:28:10,143 [INFO] Running Backrub on 1ui5A00_30 (5 conformers, 10000 MC steps, kT=0.6)
2026-03-25 22:28:10,158 [INFO] Running Backrub on 2f76X00_3_reres (5 conformers, 10000 MC steps, kT=0.6)
2026-03-25 22:28:10,200 [INFO] Found rosetta database at: /wynton/home/rotation/jqmo/.conda/envs/mcsce/lib/python3.7/site-packages/pyrosetta/database; using it....
2026-03-25 22:28:10,201 [INFO] ┌──────────────────────────────────────────────────────────────────────────────┐
│                                 PyRosetta-4                                  │
│              Created in JHU by Sergey Lyskov and PyRosetta Team              │
│              (C) Copyright Rosetta Commons Member Institutions               │
│                                                                              │
│ NOTE: USE OF PyRosetta FOR COMMERCIAL PURPOSES REQUIRE PURCHASE OF A LICENSE │
│         See LICENSE.PyRosetta.md or email license@uw.edu for details         │
└──────────────────────────────────────────────────────────────────────────────┘
PyRosetta-4 2024 [Rosetta PyRosetta4.conda.linux.cxx11thread.serialization.CentOS.python37.Release 2024.39+release.59628fbc5bc09f1221e1642f1f8d157ce49b1410 2024-09-23T07:49:48] retrieved from: http://www.pyrosetta.org
2026-03-25 22:28:10,224 [INFO] Running Backrub on 1gcvA00_31 (5 conformers, 10000 MC steps, kT=0.6)
2026-03-25 22:28:10,242 [INFO] Found rosetta database at: /wynton/home/rotation/jqmo/.conda/envs/mcsce/lib/python3.7/site-packages/pyrosetta/database; using it....
2026-03-25 22:28:10,243 [INFO] ┌──────────────────────────────────────────────────────────────────────────────┐
│                                 PyRosetta-4                                  │
│              Created in JHU by Sergey Lyskov and PyRosetta Team              │
│              (C) Copyright Rosetta Commons Member Institutions               │
│                                                                              │
│ NOTE: USE OF PyRosetta FOR COMMERCIAL PURPOSES REQUIRE PURCHASE OF A LICENSE │
│         See LICENSE.PyRosetta.md or email license@uw.edu for details         │
└──────────────────────────────────────────────────────────────────────────────┘
PyRosetta-4 2024 [Rosetta PyRosetta4.conda.linux.cxx11thread.serialization.CentOS.python37.Release 2024.39+release.59628fbc5bc09f1221e1642f1f8d157ce49b1410 2024-09-23T07:49:48] retrieved from: http://www.pyrosetta.org
2026-03-25 22:28:10,273 [INFO] Running Backrub on 4b79B00_15_reres (5 conformers, 10000 MC steps, kT=0.6)
2026-03-25 22:28:10,327 [INFO] Found rosetta database at: /wynton/home/rotation/jqmo/.conda/envs/mcsce/lib/python3.7/site-packages/pyrosetta/database; using it....
2026-03-25 22:28:10,328 [INFO] ┌──────────────────────────────────────────────────────────────────────────────┐
│                                 PyRosetta-4                                  │
│              Created in JHU by Sergey Lyskov and PyRosetta Team              │
│              (C) Copyright Rosetta Commons Member Institutions               │
│                                                                              │
│ NOTE: USE OF PyRosetta FOR COMMERCIAL PURPOSES REQUIRE PURCHASE OF A LICENSE │
│         See LICENSE.PyRosetta.md or email license@uw.edu for details         │
└──────────────────────────────────────────────────────────────────────────────┘
PyRosetta-4 2024 [Rosetta PyRosetta4.conda.linux.cxx11thread.serialization.CentOS.python37.Release 2024.39+release.59628fbc5bc09f1221e1642f1f8d157ce49b1410 2024-09-23T07:49:48] retrieved from: http://www.pyrosetta.org
2026-03-25 22:28:10,359 [INFO] Found rosetta database at: /wynton/home/rotation/jqmo/.conda/envs/mcsce/lib/python3.7/site-packages/pyrosetta/database; using it....
2026-03-25 22:28:10,361 [INFO] ┌──────────────────────────────────────────────────────────────────────────────┐
│                                 PyRosetta-4                                  │
│              Created in JHU by Sergey Lyskov and PyRosetta Team              │
│              (C) Copyright Rosetta Commons Member Institutions               │
│                                                                              │
│ NOTE: USE OF PyRosetta FOR COMMERCIAL PURPOSES REQUIRE PURCHASE OF A LICENSE │
│         See LICENSE.PyRosetta.md or email license@uw.edu for details         │
└──────────────────────────────────────────────────────────────────────────────┘
PyRosetta-4 2024 [Rosetta PyRosetta4.conda.linux.cxx11thread.serialization.CentOS.python37.Release 2024.39+release.59628fbc5bc09f1221e1642f1f8d157ce49b1410 2024-09-23T07:49:48] retrieved from: http://www.pyrosetta.org
2026-03-25 22:28:10,361 [INFO] Running Backrub on 3buxB01_22_reres (5 conformers, 10000 MC steps, kT=0.6)
2026-03-25 22:28:10,396 [INFO] Running Backrub on 3ossC00_7 (5 conformers, 10000 MC steps, kT=0.6)
2026-03-25 22:28:10,405 [INFO] Found rosetta database at: /wynton/home/rotation/jqmo/.conda/envs/mcsce/lib/python3.7/site-packages/pyrosetta/database; using it....
2026-03-25 22:28:10,406 [INFO] Found rosetta database at: /wynton/home/rotation/jqmo/.conda/envs/mcsce/lib/python3.7/site-packages/pyrosetta/database; using it....
2026-03-25 22:28:10,406 [INFO] ┌──────────────────────────────────────────────────────────────────────────────┐
│                                 PyRosetta-4                                  │
│              Created in JHU by Sergey Lyskov and PyRosetta Team              │
│              (C) Copyright Rosetta Commons Member Institutions               │
│                                                                              │
│ NOTE: USE OF PyRosetta FOR COMMERCIAL PURPOSES REQUIRE PURCHASE OF A LICENSE │
│         See LICENSE.PyRosetta.md or email license@uw.edu for details         │
└──────────────────────────────────────────────────────────────────────────────┘
PyRosetta-4 2024 [Rosetta PyRosetta4.conda.linux.cxx11thread.serialization.CentOS.python37.Release 2024.39+release.59628fbc5bc09f1221e1642f1f8d157ce49b1410 2024-09-23T07:49:48] retrieved from: http://www.pyrosetta.org
2026-03-25 22:28:10,407 [INFO] ┌──────────────────────────────────────────────────────────────────────────────┐
│                                 PyRosetta-4                                  │
│              Created in JHU by Sergey Lyskov and PyRosetta Team              │
│              (C) Copyright Rosetta Commons Member Institutions               │
│                                                                              │
│ NOTE: USE OF PyRosetta FOR COMMERCIAL PURPOSES REQUIRE PURCHASE OF A LICENSE │
│         See LICENSE.PyRosetta.md or email license@uw.edu for details         │
└──────────────────────────────────────────────────────────────────────────────┘
PyRosetta-4 2024 [Rosetta PyRosetta4.conda.linux.cxx11thread.serialization.CentOS.python37.Release 2024.39+release.59628fbc5bc09f1221e1642f1f8d157ce49b1410 2024-09-23T07:49:48] retrieved from: http://www.pyrosetta.org
2026-03-25 22:28:10,418 [INFO] Found rosetta database at: /wynton/home/rotation/jqmo/.conda/envs/mcsce/lib/python3.7/site-packages/pyrosetta/database; using it....
2026-03-25 22:28:10,419 [INFO] ┌──────────────────────────────────────────────────────────────────────────────┐
│                                 PyRosetta-4                                  │
│              Created in JHU by Sergey Lyskov and PyRosetta Team              │
│              (C) Copyright Rosetta Commons Member Institutions               │
│                                                                              │
│ NOTE: USE OF PyRosetta FOR COMMERCIAL PURPOSES REQUIRE PURCHASE OF A LICENSE │
│         See LICENSE.PyRosetta.md or email license@uw.edu for details         │
└──────────────────────────────────────────────────────────────────────────────┘
PyRosetta-4 2024 [Rosetta PyRosetta4.conda.linux.cxx11thread.serialization.CentOS.python37.Release 2024.39+release.59628fbc5bc09f1221e1642f1f8d157ce49b1410 2024-09-23T07:49:48] retrieved from: http://www.pyrosetta.org
2026-03-25 22:28:10,441 [INFO] Running Backrub on 4pmnA00_16 (5 conformers, 10000 MC steps, kT=0.6)
2026-03-25 22:28:10,443 [INFO] Running Backrub on 1yb5A02_24 (5 conformers, 10000 MC steps, kT=0.6)
2026-03-25 22:28:10,455 [INFO] Found rosetta database at: /wynton/home/rotation/jqmo/.conda/envs/mcsce/lib/python3.7/site-packages/pyrosetta/database; using it....
2026-03-25 22:28:10,456 [INFO] ┌──────────────────────────────────────────────────────────────────────────────┐
│                                 PyRosetta-4                                  │
│              Created in JHU by Sergey Lyskov and PyRosetta Team              │
│              (C) Copyright Rosetta Commons Member Institutions               │
│                                                                              │
│ NOTE: USE OF PyRosetta FOR COMMERCIAL PURPOSES REQUIRE PURCHASE OF A LICENSE │
│         See LICENSE.PyRosetta.md or email license@uw.edu for details         │
└──────────────────────────────────────────────────────────────────────────────┘
PyRosetta-4 2024 [Rosetta PyRosetta4.conda.linux.cxx11thread.serialization.CentOS.python37.Release 2024.39+release.59628fbc5bc09f1221e1642f1f8d157ce49b1410 2024-09-23T07:49:48] retrieved from: http://www.pyrosetta.org
2026-03-25 22:28:10,459 [INFO] Running Backrub on 2vgmA01_1 (5 conformers, 10000 MC steps, kT=0.6)
2026-03-25 22:28:10,497 [INFO] Running Backrub on 1vjqA00_26 (5 conformers, 10000 MC steps, kT=0.6)
2026-03-25 22:28:10,538 [INFO] Found rosetta database at: /wynton/home/rotation/jqmo/.conda/envs/mcsce/lib/python3.7/site-packages/pyrosetta/database; using it....
2026-03-25 22:28:10,539 [INFO] ┌──────────────────────────────────────────────────────────────────────────────┐
│                                 PyRosetta-4                                  │
│              Created in JHU by Sergey Lyskov and PyRosetta Team              │
│              (C) Copyright Rosetta Commons Member Institutions               │
│                                                                              │
│ NOTE: USE OF PyRosetta FOR COMMERCIAL PURPOSES REQUIRE PURCHASE OF A LICENSE │
│         See LICENSE.PyRosetta.md or email license@uw.edu for details         │
└──────────────────────────────────────────────────────────────────────────────┘
PyRosetta-4 2024 [Rosetta PyRosetta4.conda.linux.cxx11thread.serialization.CentOS.python37.Release 2024.39+release.59628fbc5bc09f1221e1642f1f8d157ce49b1410 2024-09-23T07:49:48] retrieved from: http://www.pyrosetta.org
2026-03-25 22:28:10,579 [INFO] Running Backrub on 2vqeN00_6 (5 conformers, 10000 MC steps, kT=0.6)
2026-03-25 22:28:10,803 [INFO] Found rosetta database at: /wynton/home/rotation/jqmo/.conda/envs/mcsce/lib/python3.7/site-packages/pyrosetta/database; using it....
2026-03-25 22:28:10,804 [INFO] ┌──────────────────────────────────────────────────────────────────────────────┐
│                                 PyRosetta-4                                  │
│              Created in JHU by Sergey Lyskov and PyRosetta Team              │
│              (C) Copyright Rosetta Commons Member Institutions               │
│                                                                              │
│ NOTE: USE OF PyRosetta FOR COMMERCIAL PURPOSES REQUIRE PURCHASE OF A LICENSE │
│         See LICENSE.PyRosetta.md or email license@uw.edu for details         │
└──────────────────────────────────────────────────────────────────────────────┘
PyRosetta-4 2024 [Rosetta PyRosetta4.conda.linux.cxx11thread.serialization.CentOS.python37.Release 2024.39+release.59628fbc5bc09f1221e1642f1f8d157ce49b1410 2024-09-23T07:49:48] retrieved from: http://www.pyrosetta.org
2026-03-25 22:28:10,805 [INFO] Found rosetta database at: /wynton/home/rotation/jqmo/.conda/envs/mcsce/lib/python3.7/site-packages/pyrosetta/database; using it....
2026-03-25 22:28:10,806 [INFO] ┌──────────────────────────────────────────────────────────────────────────────┐
│                                 PyRosetta-4                                  │
│              Created in JHU by Sergey Lyskov and PyRosetta Team              │
│              (C) Copyright Rosetta Commons Member Institutions               │
│                                                                              │
│ NOTE: USE OF PyRosetta FOR COMMERCIAL PURPOSES REQUIRE PURCHASE OF A LICENSE │
│         See LICENSE.PyRosetta.md or email license@uw.edu for details         │
└──────────────────────────────────────────────────────────────────────────────┘
PyRosetta-4 2024 [Rosetta PyRosetta4.conda.linux.cxx11thread.serialization.CentOS.python37.Release 2024.39+release.59628fbc5bc09f1221e1642f1f8d157ce49b1410 2024-09-23T07:49:48] retrieved from: http://www.pyrosetta.org
2026-03-25 22:28:10,841 [INFO] Running Backrub on 3sreA00_30 (5 conformers, 10000 MC steps, kT=0.6)
2026-03-25 22:28:10,841 [INFO] Found rosetta database at: /wynton/home/rotation/jqmo/.conda/envs/mcsce/lib/python3.7/site-packages/pyrosetta/database; using it....
2026-03-25 22:28:10,842 [INFO] ┌──────────────────────────────────────────────────────────────────────────────┐
│                                 PyRosetta-4                                  │
│              Created in JHU by Sergey Lyskov and PyRosetta Team              │
│              (C) Copyright Rosetta Commons Member Institutions               │
│                                                                              │
│ NOTE: USE OF PyRosetta FOR COMMERCIAL PURPOSES REQUIRE PURCHASE OF A LICENSE │
│         See LICENSE.PyRosetta.md or email license@uw.edu for details         │
└──────────────────────────────────────────────────────────────────────────────┘
PyRosetta-4 2024 [Rosetta PyRosetta4.conda.linux.cxx11thread.serialization.CentOS.python37.Release 2024.39+release.59628fbc5bc09f1221e1642f1f8d157ce49b1410 2024-09-23T07:49:48] retrieved from: http://www.pyrosetta.org
2026-03-25 22:28:10,848 [INFO] Running Backrub on 3stjA03_13 (5 conformers, 10000 MC steps, kT=0.6)
2026-03-25 22:28:10,873 [INFO] Found rosetta database at: /wynton/home/rotation/jqmo/.conda/envs/mcsce/lib/python3.7/site-packages/pyrosetta/database; using it....
2026-03-25 22:28:10,874 [INFO] ┌──────────────────────────────────────────────────────────────────────────────┐
│                                 PyRosetta-4                                  │
│              Created in JHU by Sergey Lyskov and PyRosetta Team              │
│              (C) Copyright Rosetta Commons Member Institutions               │
│                                                                              │
│ NOTE: USE OF PyRosetta FOR COMMERCIAL PURPOSES REQUIRE PURCHASE OF A LICENSE │
│         See LICENSE.PyRosetta.md or email license@uw.edu for details         │
└──────────────────────────────────────────────────────────────────────────────┘
PyRosetta-4 2024 [Rosetta PyRosetta4.conda.linux.cxx11thread.serialization.CentOS.python37.Release 2024.39+release.59628fbc5bc09f1221e1642f1f8d157ce49b1410 2024-09-23T07:49:48] retrieved from: http://www.pyrosetta.org
2026-03-25 22:28:10,885 [INFO] Running Backrub on 3mkrA00_3 (5 conformers, 10000 MC steps, kT=0.6)
2026-03-25 22:28:10,905 [INFO] Running Backrub on 4ig1A00_19 (5 conformers, 10000 MC steps, kT=0.6)
2026-03-25 22:28:11,045 [INFO] Found rosetta database at: /wynton/home/rotation/jqmo/.conda/envs/mcsce/lib/python3.7/site-packages/pyrosetta/database; using it....
2026-03-25 22:28:11,046 [INFO] ┌──────────────────────────────────────────────────────────────────────────────┐
│                                 PyRosetta-4                                  │
│              Created in JHU by Sergey Lyskov and PyRosetta Team              │
│              (C) Copyright Rosetta Commons Member Institutions               │
│                                                                              │
│ NOTE: USE OF PyRosetta FOR COMMERCIAL PURPOSES REQUIRE PURCHASE OF A LICENSE │
│         See LICENSE.PyRosetta.md or email license@uw.edu for details         │
└──────────────────────────────────────────────────────────────────────────────┘
PyRosetta-4 2024 [Rosetta PyRosetta4.conda.linux.cxx11thread.serialization.CentOS.python37.Release 2024.39+release.59628fbc5bc09f1221e1642f1f8d157ce49b1410 2024-09-23T07:49:48] retrieved from: http://www.pyrosetta.org
2026-03-25 22:28:11,049 [INFO] Found rosetta database at: /wynton/home/rotation/jqmo/.conda/envs/mcsce/lib/python3.7/site-packages/pyrosetta/database; using it....
2026-03-25 22:28:11,050 [INFO] ┌──────────────────────────────────────────────────────────────────────────────┐
│                                 PyRosetta-4                                  │
│              Created in JHU by Sergey Lyskov and PyRosetta Team              │
│              (C) Copyright Rosetta Commons Member Institutions               │
│                                                                              │
│ NOTE: USE OF PyRosetta FOR COMMERCIAL PURPOSES REQUIRE PURCHASE OF A LICENSE │
│         See LICENSE.PyRosetta.md or email license@uw.edu for details         │
└──────────────────────────────────────────────────────────────────────────────┘
PyRosetta-4 2024 [Rosetta PyRosetta4.conda.linux.cxx11thread.serialization.CentOS.python37.Release 2024.39+release.59628fbc5bc09f1221e1642f1f8d157ce49b1410 2024-09-23T07:49:48] retrieved from: http://www.pyrosetta.org
2026-03-25 22:28:11,079 [INFO] Running Backrub on 3wx7A01_4 (5 conformers, 10000 MC steps, kT=0.6)
2026-03-25 22:28:11,094 [INFO] Running Backrub on 1m1jB03_0_reres (5 conformers, 10000 MC steps, kT=0.6)
2026-03-25 22:28:13,390 [INFO] Found rosetta database at: /wynton/home/rotation/jqmo/.conda/envs/mcsce/lib/python3.7/site-packages/pyrosetta/database; using it....
2026-03-25 22:28:13,391 [INFO] ┌──────────────────────────────────────────────────────────────────────────────┐
│                                 PyRosetta-4                                  │
│              Created in JHU by Sergey Lyskov and PyRosetta Team              │
│              (C) Copyright Rosetta Commons Member Institutions               │
│                                                                              │
│ NOTE: USE OF PyRosetta FOR COMMERCIAL PURPOSES REQUIRE PURCHASE OF A LICENSE │
│         See LICENSE.PyRosetta.md or email license@uw.edu for details         │
└──────────────────────────────────────────────────────────────────────────────┘
PyRosetta-4 2024 [Rosetta PyRosetta4.conda.linux.cxx11thread.serialization.CentOS.python37.Release 2024.39+release.59628fbc5bc09f1221e1642f1f8d157ce49b1410 2024-09-23T07:49:48] retrieved from: http://www.pyrosetta.org
2026-03-25 22:28:13,440 [INFO] Running Backrub on 3uk2A02_1 (5 conformers, 10000 MC steps, kT=0.6)
2026-03-25 22:28:14,124 [INFO] Found rosetta database at: /wynton/home/rotation/jqmo/.conda/envs/mcsce/lib/python3.7/site-packages/pyrosetta/database; using it....
2026-03-25 22:28:14,125 [INFO] ┌──────────────────────────────────────────────────────────────────────────────┐
│                                 PyRosetta-4                                  │
│              Created in JHU by Sergey Lyskov and PyRosetta Team              │
│              (C) Copyright Rosetta Commons Member Institutions               │
│                                                                              │
│ NOTE: USE OF PyRosetta FOR COMMERCIAL PURPOSES REQUIRE PURCHASE OF A LICENSE │
│         See LICENSE.PyRosetta.md or email license@uw.edu for details         │
└──────────────────────────────────────────────────────────────────────────────┘
PyRosetta-4 2024 [Rosetta PyRosetta4.conda.linux.cxx11thread.serialization.CentOS.python37.Release 2024.39+release.59628fbc5bc09f1221e1642f1f8d157ce49b1410 2024-09-23T07:49:48] retrieved from: http://www.pyrosetta.org
2026-03-25 22:28:14,159 [INFO] Running Backrub on 5ayvA01_6 (5 conformers, 10000 MC steps, kT=0.6)
2026-03-25 22:28:14,345 [INFO] Found rosetta database at: /wynton/home/rotation/jqmo/.conda/envs/mcsce/lib/python3.7/site-packages/pyrosetta/database; using it....
2026-03-25 22:28:14,346 [INFO] ┌──────────────────────────────────────────────────────────────────────────────┐
│                                 PyRosetta-4                                  │
│              Created in JHU by Sergey Lyskov and PyRosetta Team              │
│              (C) Copyright Rosetta Commons Member Institutions               │
│                                                                              │
│ NOTE: USE OF PyRosetta FOR COMMERCIAL PURPOSES REQUIRE PURCHASE OF A LICENSE │
│         See LICENSE.PyRosetta.md or email license@uw.edu for details         │
└──────────────────────────────────────────────────────────────────────────────┘
PyRosetta-4 2024 [Rosetta PyRosetta4.conda.linux.cxx11thread.serialization.CentOS.python37.Release 2024.39+release.59628fbc5bc09f1221e1642f1f8d157ce49b1410 2024-09-23T07:49:48] retrieved from: http://www.pyrosetta.org
2026-03-25 22:28:14,385 [INFO] Running Backrub on 3jzjA01_18 (5 conformers, 10000 MC steps, kT=0.6)
Traceback (most recent call last):
  File "scripts/run_backrub.py", line 204, in <module>
    main()
  File "scripts/run_backrub.py", line 196, in main
    args.max_angle, args.seed)
  File "scripts/run_backrub.py", line 85, in run_backrub
    protocol.set_mc_kt(kT)
AttributeError: 'pyrosetta.rosetta.protocols.backrub.BackrubProtoco' object has no attribute 'set_mc_kt'
Traceback (most recent call last):
  File "scripts/run_backrub.py", line 204, in <module>
    main()
  File "scripts/run_backrub.py", line 196, in main
    args.max_angle, args.seed)
  File "scripts/run_backrub.py", line 85, in run_backrub
    protocol.set_mc_kt(kT)
AttributeError: 'pyrosetta.rosetta.protocols.backrub.BackrubProtoco' object has no attribute 'set_mc_kt'
Traceback (most recent call last):
  File "scripts/run_backrub.py", line 204, in <module>
    main()
  File "scripts/run_backrub.py", line 196, in main
    args.max_angle, args.seed)
  File "scripts/run_backrub.py", line 85, in run_backrub
    protocol.set_mc_kt(kT)
AttributeError: 'pyrosetta.rosetta.protocols.backrub.BackrubProtoco' object has no attribute 'set_mc_kt'
Traceback (most recent call last):
  File "scripts/run_backrub.py", line 204, in <module>
    main()
  File "scripts/run_backrub.py", line 196, in main
    args.max_angle, args.seed)
  File "scripts/run_backrub.py", line 85, in run_backrub
    protocol.set_mc_kt(kT)
AttributeError: 'pyrosetta.rosetta.protocols.backrub.BackrubProtoco' object has no attribute 'set_mc_kt'
Traceback (most recent call last):
  File "scripts/run_backrub.py", line 204, in <module>
    main()
  File "scripts/run_backrub.py", line 196, in main
    args.max_angle, args.seed)
  File "scripts/run_backrub.py", line 85, in run_backrub
    protocol.set_mc_kt(kT)
AttributeError: 'pyrosetta.rosetta.protocols.backrub.BackrubProtoco' object has no attribute 'set_mc_kt'
Traceback (most recent call last):
  File "scripts/run_backrub.py", line 204, in <module>
    main()
  File "scripts/run_backrub.py", line 196, in main
    args.max_angle, args.seed)
  File "scripts/run_backrub.py", line 85, in run_backrub
    protocol.set_mc_kt(kT)
AttributeError: 'pyrosetta.rosetta.protocols.backrub.BackrubProtoco' object has no attribute 'set_mc_kt'
Traceback (most recent call last):
  File "scripts/run_backrub.py", line 204, in <module>
    main()
  File "scripts/run_backrub.py", line 196, in main
    args.max_angle, args.seed)
  File "scripts/run_backrub.py", line 85, in run_backrub
    protocol.set_mc_kt(kT)
AttributeError: 'pyrosetta.rosetta.protocols.backrub.BackrubProtoco' object has no attribute 'set_mc_kt'
Traceback (most recent call last):
  File "scripts/run_backrub.py", line 204, in <module>
    main()
  File "scripts/run_backrub.py", line 196, in main
    args.max_angle, args.seed)
  File "scripts/run_backrub.py", line 85, in run_backrub
    protocol.set_mc_kt(kT)
AttributeError: 'pyrosetta.rosetta.protocols.backrub.BackrubProtoco' object has no attribute 'set_mc_kt'
Traceback (most recent call last):
  File "scripts/run_backrub.py", line 204, in <module>
    main()
  File "scripts/run_backrub.py", line 196, in main
    args.max_angle, args.seed)
  File "scripts/run_backrub.py", line 85, in run_backrub
    protocol.set_mc_kt(kT)
AttributeError: 'pyrosetta.rosetta.protocols.backrub.BackrubProtoco' object has no attribute 'set_mc_kt'
Traceback (most recent call last):
  File "scripts/run_backrub.py", line 204, in <module>
    main()
  File "scripts/run_backrub.py", line 196, in main
    args.max_angle, args.seed)
  File "scripts/run_backrub.py", line 85, in run_backrub
    protocol.set_mc_kt(kT)
AttributeError: 'pyrosetta.rosetta.protocols.backrub.BackrubProtoco' object has no attribute 'set_mc_kt'
Traceback (most recent call last):
  File "scripts/run_backrub.py", line 204, in <module>
    main()
  File "scripts/run_backrub.py", line 196, in main
    args.max_angle, args.seed)
  File "scripts/run_backrub.py", line 85, in run_backrub
    protocol.set_mc_kt(kT)
AttributeError: 'pyrosetta.rosetta.protocols.backrub.BackrubProtoco' object has no attribute 'set_mc_kt'
Traceback (most recent call last):
  File "scripts/run_backrub.py", line 204, in <module>
    main()
  File "scripts/run_backrub.py", line 196, in main
    args.max_angle, args.seed)
  File "scripts/run_backrub.py", line 85, in run_backrub
    protocol.set_mc_kt(kT)
AttributeError: 'pyrosetta.rosetta.protocols.backrub.BackrubProtoco' object has no attribute 'set_mc_kt'
Traceback (most recent call last):
  File "scripts/run_backrub.py", line 204, in <module>
    main()
  File "scripts/run_backrub.py", line 196, in main
    args.max_angle, args.seed)
  File "scripts/run_backrub.py", line 85, in run_backrub
    protocol.set_mc_kt(kT)
AttributeError: 'pyrosetta.rosetta.protocols.backrub.BackrubProtoco' object has no attribute 'set_mc_kt'
Traceback (most recent call last):
  File "scripts/run_backrub.py", line 204, in <module>
    main()
  File "scripts/run_backrub.py", line 196, in main
    args.max_angle, args.seed)
  File "scripts/run_backrub.py", line 85, in run_backrub
    protocol.set_mc_kt(kT)
AttributeError: 'pyrosetta.rosetta.protocols.backrub.BackrubProtoco' object has no attribute 'set_mc_kt'
Traceback (most recent call last):
  File "scripts/run_backrub.py", line 204, in <module>
    main()
  File "scripts/run_backrub.py", line 196, in main
    args.max_angle, args.seed)
  File "scripts/run_backrub.py", line 85, in run_backrub
    protocol.set_mc_kt(kT)
AttributeError: 'pyrosetta.rosetta.protocols.backrub.BackrubProtoco' object has no attribute 'set_mc_kt'
Traceback (most recent call last):
  File "scripts/run_backrub.py", line 204, in <module>
    main()
  File "scripts/run_backrub.py", line 196, in main
    args.max_angle, args.seed)
  File "scripts/run_backrub.py", line 85, in run_backrub
    protocol.set_mc_kt(kT)
AttributeError: 'pyrosetta.rosetta.protocols.backrub.BackrubProtoco' object has no attribute 'set_mc_kt'
2026-03-25 22:28:17,313 [INFO] Found rosetta database at: /wynton/home/rotation/jqmo/.conda/envs/mcsce/lib/python3.7/site-packages/pyrosetta/database; using it....
2026-03-25 22:28:17,317 [INFO] ┌──────────────────────────────────────────────────────────────────────────────┐
│                                 PyRosetta-4                                  │
│              Created in JHU by Sergey Lyskov and PyRosetta Team              │
│              (C) Copyright Rosetta Commons Member Institutions               │
│                                                                              │
│ NOTE: USE OF PyRosetta FOR COMMERCIAL PURPOSES REQUIRE PURCHASE OF A LICENSE │
│         See LICENSE.PyRosetta.md or email license@uw.edu for details         │
└──────────────────────────────────────────────────────────────────────────────┘
PyRosetta-4 2024 [Rosetta PyRosetta4.conda.linux.cxx11thread.serialization.CentOS.python37.Release 2024.39+release.59628fbc5bc09f1221e1642f1f8d157ce49b1410 2024-09-23T07:49:48] retrieved from: http://www.pyrosetta.org
2026-03-25 22:28:17,350 [INFO] Running Backrub on 1kj6A00_4 (5 conformers, 10000 MC steps, kT=0.6)
Traceback (most recent call last):
  File "scripts/run_backrub.py", line 204, in <module>
    main()
  File "scripts/run_backrub.py", line 196, in main
    args.max_angle, args.seed)
  File "scripts/run_backrub.py", line 85, in run_backrub
    protocol.set_mc_kt(kT)
AttributeError: 'pyrosetta.rosetta.protocols.backrub.BackrubProtoco' object has no attribute 'set_mc_kt'
Traceback (most recent call last):
  File "scripts/run_backrub.py", line 204, in <module>
    main()
  File "scripts/run_backrub.py", line 196, in main
    args.max_angle, args.seed)
  File "scripts/run_backrub.py", line 85, in run_backrub
    protocol.set_mc_kt(kT)
AttributeError: 'pyrosetta.rosetta.protocols.backrub.BackrubProtoco' object has no attribute 'set_mc_kt'
2026-03-25 22:28:17,410 [INFO] Found rosetta database at: /wynton/home/rotation/jqmo/.conda/envs/mcsce/lib/python3.7/site-packages/pyrosetta/database; using it....
2026-03-25 22:28:17,412 [INFO] ┌──────────────────────────────────────────────────────────────────────────────┐
│                                 PyRosetta-4                                  │
│              Created in JHU by Sergey Lyskov and PyRosetta Team              │
│              (C) Copyright Rosetta Commons Member Institutions               │
│                                                                              │
│ NOTE: USE OF PyRosetta FOR COMMERCIAL PURPOSES REQUIRE PURCHASE OF A LICENSE │
│         See LICENSE.PyRosetta.md or email license@uw.edu for details         │
└──────────────────────────────────────────────────────────────────────────────┘
PyRosetta-4 2024 [Rosetta PyRosetta4.conda.linux.cxx11thread.serialization.CentOS.python37.Release 2024.39+release.59628fbc5bc09f1221e1642f1f8d157ce49b1410 2024-09-23T07:49:48] retrieved from: http://www.pyrosetta.org
2026-03-25 22:28:17,464 [INFO] Running Backrub on 2f5xA01_21 (5 conformers, 10000 MC steps, kT=0.6)
2026-03-25 22:28:17,624 [INFO] Found rosetta database at: /wynton/home/rotation/jqmo/.conda/envs/mcsce/lib/python3.7/site-packages/pyrosetta/database; using it....
2026-03-25 22:28:17,625 [INFO] ┌──────────────────────────────────────────────────────────────────────────────┐
│                                 PyRosetta-4                                  │
│              Created in JHU by Sergey Lyskov and PyRosetta Team              │
│              (C) Copyright Rosetta Commons Member Institutions               │
│                                                                              │
│ NOTE: USE OF PyRosetta FOR COMMERCIAL PURPOSES REQUIRE PURCHASE OF A LICENSE │
│         See LICENSE.PyRosetta.md or email license@uw.edu for details         │
└──────────────────────────────────────────────────────────────────────────────┘
PyRosetta-4 2024 [Rosetta PyRosetta4.conda.linux.cxx11thread.serialization.CentOS.python37.Release 2024.39+release.59628fbc5bc09f1221e1642f1f8d157ce49b1410 2024-09-23T07:49:48] retrieved from: http://www.pyrosetta.org
2026-03-25 22:28:17,635 [INFO] Found rosetta database at: /wynton/home/rotation/jqmo/.conda/envs/mcsce/lib/python3.7/site-packages/pyrosetta/database; using it....
2026-03-25 22:28:17,637 [INFO] ┌──────────────────────────────────────────────────────────────────────────────┐
│                                 PyRosetta-4                                  │
│              Created in JHU by Sergey Lyskov and PyRosetta Team              │
│              (C) Copyright Rosetta Commons Member Institutions               │
│                                                                              │
│ NOTE: USE OF PyRosetta FOR COMMERCIAL PURPOSES REQUIRE PURCHASE OF A LICENSE │
│         See LICENSE.PyRosetta.md or email license@uw.edu for details         │
└──────────────────────────────────────────────────────────────────────────────┘
PyRosetta-4 2024 [Rosetta PyRosetta4.conda.linux.cxx11thread.serialization.CentOS.python37.Release 2024.39+release.59628fbc5bc09f1221e1642f1f8d157ce49b1410 2024-09-23T07:49:48] retrieved from: http://www.pyrosetta.org
2026-03-25 22:28:17,638 [INFO] Found rosetta database at: /wynton/home/rotation/jqmo/.conda/envs/mcsce/lib/python3.7/site-packages/pyrosetta/database; using it....
2026-03-25 22:28:17,639 [INFO] ┌──────────────────────────────────────────────────────────────────────────────┐
│                                 PyRosetta-4                                  │
│              Created in JHU by Sergey Lyskov and PyRosetta Team              │
│              (C) Copyright Rosetta Commons Member Institutions               │
│                                                                              │
│ NOTE: USE OF PyRosetta FOR COMMERCIAL PURPOSES REQUIRE PURCHASE OF A LICENSE │
│         See LICENSE.PyRosetta.md or email license@uw.edu for details         │
└──────────────────────────────────────────────────────────────────────────────┘
PyRosetta-4 2024 [Rosetta PyRosetta4.conda.linux.cxx11thread.serialization.CentOS.python37.Release 2024.39+release.59628fbc5bc09f1221e1642f1f8d157ce49b1410 2024-09-23T07:49:48] retrieved from: http://www.pyrosetta.org
2026-03-25 22:28:17,647 [INFO] Running Backrub on 3uogA01_9 (5 conformers, 10000 MC steps, kT=0.6)
2026-03-25 22:28:17,661 [INFO] Running Backrub on 2xotB01_2_reres (5 conformers, 10000 MC steps, kT=0.6)
2026-03-25 22:28:17,668 [INFO] Running Backrub on 4yn3B00_6 (5 conformers, 10000 MC steps, kT=0.6)
Traceback (most recent call last):
  File "scripts/run_backrub.py", line 204, in <module>
    main()
  File "scripts/run_backrub.py", line 196, in main
    args.max_angle, args.seed)
  File "scripts/run_backrub.py", line 85, in run_backrub
    protocol.set_mc_kt(kT)
AttributeError: 'pyrosetta.rosetta.protocols.backrub.BackrubProtoco' object has no attribute 'set_mc_kt'
2026-03-25 22:28:18,063 [INFO] Found rosetta database at: /wynton/home/rotation/jqmo/.conda/envs/mcsce/lib/python3.7/site-packages/pyrosetta/database; using it....
2026-03-25 22:28:18,065 [INFO] ┌──────────────────────────────────────────────────────────────────────────────┐
│                                 PyRosetta-4                                  │
│              Created in JHU by Sergey Lyskov and PyRosetta Team              │
│              (C) Copyright Rosetta Commons Member Institutions               │
│                                                                              │
│ NOTE: USE OF PyRosetta FOR COMMERCIAL PURPOSES REQUIRE PURCHASE OF A LICENSE │
│         See LICENSE.PyRosetta.md or email license@uw.edu for details         │
└──────────────────────────────────────────────────────────────────────────────┘
PyRosetta-4 2024 [Rosetta PyRosetta4.conda.linux.cxx11thread.serialization.CentOS.python37.Release 2024.39+release.59628fbc5bc09f1221e1642f1f8d157ce49b1410 2024-09-23T07:49:48] retrieved from: http://www.pyrosetta.org
2026-03-25 22:28:18,075 [INFO] Found rosetta database at: /wynton/home/rotation/jqmo/.conda/envs/mcsce/lib/python3.7/site-packages/pyrosetta/database; using it....
2026-03-25 22:28:18,076 [INFO] ┌──────────────────────────────────────────────────────────────────────────────┐
│                                 PyRosetta-4                                  │
│              Created in JHU by Sergey Lyskov and PyRosetta Team              │
│              (C) Copyright Rosetta Commons Member Institutions               │
│                                                                              │
│ NOTE: USE OF PyRosetta FOR COMMERCIAL PURPOSES REQUIRE PURCHASE OF A LICENSE │
│         See LICENSE.PyRosetta.md or email license@uw.edu for details         │
└──────────────────────────────────────────────────────────────────────────────┘
PyRosetta-4 2024 [Rosetta PyRosetta4.conda.linux.cxx11thread.serialization.CentOS.python37.Release 2024.39+release.59628fbc5bc09f1221e1642f1f8d157ce49b1410 2024-09-23T07:49:48] retrieved from: http://www.pyrosetta.org
2026-03-25 22:28:18,107 [INFO] Running Backrub on 3s3lA01_4 (5 conformers, 10000 MC steps, kT=0.6)
2026-03-25 22:28:18,117 [INFO] Running Backrub on 4bszB00_23 (5 conformers, 10000 MC steps, kT=0.6)
2026-03-25 22:28:18,164 [INFO] Found rosetta database at: /wynton/home/rotation/jqmo/.conda/envs/mcsce/lib/python3.7/site-packages/pyrosetta/database; using it....
2026-03-25 22:28:18,165 [INFO] ┌──────────────────────────────────────────────────────────────────────────────┐
│                                 PyRosetta-4                                  │
│              Created in JHU by Sergey Lyskov and PyRosetta Team              │
│              (C) Copyright Rosetta Commons Member Institutions               │
│                                                                              │
│ NOTE: USE OF PyRosetta FOR COMMERCIAL PURPOSES REQUIRE PURCHASE OF A LICENSE │
│         See LICENSE.PyRosetta.md or email license@uw.edu for details         │
└──────────────────────────────────────────────────────────────────────────────┘
PyRosetta-4 2024 [Rosetta PyRosetta4.conda.linux.cxx11thread.serialization.CentOS.python37.Release 2024.39+release.59628fbc5bc09f1221e1642f1f8d157ce49b1410 2024-09-23T07:49:48] retrieved from: http://www.pyrosetta.org
2026-03-25 22:28:18,209 [INFO] Running Backrub on 1wtbA00_28 (5 conformers, 10000 MC steps, kT=0.6)
Traceback (most recent call last):
  File "scripts/run_backrub.py", line 204, in <module>
    main()
  File "scripts/run_backrub.py", line 196, in main
    args.max_angle, args.seed)
  File "scripts/run_backrub.py", line 85, in run_backrub
    protocol.set_mc_kt(kT)
AttributeError: 'pyrosetta.rosetta.protocols.backrub.BackrubProtoco' object has no attribute 'set_mc_kt'
Traceback (most recent call last):
  File "scripts/run_backrub.py", line 204, in <module>
    main()
  File "scripts/run_backrub.py", line 196, in main
    args.max_angle, args.seed)
  File "scripts/run_backrub.py", line 85, in run_backrub
    protocol.set_mc_kt(kT)
AttributeError: 'pyrosetta.rosetta.protocols.backrub.BackrubProtoco' object has no attribute 'set_mc_kt'
Traceback (most recent call last):
  File "scripts/run_backrub.py", line 204, in <module>
    main()
  File "scripts/run_backrub.py", line 196, in main
    args.max_angle, args.seed)
  File "scripts/run_backrub.py", line 85, in run_backrub
    protocol.set_mc_kt(kT)
AttributeError: 'pyrosetta.rosetta.protocols.backrub.BackrubProtoco' object has no attribute 'set_mc_kt'
Traceback (most recent call last):
  File "scripts/run_backrub.py", line 204, in <module>
    main()
  File "scripts/run_backrub.py", line 196, in main
    args.max_angle, args.seed)
  File "scripts/run_backrub.py", line 85, in run_backrub
    protocol.set_mc_kt(kT)
AttributeError: 'pyrosetta.rosetta.protocols.backrub.BackrubProtoco' object has no attribute 'set_mc_kt'
Traceback (most recent call last):
  File "scripts/run_backrub.py", line 204, in <module>
    main()
  File "scripts/run_backrub.py", line 196, in main
    args.max_angle, args.seed)
  File "scripts/run_backrub.py", line 85, in run_backrub
    protocol.set_mc_kt(kT)
AttributeError: 'pyrosetta.rosetta.protocols.backrub.BackrubProtoco' object has no attribute 'set_mc_kt'
Traceback (most recent call last):
  File "scripts/run_backrub.py", line 204, in <module>
    main()
  File "scripts/run_backrub.py", line 196, in main
    args.max_angle, args.seed)
  File "scripts/run_backrub.py", line 85, in run_backrub
    protocol.set_mc_kt(kT)
AttributeError: 'pyrosetta.rosetta.protocols.backrub.BackrubProtoco' object has no attribute 'set_mc_kt'
Traceback (most recent call last):
  File "scripts/run_backrub.py", line 204, in <module>
    main()
  File "scripts/run_backrub.py", line 196, in main
    args.max_angle, args.seed)
  File "scripts/run_backrub.py", line 85, in run_backrub
    protocol.set_mc_kt(kT)
AttributeError: 'pyrosetta.rosetta.protocols.backrub.BackrubProtoco' object has no attribute 'set_mc_kt'
Traceback (most recent call last):
  File "scripts/run_backrub.py", line 204, in <module>
    main()
  File "scripts/run_backrub.py", line 196, in main
    args.max_angle, args.seed)
  File "scripts/run_backrub.py", line 85, in run_backrub
    protocol.set_mc_kt(kT)
AttributeError: 'pyrosetta.rosetta.protocols.backrub.BackrubProtoco' object has no attribute 'set_mc_kt'
Traceback (most recent call last):
  File "scripts/run_backrub.py", line 204, in <module>
    main()
  File "scripts/run_backrub.py", line 196, in main
    args.max_angle, args.seed)
  File "scripts/run_backrub.py", line 85, in run_backrub
    protocol.set_mc_kt(kT)
AttributeError: 'pyrosetta.rosetta.protocols.backrub.BackrubProtoco' object has no attribute 'set_mc_kt'
Traceback (most recent call last):
  File "scripts/run_backrub.py", line 204, in <module>
    main()
  File "scripts/run_backrub.py", line 196, in main
    args.max_angle, args.seed)
  File "scripts/run_backrub.py", line 85, in run_backrub
    protocol.set_mc_kt(kT)
AttributeError: 'pyrosetta.rosetta.protocols.backrub.BackrubProtoco' object has no attribute 'set_mc_kt'
Traceback (most recent call last):
  File "scripts/run_backrub.py", line 204, in <module>
    main()
  File "scripts/run_backrub.py", line 196, in main
    args.max_angle, args.seed)
  File "scripts/run_backrub.py", line 85, in run_backrub
    protocol.set_mc_kt(kT)
AttributeError: 'pyrosetta.rosetta.protocols.backrub.BackrubProtoco' object has no attribute 'set_mc_kt'
