2026-03-27 16:43:13,044 [INFO] Found rosetta database at: /wynton/home/rotation/jqmo/.conda/envs/mcsce/lib/python3.7/site-packages/pyrosetta/database; using it....
2026-03-27 16:43:13,045 [INFO] ┌──────────────────────────────────────────────────────────────────────────────┐
│                                 PyRosetta-4                                  │
│              Created in JHU by Sergey Lyskov and PyRosetta Team              │
│              (C) Copyright Rosetta Commons Member Institutions               │
│                                                                              │
│ NOTE: USE OF PyRosetta FOR COMMERCIAL PURPOSES REQUIRE PURCHASE OF A LICENSE │
│         See LICENSE.PyRosetta.md or email license@uw.edu for details         │
└──────────────────────────────────────────────────────────────────────────────┘
PyRosetta-4 2024 [Rosetta PyRosetta4.conda.linux.cxx11thread.serialization.CentOS.python37.Release 2024.39+release.59628fbc5bc09f1221e1642f1f8d157ce49b1410 2024-09-23T07:49:48] retrieved from: http://www.pyrosetta.org
2026-03-27 16:43:13,050 [INFO] Found rosetta database at: /wynton/home/rotation/jqmo/.conda/envs/mcsce/lib/python3.7/site-packages/pyrosetta/database; using it....
2026-03-27 16:43:13,051 [INFO] ┌──────────────────────────────────────────────────────────────────────────────┐
│                                 PyRosetta-4                                  │
│              Created in JHU by Sergey Lyskov and PyRosetta Team              │
│              (C) Copyright Rosetta Commons Member Institutions               │
│                                                                              │
│ NOTE: USE OF PyRosetta FOR COMMERCIAL PURPOSES REQUIRE PURCHASE OF A LICENSE │
│         See LICENSE.PyRosetta.md or email license@uw.edu for details         │
└──────────────────────────────────────────────────────────────────────────────┘
PyRosetta-4 2024 [Rosetta PyRosetta4.conda.linux.cxx11thread.serialization.CentOS.python37.Release 2024.39+release.59628fbc5bc09f1221e1642f1f8d157ce49b1410 2024-09-23T07:49:48] retrieved from: http://www.pyrosetta.org
2026-03-27 16:43:13,098 [INFO] Found rosetta database at: /wynton/home/rotation/jqmo/.conda/envs/mcsce/lib/python3.7/site-packages/pyrosetta/database; using it....
2026-03-27 16:43:13,099 [INFO] ┌──────────────────────────────────────────────────────────────────────────────┐
│                                 PyRosetta-4                                  │
│              Created in JHU by Sergey Lyskov and PyRosetta Team              │
│              (C) Copyright Rosetta Commons Member Institutions               │
│                                                                              │
│ NOTE: USE OF PyRosetta FOR COMMERCIAL PURPOSES REQUIRE PURCHASE OF A LICENSE │
│         See LICENSE.PyRosetta.md or email license@uw.edu for details         │
└──────────────────────────────────────────────────────────────────────────────┘
PyRosetta-4 2024 [Rosetta PyRosetta4.conda.linux.cxx11thread.serialization.CentOS.python37.Release 2024.39+release.59628fbc5bc09f1221e1642f1f8d157ce49b1410 2024-09-23T07:49:48] retrieved from: http://www.pyrosetta.org
2026-03-27 16:43:13,221 [INFO] Found rosetta database at: /wynton/home/rotation/jqmo/.conda/envs/mcsce/lib/python3.7/site-packages/pyrosetta/database; using it....
2026-03-27 16:43:13,222 [INFO] ┌──────────────────────────────────────────────────────────────────────────────┐
│                                 PyRosetta-4                                  │
│              Created in JHU by Sergey Lyskov and PyRosetta Team              │
│              (C) Copyright Rosetta Commons Member Institutions               │
│                                                                              │
│ NOTE: USE OF PyRosetta FOR COMMERCIAL PURPOSES REQUIRE PURCHASE OF A LICENSE │
│         See LICENSE.PyRosetta.md or email license@uw.edu for details         │
└──────────────────────────────────────────────────────────────────────────────┘
PyRosetta-4 2024 [Rosetta PyRosetta4.conda.linux.cxx11thread.serialization.CentOS.python37.Release 2024.39+release.59628fbc5bc09f1221e1642f1f8d157ce49b1410 2024-09-23T07:49:48] retrieved from: http://www.pyrosetta.org
2026-03-27 16:43:13,252 [INFO] Found rosetta database at: /wynton/home/rotation/jqmo/.conda/envs/mcsce/lib/python3.7/site-packages/pyrosetta/database; using it....
2026-03-27 16:43:13,253 [INFO] ┌──────────────────────────────────────────────────────────────────────────────┐
│                                 PyRosetta-4                                  │
│              Created in JHU by Sergey Lyskov and PyRosetta Team              │
│              (C) Copyright Rosetta Commons Member Institutions               │
│                                                                              │
│ NOTE: USE OF PyRosetta FOR COMMERCIAL PURPOSES REQUIRE PURCHASE OF A LICENSE │
│         See LICENSE.PyRosetta.md or email license@uw.edu for details         │
└──────────────────────────────────────────────────────────────────────────────┘
PyRosetta-4 2024 [Rosetta PyRosetta4.conda.linux.cxx11thread.serialization.CentOS.python37.Release 2024.39+release.59628fbc5bc09f1221e1642f1f8d157ce49b1410 2024-09-23T07:49:48] retrieved from: http://www.pyrosetta.org
2026-03-27 16:43:13,331 [INFO] Found rosetta database at: /wynton/home/rotation/jqmo/.conda/envs/mcsce/lib/python3.7/site-packages/pyrosetta/database; using it....
2026-03-27 16:43:13,332 [INFO] ┌──────────────────────────────────────────────────────────────────────────────┐
│                                 PyRosetta-4                                  │
│              Created in JHU by Sergey Lyskov and PyRosetta Team              │
│              (C) Copyright Rosetta Commons Member Institutions               │
│                                                                              │
│ NOTE: USE OF PyRosetta FOR COMMERCIAL PURPOSES REQUIRE PURCHASE OF A LICENSE │
│         See LICENSE.PyRosetta.md or email license@uw.edu for details         │
└──────────────────────────────────────────────────────────────────────────────┘
PyRosetta-4 2024 [Rosetta PyRosetta4.conda.linux.cxx11thread.serialization.CentOS.python37.Release 2024.39+release.59628fbc5bc09f1221e1642f1f8d157ce49b1410 2024-09-23T07:49:48] retrieved from: http://www.pyrosetta.org
2026-03-27 16:43:13,352 [INFO] Found rosetta database at: /wynton/home/rotation/jqmo/.conda/envs/mcsce/lib/python3.7/site-packages/pyrosetta/database; using it....
2026-03-27 16:43:13,353 [INFO] ┌──────────────────────────────────────────────────────────────────────────────┐
│                                 PyRosetta-4                                  │
│              Created in JHU by Sergey Lyskov and PyRosetta Team              │
│              (C) Copyright Rosetta Commons Member Institutions               │
│                                                                              │
│ NOTE: USE OF PyRosetta FOR COMMERCIAL PURPOSES REQUIRE PURCHASE OF A LICENSE │
│         See LICENSE.PyRosetta.md or email license@uw.edu for details         │
└──────────────────────────────────────────────────────────────────────────────┘
PyRosetta-4 2024 [Rosetta PyRosetta4.conda.linux.cxx11thread.serialization.CentOS.python37.Release 2024.39+release.59628fbc5bc09f1221e1642f1f8d157ce49b1410 2024-09-23T07:49:48] retrieved from: http://www.pyrosetta.org
2026-03-27 16:43:13,387 [INFO] Found rosetta database at: /wynton/home/rotation/jqmo/.conda/envs/mcsce/lib/python3.7/site-packages/pyrosetta/database; using it....
2026-03-27 16:43:13,389 [INFO] ┌──────────────────────────────────────────────────────────────────────────────┐
│                                 PyRosetta-4                                  │
│              Created in JHU by Sergey Lyskov and PyRosetta Team              │
│              (C) Copyright Rosetta Commons Member Institutions               │
│                                                                              │
│ NOTE: USE OF PyRosetta FOR COMMERCIAL PURPOSES REQUIRE PURCHASE OF A LICENSE │
│         See LICENSE.PyRosetta.md or email license@uw.edu for details         │
└──────────────────────────────────────────────────────────────────────────────┘
PyRosetta-4 2024 [Rosetta PyRosetta4.conda.linux.cxx11thread.serialization.CentOS.python37.Release 2024.39+release.59628fbc5bc09f1221e1642f1f8d157ce49b1410 2024-09-23T07:49:48] retrieved from: http://www.pyrosetta.org
2026-03-27 16:43:13,553 [INFO] Found rosetta database at: /wynton/home/rotation/jqmo/.conda/envs/mcsce/lib/python3.7/site-packages/pyrosetta/database; using it....
2026-03-27 16:43:13,554 [INFO] ┌──────────────────────────────────────────────────────────────────────────────┐
│                                 PyRosetta-4                                  │
│              Created in JHU by Sergey Lyskov and PyRosetta Team              │
│              (C) Copyright Rosetta Commons Member Institutions               │
│                                                                              │
│ NOTE: USE OF PyRosetta FOR COMMERCIAL PURPOSES REQUIRE PURCHASE OF A LICENSE │
│         See LICENSE.PyRosetta.md or email license@uw.edu for details         │
└──────────────────────────────────────────────────────────────────────────────┘
PyRosetta-4 2024 [Rosetta PyRosetta4.conda.linux.cxx11thread.serialization.CentOS.python37.Release 2024.39+release.59628fbc5bc09f1221e1642f1f8d157ce49b1410 2024-09-23T07:49:48] retrieved from: http://www.pyrosetta.org
2026-03-27 16:43:13,687 [INFO] Found rosetta database at: /wynton/home/rotation/jqmo/.conda/envs/mcsce/lib/python3.7/site-packages/pyrosetta/database; using it....
2026-03-27 16:43:13,688 [INFO] ┌──────────────────────────────────────────────────────────────────────────────┐
│                                 PyRosetta-4                                  │
│              Created in JHU by Sergey Lyskov and PyRosetta Team              │
│              (C) Copyright Rosetta Commons Member Institutions               │
│                                                                              │
│ NOTE: USE OF PyRosetta FOR COMMERCIAL PURPOSES REQUIRE PURCHASE OF A LICENSE │
│         See LICENSE.PyRosetta.md or email license@uw.edu for details         │
└──────────────────────────────────────────────────────────────────────────────┘
PyRosetta-4 2024 [Rosetta PyRosetta4.conda.linux.cxx11thread.serialization.CentOS.python37.Release 2024.39+release.59628fbc5bc09f1221e1642f1f8d157ce49b1410 2024-09-23T07:49:48] retrieved from: http://www.pyrosetta.org
2026-03-27 16:43:13,748 [INFO] Found rosetta database at: /wynton/home/rotation/jqmo/.conda/envs/mcsce/lib/python3.7/site-packages/pyrosetta/database; using it....
2026-03-27 16:43:13,749 [INFO] ┌──────────────────────────────────────────────────────────────────────────────┐
│                                 PyRosetta-4                                  │
│              Created in JHU by Sergey Lyskov and PyRosetta Team              │
│              (C) Copyright Rosetta Commons Member Institutions               │
│                                                                              │
│ NOTE: USE OF PyRosetta FOR COMMERCIAL PURPOSES REQUIRE PURCHASE OF A LICENSE │
│         See LICENSE.PyRosetta.md or email license@uw.edu for details         │
└──────────────────────────────────────────────────────────────────────────────┘
PyRosetta-4 2024 [Rosetta PyRosetta4.conda.linux.cxx11thread.serialization.CentOS.python37.Release 2024.39+release.59628fbc5bc09f1221e1642f1f8d157ce49b1410 2024-09-23T07:49:48] retrieved from: http://www.pyrosetta.org
2026-03-27 16:43:13,983 [INFO] Found rosetta database at: /wynton/home/rotation/jqmo/.conda/envs/mcsce/lib/python3.7/site-packages/pyrosetta/database; using it....
2026-03-27 16:43:13,984 [INFO] ┌──────────────────────────────────────────────────────────────────────────────┐
│                                 PyRosetta-4                                  │
│              Created in JHU by Sergey Lyskov and PyRosetta Team              │
│              (C) Copyright Rosetta Commons Member Institutions               │
│                                                                              │
│ NOTE: USE OF PyRosetta FOR COMMERCIAL PURPOSES REQUIRE PURCHASE OF A LICENSE │
│         See LICENSE.PyRosetta.md or email license@uw.edu for details         │
└──────────────────────────────────────────────────────────────────────────────┘
PyRosetta-4 2024 [Rosetta PyRosetta4.conda.linux.cxx11thread.serialization.CentOS.python37.Release 2024.39+release.59628fbc5bc09f1221e1642f1f8d157ce49b1410 2024-09-23T07:49:48] retrieved from: http://www.pyrosetta.org
2026-03-27 16:43:14,128 [INFO] Found rosetta database at: /wynton/home/rotation/jqmo/.conda/envs/mcsce/lib/python3.7/site-packages/pyrosetta/database; using it....
2026-03-27 16:43:14,129 [INFO] ┌──────────────────────────────────────────────────────────────────────────────┐
│                                 PyRosetta-4                                  │
│              Created in JHU by Sergey Lyskov and PyRosetta Team              │
│              (C) Copyright Rosetta Commons Member Institutions               │
│                                                                              │
│ NOTE: USE OF PyRosetta FOR COMMERCIAL PURPOSES REQUIRE PURCHASE OF A LICENSE │
│         See LICENSE.PyRosetta.md or email license@uw.edu for details         │
└──────────────────────────────────────────────────────────────────────────────┘
PyRosetta-4 2024 [Rosetta PyRosetta4.conda.linux.cxx11thread.serialization.CentOS.python37.Release 2024.39+release.59628fbc5bc09f1221e1642f1f8d157ce49b1410 2024-09-23T07:49:48] retrieved from: http://www.pyrosetta.org
2026-03-27 16:43:14,328 [INFO] Found rosetta database at: /wynton/home/rotation/jqmo/.conda/envs/mcsce/lib/python3.7/site-packages/pyrosetta/database; using it....
2026-03-27 16:43:14,329 [INFO] ┌──────────────────────────────────────────────────────────────────────────────┐
│                                 PyRosetta-4                                  │
│              Created in JHU by Sergey Lyskov and PyRosetta Team              │
│              (C) Copyright Rosetta Commons Member Institutions               │
│                                                                              │
│ NOTE: USE OF PyRosetta FOR COMMERCIAL PURPOSES REQUIRE PURCHASE OF A LICENSE │
│         See LICENSE.PyRosetta.md or email license@uw.edu for details         │
└──────────────────────────────────────────────────────────────────────────────┘
PyRosetta-4 2024 [Rosetta PyRosetta4.conda.linux.cxx11thread.serialization.CentOS.python37.Release 2024.39+release.59628fbc5bc09f1221e1642f1f8d157ce49b1410 2024-09-23T07:49:48] retrieved from: http://www.pyrosetta.org
2026-03-27 16:43:14,571 [INFO] Found rosetta database at: /wynton/home/rotation/jqmo/.conda/envs/mcsce/lib/python3.7/site-packages/pyrosetta/database; using it....
2026-03-27 16:43:14,573 [INFO] ┌──────────────────────────────────────────────────────────────────────────────┐
│                                 PyRosetta-4                                  │
│              Created in JHU by Sergey Lyskov and PyRosetta Team              │
│              (C) Copyright Rosetta Commons Member Institutions               │
│                                                                              │
│ NOTE: USE OF PyRosetta FOR COMMERCIAL PURPOSES REQUIRE PURCHASE OF A LICENSE │
│         See LICENSE.PyRosetta.md or email license@uw.edu for details         │
└──────────────────────────────────────────────────────────────────────────────┘
PyRosetta-4 2024 [Rosetta PyRosetta4.conda.linux.cxx11thread.serialization.CentOS.python37.Release 2024.39+release.59628fbc5bc09f1221e1642f1f8d157ce49b1410 2024-09-23T07:49:48] retrieved from: http://www.pyrosetta.org
2026-03-27 16:43:14,650 [INFO] Found rosetta database at: /wynton/home/rotation/jqmo/.conda/envs/mcsce/lib/python3.7/site-packages/pyrosetta/database; using it....
2026-03-27 16:43:14,651 [INFO] ┌──────────────────────────────────────────────────────────────────────────────┐
│                                 PyRosetta-4                                  │
│              Created in JHU by Sergey Lyskov and PyRosetta Team              │
│              (C) Copyright Rosetta Commons Member Institutions               │
│                                                                              │
│ NOTE: USE OF PyRosetta FOR COMMERCIAL PURPOSES REQUIRE PURCHASE OF A LICENSE │
│         See LICENSE.PyRosetta.md or email license@uw.edu for details         │
└──────────────────────────────────────────────────────────────────────────────┘
PyRosetta-4 2024 [Rosetta PyRosetta4.conda.linux.cxx11thread.serialization.CentOS.python37.Release 2024.39+release.59628fbc5bc09f1221e1642f1f8d157ce49b1410 2024-09-23T07:49:48] retrieved from: http://www.pyrosetta.org
2026-03-27 16:43:14,933 [INFO] Found rosetta database at: /wynton/home/rotation/jqmo/.conda/envs/mcsce/lib/python3.7/site-packages/pyrosetta/database; using it....
2026-03-27 16:43:14,934 [INFO] ┌──────────────────────────────────────────────────────────────────────────────┐
│                                 PyRosetta-4                                  │
│              Created in JHU by Sergey Lyskov and PyRosetta Team              │
│              (C) Copyright Rosetta Commons Member Institutions               │
│                                                                              │
│ NOTE: USE OF PyRosetta FOR COMMERCIAL PURPOSES REQUIRE PURCHASE OF A LICENSE │
│         See LICENSE.PyRosetta.md or email license@uw.edu for details         │
└──────────────────────────────────────────────────────────────────────────────┘
PyRosetta-4 2024 [Rosetta PyRosetta4.conda.linux.cxx11thread.serialization.CentOS.python37.Release 2024.39+release.59628fbc5bc09f1221e1642f1f8d157ce49b1410 2024-09-23T07:49:48] retrieved from: http://www.pyrosetta.org
2026-03-27 16:43:14,988 [INFO] Found rosetta database at: /wynton/home/rotation/jqmo/.conda/envs/mcsce/lib/python3.7/site-packages/pyrosetta/database; using it....
2026-03-27 16:43:14,989 [INFO] ┌──────────────────────────────────────────────────────────────────────────────┐
│                                 PyRosetta-4                                  │
│              Created in JHU by Sergey Lyskov and PyRosetta Team              │
│              (C) Copyright Rosetta Commons Member Institutions               │
│                                                                              │
│ NOTE: USE OF PyRosetta FOR COMMERCIAL PURPOSES REQUIRE PURCHASE OF A LICENSE │
│         See LICENSE.PyRosetta.md or email license@uw.edu for details         │
└──────────────────────────────────────────────────────────────────────────────┘
PyRosetta-4 2024 [Rosetta PyRosetta4.conda.linux.cxx11thread.serialization.CentOS.python37.Release 2024.39+release.59628fbc5bc09f1221e1642f1f8d157ce49b1410 2024-09-23T07:49:48] retrieved from: http://www.pyrosetta.org
2026-03-27 16:43:15,196 [INFO] Found rosetta database at: /wynton/home/rotation/jqmo/.conda/envs/mcsce/lib/python3.7/site-packages/pyrosetta/database; using it....
2026-03-27 16:43:15,197 [INFO] ┌──────────────────────────────────────────────────────────────────────────────┐
│                                 PyRosetta-4                                  │
│              Created in JHU by Sergey Lyskov and PyRosetta Team              │
│              (C) Copyright Rosetta Commons Member Institutions               │
│                                                                              │
│ NOTE: USE OF PyRosetta FOR COMMERCIAL PURPOSES REQUIRE PURCHASE OF A LICENSE │
│         See LICENSE.PyRosetta.md or email license@uw.edu for details         │
└──────────────────────────────────────────────────────────────────────────────┘
PyRosetta-4 2024 [Rosetta PyRosetta4.conda.linux.cxx11thread.serialization.CentOS.python37.Release 2024.39+release.59628fbc5bc09f1221e1642f1f8d157ce49b1410 2024-09-23T07:49:48] retrieved from: http://www.pyrosetta.org
2026-03-27 16:43:15,463 [INFO] Found rosetta database at: /wynton/home/rotation/jqmo/.conda/envs/mcsce/lib/python3.7/site-packages/pyrosetta/database; using it....
2026-03-27 16:43:15,464 [INFO] ┌──────────────────────────────────────────────────────────────────────────────┐
│                                 PyRosetta-4                                  │
│              Created in JHU by Sergey Lyskov and PyRosetta Team              │
│              (C) Copyright Rosetta Commons Member Institutions               │
│                                                                              │
│ NOTE: USE OF PyRosetta FOR COMMERCIAL PURPOSES REQUIRE PURCHASE OF A LICENSE │
│         See LICENSE.PyRosetta.md or email license@uw.edu for details         │
└──────────────────────────────────────────────────────────────────────────────┘
PyRosetta-4 2024 [Rosetta PyRosetta4.conda.linux.cxx11thread.serialization.CentOS.python37.Release 2024.39+release.59628fbc5bc09f1221e1642f1f8d157ce49b1410 2024-09-23T07:49:48] retrieved from: http://www.pyrosetta.org
2026-03-27 16:43:15,661 [INFO] Found rosetta database at: /wynton/home/rotation/jqmo/.conda/envs/mcsce/lib/python3.7/site-packages/pyrosetta/database; using it....
2026-03-27 16:43:15,662 [INFO] ┌──────────────────────────────────────────────────────────────────────────────┐
│                                 PyRosetta-4                                  │
│              Created in JHU by Sergey Lyskov and PyRosetta Team              │
│              (C) Copyright Rosetta Commons Member Institutions               │
│                                                                              │
│ NOTE: USE OF PyRosetta FOR COMMERCIAL PURPOSES REQUIRE PURCHASE OF A LICENSE │
│         See LICENSE.PyRosetta.md or email license@uw.edu for details         │
└──────────────────────────────────────────────────────────────────────────────┘
PyRosetta-4 2024 [Rosetta PyRosetta4.conda.linux.cxx11thread.serialization.CentOS.python37.Release 2024.39+release.59628fbc5bc09f1221e1642f1f8d157ce49b1410 2024-09-23T07:49:48] retrieved from: http://www.pyrosetta.org
2026-03-27 16:43:15,683 [INFO] Found rosetta database at: /wynton/home/rotation/jqmo/.conda/envs/mcsce/lib/python3.7/site-packages/pyrosetta/database; using it....
2026-03-27 16:43:15,684 [INFO] ┌──────────────────────────────────────────────────────────────────────────────┐
│                                 PyRosetta-4                                  │
│              Created in JHU by Sergey Lyskov and PyRosetta Team              │
│              (C) Copyright Rosetta Commons Member Institutions               │
│                                                                              │
│ NOTE: USE OF PyRosetta FOR COMMERCIAL PURPOSES REQUIRE PURCHASE OF A LICENSE │
│         See LICENSE.PyRosetta.md or email license@uw.edu for details         │
└──────────────────────────────────────────────────────────────────────────────┘
PyRosetta-4 2024 [Rosetta PyRosetta4.conda.linux.cxx11thread.serialization.CentOS.python37.Release 2024.39+release.59628fbc5bc09f1221e1642f1f8d157ce49b1410 2024-09-23T07:49:48] retrieved from: http://www.pyrosetta.org
2026-03-27 16:43:15,783 [INFO] Found rosetta database at: /wynton/home/rotation/jqmo/.conda/envs/mcsce/lib/python3.7/site-packages/pyrosetta/database; using it....
2026-03-27 16:43:15,784 [INFO] ┌──────────────────────────────────────────────────────────────────────────────┐
│                                 PyRosetta-4                                  │
│              Created in JHU by Sergey Lyskov and PyRosetta Team              │
│              (C) Copyright Rosetta Commons Member Institutions               │
│                                                                              │
│ NOTE: USE OF PyRosetta FOR COMMERCIAL PURPOSES REQUIRE PURCHASE OF A LICENSE │
│         See LICENSE.PyRosetta.md or email license@uw.edu for details         │
└──────────────────────────────────────────────────────────────────────────────┘
PyRosetta-4 2024 [Rosetta PyRosetta4.conda.linux.cxx11thread.serialization.CentOS.python37.Release 2024.39+release.59628fbc5bc09f1221e1642f1f8d157ce49b1410 2024-09-23T07:49:48] retrieved from: http://www.pyrosetta.org
2026-03-27 16:43:15,793 [INFO] Found rosetta database at: /wynton/home/rotation/jqmo/.conda/envs/mcsce/lib/python3.7/site-packages/pyrosetta/database; using it....
2026-03-27 16:43:15,794 [INFO] ┌──────────────────────────────────────────────────────────────────────────────┐
│                                 PyRosetta-4                                  │
│              Created in JHU by Sergey Lyskov and PyRosetta Team              │
│              (C) Copyright Rosetta Commons Member Institutions               │
│                                                                              │
│ NOTE: USE OF PyRosetta FOR COMMERCIAL PURPOSES REQUIRE PURCHASE OF A LICENSE │
│         See LICENSE.PyRosetta.md or email license@uw.edu for details         │
└──────────────────────────────────────────────────────────────────────────────┘
PyRosetta-4 2024 [Rosetta PyRosetta4.conda.linux.cxx11thread.serialization.CentOS.python37.Release 2024.39+release.59628fbc5bc09f1221e1642f1f8d157ce49b1410 2024-09-23T07:49:48] retrieved from: http://www.pyrosetta.org
2026-03-27 16:43:15,815 [INFO] Found rosetta database at: /wynton/home/rotation/jqmo/.conda/envs/mcsce/lib/python3.7/site-packages/pyrosetta/database; using it....
2026-03-27 16:43:15,816 [INFO] ┌──────────────────────────────────────────────────────────────────────────────┐
│                                 PyRosetta-4                                  │
│              Created in JHU by Sergey Lyskov and PyRosetta Team              │
│              (C) Copyright Rosetta Commons Member Institutions               │
│                                                                              │
│ NOTE: USE OF PyRosetta FOR COMMERCIAL PURPOSES REQUIRE PURCHASE OF A LICENSE │
│         See LICENSE.PyRosetta.md or email license@uw.edu for details         │
└──────────────────────────────────────────────────────────────────────────────┘
PyRosetta-4 2024 [Rosetta PyRosetta4.conda.linux.cxx11thread.serialization.CentOS.python37.Release 2024.39+release.59628fbc5bc09f1221e1642f1f8d157ce49b1410 2024-09-23T07:49:48] retrieved from: http://www.pyrosetta.org
2026-03-27 16:43:15,938 [INFO] Found rosetta database at: /wynton/home/rotation/jqmo/.conda/envs/mcsce/lib/python3.7/site-packages/pyrosetta/database; using it....
2026-03-27 16:43:15,939 [INFO] ┌──────────────────────────────────────────────────────────────────────────────┐
│                                 PyRosetta-4                                  │
│              Created in JHU by Sergey Lyskov and PyRosetta Team              │
│              (C) Copyright Rosetta Commons Member Institutions               │
│                                                                              │
│ NOTE: USE OF PyRosetta FOR COMMERCIAL PURPOSES REQUIRE PURCHASE OF A LICENSE │
│         See LICENSE.PyRosetta.md or email license@uw.edu for details         │
└──────────────────────────────────────────────────────────────────────────────┘
PyRosetta-4 2024 [Rosetta PyRosetta4.conda.linux.cxx11thread.serialization.CentOS.python37.Release 2024.39+release.59628fbc5bc09f1221e1642f1f8d157ce49b1410 2024-09-23T07:49:48] retrieved from: http://www.pyrosetta.org
2026-03-27 16:43:15,962 [INFO] Found rosetta database at: /wynton/home/rotation/jqmo/.conda/envs/mcsce/lib/python3.7/site-packages/pyrosetta/database; using it....
2026-03-27 16:43:15,963 [INFO] ┌──────────────────────────────────────────────────────────────────────────────┐
│                                 PyRosetta-4                                  │
│              Created in JHU by Sergey Lyskov and PyRosetta Team              │
│              (C) Copyright Rosetta Commons Member Institutions               │
│                                                                              │
│ NOTE: USE OF PyRosetta FOR COMMERCIAL PURPOSES REQUIRE PURCHASE OF A LICENSE │
│         See LICENSE.PyRosetta.md or email license@uw.edu for details         │
└──────────────────────────────────────────────────────────────────────────────┘
PyRosetta-4 2024 [Rosetta PyRosetta4.conda.linux.cxx11thread.serialization.CentOS.python37.Release 2024.39+release.59628fbc5bc09f1221e1642f1f8d157ce49b1410 2024-09-23T07:49:48] retrieved from: http://www.pyrosetta.org
2026-03-27 16:43:16,055 [INFO] Found rosetta database at: /wynton/home/rotation/jqmo/.conda/envs/mcsce/lib/python3.7/site-packages/pyrosetta/database; using it....
2026-03-27 16:43:16,056 [INFO] ┌──────────────────────────────────────────────────────────────────────────────┐
│                                 PyRosetta-4                                  │
│              Created in JHU by Sergey Lyskov and PyRosetta Team              │
│              (C) Copyright Rosetta Commons Member Institutions               │
│                                                                              │
│ NOTE: USE OF PyRosetta FOR COMMERCIAL PURPOSES REQUIRE PURCHASE OF A LICENSE │
│         See LICENSE.PyRosetta.md or email license@uw.edu for details         │
└──────────────────────────────────────────────────────────────────────────────┘
PyRosetta-4 2024 [Rosetta PyRosetta4.conda.linux.cxx11thread.serialization.CentOS.python37.Release 2024.39+release.59628fbc5bc09f1221e1642f1f8d157ce49b1410 2024-09-23T07:49:48] retrieved from: http://www.pyrosetta.org
2026-03-27 16:43:16,106 [INFO] Found rosetta database at: /wynton/home/rotation/jqmo/.conda/envs/mcsce/lib/python3.7/site-packages/pyrosetta/database; using it....
2026-03-27 16:43:16,107 [INFO] ┌──────────────────────────────────────────────────────────────────────────────┐
│                                 PyRosetta-4                                  │
│              Created in JHU by Sergey Lyskov and PyRosetta Team              │
│              (C) Copyright Rosetta Commons Member Institutions               │
│                                                                              │
│ NOTE: USE OF PyRosetta FOR COMMERCIAL PURPOSES REQUIRE PURCHASE OF A LICENSE │
│         See LICENSE.PyRosetta.md or email license@uw.edu for details         │
└──────────────────────────────────────────────────────────────────────────────┘
PyRosetta-4 2024 [Rosetta PyRosetta4.conda.linux.cxx11thread.serialization.CentOS.python37.Release 2024.39+release.59628fbc5bc09f1221e1642f1f8d157ce49b1410 2024-09-23T07:49:48] retrieved from: http://www.pyrosetta.org
2026-03-27 16:43:17,458 [INFO] Preprocessing 2vgmA01_1: initial score 4013.8
2026-03-27 16:43:17,471 [INFO] Preprocessing 4bszB00_23: initial score -0.7
2026-03-27 16:43:17,584 [INFO] Preprocessing 2f76X00_3_reres: initial score 1319.1
2026-03-27 16:43:17,700 [INFO] Preprocessing 2xotB01_2_reres: initial score -34.7
2026-03-27 16:43:17,766 [INFO] Preprocessing 3uogA01_9: initial score 635.5
2026-03-27 16:43:17,921 [INFO] Preprocessing 3wx7A01_4: initial score 5329.4
2026-03-27 16:43:18,002 [INFO] Preprocessing 1wtbA00_28: initial score 318.4
2026-03-27 16:43:18,061 [INFO] Preprocessing 1kj6A00_4: initial score 295.7
2026-03-27 16:43:18,432 [INFO] Found rosetta database at: /wynton/home/rotation/jqmo/.conda/envs/mcsce/lib/python3.7/site-packages/pyrosetta/database; using it....
2026-03-27 16:43:18,433 [INFO] ┌──────────────────────────────────────────────────────────────────────────────┐
│                                 PyRosetta-4                                  │
│              Created in JHU by Sergey Lyskov and PyRosetta Team              │
│              (C) Copyright Rosetta Commons Member Institutions               │
│                                                                              │
│ NOTE: USE OF PyRosetta FOR COMMERCIAL PURPOSES REQUIRE PURCHASE OF A LICENSE │
│         See LICENSE.PyRosetta.md or email license@uw.edu for details         │
└──────────────────────────────────────────────────────────────────────────────┘
PyRosetta-4 2024 [Rosetta PyRosetta4.conda.linux.cxx11thread.serialization.CentOS.python37.Release 2024.39+release.59628fbc5bc09f1221e1642f1f8d157ce49b1410 2024-09-23T07:49:48] retrieved from: http://www.pyrosetta.org
2026-03-27 16:43:18,443 [INFO] Preprocessing 3sreA00_30: initial score 457.3
2026-03-27 16:43:18,698 [INFO]   Post-idealize: 438.3
2026-03-27 16:43:18,852 [INFO] Preprocessing 4ig1A00_19: initial score 597.0
2026-03-27 16:43:18,853 [INFO]   Post-repack: 322.4
2026-03-27 16:43:18,867 [INFO] Preprocessing 3jzjA01_18: initial score 616.8
2026-03-27 16:43:18,919 [INFO]   Post-minimize (chi only): 302.6
2026-03-27 16:43:19,497 [INFO] Preprocessing 4b79B00_15_reres: initial score -79.2
2026-03-27 16:43:19,502 [INFO] Preprocessing 1vjqA00_26: initial score 107.2
2026-03-27 16:43:19,583 [INFO]   Post-minimize (chi+bb): -25.6
2026-03-27 16:43:19,611 [INFO]   Preprocessed structure -> /wynton/scratch/jqmo/rotation_datasets/augmented_ingraham_cath_bugfree/mpnn_esmfold/1kj6A00_4_preproc.pdb
2026-03-27 16:43:19,642 [INFO]   Normalized atom/residue names -> /wynton/scratch/jqmo/rotation_datasets/augmented_ingraham_cath_bugfree/mpnn_esmfold/1kj6A00_4_preproc_amber.pdb
2026-03-27 16:43:19,934 [INFO] Preprocessing 3uk2A02_1: initial score 45.3
2026-03-27 16:43:20,167 [INFO] Preprocessing 1vq8200_2: initial score 436.6
2026-03-27 16:43:20,647 [INFO] Preprocessing 1ui5A00_30: initial score 601.8
2026-03-27 16:43:20,814 [INFO]   Post-idealize: 1261.1
2026-03-27 16:43:20,827 [INFO] Preprocessing 3buxB01_22_reres: initial score 1917.3
2026-03-27 16:43:21,223 [INFO]   Post-idealize: 474.8
2026-03-27 16:43:21,482 [INFO]   Post-idealize: 293.8
2026-03-27 16:43:21,529 [INFO]   Post-repack: 239.2
2026-03-27 16:43:21,686 [INFO]   Post-minimize (chi only): 168.0
2026-03-27 16:43:21,745 [INFO]   Post-repack: 202.1
2026-03-27 16:43:21,754 [INFO]   Post-idealize: 327.3
2026-03-27 16:43:21,996 [INFO]   Post-repack: 131.4
2026-03-27 16:43:22,094 [INFO]   Post-minimize (chi only): 131.3
2026-03-27 16:43:22,101 [INFO]   Post-minimize (chi+bb): -52.0
2026-03-27 16:43:22,143 [INFO]   Preprocessed structure -> /wynton/scratch/jqmo/rotation_datasets/augmented_ingraham_cath_bugfree/mpnn_esmfold/1vq8200_2_preproc.pdb
2026-03-27 16:43:22,176 [INFO]   Normalized atom/residue names -> /wynton/scratch/jqmo/rotation_datasets/augmented_ingraham_cath_bugfree/mpnn_esmfold/1vq8200_2_preproc_amber.pdb
2026-03-27 16:43:22,299 [INFO] Preprocessing 4pmnA00_16: initial score 1647.4
2026-03-27 16:43:22,299 [INFO]   Post-minimize (chi only): 77.6
2026-03-27 16:43:22,702 [INFO] Preprocessing 1gcvA00_31: initial score -116.1
2026-03-27 16:43:22,786 [INFO] Preprocessing 3mkrA00_3: initial score -249.1
2026-03-27 16:43:22,814 [INFO] Preprocessing 3s3lA01_4: initial score 954.3
2026-03-27 16:43:22,855 [INFO] Preprocessing 1m1jB03_0_reres: initial score 624.8
2026-03-27 16:43:22,877 [INFO] Preprocessing 4yn3B00_6: initial score 121.3
2026-03-27 16:43:22,939 [INFO]   Post-repack: 26.1
2026-03-27 16:43:23,004 [INFO] Preprocessing 2vqeN00_6: initial score 1044.6
2026-03-27 16:43:23,026 [INFO] Preprocessing 5ayvA01_6: initial score -93.9
2026-03-27 16:43:23,194 [INFO] Preprocessing 3stjA03_13: initial score 42.5
2026-03-27 16:43:23,366 [INFO]   Post-minimize (chi+bb): -156.1
2026-03-27 16:43:23,418 [INFO]   Post-idealize: 18.4
2026-03-27 16:43:23,426 [INFO]   Preprocessed structure -> /wynton/scratch/jqmo/rotation_datasets/augmented_ingraham_cath_bugfree/mpnn_esmfold/1vjqA00_26_preproc.pdb
2026-03-27 16:43:23,478 [INFO]   Normalized atom/residue names -> /wynton/scratch/jqmo/rotation_datasets/augmented_ingraham_cath_bugfree/mpnn_esmfold/1vjqA00_26_preproc_amber.pdb
2026-03-27 16:43:23,506 [INFO] Preprocessing 3ossC00_7: initial score 425.5
2026-03-27 16:43:23,650 [INFO]   Post-idealize: 54.5
2026-03-27 16:43:23,661 [INFO]   Post-minimize (chi only): -13.4
2026-03-27 16:43:23,680 [INFO]   Post-minimize (chi+bb): -155.3
2026-03-27 16:43:23,687 [INFO] Preprocessing 1yb5A02_24: initial score 204.1
2026-03-27 16:43:23,728 [INFO]   Preprocessed structure -> /wynton/scratch/jqmo/rotation_datasets/augmented_ingraham_cath_bugfree/mpnn_esmfold/2f76X00_3_reres_preproc.pdb
2026-03-27 16:43:23,754 [INFO]   Normalized atom/residue names -> /wynton/scratch/jqmo/rotation_datasets/augmented_ingraham_cath_bugfree/mpnn_esmfold/2f76X00_3_reres_preproc_amber.pdb
2026-03-27 16:43:24,046 [INFO] Preprocessing 1uddA00_6: initial score 141.0
2026-03-27 16:43:24,530 [INFO]   Post-repack: -132.0
2026-03-27 16:43:24,576 [INFO]   Post-repack: -244.2
2026-03-27 16:43:24,694 [INFO]   Post-idealize: 5246.3
2026-03-27 16:43:24,779 [INFO] Preprocessing 2f5xA01_21: initial score 279.2
2026-03-27 16:43:24,792 [INFO]   Post-minimize (chi only): -151.0
2026-03-27 16:43:25,034 [INFO]   Post-minimize (chi only): -285.2
2026-03-27 16:43:25,269 [INFO]   Post-repack: 1153.8
2026-03-27 16:43:25,405 [INFO]   Post-idealize: 1084.3
2026-03-27 16:43:25,462 [INFO]   Post-minimize (chi only): 1041.5
2026-03-27 16:43:25,612 [INFO]   Post-minimize (chi+bb): -161.8
2026-03-27 16:43:25,660 [INFO]   Preprocessed structure -> /wynton/scratch/jqmo/rotation_datasets/augmented_ingraham_cath_bugfree/mpnn_esmfold/1wtbA00_28_preproc.pdb
2026-03-27 16:43:25,686 [INFO]   Normalized atom/residue names -> /wynton/scratch/jqmo/rotation_datasets/augmented_ingraham_cath_bugfree/mpnn_esmfold/1wtbA00_28_preproc_amber.pdb
2026-03-27 16:43:26,134 [INFO]   Post-repack: 135.3
2026-03-27 16:43:26,309 [INFO]   Post-idealize: 1840.6
2026-03-27 16:43:26,314 [INFO]   Post-minimize (chi+bb): -241.2
2026-03-27 16:43:26,374 [INFO]   Preprocessed structure -> /wynton/scratch/jqmo/rotation_datasets/augmented_ingraham_cath_bugfree/mpnn_esmfold/3uk2A02_1_preproc.pdb
2026-03-27 16:43:26,400 [INFO]   Normalized atom/residue names -> /wynton/scratch/jqmo/rotation_datasets/augmented_ingraham_cath_bugfree/mpnn_esmfold/3uk2A02_1_preproc_amber.pdb
2026-03-27 16:43:26,402 [INFO]   Post-minimize (chi only): 90.1
2026-03-27 16:43:26,810 [INFO]   Post-idealize: 466.7
2026-03-27 16:43:26,820 [INFO]   Post-repack: 888.9
2026-03-27 16:43:27,250 [INFO]   Post-minimize (chi+bb): -393.3
2026-03-27 16:43:27,258 [INFO]   Post-minimize (chi only): 629.1
2026-03-27 16:43:27,304 [INFO]   Preprocessed structure -> /wynton/scratch/jqmo/rotation_datasets/augmented_ingraham_cath_bugfree/mpnn_esmfold/4bszB00_23_preproc.pdb
2026-03-27 16:43:27,325 [INFO]   Normalized atom/residue names -> /wynton/scratch/jqmo/rotation_datasets/augmented_ingraham_cath_bugfree/mpnn_esmfold/4bszB00_23_preproc_amber.pdb
2026-03-27 16:43:27,723 [INFO]   Post-minimize (chi+bb): -72.6
2026-03-27 16:43:27,772 [INFO]   Preprocessed structure -> /wynton/scratch/jqmo/rotation_datasets/augmented_ingraham_cath_bugfree/mpnn_esmfold/2vqeN00_6_preproc.pdb
2026-03-27 16:43:27,810 [INFO]   Normalized atom/residue names -> /wynton/scratch/jqmo/rotation_datasets/augmented_ingraham_cath_bugfree/mpnn_esmfold/2vqeN00_6_preproc_amber.pdb
2026-03-27 16:43:27,980 [INFO] Running MC-SCE on 1kj6A00_4_amber (5 conformers, T=300.0K)
2026-03-27 16:43:28,006 [INFO]   Post-minimize (chi+bb): 162.3
2026-03-27 16:43:28,056 [INFO]   Preprocessed structure -> /wynton/scratch/jqmo/rotation_datasets/augmented_ingraham_cath_bugfree/mpnn_esmfold/2vgmA01_1_preproc.pdb
2026-03-27 16:43:28,083 [INFO]   Normalized atom/residue names -> /wynton/scratch/jqmo/rotation_datasets/augmented_ingraham_cath_bugfree/mpnn_esmfold/2vgmA01_1_preproc_amber.pdb
2026-03-27 16:43:28,111 [ERROR] MC-SCE failed on 1kj6A00_4_amber: KeyError: ()
2026-03-27 16:43:28,127 [INFO]   Post-repack: -75.4
2026-03-27 16:43:28,290 [INFO]   Post-minimize (chi only): -75.4
2026-03-27 16:43:28,749 [INFO]   Post-idealize: 1972.0
2026-03-27 16:43:29,070 [INFO]   Post-idealize: 76.0
2026-03-27 16:43:29,819 [INFO]   Post-repack: 273.0
2026-03-27 16:43:29,831 [INFO]   Post-minimize (chi+bb): -180.0
2026-03-27 16:43:29,868 [INFO]   Post-minimize (chi+bb): -103.0
2026-03-27 16:43:29,883 [INFO]   Preprocessed structure -> /wynton/scratch/jqmo/rotation_datasets/augmented_ingraham_cath_bugfree/mpnn_esmfold/3ossC00_7_preproc.pdb
2026-03-27 16:43:29,905 [INFO]   Normalized atom/residue names -> /wynton/scratch/jqmo/rotation_datasets/augmented_ingraham_cath_bugfree/mpnn_esmfold/3ossC00_7_preproc_amber.pdb
2026-03-27 16:43:29,920 [INFO]   Preprocessed structure -> /wynton/scratch/jqmo/rotation_datasets/augmented_ingraham_cath_bugfree/mpnn_esmfold/4yn3B00_6_preproc.pdb
2026-03-27 16:43:29,945 [INFO]   Normalized atom/residue names -> /wynton/scratch/jqmo/rotation_datasets/augmented_ingraham_cath_bugfree/mpnn_esmfold/4yn3B00_6_preproc_amber.pdb
2026-03-27 16:43:30,425 [INFO]   Post-repack: -143.1
2026-03-27 16:43:30,689 [INFO]   Post-idealize: -71.9
2026-03-27 16:43:30,746 [INFO]   Post-minimize (chi only): 61.4
2026-03-27 16:43:30,933 [INFO]   Post-minimize (chi only): -188.6
2026-03-27 16:43:31,483 [INFO]   Post-idealize: 613.9
2026-03-27 16:43:31,683 [INFO]   Post-repack: 482.0
2026-03-27 16:43:31,770 [INFO]   Post-minimize (chi only): 459.3
2026-03-27 16:43:31,793 [INFO]   Post-repack: -191.4
2026-03-27 16:43:32,202 [INFO] Running MC-SCE on 2f76X00_3_reres_amber (5 conformers, T=300.0K)
2026-03-27 16:43:32,361 [INFO]   Post-minimize (chi only): -231.0
2026-03-27 16:43:32,545 [INFO]   Post-idealize: 849.5
2026-03-27 16:43:32,856 [INFO] Running MC-SCE on 1vq8200_2_amber (5 conformers, T=300.0K)
  0%|          | 0/100 [00:00<?, ?it/s]2026-03-27 16:43:33,715 [INFO] Running MC-SCE on 1vjqA00_26_amber (5 conformers, T=300.0K)
2026-03-27 16:43:33,789 [INFO]   Post-minimize (chi+bb): -292.0
2026-03-27 16:43:33,801 [INFO]   Post-minimize (chi+bb): -247.6
2026-03-27 16:43:33,857 [INFO]   Preprocessed structure -> /wynton/scratch/jqmo/rotation_datasets/augmented_ingraham_cath_bugfree/mpnn_esmfold/3stjA03_13_preproc.pdb
2026-03-27 16:43:33,865 [INFO]   Preprocessed structure -> /wynton/scratch/jqmo/rotation_datasets/augmented_ingraham_cath_bugfree/mpnn_esmfold/3buxB01_22_reres_preproc.pdb
2026-03-27 16:43:33,872 [INFO]   Post-repack: 81.8
2026-03-27 16:43:33,903 [INFO]   Normalized atom/residue names -> /wynton/scratch/jqmo/rotation_datasets/augmented_ingraham_cath_bugfree/mpnn_esmfold/3stjA03_13_preproc_amber.pdb
2026-03-27 16:43:33,910 [INFO]   Normalized atom/residue names -> /wynton/scratch/jqmo/rotation_datasets/augmented_ingraham_cath_bugfree/mpnn_esmfold/3buxB01_22_reres_preproc_amber.pdb
  0%|          | 0/46 [00:00<?, ?it/s]2026-03-27 16:43:34,432 [INFO]   Post-minimize (chi+bb): -127.7
2026-03-27 16:43:34,521 [INFO]   Preprocessed structure -> /wynton/scratch/jqmo/rotation_datasets/augmented_ingraham_cath_bugfree/mpnn_esmfold/1m1jB03_0_reres_preproc.pdb
2026-03-27 16:43:34,545 [INFO]   Normalized atom/residue names -> /wynton/scratch/jqmo/rotation_datasets/augmented_ingraham_cath_bugfree/mpnn_esmfold/1m1jB03_0_reres_preproc_amber.pdb
2026-03-27 16:43:34,633 [INFO]   Post-idealize: 1887.0
2026-03-27 16:43:34,820 [INFO] Running MC-SCE on 4bszB00_23_amber (5 conformers, T=300.0K)
  0%|          | 0/71 [00:00<?, ?it/s]2026-03-27 16:43:35,069 [INFO]   Post-idealize: -29.2
2026-03-27 16:43:35,154 [INFO]   Post-minimize (chi+bb): -336.1
2026-03-27 16:43:35,199 [INFO]   Preprocessed structure -> /wynton/scratch/jqmo/rotation_datasets/augmented_ingraham_cath_bugfree/mpnn_esmfold/1gcvA00_31_preproc.pdb
2026-03-27 16:43:35,201 [ERROR] MC-SCE failed on 4bszB00_23_amber: KeyError: ()
2026-03-27 16:43:35,256 [INFO]   Normalized atom/residue names -> /wynton/scratch/jqmo/rotation_datasets/augmented_ingraham_cath_bugfree/mpnn_esmfold/1gcvA00_31_preproc_amber.pdb
2026-03-27 16:43:35,440 [INFO]   Post-minimize (chi only): 7.5
2026-03-27 16:43:35,593 [INFO] Running MC-SCE on 2vgmA01_1_amber (5 conformers, T=300.0K)
2026-03-27 16:43:35,925 [ERROR] MC-SCE failed on 2vgmA01_1_amber: KeyError: ()
2026-03-27 16:43:35,933 [INFO] Running MC-SCE on 3uk2A02_1_amber (5 conformers, T=300.0K)
2026-03-27 16:43:35,934 [INFO]   Post-repack: 763.4
2026-03-27 16:43:36,595 [INFO]   Post-repack: -345.8
  0%|          | 0/103 [00:00<?, ?it/s]2026-03-27 16:43:37,297 [INFO]   Post-minimize (chi only): 157.3
2026-03-27 16:43:37,342 [INFO]   Post-minimize (chi only): -414.8
2026-03-27 16:43:39,165 [INFO]   Post-idealize: 1287.1
2026-03-27 16:43:40,497 [INFO]   Post-repack: 621.7
2026-03-27 16:43:41,215 [INFO]   Post-minimize (chi only): 309.3
2026-03-27 16:43:41,302 [INFO] Running MC-SCE on 1wtbA00_28_amber (5 conformers, T=300.0K)
2026-03-27 16:43:41,412 [INFO]   Post-idealize: 913.9
  1%|          | 1/100 [00:08<13:39,  8.28s/it]2026-03-27 16:43:41,865 [INFO]   Post-idealize: -53.3
  2%|▏         | 2/100 [00:08<06:00,  3.68s/it]2026-03-27 16:43:42,514 [INFO]   Post-minimize (chi+bb): -450.1
  3%|▎         | 3/100 [00:09<03:34,  2.21s/it]2026-03-27 16:43:42,611 [INFO]   Preprocessed structure -> /wynton/scratch/jqmo/rotation_datasets/augmented_ingraham_cath_bugfree/mpnn_esmfold/3jzjA01_18_preproc.pdb
2026-03-27 16:43:42,645 [INFO]   Normalized atom/residue names -> /wynton/scratch/jqmo/rotation_datasets/augmented_ingraham_cath_bugfree/mpnn_esmfold/3jzjA01_18_preproc_amber.pdb
2026-03-27 16:43:42,882 [INFO]   Post-minimize (chi+bb): -652.0
2026-03-27 16:43:42,938 [INFO]   Post-repack: 103.1
2026-03-27 16:43:42,943 [INFO]   Preprocessed structure -> /wynton/scratch/jqmo/rotation_datasets/augmented_ingraham_cath_bugfree/mpnn_esmfold/2xotB01_2_reres_preproc.pdb
2026-03-27 16:43:42,979 [INFO]   Normalized atom/residue names -> /wynton/scratch/jqmo/rotation_datasets/augmented_ingraham_cath_bugfree/mpnn_esmfold/2xotB01_2_reres_preproc_amber.pdb
  4%|▍         | 4/100 [00:09<02:26,  1.52s/it]2026-03-27 16:43:43,102 [INFO]   Post-idealize: 2058.6
2026-03-27 16:43:43,137 [INFO]   Post-idealize: 1217.2
  0%|          | 0/79 [00:00<?, ?it/s]  5%|▌         | 5/100 [00:10<01:47,  1.13s/it]  6%|▌         | 6/100 [00:10<01:24,  1.11it/s]2026-03-27 16:43:43,887 [INFO] Running MC-SCE on 3buxB01_22_reres_amber (5 conformers, T=300.0K)
2026-03-27 16:43:44,080 [INFO]   Post-minimize (chi only): -96.4
2026-03-27 16:43:44,464 [INFO] Running MC-SCE on 2vqeN00_6_amber (5 conformers, T=300.0K)
  7%|▋         | 7/100 [00:11<01:15,  1.23it/s]2026-03-27 16:43:44,523 [INFO]   Post-repack: -281.9
2026-03-27 16:43:44,744 [ERROR] MC-SCE failed on 2vqeN00_6_amber: KeyError: ('N', 'H2', 'H3', 'CD', 'HD2', 'HD3', 'CG', 'HG2', 'HG3', 'CB', 'HB2', 'HB3', 'CA', 'HA', 'C', 'O')
  8%|▊         | 8/100 [00:11<01:04,  1.43it/s]2026-03-27 16:43:44,995 [INFO]   Post-repack: -82.5
2026-03-27 16:43:45,139 [INFO]   Post-repack: -80.5
  0%|          | 0/129 [00:00<?, ?it/s]2026-03-27 16:43:45,307 [INFO]   Post-idealize: 255.4
  2%|▏         | 1/46 [00:11<08:32, 11.39s/it]  9%|▉         | 9/100 [00:12<00:57,  1.59it/s]2026-03-27 16:43:45,465 [INFO]   Post-minimize (chi only): -314.6
  1%|▏         | 1/71 [00:10<12:35, 10.79s/it] 10%|█         | 10/100 [00:12<00:51,  1.74it/s]  4%|▍         | 2/46 [00:11<03:41,  5.04s/it]2026-03-27 16:43:46,010 [INFO] Running MC-SCE on 3ossC00_7_amber (5 conformers, T=300.0K)
2026-03-27 16:43:46,116 [INFO]   Post-minimize (chi only): -181.4
2026-03-27 16:43:46,260 [INFO]   Post-minimize (chi only): -171.4
  3%|▎         | 2/71 [00:11<05:29,  4.78s/it] 11%|█         | 11/100 [00:13<00:48,  1.85it/s]2026-03-27 16:43:46,451 [INFO] Running MC-SCE on 4yn3B00_6_amber (5 conformers, T=300.0K)
  7%|▋         | 3/46 [00:12<02:09,  3.01s/it]2026-03-27 16:43:46,726 [INFO]   Post-idealize: 828.3
 12%|█▏        | 12/100 [00:13<00:45,  1.95it/s]  4%|▍         | 3/71 [00:11<03:14,  2.87s/it]  9%|▊         | 4/46 [00:13<01:26,  2.06s/it]  1%|          | 1/103 [00:10<17:17, 10.17s/it] 13%|█▎        | 13/100 [00:13<00:43,  2.02it/s]  6%|▌         | 4/71 [00:12<02:12,  1.97s/it] 13%|█▎        | 6/46 [00:13<00:45,  1.13s/it]  3%|▎         | 3/103 [00:10<04:43,  2.84s/it] 14%|█▍        | 14/100 [00:14<00:46,  1.85it/s]  0%|          | 0/65 [00:00<?, ?it/s]2026-03-27 16:43:48,006 [INFO]   Post-repack: -219.2
  7%|▋         | 5/71 [00:13<01:37,  1.48s/it]  5%|▍         | 5/103 [00:11<02:29,  1.52s/it] 15%|█▌        | 15/100 [00:15<00:44,  1.93it/s] 15%|█▌        | 7/46 [00:14<00:38,  1.01it/s]2026-03-27 16:43:48,443 [INFO]   Post-minimize (chi only): -219.3
  0%|          | 0/65 [00:00<?, ?it/s]  8%|▊         | 6/71 [00:13<01:16,  1.18s/it]2026-03-27 16:43:48,824 [INFO]   Post-repack: 116.8
 16%|█▌        | 16/100 [00:15<00:42,  1.99it/s]2026-03-27 16:43:48,866 [INFO]   Post-minimize (chi+bb): -422.2
  6%|▌         | 6/103 [00:11<02:02,  1.26s/it]2026-03-27 16:43:48,929 [INFO]   Preprocessed structure -> /wynton/scratch/jqmo/rotation_datasets/augmented_ingraham_cath_bugfree/mpnn_esmfold/3uogA01_9_preproc.pdb
2026-03-27 16:43:48,963 [INFO]   Normalized atom/residue names -> /wynton/scratch/jqmo/rotation_datasets/augmented_ingraham_cath_bugfree/mpnn_esmfold/3uogA01_9_preproc_amber.pdb
 17%|█▋        | 8/46 [00:15<00:35,  1.06it/s] 17%|█▋        | 17/100 [00:16<00:41,  2.02it/s]  7%|▋         | 7/103 [00:12<01:42,  1.06s/it] 10%|▉         | 7/71 [00:14<01:06,  1.05s/it] 18%|█▊        | 18/100 [00:16<00:39,  2.08it/s] 22%|██▏       | 10/46 [00:15<00:23,  1.52it/s] 11%|█▏        | 8/71 [00:15<00:56,  1.11it/s]  8%|▊         | 8/103 [00:13<01:29,  1.06it/s]2026-03-27 16:43:50,234 [INFO]   Post-minimize (chi only): 35.3
 19%|█▉        | 19/100 [00:16<00:38,  2.09it/s]2026-03-27 16:43:50,274 [INFO] Running MC-SCE on 2xotB01_2_reres_amber (5 conformers, T=300.0K)
2026-03-27 16:43:50,380 [INFO] Running MC-SCE on 3stjA03_13_amber (5 conformers, T=300.0K)
 24%|██▍       | 11/46 [00:16<00:22,  1.55it/s] 13%|█▎        | 9/71 [00:15<00:49,  1.24it/s]2026-03-27 16:43:50,831 [INFO] Running MC-SCE on 1m1jB03_0_reres_amber (5 conformers, T=300.0K)
 21%|██        | 21/100 [00:17<00:32,  2.44it/s]  9%|▊         | 9/103 [00:13<01:26,  1.08it/s] 28%|██▊       | 13/46 [00:17<00:16,  2.00it/s]2026-03-27 16:43:51,101 [ERROR] MC-SCE failed on 2xotB01_2_reres_amber: KeyError: ()
 14%|█▍        | 10/71 [00:16<00:44,  1.37it/s] 22%|██▏       | 22/100 [00:18<00:32,  2.37it/s] 11%|█         | 11/103 [00:14<00:57,  1.59it/s]2026-03-27 16:43:51,589 [INFO] Running MC-SCE on 1gcvA00_31_amber (5 conformers, T=300.0K)
 30%|███       | 14/46 [00:17<00:16,  1.90it/s]2026-03-27 16:43:51,731 [ERROR] MC-SCE failed on 1m1jB03_0_reres_amber: KeyError: ('N', 'H2', 'H3', 'CD', 'HD2', 'HD3', 'CG', 'HG2', 'HG3', 'CB', 'HB2', 'HB3', 'CA', 'HA', 'C', 'O')
 15%|█▌        | 11/71 [00:16<00:41,  1.46it/s] 24%|██▍       | 24/100 [00:18<00:26,  2.91it/s]2026-03-27 16:43:51,882 [INFO]   Post-minimize (chi+bb): -255.7
2026-03-27 16:43:51,938 [INFO]   Preprocessed structure -> /wynton/scratch/jqmo/rotation_datasets/augmented_ingraham_cath_bugfree/mpnn_esmfold/2f5xA01_21_preproc.pdb
2026-03-27 16:43:51,972 [INFO]   Normalized atom/residue names -> /wynton/scratch/jqmo/rotation_datasets/augmented_ingraham_cath_bugfree/mpnn_esmfold/2f5xA01_21_preproc_amber.pdb
 13%|█▎        | 13/103 [00:15<00:45,  2.00it/s]2026-03-27 16:43:52,144 [INFO] Running MC-SCE on 3jzjA01_18_amber (5 conformers, T=300.0K)
 33%|███▎      | 15/46 [00:18<00:16,  1.84it/s] 25%|██▌       | 25/100 [00:18<00:27,  2.68it/s] 17%|█▋        | 12/71 [00:17<00:38,  1.52it/s]2026-03-27 16:43:52,399 [ERROR] MC-SCE failed on 1gcvA00_31_amber: KeyError: ()
  0%|          | 0/97 [00:00<?, ?it/s] 14%|█▎        | 14/103 [00:15<00:45,  1.94it/s]2026-03-27 16:43:52,683 [INFO]   Post-minimize (chi+bb): -575.2
 26%|██▌       | 26/100 [00:19<00:29,  2.52it/s]2026-03-27 16:43:52,802 [INFO]   Preprocessed structure -> /wynton/scratch/jqmo/rotation_datasets/augmented_ingraham_cath_bugfree/mpnn_esmfold/4b79B00_15_reres_preproc.pdb
 35%|███▍      | 16/46 [00:18<00:16,  1.79it/s]2026-03-27 16:43:52,840 [INFO]   Normalized atom/residue names -> /wynton/scratch/jqmo/rotation_datasets/augmented_ingraham_cath_bugfree/mpnn_esmfold/4b79B00_15_reres_preproc_amber.pdb
2026-03-27 16:43:52,933 [ERROR] MC-SCE failed on 3jzjA01_18_amber: KeyError: ()
 18%|█▊        | 13/71 [00:18<00:37,  1.56it/s] 15%|█▍        | 15/103 [00:16<00:46,  1.90it/s] 27%|██▋       | 27/100 [00:19<00:30,  2.42it/s]2026-03-27 16:43:53,535 [INFO]   Post-minimize (chi+bb): -442.6
 37%|███▋      | 17/46 [00:19<00:18,  1.56it/s] 28%|██▊       | 28/100 [00:20<00:31,  2.32it/s] 16%|█▌        | 16/103 [00:16<00:46,  1.88it/s] 20%|█▉        | 14/71 [00:18<00:39,  1.44it/s]2026-03-27 16:43:53,867 [INFO]   Preprocessed structure -> /wynton/scratch/jqmo/rotation_datasets/augmented_ingraham_cath_bugfree/mpnn_esmfold/3s3lA01_4_preproc.pdb
2026-03-27 16:43:53,905 [INFO]   Normalized atom/residue names -> /wynton/scratch/jqmo/rotation_datasets/augmented_ingraham_cath_bugfree/mpnn_esmfold/3s3lA01_4_preproc_amber.pdb
2026-03-27 16:43:53,937 [INFO]   Post-minimize (chi+bb): -471.8
2026-03-27 16:43:54,051 [INFO]   Preprocessed structure -> /wynton/scratch/jqmo/rotation_datasets/augmented_ingraham_cath_bugfree/mpnn_esmfold/5ayvA01_6_preproc.pdb
2026-03-27 16:43:54,080 [INFO]   Normalized atom/residue names -> /wynton/scratch/jqmo/rotation_datasets/augmented_ingraham_cath_bugfree/mpnn_esmfold/5ayvA01_6_preproc_amber.pdb
 39%|███▉      | 18/46 [00:20<00:17,  1.58it/s] 17%|█▋        | 17/103 [00:17<00:46,  1.85it/s] 29%|██▉       | 29/100 [00:21<00:35,  2.02it/s] 23%|██▎       | 16/71 [00:19<00:27,  1.97it/s] 30%|███       | 30/100 [00:21<00:34,  2.04it/s] 41%|████▏     | 19/46 [00:20<00:16,  1.60it/s] 24%|██▍       | 17/71 [00:20<00:28,  1.87it/s]  1%|          | 1/129 [00:09<21:17,  9.98s/it] 17%|█▋        | 18/103 [00:18<00:53,  1.59it/s] 31%|███       | 31/100 [00:22<00:33,  2.04it/s] 43%|████▎     | 20/46 [00:21<00:16,  1.61it/s] 25%|██▌       | 18/71 [00:20<00:29,  1.81it/s] 18%|█▊        | 19/103 [00:18<00:51,  1.64it/s] 32%|███▏      | 32/100 [00:22<00:33,  2.04it/s]  2%|▏         | 3/129 [00:10<06:05,  2.90s/it] 46%|████▌     | 21/46 [00:22<00:15,  1.61it/s] 27%|██▋       | 19/71 [00:21<00:29,  1.77it/s] 33%|███▎      | 33/100 [00:22<00:32,  2.07it/s] 20%|██        | 21/103 [00:19<00:38,  2.14it/s] 48%|████▊     | 22/46 [00:22<00:14,  1.62it/s] 34%|███▍      | 34/100 [00:23<00:31,  2.07it/s]2026-03-27 16:43:56,811 [INFO]   Post-minimize (chi+bb): -517.1
 28%|██▊       | 20/71 [00:21<00:29,  1.73it/s]2026-03-27 16:43:56,909 [INFO]   Preprocessed structure -> /wynton/scratch/jqmo/rotation_datasets/augmented_ingraham_cath_bugfree/mpnn_esmfold/4pmnA00_16_preproc.pdb
 22%|██▏       | 23/103 [00:19<00:31,  2.53it/s]  3%|▎         | 4/129 [00:11<04:36,  2.21s/it]2026-03-27 16:43:56,936 [INFO]   Normalized atom/residue names -> /wynton/scratch/jqmo/rotation_datasets/augmented_ingraham_cath_bugfree/mpnn_esmfold/4pmnA00_16_preproc_amber.pdb
2026-03-27 16:43:56,938 [INFO]   Post-minimize (chi+bb): -429.0
2026-03-27 16:43:57,032 [INFO]   Preprocessed structure -> /wynton/scratch/jqmo/rotation_datasets/augmented_ingraham_cath_bugfree/mpnn_esmfold/1yb5A02_24_preproc.pdb
2026-03-27 16:43:57,048 [INFO]   Normalized atom/residue names -> /wynton/scratch/jqmo/rotation_datasets/augmented_ingraham_cath_bugfree/mpnn_esmfold/1yb5A02_24_preproc_amber.pdb
 35%|███▌      | 35/100 [00:23<00:31,  2.09it/s]2026-03-27 16:43:57,389 [INFO] Running MC-SCE on 3uogA01_9_amber (5 conformers, T=300.0K)
 23%|██▎       | 24/103 [00:20<00:34,  2.30it/s] 50%|█████     | 23/46 [00:23<00:16,  1.43it/s] 30%|██▉       | 21/71 [00:22<00:32,  1.54it/s] 36%|███▌      | 36/100 [00:24<00:30,  2.11it/s]  4%|▍         | 5/129 [00:12<03:40,  1.78s/it]2026-03-27 16:43:58,044 [ERROR] MC-SCE failed on 3uogA01_9_amber: KeyError: ('N', 'H2', 'H3', 'CD', 'HD2', 'HD3', 'CG', 'HG2', 'HG3', 'CB', 'HB2', 'HB3', 'CA', 'HA', 'C', 'O')
2026-03-27 16:43:58,058 [INFO]   Post-minimize (chi+bb): -418.6
 24%|██▍       | 25/103 [00:20<00:36,  2.14it/s]2026-03-27 16:43:58,147 [INFO]   Preprocessed structure -> /wynton/scratch/jqmo/rotation_datasets/augmented_ingraham_cath_bugfree/mpnn_esmfold/1ui5A00_30_preproc.pdb
2026-03-27 16:43:58,187 [INFO]   Normalized atom/residue names -> /wynton/scratch/jqmo/rotation_datasets/augmented_ingraham_cath_bugfree/mpnn_esmfold/1ui5A00_30_preproc_amber.pdb
 52%|█████▏    | 24/46 [00:24<00:14,  1.48it/s] 32%|███▏      | 23/71 [00:23<00:23,  2.02it/s] 37%|███▋      | 37/100 [00:25<00:33,  1.87it/s]  5%|▍         | 6/129 [00:13<03:04,  1.50s/it] 34%|███▍      | 24/71 [00:23<00:24,  1.92it/s] 54%|█████▍    | 25/46 [00:24<00:13,  1.51it/s] 38%|███▊      | 38/100 [00:25<00:32,  1.91it/s] 25%|██▌       | 26/103 [00:21<00:42,  1.80it/s] 39%|███▉      | 39/100 [00:26<00:31,  1.93it/s] 27%|██▋       | 28/103 [00:22<00:33,  2.26it/s] 57%|█████▋    | 26/46 [00:25<00:12,  1.56it/s] 35%|███▌      | 25/71 [00:24<00:25,  1.82it/s]  5%|▌         | 7/129 [00:14<02:39,  1.31s/it] 40%|████      | 40/100 [00:26<00:30,  1.97it/s] 28%|██▊       | 29/103 [00:23<00:35,  2.07it/s] 59%|█████▊    | 27/46 [00:26<00:12,  1.58it/s] 37%|███▋      | 26/71 [00:25<00:25,  1.77it/s] 41%|████      | 41/100 [00:27<00:29,  1.98it/s]  1%|▏         | 1/79 [00:17<22:18, 17.17s/it]  7%|▋         | 9/129 [00:15<01:49,  1.09it/s] 39%|███▉      | 28/71 [00:25<00:19,  2.20it/s] 61%|██████    | 28/46 [00:26<00:11,  1.58it/s] 42%|████▏     | 42/100 [00:27<00:28,  2.01it/s] 29%|██▉       | 30/103 [00:23<00:43,  1.67it/s]  3%|▎         | 2/79 [00:17<09:35,  7.47s/it] 41%|████      | 29/71 [00:26<00:20,  2.03it/s] 63%|██████▎   | 29/46 [00:27<00:10,  1.59it/s] 43%|████▎     | 43/100 [00:28<00:28,  2.02it/s]2026-03-27 16:44:01,373 [INFO]   Post-idealize: 222.3
  2%|▏         | 1/65 [00:12<13:44, 12.89s/it]2026-03-27 16:44:01,663 [INFO] Running MC-SCE on 4b79B00_15_reres_amber (5 conformers, T=300.0K)
  8%|▊         | 10/129 [00:16<01:57,  1.02it/s] 31%|███       | 32/103 [00:24<00:38,  1.84it/s] 44%|████▍     | 44/100 [00:28<00:31,  1.79it/s]  4%|▍         | 3/79 [00:18<05:42,  4.50s/it]  3%|▎         | 2/65 [00:13<05:57,  5.67s/it] 67%|██████▋   | 31/46 [00:28<00:08,  1.84it/s] 67%|██████▋   | 31/46 [00:28<00:13,  1.10it/s]
2026-03-27 16:44:02,234 [ERROR] MC-SCE failed on 1vq8200_2_amber: IndexError: too many indices for array: array is 1-dimensional, but 2 were indexed
2026-03-27 16:44:02,512 [ERROR] MC-SCE failed on 4b79B00_15_reres_amber: KeyError: ()
 45%|████▌     | 45/100 [00:29<00:30,  1.83it/s]  9%|▉         | 12/129 [00:17<01:29,  1.31it/s] 42%|████▏     | 30/71 [00:27<00:29,  1.38it/s]  5%|▍         | 3/65 [00:14<03:28,  3.37s/it] 32%|███▏      | 33/103 [00:25<00:44,  1.58it/s]  5%|▌         | 4/79 [00:19<03:54,  3.12s/it] 46%|████▌     | 46/100 [00:29<00:28,  1.88it/s] 44%|████▎     | 31/71 [00:28<00:27,  1.43it/s]2026-03-27 16:44:03,401 [INFO] Running MC-SCE on 2f5xA01_21_amber (5 conformers, T=300.0K)
 47%|████▋     | 47/100 [00:30<00:27,  1.90it/s] 10%|█         | 13/129 [00:18<01:33,  1.24it/s]  6%|▌         | 4/65 [00:15<02:26,  2.40s/it] 34%|███▍      | 35/103 [00:26<00:38,  1.75it/s] 45%|████▌     | 32/71 [00:29<00:26,  1.48it/s]  6%|▋         | 5/79 [00:20<02:54,  2.35s/it]2026-03-27 16:44:04,054 [ERROR] MC-SCE failed on 2f5xA01_21_amber: KeyError: ()
 48%|████▊     | 48/100 [00:30<00:27,  1.92it/s] 11%|█         | 14/129 [00:19<01:36,  1.20it/s] 49%|████▉     | 49/100 [00:31<00:26,  1.93it/s] 46%|████▋     | 33/71 [00:29<00:25,  1.51it/s]  8%|▊         | 5/65 [00:16<01:53,  1.88s/it]  8%|▊         | 6/79 [00:21<02:18,  1.89s/it] 50%|█████     | 50/100 [00:31<00:25,  1.97it/s] 35%|███▍      | 36/103 [00:28<00:48,  1.37it/s] 48%|████▊     | 34/71 [00:30<00:24,  1.54it/s]2026-03-27 16:44:05,226 [INFO] Running MC-SCE on 3s3lA01_4_amber (5 conformers, T=300.0K)
2026-03-27 16:44:05,455 [INFO]   Post-repack: -325.7
 12%|█▏        | 15/129 [00:20<01:37,  1.17it/s]  9%|▉         | 6/65 [00:16<01:31,  1.56s/it] 51%|█████     | 51/100 [00:32<00:28,  1.74it/s]  2%|▏         | 1/65 [00:17<19:03, 17.86s/it] 49%|████▉     | 35/71 [00:30<00:23,  1.56it/s]2026-03-27 16:44:05,966 [ERROR] MC-SCE failed on 3s3lA01_4_amber: KeyError: ()
 36%|███▌      | 37/103 [00:28<00:50,  1.30it/s] 52%|█████▏    | 52/100 [00:32<00:26,  1.82it/s]  9%|▉         | 7/79 [00:23<02:02,  1.70s/it] 12%|█▏        | 16/129 [00:21<01:40,  1.13it/s] 51%|█████     | 36/71 [00:31<00:22,  1.56it/s]  3%|▎         | 2/65 [00:18<08:18,  7.92s/it] 53%|█████▎    | 53/100 [00:33<00:25,  1.86it/s] 11%|█         | 7/65 [00:18<01:26,  1.48s/it] 39%|███▉      | 40/103 [00:29<00:33,  1.86it/s] 52%|█████▏    | 37/71 [00:32<00:21,  1.57it/s]2026-03-27 16:44:07,257 [INFO]   Post-minimize (chi only): -378.9
 54%|█████▍    | 54/100 [00:33<00:23,  1.92it/s] 10%|█         | 8/79 [00:24<01:44,  1.47s/it] 13%|█▎        | 17/129 [00:22<01:42,  1.09it/s]  5%|▍         | 3/65 [00:19<04:54,  4.75s/it] 55%|█████▌    | 55/100 [00:34<00:22,  1.96it/s] 12%|█▏        | 8/65 [00:19<01:14,  1.31s/it] 40%|███▉      | 41/103 [00:30<00:38,  1.61it/s] 55%|█████▍    | 39/71 [00:33<00:18,  1.76it/s] 13%|█▎        | 10/79 [00:24<01:06,  1.03it/s] 56%|█████▌    | 56/100 [00:34<00:22,  1.99it/s] 15%|█▍        | 19/129 [00:23<01:23,  1.32it/s] 56%|█████▋    | 40/71 [00:33<00:18,  1.70it/s]  6%|▌         | 4/65 [00:20<03:18,  3.26s/it] 57%|█████▋    | 57/100 [00:35<00:21,  1.98it/s] 14%|█▍        | 9/65 [00:20<01:07,  1.20s/it] 41%|████      | 42/103 [00:31<00:41,  1.47it/s]  1%|          | 1/97 [00:16<26:12, 16.38s/it] 16%|█▌        | 20/129 [00:23<01:17,  1.40it/s] 14%|█▍        | 11/79 [00:25<01:06,  1.03it/s] 58%|█████▊    | 58/100 [00:35<00:21,  1.99it/s] 58%|█████▊    | 41/71 [00:34<00:18,  1.64it/s]  8%|▊         | 5/65 [00:21<02:25,  2.43s/it] 16%|█▋        | 21/129 [00:24<01:13,  1.47it/s] 15%|█▌        | 10/65 [00:21<01:02,  1.13s/it] 42%|████▏     | 43/103 [00:32<00:44,  1.36it/s]2026-03-27 16:44:09,986 [INFO] Running MC-SCE on 4pmnA00_16_amber (5 conformers, T=300.0K)
 59%|█████▉    | 59/100 [00:36<00:23,  1.72it/s] 16%|█▋        | 13/79 [00:26<00:49,  1.33it/s] 59%|█████▉    | 42/71 [00:35<00:18,  1.59it/s]  2%|▏         | 2/97 [00:17<11:46,  7.44s/it] 17%|█▋        | 22/129 [00:25<01:10,  1.51it/s]2026-03-27 16:44:10,369 [INFO] Running MC-SCE on 5ayvA01_6_amber (5 conformers, T=300.0K)
 61%|██████    | 61/100 [00:37<00:16,  2.32it/s]  9%|▉         | 6/65 [00:22<01:54,  1.93s/it]2026-03-27 16:44:10,692 [INFO] Running MC-SCE on 1yb5A02_24_amber (5 conformers, T=300.0K)
 45%|████▍     | 46/103 [00:33<00:29,  1.90it/s] 18%|█▊        | 12/65 [00:22<00:43,  1.21it/s] 61%|██████    | 43/71 [00:35<00:17,  1.58it/s] 18%|█▊        | 23/129 [00:25<01:08,  1.55it/s]2026-03-27 16:44:10,953 [INFO] Running MC-SCE on 1ui5A00_30_amber (5 conformers, T=300.0K)
 18%|█▊        | 14/79 [00:27<00:51,  1.25it/s] 62%|██████▏   | 62/100 [00:37<00:17,  2.20it/s]  4%|▍         | 4/97 [00:18<04:45,  3.07s/it] 62%|██████▏   | 44/71 [00:36<00:17,  1.57it/s]2026-03-27 16:44:11,461 [ERROR] MC-SCE failed on 5ayvA01_6_amber: KeyError: ()
2026-03-27 16:44:11,478 [ERROR] MC-SCE failed on 4pmnA00_16_amber: KeyError: ()
 19%|█▊        | 24/129 [00:26<01:06,  1.59it/s] 63%|██████▎   | 63/100 [00:38<00:17,  2.12it/s] 46%|████▌     | 47/103 [00:34<00:33,  1.66it/s] 20%|██        | 13/65 [00:23<00:44,  1.16it/s]2026-03-27 16:44:11,927 [ERROR] MC-SCE failed on 1ui5A00_30_amber: KeyError: ()
 11%|█         | 7/65 [00:23<01:39,  1.72s/it] 19%|█▉        | 15/79 [00:28<00:53,  1.19it/s] 63%|██████▎   | 45/71 [00:37<00:16,  1.57it/s] 19%|█▉        | 25/129 [00:26<01:03,  1.63it/s] 65%|██████▌   | 65/100 [00:38<00:13,  2.64it/s]  5%|▌         | 5/97 [00:19<03:42,  2.42s/it]  0%|          | 0/168 [00:00<?, ?it/s] 66%|██████▌   | 66/100 [00:39<00:13,  2.45it/s] 22%|██▏       | 14/65 [00:24<00:45,  1.13it/s] 20%|██        | 26/129 [00:27<01:08,  1.50it/s] 12%|█▏        | 8/65 [00:24<01:24,  1.48s/it] 48%|████▊     | 49/103 [00:35<00:33,  1.61it/s] 65%|██████▍   | 46/71 [00:38<00:18,  1.33it/s]  7%|▋         | 7/97 [00:20<02:15,  1.51s/it] 67%|██████▋   | 67/100 [00:39<00:14,  2.31it/s] 20%|██        | 16/79 [00:30<01:00,  1.03it/s] 21%|██        | 27/129 [00:28<01:06,  1.54it/s] 66%|██████▌   | 47/71 [00:38<00:17,  1.40it/s] 68%|██████▊   | 68/100 [00:40<00:16,  1.94it/s] 14%|█▍        | 9/65 [00:25<01:14,  1.33s/it] 50%|████▉     | 51/103 [00:36<00:30,  1.73it/s] 23%|██▎       | 15/65 [00:25<00:49,  1.00it/s] 23%|██▎       | 15/65 [00:25<01:24,  1.69s/it]
2026-03-27 16:44:13,943 [ERROR] MC-SCE failed on 4yn3B00_6_amber: IndexError: too many indices for array: array is 1-dimensional, but 2 were indexed
  8%|▊         | 8/97 [00:21<02:01,  1.37s/it] 22%|██▏       | 28/129 [00:28<01:04,  1.56it/s] 22%|██▏       | 17/79 [00:31<01:00,  1.03it/s] 68%|██████▊   | 48/71 [00:39<00:15,  1.45it/s] 68%|██████▊   | 48/71 [00:39<00:18,  1.22it/s]
2026-03-27 16:44:14,305 [ERROR] MC-SCE failed on 1vjqA00_26_amber: IndexError: too many indices for array: array is 1-dimensional, but 2 were indexed
 69%|██████▉   | 69/100 [00:41<00:16,  1.93it/s] 22%|██▏       | 29/129 [00:29<01:03,  1.58it/s] 15%|█▌        | 10/65 [00:26<01:07,  1.23s/it] 70%|███████   | 70/100 [00:41<00:15,  1.91it/s] 10%|█         | 10/97 [00:22<01:26,  1.01it/s] 51%|█████▏    | 53/103 [00:37<00:27,  1.80it/s] 23%|██▎       | 18/79 [00:32<00:59,  1.02it/s] 23%|██▎       | 30/129 [00:30<01:01,  1.61it/s] 72%|███████▏  | 72/100 [00:42<00:11,  2.48it/s] 17%|█▋        | 11/65 [00:27<01:02,  1.15s/it] 24%|██▍       | 31/129 [00:30<01:00,  1.63it/s] 52%|█████▏    | 54/103 [00:38<00:31,  1.57it/s] 73%|███████▎  | 73/100 [00:42<00:11,  2.30it/s] 11%|█▏        | 11/97 [00:23<01:28,  1.03s/it] 24%|██▍       | 19/79 [00:33<00:59,  1.00it/s] 74%|███████▍  | 74/100 [00:43<00:11,  2.23it/s] 25%|██▍       | 32/129 [00:31<00:59,  1.64it/s] 55%|█████▌    | 57/103 [00:39<00:22,  2.02it/s] 18%|█▊        | 12/65 [00:28<00:58,  1.11s/it] 75%|███████▌  | 75/100 [00:43<00:11,  2.15it/s] 12%|█▏        | 12/97 [00:24<01:25,  1.01s/it] 25%|██▌       | 20/79 [00:33<00:56,  1.04it/s] 26%|██▌       | 33/129 [00:32<01:05,  1.47it/s] 76%|███████▌  | 76/100 [00:44<00:11,  2.09it/s] 57%|█████▋    | 59/103 [00:40<00:21,  2.02it/s] 20%|██        | 13/65 [00:29<00:55,  1.07s/it] 13%|█▎        | 13/97 [00:25<01:22,  1.02it/s] 26%|██▋       | 34/129 [00:32<01:02,  1.52it/s] 27%|██▋       | 21/79 [00:34<00:53,  1.09it/s] 77%|███████▋  | 77/100 [00:44<00:13,  1.74it/s] 27%|██▋       | 35/129 [00:33<01:00,  1.55it/s] 78%|███████▊  | 78/100 [00:45<00:12,  1.79it/s] 58%|█████▊    | 60/103 [00:41<00:24,  1.73it/s] 14%|█▍        | 14/97 [00:26<01:20,  1.02it/s] 28%|██▊       | 22/79 [00:35<00:55,  1.02it/s] 23%|██▎       | 15/65 [00:31<00:43,  1.15it/s] 28%|██▊       | 36/129 [00:33<00:58,  1.58it/s] 79%|███████▉  | 79/100 [00:46<00:11,  1.78it/s] 29%|██▊       | 37/129 [00:34<00:57,  1.61it/s] 15%|█▌        | 15/97 [00:27<01:19,  1.03it/s] 80%|████████  | 80/100 [00:46<00:11,  1.81it/s] 25%|██▍       | 16/65 [00:32<00:43,  1.13it/s] 30%|███       | 24/79 [00:36<00:42,  1.30it/s] 59%|█████▉    | 61/103 [00:43<00:30,  1.38it/s]2026-03-27 16:44:20,229 [INFO]   Post-idealize: 1572.5
 29%|██▉       | 38/129 [00:35<00:55,  1.63it/s] 81%|████████  | 81/100 [00:47<00:10,  1.82it/s] 16%|█▋        | 16/97 [00:28<01:18,  1.03it/s] 82%|████████▏ | 82/100 [00:47<00:09,  1.85it/s] 30%|███       | 39/129 [00:35<00:55,  1.63it/s] 26%|██▌       | 17/65 [00:33<00:43,  1.09it/s] 60%|██████    | 62/103 [00:44<00:31,  1.28it/s] 32%|███▏      | 25/79 [00:37<00:44,  1.21it/s] 83%|████████▎ | 83/100 [00:48<00:09,  1.87it/s] 19%|█▊        | 18/97 [00:29<00:59,  1.34it/s] 31%|███       | 40/129 [00:36<01:01,  1.45it/s] 84%|████████▍ | 84/100 [00:48<00:08,  1.90it/s] 28%|██▊       | 18/65 [00:34<00:43,  1.08it/s] 61%|██████    | 63/103 [00:45<00:32,  1.22it/s] 34%|███▍      | 27/79 [00:38<00:36,  1.44it/s] 32%|███▏      | 41/129 [00:37<00:59,  1.49it/s] 85%|████████▌ | 85/100 [00:49<00:07,  1.89it/s]2026-03-27 16:44:22,783 [INFO]   Post-minimize (chi+bb): -541.0
2026-03-27 16:44:22,924 [INFO]   Post-repack: 459.8
2026-03-27 16:44:22,932 [INFO]   Preprocessed structure -> /wynton/scratch/jqmo/rotation_datasets/augmented_ingraham_cath_bugfree/mpnn_esmfold/1uddA00_6_preproc.pdb
2026-03-27 16:44:22,969 [INFO]   Normalized atom/residue names -> /wynton/scratch/jqmo/rotation_datasets/augmented_ingraham_cath_bugfree/mpnn_esmfold/1uddA00_6_preproc_amber.pdb
 62%|██████▏   | 64/103 [00:45<00:33,  1.16it/s] 20%|█▉        | 19/97 [00:30<01:08,  1.14it/s] 31%|███       | 20/65 [00:35<00:33,  1.35it/s] 33%|███▎      | 42/129 [00:37<00:57,  1.52it/s] 35%|███▌      | 28/79 [00:39<00:39,  1.30it/s] 86%|████████▌ | 86/100 [00:50<00:08,  1.65it/s]  1%|          | 1/168 [00:11<31:07, 11.18s/it] 33%|███▎      | 43/129 [00:38<00:55,  1.56it/s] 87%|████████▋ | 87/100 [00:50<00:07,  1.70it/s] 63%|██████▎   | 65/103 [00:46<00:33,  1.13it/s] 21%|██        | 20/97 [00:31<01:09,  1.12it/s] 32%|███▏      | 21/65 [00:36<00:35,  1.24it/s]  2%|▏         | 3/168 [00:11<08:36,  3.13s/it] 37%|███▋      | 29/79 [00:40<00:41,  1.20it/s] 34%|███▍      | 44/129 [00:39<00:53,  1.58it/s] 88%|████████▊ | 88/100 [00:51<00:06,  1.74it/s]2026-03-27 16:44:24,425 [INFO]   Post-minimize (chi only): 320.9
  3%|▎         | 5/168 [00:12<04:34,  1.68s/it] 35%|███▍      | 45/129 [00:39<00:52,  1.59it/s] 89%|████████▉ | 89/100 [00:51<00:06,  1.78it/s] 22%|██▏       | 21/97 [00:32<01:09,  1.10it/s] 64%|██████▍   | 66/103 [00:47<00:33,  1.10it/s] 38%|███▊      | 30/79 [00:41<00:42,  1.15it/s] 34%|███▍      | 22/65 [00:37<00:39,  1.09it/s]  4%|▎         | 6/168 [00:13<03:48,  1.41s/it] 90%|█████████ | 90/100 [00:52<00:05,  1.82it/s] 36%|███▌      | 46/129 [00:40<00:51,  1.60it/s] 65%|██████▌   | 67/103 [00:48<00:33,  1.09it/s] 23%|██▎       | 22/97 [00:33<01:09,  1.07it/s] 91%|█████████ | 91/100 [00:52<00:04,  1.86it/s]  4%|▍         | 7/168 [00:13<03:11,  1.19s/it] 35%|███▌      | 23/65 [00:38<00:39,  1.06it/s] 92%|█████████▏| 92/100 [00:53<00:04,  1.87it/s] 37%|███▋      | 48/129 [00:41<00:46,  1.73it/s]  6%|▌         | 10/168 [00:14<01:43,  1.53it/s] 39%|███▉      | 31/79 [00:43<00:49,  1.02s/it] 24%|██▎       | 23/97 [00:34<01:09,  1.07it/s] 93%|█████████▎| 93/100 [00:53<00:03,  1.87it/s] 66%|██████▌   | 68/103 [00:50<00:37,  1.06s/it] 37%|███▋      | 24/65 [00:39<00:39,  1.03it/s]  7%|▋         | 12/168 [00:15<01:29,  1.73it/s] 38%|███▊      | 49/129 [00:42<00:54,  1.47it/s] 41%|████      | 32/79 [00:44<00:48,  1.02s/it] 25%|██▍       | 24/97 [00:35<01:08,  1.06it/s] 94%|█████████▍| 94/100 [00:54<00:03,  1.61it/s]  8%|▊         | 13/168 [00:15<01:31,  1.69it/s] 67%|██████▋   | 69/103 [00:51<00:35,  1.05s/it] 95%|█████████▌| 95/100 [00:55<00:02,  1.68it/s] 40%|████      | 26/65 [00:40<00:30,  1.30it/s] 39%|███▉      | 50/129 [00:43<00:59,  1.32it/s] 42%|████▏     | 33/79 [00:45<00:47,  1.02s/it]  8%|▊         | 14/168 [00:16<01:33,  1.65it/s] 96%|█████████▌| 96/100 [00:55<00:02,  1.74it/s] 26%|██▌       | 25/97 [00:36<01:13,  1.03s/it] 69%|██████▉   | 71/103 [00:52<00:24,  1.29it/s] 42%|████▏     | 27/65 [00:41<00:31,  1.21it/s] 10%|█         | 17/168 [00:17<01:03,  2.38it/s] 97%|█████████▋| 97/100 [00:56<00:01,  1.77it/s] 43%|████▎     | 34/79 [00:46<00:44,  1.01it/s] 40%|███▉      | 51/129 [00:44<01:05,  1.20it/s] 98%|█████████▊| 98/100 [00:56<00:01,  1.80it/s] 27%|██▋       | 26/97 [00:37<01:11,  1.01s/it] 11%|█         | 18/168 [00:17<01:09,  2.16it/s] 71%|███████   | 73/103 [00:53<00:20,  1.49it/s] 43%|████▎     | 28/65 [00:42<00:32,  1.13it/s] 99%|█████████▉| 99/100 [00:57<00:00,  1.82it/s] 44%|████▍     | 35/79 [00:47<00:43,  1.01it/s] 40%|████      | 52/129 [00:45<01:07,  1.13it/s] 11%|█▏        | 19/168 [00:18<01:14,  2.00it/s] 29%|██▉       | 28/97 [00:38<00:53,  1.29it/s]100%|██████████| 100/100 [00:57<00:00,  1.81it/s]100%|██████████| 100/100 [00:57<00:00,  1.73it/s]
 72%|███████▏  | 74/103 [00:54<00:21,  1.35it/s] 12%|█▏        | 20/168 [00:19<01:18,  1.88it/s]  0%|          | 0/5 [00:00<?, ?it/s] 45%|████▍     | 29/65 [00:43<00:32,  1.09it/s] 46%|████▌     | 36/79 [00:48<00:42,  1.01it/s] 41%|████      | 53/129 [00:46<01:09,  1.09it/s] 30%|██▉       | 29/97 [00:39<00:56,  1.21it/s] 73%|███████▎  | 75/103 [00:55<00:22,  1.26it/s] 13%|█▎        | 22/168 [00:19<01:12,  2.02it/s] 43%|████▎     | 55/129 [00:47<00:53,  1.38it/s] 47%|████▋     | 37/79 [00:49<00:41,  1.00it/s] 46%|████▌     | 30/65 [00:44<00:36,  1.03s/it] 14%|█▎        | 23/168 [00:20<01:16,  1.90it/s] 31%|███       | 30/97 [00:40<00:57,  1.17it/s] 74%|███████▍  | 76/103 [00:56<00:22,  1.21it/s] 48%|████▊     | 38/79 [00:50<00:39,  1.04it/s] 14%|█▍        | 24/168 [00:21<01:19,  1.82it/s] 43%|████▎     | 56/129 [00:48<00:57,  1.26it/s] 48%|████▊     | 31/65 [00:45<00:35,  1.04s/it] 32%|███▏      | 31/97 [00:41<00:58,  1.13it/s] 20%|██        | 1/5 [00:02<00:10,  2.59s/it] 76%|███████▌  | 78/103 [00:57<00:16,  1.47it/s] 15%|█▍        | 25/168 [00:21<01:22,  1.73it/s] 40%|████      | 2/5 [00:03<00:04,  1.50s/it] 49%|████▉     | 39/79 [00:51<00:42,  1.05s/it] 15%|█▌        | 26/168 [00:22<01:24,  1.68it/s] 33%|███▎      | 32/97 [00:42<00:58,  1.10it/s] 49%|████▉     | 32/65 [00:46<00:34,  1.04s/it] 60%|██████    | 3/5 [00:03<00:01,  1.05it/s] 46%|████▌     | 59/129 [00:49<00:44,  1.57it/s]2026-03-27 16:44:35,151 [INFO]   Post-idealize: 5534.6
100%|██████████| 5/5 [00:03<00:00,  2.03it/s]100%|██████████| 5/5 [00:03<00:00,  1.28it/s]
2026-03-27 16:44:35,407 [INFO] Generated 0 conformers -> /wynton/scratch/jqmo/rotation_datasets/ai-cath_mcsce_ensembles/2f76X00_3_reres_amber
 77%|███████▋  | 79/103 [00:58<00:20,  1.19it/s] 52%|█████▏    | 41/79 [00:52<00:29,  1.28it/s] 16%|█▌        | 27/168 [00:23<01:34,  1.49it/s] 52%|█████▏    | 34/65 [00:47<00:24,  1.24it/s] 47%|████▋     | 60/129 [00:50<00:49,  1.39it/s] 34%|███▍      | 33/97 [00:43<01:04,  1.01s/it] 78%|███████▊  | 80/103 [00:59<00:20,  1.13it/s] 18%|█▊        | 30/168 [00:24<01:03,  2.18it/s] 53%|█████▎    | 42/79 [00:53<00:30,  1.22it/s] 54%|█████▍    | 35/65 [00:49<00:26,  1.15it/s] 48%|████▊     | 62/129 [00:51<00:43,  1.55it/s] 35%|███▌      | 34/97 [00:44<01:03,  1.00s/it] 19%|█▉        | 32/168 [00:24<00:56,  2.40it/s] 82%|████████▏ | 84/103 [01:00<00:09,  1.95it/s] 54%|█████▍    | 43/79 [00:54<00:30,  1.18it/s]2026-03-27 16:44:37,565 [INFO]   Post-repack: 2508.4
 20%|█▉        | 33/168 [00:25<01:02,  2.15it/s] 55%|█████▌    | 36/65 [00:50<00:26,  1.09it/s] 56%|█████▌    | 44/79 [00:54<00:27,  1.29it/s] 36%|███▌      | 35/97 [00:45<01:01,  1.00it/s] 49%|████▉     | 63/129 [00:52<00:47,  1.38it/s] 83%|████████▎ | 85/103 [01:01<00:10,  1.68it/s] 21%|██        | 35/168 [00:26<00:55,  2.38it/s] 57%|█████▋    | 45/79 [00:55<00:24,  1.38it/s]2026-03-27 16:44:38,757 [INFO]   Post-idealize: -182.6
 38%|███▊      | 37/97 [00:46<00:45,  1.31it/s] 58%|█████▊    | 38/65 [00:51<00:20,  1.32it/s] 51%|█████     | 66/129 [00:53<00:34,  1.85it/s] 23%|██▎       | 38/168 [00:26<00:43,  2.97it/s] 58%|█████▊    | 46/79 [00:56<00:22,  1.48it/s] 83%|████████▎ | 86/103 [01:02<00:11,  1.48it/s] 23%|██▎       | 39/168 [00:27<00:51,  2.52it/s]2026-03-27 16:44:39,987 [INFO]   Post-minimize (chi only): 993.3
 41%|████      | 40/97 [00:47<00:31,  1.83it/s] 52%|█████▏    | 67/129 [00:54<00:38,  1.61it/s] 60%|██████    | 39/65 [00:52<00:21,  1.23it/s] 59%|█████▉    | 47/79 [00:57<00:24,  1.29it/s] 84%|████████▍ | 87/103 [01:03<00:11,  1.36it/s] 24%|██▍       | 40/168 [00:28<00:57,  2.22it/s] 61%|██████    | 48/79 [00:57<00:22,  1.41it/s] 42%|████▏     | 41/97 [00:48<00:35,  1.57it/s] 53%|█████▎    | 68/129 [00:56<00:43,  1.40it/s] 62%|██████▏   | 49/79 [00:58<00:19,  1.52it/s] 85%|████████▌ | 88/103 [01:04<00:11,  1.25it/s] 24%|██▍       | 41/168 [00:29<01:08,  1.84it/s] 62%|██████▏   | 40/65 [00:53<00:23,  1.06it/s]2026-03-27 16:44:41,679 [INFO] Running MC-SCE on 1uddA00_6_amber (5 conformers, T=300.0K)
 63%|██████▎   | 50/79 [00:58<00:18,  1.59it/s] 45%|████▌     | 44/97 [00:49<00:26,  1.99it/s] 25%|██▌       | 42/168 [00:29<01:13,  1.72it/s] 65%|██████▍   | 51/79 [00:59<00:17,  1.65it/s] 65%|██████▍   | 42/65 [00:54<00:17,  1.29it/s] 53%|█████▎    | 69/129 [00:57<00:52,  1.15it/s] 26%|██▌       | 43/168 [00:30<01:14,  1.68it/s] 86%|████████▋ | 89/103 [01:05<00:13,  1.03it/s] 66%|██████▌   | 52/79 [00:59<00:15,  1.71it/s] 46%|████▋     | 45/97 [00:50<00:30,  1.70it/s] 26%|██▌       | 44/168 [00:31<01:16,  1.62it/s] 68%|██████▊   | 54/79 [01:00<00:11,  2.27it/s]2026-03-27 16:44:43,583 [ERROR] MC-SCE failed on 1uddA00_6_amber: KeyError: ()
 66%|██████▌   | 43/65 [00:55<00:18,  1.20it/s]2026-03-27 16:44:43,612 [INFO]   Post-repack: -505.9
 54%|█████▍    | 70/129 [00:58<00:54,  1.09it/s] 90%|█████████ | 93/103 [01:06<00:05,  1.84it/s] 27%|██▋       | 45/168 [00:31<01:17,  1.59it/s] 49%|████▉     | 48/97 [00:51<00:25,  1.90it/s] 72%|███████▏  | 57/79 [01:01<00:08,  2.67it/s] 68%|██████▊   | 44/65 [00:56<00:18,  1.12it/s] 55%|█████▌    | 71/129 [00:59<00:54,  1.06it/s] 27%|██▋       | 46/168 [00:32<01:16,  1.59it/s] 91%|█████████▏| 94/103 [01:07<00:05,  1.59it/s] 73%|███████▎  | 58/79 [01:01<00:08,  2.46it/s]2026-03-27 16:44:45,422 [INFO]   Post-minimize (chi only): -572.2
 28%|██▊       | 47/168 [00:33<01:18,  1.55it/s] 51%|█████     | 49/97 [00:52<00:29,  1.63it/s] 76%|███████▌  | 60/79 [01:02<00:06,  2.76it/s] 69%|██████▉   | 45/65 [00:57<00:18,  1.07it/s] 56%|█████▌    | 72/129 [01:00<00:55,  1.03it/s] 93%|█████████▎| 96/103 [01:08<00:04,  1.72it/s] 77%|███████▋  | 61/79 [01:02<00:07,  2.51it/s] 29%|██▊       | 48/168 [00:34<01:27,  1.38it/s] 52%|█████▏    | 50/97 [00:53<00:32,  1.44it/s] 78%|███████▊  | 62/79 [01:03<00:07,  2.30it/s] 71%|███████   | 46/65 [00:58<00:18,  1.03it/s] 57%|█████▋    | 73/129 [01:01<00:55,  1.01it/s] 94%|█████████▍| 97/103 [01:09<00:03,  1.52it/s] 29%|██▉       | 49/168 [00:34<01:23,  1.42it/s] 80%|███████▉  | 63/79 [01:04<00:07,  2.15it/s] 53%|█████▎    | 51/97 [00:54<00:35,  1.31it/s] 30%|███       | 51/168 [00:35<01:02,  1.87it/s] 81%|████████  | 64/79 [01:04<00:07,  2.03it/s] 72%|███████▏  | 47/65 [00:59<00:18,  1.00s/it] 95%|█████████▌| 98/103 [01:10<00:03,  1.36it/s] 82%|████████▏ | 65/79 [01:05<00:07,  1.97it/s] 32%|███▏      | 53/168 [00:36<00:53,  2.16it/s]2026-03-27 16:44:48,438 [INFO]   Post-idealize: 593.7
 54%|█████▎    | 52/97 [00:55<00:36,  1.23it/s] 96%|█████████▌| 99/103 [01:11<00:03,  1.25it/s] 59%|█████▉    | 76/129 [01:03<00:45,  1.17it/s] 32%|███▏      | 54/168 [00:36<00:57,  1.99it/s] 84%|████████▎ | 66/79 [01:06<00:07,  1.63it/s] 74%|███████▍  | 48/65 [01:01<00:19,  1.12s/it] 55%|█████▍    | 53/97 [00:56<00:38,  1.16it/s] 33%|███▎      | 55/168 [00:37<01:01,  1.85it/s] 85%|████████▍ | 67/79 [01:06<00:07,  1.66it/s] 97%|█████████▋| 100/103 [01:12<00:02,  1.19it/s] 60%|█████▉    | 77/129 [01:04<00:47,  1.10it/s] 75%|███████▌  | 49/65 [01:02<00:17,  1.09s/it] 33%|███▎      | 56/168 [00:38<01:03,  1.75it/s] 87%|████████▋ | 69/79 [01:07<00:04,  2.18it/s] 56%|█████▌    | 54/97 [00:57<00:38,  1.12it/s] 90%|████████▉ | 71/79 [01:07<00:03,  2.57it/s] 98%|█████████▊| 101/103 [01:14<00:01,  1.03it/s] 35%|███▍      | 58/168 [00:38<00:57,  1.92it/s] 60%|██████    | 78/129 [01:06<00:52,  1.04s/it] 77%|███████▋  | 50/65 [01:03<00:16,  1.09s/it] 92%|█████████▏| 73/79 [01:08<00:02,  2.86it/s] 58%|█████▊    | 56/97 [00:59<00:33,  1.23it/s] 36%|███▌      | 60/168 [00:39<00:49,  2.18it/s] 95%|█████████▍| 75/79 [01:08<00:01,  3.09it/s] 99%|█████████▉| 102/103 [01:15<00:00,  1.04it/s] 61%|██████    | 79/129 [01:07<00:52,  1.05s/it] 78%|███████▊  | 51/65 [01:04<00:15,  1.08s/it] 96%|█████████▌| 76/79 [01:09<00:01,  2.72it/s] 36%|███▋      | 61/168 [00:40<00:53,  2.00it/s]2026-03-27 16:44:52,650 [INFO]   Post-repack: -368.7
 59%|█████▉    | 57/97 [01:00<00:34,  1.16it/s]100%|██████████| 103/103 [01:16<00:00,  1.01it/s]100%|██████████| 103/103 [01:16<00:00,  1.35it/s]
 37%|███▋      | 62/168 [00:41<00:57,  1.83it/s] 63%|██████▎   | 81/129 [01:08<00:38,  1.24it/s] 80%|████████  | 52/65 [01:05<00:13,  1.07s/it] 99%|█████████▊| 78/79 [01:10<00:00,  2.49it/s]  0%|          | 0/5 [00:00<?, ?it/s] 60%|█████▉    | 58/97 [01:01<00:35,  1.11it/s] 38%|███▊      | 64/168 [00:41<00:48,  2.16it/s]100%|██████████| 79/79 [01:10<00:00,  2.29it/s]100%|██████████| 79/79 [01:10<00:00,  1.11it/s]
2026-03-27 16:44:54,229 [INFO]   Post-minimize (chi only): -514.6
  0%|          | 0/5 [00:00<?, ?it/s] 64%|██████▎   | 82/129 [01:09<00:40,  1.16it/s] 82%|████████▏ | 53/65 [01:06<00:12,  1.08s/it] 40%|███▉      | 67/168 [00:42<00:35,  2.85it/s] 61%|██████    | 59/97 [01:02<00:35,  1.08it/s] 40%|████      | 68/168 [00:43<00:41,  2.42it/s] 65%|██████▌   | 84/129 [01:10<00:32,  1.37it/s] 83%|████████▎ | 54/65 [01:07<00:11,  1.07s/it] 62%|██████▏   | 60/97 [01:03<00:34,  1.06it/s] 41%|████      | 69/168 [00:43<00:45,  2.15it/s] 66%|██████▌   | 85/129 [01:11<00:35,  1.24it/s] 63%|██████▎   | 61/97 [01:04<00:34,  1.04it/s] 42%|████▏     | 70/168 [00:44<00:56,  1.75it/s] 85%|████████▍ | 55/65 [01:09<00:11,  1.16s/it] 42%|████▏     | 71/168 [00:45<00:57,  1.68it/s] 67%|██████▋   | 86/129 [01:12<00:37,  1.16it/s] 64%|██████▍   | 62/97 [01:05<00:34,  1.02it/s] 86%|████████▌ | 56/65 [01:10<00:10,  1.13s/it] 43%|████▎     | 72/168 [00:45<00:58,  1.63it/s] 20%|██        | 1/5 [00:04<00:16,  4.18s/it] 67%|██████▋   | 87/129 [01:13<00:38,  1.10it/s] 40%|████      | 2/5 [00:04<00:05,  1.88s/it] 43%|████▎     | 73/168 [00:46<00:59,  1.60it/s] 89%|████████▉ | 58/65 [01:11<00:06,  1.14it/s] 65%|██████▍   | 63/97 [01:06<00:37,  1.09s/it] 44%|████▍     | 74/168 [00:47<01:01,  1.53it/s] 60%|██████    | 3/5 [00:05<00:02,  1.40s/it] 68%|██████▊   | 88/129 [01:14<00:42,  1.04s/it] 80%|████████  | 4/5 [00:05<00:01,  1.00s/it] 66%|██████▌   | 64/97 [01:07<00:35,  1.08s/it] 91%|█████████ | 59/65 [01:12<00:05,  1.07it/s] 45%|████▍     | 75/168 [00:48<01:01,  1.52it/s] 46%|████▌     | 77/168 [00:48<00:47,  1.91it/s] 20%|██        | 1/5 [00:07<00:29,  7.31s/it] 69%|██████▉   | 89/129 [01:16<00:42,  1.05s/it] 67%|██████▋   | 65/97 [01:08<00:32,  1.02s/it]2026-03-27 16:45:01,291 [INFO]   Post-minimize (chi+bb): -781.4
2026-03-27 16:45:01,470 [INFO]   Preprocessed structure -> /wynton/scratch/jqmo/rotation_datasets/augmented_ingraham_cath_bugfree/mpnn_esmfold/3mkrA00_3_preproc.pdb
 92%|█████████▏| 60/65 [01:13<00:04,  1.01it/s]2026-03-27 16:45:01,513 [INFO]   Normalized atom/residue names -> /wynton/scratch/jqmo/rotation_datasets/augmented_ingraham_cath_bugfree/mpnn_esmfold/3mkrA00_3_preproc_amber.pdb
 46%|████▋     | 78/168 [00:49<00:56,  1.59it/s] 40%|████      | 2/5 [00:08<00:10,  3.64s/it] 71%|███████▏  | 92/129 [01:17<00:24,  1.50it/s] 69%|██████▉   | 67/97 [01:09<00:24,  1.22it/s]100%|██████████| 5/5 [00:07<00:00,  1.47s/it]100%|██████████| 5/5 [00:07<00:00,  1.59s/it] 94%|█████████▍| 61/65 [01:14<00:04,  1.01s/it]
2026-03-27 16:45:02,615 [INFO] Generated 0 conformers -> /wynton/scratch/jqmo/rotation_datasets/ai-cath_mcsce_ensembles/1wtbA00_28_amber
 47%|████▋     | 79/168 [00:50<00:57,  1.56it/s] 73%|███████▎  | 94/129 [01:18<00:21,  1.62it/s] 70%|███████   | 68/97 [01:10<00:24,  1.17it/s] 48%|████▊     | 80/168 [00:51<00:57,  1.53it/s] 95%|█████████▌| 62/65 [01:15<00:02,  1.03it/s] 73%|███████▎  | 71/97 [01:11<00:14,  1.84it/s] 48%|████▊     | 81/168 [00:51<00:59,  1.47it/s] 97%|█████████▋| 63/65 [01:16<00:01,  1.10it/s] 74%|███████▎  | 95/129 [01:19<00:23,  1.42it/s] 74%|███████▍  | 72/97 [01:12<00:14,  1.75it/s] 49%|████▉     | 82/168 [00:52<00:59,  1.44it/s] 98%|█████████▊| 64/65 [01:17<00:00,  1.06it/s] 74%|███████▍  | 96/129 [01:20<00:25,  1.29it/s] 75%|███████▌  | 73/97 [01:12<00:14,  1.68it/s] 49%|████▉     | 83/168 [00:53<00:59,  1.42it/s]100%|██████████| 65/65 [01:17<00:00,  1.13it/s]100%|██████████| 65/65 [01:17<00:00,  1.20s/it]
 50%|█████     | 84/168 [00:53<00:58,  1.44it/s]  0%|          | 0/5 [00:00<?, ?it/s] 75%|███████▌  | 97/129 [01:21<00:26,  1.19it/s] 77%|███████▋  | 75/97 [01:13<00:12,  1.74it/s] 60%|██████    | 3/5 [00:12<00:08,  4.04s/it] 80%|████████  | 4/5 [00:13<00:02,  2.50s/it] 51%|█████     | 85/168 [00:54<00:57,  1.45it/s] 78%|███████▊  | 76/97 [01:14<00:12,  1.69it/s] 77%|███████▋  | 99/129 [01:22<00:20,  1.43it/s] 79%|███████▉  | 77/97 [01:15<00:12,  1.65it/s] 52%|█████▏    | 87/168 [00:55<00:48,  1.68it/s]100%|██████████| 5/5 [00:14<00:00,  2.06s/it]100%|██████████| 5/5 [00:14<00:00,  2.86s/it]
2026-03-27 16:45:08,293 [INFO] Generated 28 conformers -> /wynton/scratch/jqmo/rotation_datasets/ai-cath_mcsce_ensembles/3uk2A02_1_amber
 80%|████████  | 78/97 [01:15<00:12,  1.55it/s] 52%|█████▏    | 88/168 [00:56<00:50,  1.58it/s] 78%|███████▊  | 100/129 [01:23<00:25,  1.15it/s] 54%|█████▎    | 90/168 [00:57<00:40,  1.92it/s] 81%|████████▏ | 79/97 [01:16<00:12,  1.43it/s] 20%|██        | 1/5 [00:03<00:12,  3.21s/it] 78%|███████▊  | 101/129 [01:24<00:24,  1.16it/s] 40%|████      | 2/5 [00:03<00:04,  1.51s/it] 54%|█████▍    | 91/168 [00:57<00:42,  1.79it/s] 84%|████████▎ | 81/97 [01:17<00:08,  1.78it/s] 79%|███████▉  | 102/129 [01:25<00:22,  1.22it/s] 60%|██████    | 3/5 [00:04<00:02,  1.20s/it] 55%|█████▍    | 92/168 [00:58<00:45,  1.67it/s] 85%|████████▍ | 82/97 [01:18<00:09,  1.61it/s] 80%|███████▉  | 103/129 [01:25<00:20,  1.26it/s] 55%|█████▌    | 93/168 [00:59<00:47,  1.59it/s] 81%|████████  | 104/129 [01:26<00:19,  1.31it/s] 86%|████████▌ | 83/97 [01:19<00:10,  1.35it/s] 56%|█████▌    | 94/168 [00:59<00:48,  1.53it/s] 81%|████████▏ | 105/129 [01:27<00:17,  1.34it/s]2026-03-27 16:45:12,542 [INFO]   Minimized 1.pdb: -288.1 -> -288.5
 87%|████████▋ | 84/97 [01:20<00:09,  1.35it/s] 57%|█████▋    | 95/168 [01:00<00:48,  1.51it/s] 80%|████████  | 4/5 [00:06<00:01,  1.65s/it] 82%|████████▏ | 106/129 [01:27<00:16,  1.38it/s] 89%|████████▊ | 86/97 [01:20<00:06,  1.71it/s] 83%|████████▎ | 107/129 [01:28<00:15,  1.40it/s] 57%|█████▋    | 96/168 [01:01<00:53,  1.34it/s]100%|██████████| 5/5 [00:07<00:00,  1.51s/it]100%|██████████| 5/5 [00:07<00:00,  1.59s/it]
2026-03-27 16:45:14,383 [INFO] Generated 0 conformers -> /wynton/scratch/jqmo/rotation_datasets/ai-cath_mcsce_ensembles/3ossC00_7_amber
 90%|████████▉ | 87/97 [01:21<00:06,  1.60it/s] 58%|█████▊    | 97/168 [01:02<00:52,  1.36it/s] 84%|████████▎ | 108/129 [01:29<00:17,  1.23it/s] 91%|█████████ | 88/97 [01:22<00:05,  1.51it/s] 59%|█████▉    | 99/168 [01:02<00:38,  1.79it/s] 85%|████████▌ | 110/129 [01:30<00:11,  1.63it/s] 92%|█████████▏| 89/97 [01:23<00:05,  1.48it/s] 60%|█████▉    | 100/168 [01:03<00:40,  1.68it/s] 86%|████████▌ | 111/129 [01:31<00:11,  1.58it/s] 93%|█████████▎| 90/97 [01:24<00:04,  1.42it/s] 60%|██████    | 101/168 [01:04<00:41,  1.60it/s] 87%|████████▋ | 112/129 [01:31<00:11,  1.52it/s] 61%|██████    | 102/168 [01:05<00:42,  1.54it/s] 94%|█████████▍| 91/97 [01:24<00:04,  1.36it/s] 88%|████████▊ | 114/129 [01:32<00:07,  1.90it/s]2026-03-27 16:45:17,844 [INFO] Running MC-SCE on 3mkrA00_3_amber (5 conformers, T=300.0K)
 61%|██████▏   | 103/168 [01:05<00:42,  1.52it/s] 89%|████████▉ | 115/129 [01:33<00:07,  1.75it/s] 95%|█████████▍| 92/97 [01:25<00:04,  1.21it/s] 62%|██████▏   | 104/168 [01:06<00:42,  1.50it/s] 90%|████████▉ | 116/129 [01:34<00:07,  1.65it/s] 96%|█████████▌| 93/97 [01:26<00:03,  1.23it/s] 62%|██████▎   | 105/168 [01:07<00:48,  1.30it/s] 91%|█████████ | 117/129 [01:34<00:07,  1.59it/s] 97%|█████████▋| 94/97 [01:27<00:02,  1.20it/s] 63%|██████▎   | 106/168 [01:08<00:46,  1.33it/s]2026-03-27 16:45:20,558 [ERROR] MC-SCE failed on 3mkrA00_3_amber: KeyError: ()
 98%|█████████▊| 95/97 [01:28<00:01,  1.25it/s]100%|██████████| 97/97 [01:28<00:00,  1.10it/s]
 91%|█████████▏| 118/129 [01:35<00:08,  1.34it/s] 64%|██████▎   | 107/168 [01:08<00:45,  1.34it/s]  0%|          | 0/5 [00:00<?, ?it/s] 92%|█████████▏| 119/129 [01:36<00:07,  1.35it/s] 64%|██████▍   | 108/168 [01:09<00:44,  1.34it/s] 93%|█████████▎| 120/129 [01:37<00:06,  1.36it/s]2026-03-27 16:45:22,467 [INFO]   Minimized 10.pdb: -160.4 -> -161.0
 65%|██████▍   | 109/168 [01:10<00:43,  1.35it/s] 94%|█████████▍| 121/129 [01:37<00:05,  1.35it/s] 66%|██████▌   | 111/168 [01:11<00:32,  1.75it/s] 95%|█████████▍| 122/129 [01:38<00:05,  1.35it/s] 68%|██████▊   | 114/168 [01:11<00:21,  2.48it/s] 95%|█████████▌| 123/129 [01:39<00:04,  1.37it/s] 68%|██████▊   | 115/168 [01:12<00:24,  2.14it/s] 96%|█████████▌| 124/129 [01:40<00:03,  1.40it/s]2026-03-27 16:45:25,439 [INFO]   Minimized 12.pdb: -274.9 -> -275.3
 69%|██████▉   | 116/168 [01:13<00:30,  1.70it/s] 20%|██        | 1/5 [00:04<00:19,  4.77s/it] 98%|█████████▊| 127/129 [01:40<00:00,  2.19it/s] 40%|████      | 2/5 [00:05<00:06,  2.23s/it] 70%|██████▉   | 117/168 [01:14<00:31,  1.64it/s] 99%|█████████▉| 128/129 [01:41<00:00,  1.94it/s]100%|██████████| 129/129 [01:41<00:00,  1.27it/s]
 60%|██████    | 3/5 [00:05<00:02,  1.39s/it]  0%|          | 0/5 [00:00<?, ?it/s] 70%|███████   | 118/168 [01:15<00:31,  1.57it/s] 71%|███████▏  | 120/168 [01:15<00:25,  1.88it/s]2026-03-27 16:45:28,233 [INFO]   Minimized 19.pdb: -289.6 -> -290.0
 72%|███████▏  | 121/168 [01:16<00:27,  1.70it/s]2026-03-27 16:45:29,409 [INFO]   Post-minimize (chi+bb): -889.4
2026-03-27 16:45:29,566 [INFO]   Preprocessed structure -> /wynton/scratch/jqmo/rotation_datasets/augmented_ingraham_cath_bugfree/mpnn_esmfold/3sreA00_30_preproc.pdb
 73%|███████▎  | 123/168 [01:17<00:22,  2.00it/s]2026-03-27 16:45:29,608 [INFO]   Normalized atom/residue names -> /wynton/scratch/jqmo/rotation_datasets/augmented_ingraham_cath_bugfree/mpnn_esmfold/3sreA00_30_preproc_amber.pdb
 74%|███████▍  | 125/168 [01:18<00:19,  2.23it/s] 75%|███████▌  | 126/168 [01:18<00:21,  1.96it/s]2026-03-27 16:45:31,269 [INFO]   Minimized 2.pdb: -285.7 -> -286.3
 20%|██        | 1/5 [00:04<00:16,  4.05s/it] 40%|████      | 2/5 [00:04<00:05,  1.90s/it] 76%|███████▌  | 127/168 [01:19<00:25,  1.59it/s] 80%|████████  | 4/5 [00:11<00:02,  2.99s/it] 76%|███████▌  | 128/168 [01:20<00:26,  1.53it/s] 60%|██████    | 3/5 [00:05<00:03,  1.68s/it] 77%|███████▋  | 129/168 [01:21<00:26,  1.50it/s] 80%|████████  | 4/5 [00:06<00:01,  1.23s/it]100%|██████████| 5/5 [00:06<00:00,  1.30s/it]100%|██████████| 5/5 [00:12<00:00,  2.45s/it]100%|██████████| 5/5 [00:12<00:00,  2.51s/it]
2026-03-27 16:45:33,872 [INFO] Generated 0 conformers -> /wynton/scratch/jqmo/rotation_datasets/ai-cath_mcsce_ensembles/3buxB01_22_reres_amber

2026-03-27 16:45:33,921 [INFO] Generated 9 conformers -> /wynton/scratch/jqmo/rotation_datasets/ai-cath_mcsce_ensembles/3stjA03_13_amber
 77%|███████▋  | 130/168 [01:22<00:26,  1.44it/s]2026-03-27 16:45:34,938 [INFO]   Minimized 28.pdb: -284.3 -> -284.7
 78%|███████▊  | 131/168 [01:22<00:26,  1.40it/s] 79%|███████▊  | 132/168 [01:23<00:25,  1.39it/s] 79%|███████▉  | 133/168 [01:24<00:25,  1.38it/s] 80%|███████▉  | 134/168 [01:25<00:25,  1.35it/s] 80%|████████  | 135/168 [01:25<00:24,  1.36it/s]2026-03-27 16:45:38,851 [INFO] Running MC-SCE on 3sreA00_30_amber (5 conformers, T=300.0K)
 82%|████████▏ | 137/168 [01:26<00:20,  1.54it/s] 82%|████████▏ | 138/168 [01:27<00:20,  1.49it/s]2026-03-27 16:45:40,399 [ERROR] MC-SCE failed on 3sreA00_30_amber: KeyError: ()
 83%|████████▎ | 139/168 [01:28<00:20,  1.45it/s] 83%|████████▎ | 140/168 [01:29<00:19,  1.43it/s] 84%|████████▍ | 141/168 [01:29<00:19,  1.41it/s] 85%|████████▍ | 142/168 [01:30<00:18,  1.41it/s] 85%|████████▌ | 143/168 [01:31<00:18,  1.38it/s] 86%|████████▌ | 144/168 [01:31<00:17,  1.40it/s] 86%|████████▋ | 145/168 [01:32<00:16,  1.41it/s] 87%|████████▋ | 146/168 [01:33<00:18,  1.21it/s] 88%|████████▊ | 147/168 [01:34<00:16,  1.25it/s] 88%|████████▊ | 148/168 [01:35<00:15,  1.28it/s] 89%|████████▊ | 149/168 [01:35<00:14,  1.30it/s] 89%|████████▉ | 150/168 [01:36<00:13,  1.31it/s] 90%|████████▉ | 151/168 [01:37<00:13,  1.30it/s] 90%|█████████ | 152/168 [01:38<00:12,  1.28it/s] 91%|█████████ | 153/168 [01:39<00:11,  1.30it/s] 92%|█████████▏| 154/168 [01:39<00:10,  1.30it/s] 92%|█████████▏| 155/168 [01:40<00:11,  1.17it/s] 93%|█████████▎| 156/168 [01:41<00:09,  1.21it/s] 93%|█████████▎| 157/168 [01:42<00:08,  1.24it/s] 94%|█████████▍| 158/168 [01:43<00:07,  1.25it/s]2026-03-27 16:45:55,757 [INFO]   Minimized 0.pdb: 2001.5 -> -275.0
 95%|█████████▍| 159/168 [01:43<00:07,  1.25it/s] 95%|█████████▌| 160/168 [01:44<00:06,  1.24it/s] 96%|█████████▌| 161/168 [01:45<00:05,  1.26it/s] 96%|█████████▋| 162/168 [01:46<00:04,  1.26it/s] 97%|█████████▋| 163/168 [01:47<00:03,  1.28it/s]2026-03-27 16:46:00,637 [INFO]   Minimized 27.pdb: -169.0 -> -169.9
 98%|█████████▊| 164/168 [01:48<00:04,  1.09s/it] 99%|█████████▉| 166/168 [01:50<00:01,  1.09it/s] 99%|█████████▉| 167/168 [01:51<00:01,  1.06s/it]100%|██████████| 168/168 [01:53<00:00,  1.18s/it]100%|██████████| 168/168 [01:53<00:00,  1.48it/s]
  0%|          | 0/5 [00:00<?, ?it/s] 20%|██        | 1/5 [00:01<00:04,  1.13s/it]2026-03-27 16:46:07,520 [INFO]   Minimized 28.pdb: -281.3 -> -282.5
 60%|██████    | 3/5 [00:01<00:01,  1.80it/s]2026-03-27 16:46:11,870 [INFO]   Minimized 47.pdb: -309.0 -> -309.6
2026-03-27 16:46:12,062 [INFO]   Minimized 32.pdb: 1238.2 -> -288.2
100%|██████████| 5/5 [00:07<00:00,  1.83s/it]100%|██████████| 5/5 [00:07<00:00,  1.58s/it]
2026-03-27 16:46:14,255 [INFO] Generated 0 conformers -> /wynton/scratch/jqmo/rotation_datasets/ai-cath_mcsce_ensembles/1yb5A02_24_amber
2026-03-27 16:46:16,301 [INFO]   Minimized 55.pdb: -185.9 -> -186.2
2026-03-27 16:46:17,043 [INFO]   Post-minimize (chi+bb): -904.3
2026-03-27 16:46:17,209 [INFO]   Preprocessed structure -> /wynton/scratch/jqmo/rotation_datasets/augmented_ingraham_cath_bugfree/mpnn_esmfold/4ig1A00_19_preproc.pdb
2026-03-27 16:46:17,262 [INFO]   Normalized atom/residue names -> /wynton/scratch/jqmo/rotation_datasets/augmented_ingraham_cath_bugfree/mpnn_esmfold/4ig1A00_19_preproc_amber.pdb
2026-03-27 16:46:20,790 [INFO]   Minimized 61.pdb: -153.4 -> -153.8
2026-03-27 16:46:25,892 [INFO]   Minimized 73.pdb: -260.2 -> -263.1
2026-03-27 16:46:27,360 [INFO] Running MC-SCE on 4ig1A00_19_amber (5 conformers, T=300.0K)
2026-03-27 16:46:29,181 [ERROR] MC-SCE failed on 4ig1A00_19_amber: KeyError: ()
2026-03-27 16:46:31,935 [INFO]   Minimized 85.pdb: -283.3 -> -285.8
2026-03-27 16:46:36,544 [INFO]   Minimized 92.pdb: -307.3 -> -308.0
2026-03-27 16:46:39,652 [INFO]   Minimized 33.pdb: 1246.5 -> -283.6
2026-03-27 16:46:57,773 [INFO]   Post-minimize (chi+bb): -625.5
2026-03-27 16:46:57,886 [INFO]   Preprocessed structure -> /wynton/scratch/jqmo/rotation_datasets/augmented_ingraham_cath_bugfree/mpnn_esmfold/3wx7A01_4_preproc.pdb
2026-03-27 16:46:57,964 [INFO]   Normalized atom/residue names -> /wynton/scratch/jqmo/rotation_datasets/augmented_ingraham_cath_bugfree/mpnn_esmfold/3wx7A01_4_preproc_amber.pdb
2026-03-27 16:47:07,653 [INFO] Running MC-SCE on 3wx7A01_4_amber (5 conformers, T=300.0K)
2026-03-27 16:47:09,239 [ERROR] MC-SCE failed on 3wx7A01_4_amber: KeyError: ()
2026-03-27 16:47:09,918 [INFO]   Minimized 34.pdb: 1322.2 -> -138.8
2026-03-27 16:47:12,829 [INFO]   Minimized 35.pdb: -297.6 -> -298.1
2026-03-27 16:47:38,856 [INFO]   Minimized 38.pdb: 1139.6 -> -276.0
2026-03-27 16:48:09,979 [INFO]   Minimized 43.pdb: 1246.0 -> -256.6
2026-03-27 16:48:38,030 [INFO]   Minimized 46.pdb: 1259.4 -> -284.7
2026-03-27 16:49:10,787 [INFO]   Minimized 47.pdb: 1189.6 -> -285.2
2026-03-27 16:49:33,495 [INFO]   Minimized 48.pdb: 1238.2 -> -149.8
2026-03-27 16:49:57,049 [INFO]   Minimized 55.pdb: 1350.2 -> -159.8
2026-03-27 16:50:19,316 [INFO]   Minimized 6.pdb: 1204.6 -> -280.5
2026-03-27 16:50:45,261 [INFO]   Minimized 65.pdb: 1167.4 -> -276.7
2026-03-27 16:51:13,264 [INFO]   Minimized 73.pdb: 1205.3 -> -275.7
2026-03-27 16:51:43,405 [INFO]   Minimized 77.pdb: 1298.4 -> -287.6
2026-03-27 16:52:35,982 [INFO]   Minimized 78.pdb: 1213.5 -> -283.0
2026-03-27 16:53:01,707 [INFO]   Minimized 82.pdb: 1188.8 -> -298.1
2026-03-27 16:53:34,638 [INFO]   Minimized 83.pdb: 1152.3 -> -295.1
2026-03-27 16:54:16,788 [INFO]   Minimized 89.pdb: 1164.4 -> -289.4
2026-03-27 16:54:40,710 [INFO]   Minimized 92.pdb: 1203.3 -> -149.8
2026-03-27 16:55:24,387 [INFO]   Minimized 93.pdb: 1226.8 -> -282.6
2026-03-27 16:56:20,219 [INFO]   Minimized 97.pdb: 1201.5 -> -279.5
2026-03-27 16:56:46,199 [INFO]   Minimized 98.pdb: 1285.5 -> -265.9
