Now working on /wynton/scratch/jqmo/rotation_datasets/augmented_ingraham_cath_bugfree/mpnn_esmfold/1vq8200_2.pdb
WARNING! 41 missing atoms in total
Start preparing energy calculators at different sidechain completion levels
Now working on /wynton/scratch/jqmo/rotation_datasets/augmented_ingraham_cath_bugfree/mpnn_esmfold/4yn3B00_6.pdb
WARNING! 63 missing atoms in total
Start preparing energy calculators at different sidechain completion levels
Now working on /wynton/scratch/jqmo/rotation_datasets/augmented_ingraham_cath_bugfree/mpnn_esmfold/3buxB01_22_reres.pdb
WARNING! 117 missing atoms in total
Start preparing energy calculators at different sidechain completion levels
Now working on /wynton/scratch/jqmo/rotation_datasets/augmented_ingraham_cath_bugfree/mpnn_esmfold/3jzjA01_18.pdb
HIS residues modified to HIP

WARNING! 183 missing atoms in total
Start preparing energy calculators at different sidechain completion levels
Now working on /wynton/scratch/jqmo/rotation_datasets/augmented_ingraham_cath_bugfree/mpnn_esmfold/1vjqA00_26.pdb
WARNING! 65 missing atoms in total
Start preparing energy calculators at different sidechain completion levels
Now working on /wynton/scratch/jqmo/rotation_datasets/augmented_ingraham_cath_bugfree/mpnn_esmfold/4ig1A00_19.pdb
HIS residues modified to HIP

WARNING! 312 missing atoms in total
Start preparing energy calculators at different sidechain completion levels
Now working on /wynton/scratch/jqmo/rotation_datasets/augmented_ingraham_cath_bugfree/mpnn_esmfold/1uddA00_6.pdb
HIS residues modified to HIP

WARNING! 210 missing atoms in total
Start preparing energy calculators at different sidechain completion levels
Now working on /wynton/scratch/jqmo/rotation_datasets/augmented_ingraham_cath_bugfree/mpnn_esmfold/1gcvA00_31.pdb
HIS residues modified to HIP

WARNING! 136 missing atoms in total
Start preparing energy calculators at different sidechain completion levels
Now working on /wynton/scratch/jqmo/rotation_datasets/augmented_ingraham_cath_bugfree/mpnn_esmfold/3uk2A02_1.pdb
WARNING! 99 missing atoms in total
Start preparing energy calculators at different sidechain completion levels
Now working on /wynton/scratch/jqmo/rotation_datasets/augmented_ingraham_cath_bugfree/mpnn_esmfold/4bszB00_23.pdb
HIS residues modified to HIP

WARNING! 150 missing atoms in total
Start preparing energy calculators at different sidechain completion levels
Now working on /wynton/scratch/jqmo/rotation_datasets/augmented_ingraham_cath_bugfree/mpnn_esmfold/3ossC00_7.pdb
WARNING! 65 missing atoms in total
Start preparing energy calculators at different sidechain completion levels
Now working on /wynton/scratch/jqmo/rotation_datasets/augmented_ingraham_cath_bugfree/mpnn_esmfold/2vqeN00_6.pdb
WARNING! 55 missing atoms in total
Start preparing energy calculators at different sidechain completion levels
Now working on /wynton/scratch/jqmo/rotation_datasets/augmented_ingraham_cath_bugfree/mpnn_esmfold/5ayvA01_6.pdb
HIS residues modified to HIP

WARNING! 165 missing atoms in total
Start preparing energy calculators at different sidechain completion levels
Now working on /wynton/scratch/jqmo/rotation_datasets/augmented_ingraham_cath_bugfree/mpnn_esmfold/1ui5A00_30.pdb
HIS residues modified to HIP

WARNING! 190 missing atoms in total
Start preparing energy calculators at different sidechain completion levels
Now working on /wynton/scratch/jqmo/rotation_datasets/augmented_ingraham_cath_bugfree/mpnn_esmfold/2f76X00_3_reres.pdb
WARNING! 99 missing atoms in total
Start preparing energy calculators at different sidechain completion levels
Now working on /wynton/scratch/jqmo/rotation_datasets/augmented_ingraham_cath_bugfree/mpnn_esmfold/4b79B00_15_reres.pdb
HIS residues modified to HIP

WARNING! 218 missing atoms in total
Start preparing energy calculators at different sidechain completion levels
Now working on /wynton/scratch/jqmo/rotation_datasets/augmented_ingraham_cath_bugfree/mpnn_esmfold/1m1jB03_0_reres.pdb
HIS residues modified to HIP

WARNING! 139 missing atoms in total
Start preparing energy calculators at different sidechain completion levels
Now working on /wynton/scratch/jqmo/rotation_datasets/augmented_ingraham_cath_bugfree/mpnn_esmfold/2xotB01_2_reres.pdb
HIS residues modified to HIP

WARNING! 230 missing atoms in total
Start preparing energy calculators at different sidechain completion levels
Now working on /wynton/scratch/jqmo/rotation_datasets/augmented_ingraham_cath_bugfree/mpnn_esmfold/2f5xA01_21.pdb
HIS residues modified to HIP

WARNING! 157 missing atoms in total
Start preparing energy calculators at different sidechain completion levels
Now working on /wynton/scratch/jqmo/rotation_datasets/augmented_ingraham_cath_bugfree/mpnn_esmfold/1yb5A02_24.pdb
WARNING! 170 missing atoms in total
Start preparing energy calculators at different sidechain completion levels
Now working on /wynton/scratch/jqmo/rotation_datasets/augmented_ingraham_cath_bugfree/mpnn_esmfold/4pmnA00_16.pdb
HIS residues modified to HIP

WARNING! 200 missing atoms in total
Start preparing energy calculators at different sidechain completion levels
Now working on /wynton/scratch/jqmo/rotation_datasets/augmented_ingraham_cath_bugfree/mpnn_esmfold/2vgmA01_1.pdb
HIS residues modified to HIP

WARNING! 121 missing atoms in total
Start preparing energy calculators at different sidechain completion levels
Now working on /wynton/scratch/jqmo/rotation_datasets/augmented_ingraham_cath_bugfree/mpnn_esmfold/3stjA03_13.pdb
WARNING! 95 missing atoms in total
Start preparing energy calculators at different sidechain completion levels
Now working on /wynton/scratch/jqmo/rotation_datasets/augmented_ingraham_cath_bugfree/mpnn_esmfold/3s3lA01_4.pdb
HIS residues modified to HIP

WARNING! 169 missing atoms in total
Start preparing energy calculators at different sidechain completion levels
Now working on /wynton/scratch/jqmo/rotation_datasets/augmented_ingraham_cath_bugfree/mpnn_esmfold/3mkrA00_3.pdb
HIS residues modified to HIP

WARNING! 278 missing atoms in total
Start preparing energy calculators at different sidechain completion levels
Now working on /wynton/scratch/jqmo/rotation_datasets/augmented_ingraham_cath_bugfree/mpnn_esmfold/3uogA01_9.pdb
HIS residues modified to HIP

WARNING! 174 missing atoms in total
Start preparing energy calculators at different sidechain completion levels
Now working on /wynton/scratch/jqmo/rotation_datasets/augmented_ingraham_cath_bugfree/mpnn_esmfold/3sreA00_30.pdb
HIS residues modified to HIP

WARNING! 311 missing atoms in total
Start preparing energy calculators at different sidechain completion levels
Now working on /wynton/scratch/jqmo/rotation_datasets/augmented_ingraham_cath_bugfree/mpnn_esmfold/1kj6A00_4.pdb
HIS residues modified to HIP

WARNING! 45 missing atoms in total
Start preparing energy calculators at different sidechain completion levels
Now working on /wynton/scratch/jqmo/rotation_datasets/augmented_ingraham_cath_bugfree/mpnn_esmfold/3wx7A01_4.pdb
HIS residues modified to HIP

WARNING! 288 missing atoms in total
Start preparing energy calculators at different sidechain completion levels
Now working on /wynton/scratch/jqmo/rotation_datasets/augmented_ingraham_cath_bugfree/mpnn_esmfold/1wtbA00_28.pdb
WARNING! 78 missing atoms in total
Start preparing energy calculators at different sidechain completion levels
Finished preparing all energy functions. Now start conformer generation
Finished preparing all energy functions. Now start conformer generation
Finished preparing all energy functions. Now start conformer generation
Finished preparing all energy functions. Now start conformer generation
All finished!
Finished preparing all energy functions. Now start conformer generation
Finished preparing all energy functions. Now start conformer generation
Finished preparing all energy functions. Now start conformer generation
All finished!
All finished!
All finished!
All finished!
All finished!
All finished!
Finished preparing all energy functions. Now start conformer generation
Finished preparing all energy functions. Now start conformer generation
Finished preparing all energy functions. Now start conformer generation
All finished!
Finished preparing all energy functions. Now start conformer generation
Finished preparing all energy functions. Now start conformer generation
Finished preparing all energy functions. Now start conformer generation
All finished!
All finished!
All finished!
All finished!
All finished!
Finished preparing all energy functions. Now start conformer generation
Finished preparing all energy functions. Now start conformer generation
Finished preparing all energy functions. Now start conformer generation
All finished!
Finished preparing all energy functions. Now start conformer generation
All finished!
Finished preparing all energy functions. Now start conformer generation
All finished!
Finished preparing all energy functions. Now start conformer generation
All finished!
All finished!
All finished!
