2026-03-30 00:52:11,406 [INFO] Found rosetta database at: /wynton/home/rotation/jqmo/.conda/envs/mcsce/lib/python3.7/site-packages/pyrosetta/database; using it....
2026-03-30 00:52:11,408 [INFO] ┌──────────────────────────────────────────────────────────────────────────────┐
│                                 PyRosetta-4                                  │
│              Created in JHU by Sergey Lyskov and PyRosetta Team              │
│              (C) Copyright Rosetta Commons Member Institutions               │
│                                                                              │
│ NOTE: USE OF PyRosetta FOR COMMERCIAL PURPOSES REQUIRE PURCHASE OF A LICENSE │
│         See LICENSE.PyRosetta.md or email license@uw.edu for details         │
└──────────────────────────────────────────────────────────────────────────────┘
PyRosetta-4 2024 [Rosetta PyRosetta4.conda.linux.cxx11thread.serialization.CentOS.python37.Release 2024.39+release.59628fbc5bc09f1221e1642f1f8d157ce49b1410 2024-09-23T07:49:48] retrieved from: http://www.pyrosetta.org
2026-03-30 00:52:11,989 [INFO] Found rosetta database at: /wynton/home/rotation/jqmo/.conda/envs/mcsce/lib/python3.7/site-packages/pyrosetta/database; using it....
2026-03-30 00:52:11,990 [INFO] ┌──────────────────────────────────────────────────────────────────────────────┐
│                                 PyRosetta-4                                  │
│              Created in JHU by Sergey Lyskov and PyRosetta Team              │
│              (C) Copyright Rosetta Commons Member Institutions               │
│                                                                              │
│ NOTE: USE OF PyRosetta FOR COMMERCIAL PURPOSES REQUIRE PURCHASE OF A LICENSE │
│         See LICENSE.PyRosetta.md or email license@uw.edu for details         │
└──────────────────────────────────────────────────────────────────────────────┘
PyRosetta-4 2024 [Rosetta PyRosetta4.conda.linux.cxx11thread.serialization.CentOS.python37.Release 2024.39+release.59628fbc5bc09f1221e1642f1f8d157ce49b1410 2024-09-23T07:49:48] retrieved from: http://www.pyrosetta.org
2026-03-30 00:52:12,354 [INFO] Found rosetta database at: /wynton/home/rotation/jqmo/.conda/envs/mcsce/lib/python3.7/site-packages/pyrosetta/database; using it....
2026-03-30 00:52:12,355 [INFO] ┌──────────────────────────────────────────────────────────────────────────────┐
│                                 PyRosetta-4                                  │
│              Created in JHU by Sergey Lyskov and PyRosetta Team              │
│              (C) Copyright Rosetta Commons Member Institutions               │
│                                                                              │
│ NOTE: USE OF PyRosetta FOR COMMERCIAL PURPOSES REQUIRE PURCHASE OF A LICENSE │
│         See LICENSE.PyRosetta.md or email license@uw.edu for details         │
└──────────────────────────────────────────────────────────────────────────────┘
PyRosetta-4 2024 [Rosetta PyRosetta4.conda.linux.cxx11thread.serialization.CentOS.python37.Release 2024.39+release.59628fbc5bc09f1221e1642f1f8d157ce49b1410 2024-09-23T07:49:48] retrieved from: http://www.pyrosetta.org
2026-03-30 00:52:12,402 [INFO] Found rosetta database at: /wynton/home/rotation/jqmo/.conda/envs/mcsce/lib/python3.7/site-packages/pyrosetta/database; using it....
2026-03-30 00:52:12,403 [INFO] ┌──────────────────────────────────────────────────────────────────────────────┐
│                                 PyRosetta-4                                  │
│              Created in JHU by Sergey Lyskov and PyRosetta Team              │
│              (C) Copyright Rosetta Commons Member Institutions               │
│                                                                              │
│ NOTE: USE OF PyRosetta FOR COMMERCIAL PURPOSES REQUIRE PURCHASE OF A LICENSE │
│         See LICENSE.PyRosetta.md or email license@uw.edu for details         │
└──────────────────────────────────────────────────────────────────────────────┘
PyRosetta-4 2024 [Rosetta PyRosetta4.conda.linux.cxx11thread.serialization.CentOS.python37.Release 2024.39+release.59628fbc5bc09f1221e1642f1f8d157ce49b1410 2024-09-23T07:49:48] retrieved from: http://www.pyrosetta.org
2026-03-30 00:52:12,494 [INFO] Found rosetta database at: /wynton/home/rotation/jqmo/.conda/envs/mcsce/lib/python3.7/site-packages/pyrosetta/database; using it....
2026-03-30 00:52:12,495 [INFO] ┌──────────────────────────────────────────────────────────────────────────────┐
│                                 PyRosetta-4                                  │
│              Created in JHU by Sergey Lyskov and PyRosetta Team              │
│              (C) Copyright Rosetta Commons Member Institutions               │
│                                                                              │
│ NOTE: USE OF PyRosetta FOR COMMERCIAL PURPOSES REQUIRE PURCHASE OF A LICENSE │
│         See LICENSE.PyRosetta.md or email license@uw.edu for details         │
└──────────────────────────────────────────────────────────────────────────────┘
PyRosetta-4 2024 [Rosetta PyRosetta4.conda.linux.cxx11thread.serialization.CentOS.python37.Release 2024.39+release.59628fbc5bc09f1221e1642f1f8d157ce49b1410 2024-09-23T07:49:48] retrieved from: http://www.pyrosetta.org
2026-03-30 00:52:12,586 [INFO] Found rosetta database at: /wynton/home/rotation/jqmo/.conda/envs/mcsce/lib/python3.7/site-packages/pyrosetta/database; using it....
2026-03-30 00:52:12,587 [INFO] ┌──────────────────────────────────────────────────────────────────────────────┐
│                                 PyRosetta-4                                  │
│              Created in JHU by Sergey Lyskov and PyRosetta Team              │
│              (C) Copyright Rosetta Commons Member Institutions               │
│                                                                              │
│ NOTE: USE OF PyRosetta FOR COMMERCIAL PURPOSES REQUIRE PURCHASE OF A LICENSE │
│         See LICENSE.PyRosetta.md or email license@uw.edu for details         │
└──────────────────────────────────────────────────────────────────────────────┘
PyRosetta-4 2024 [Rosetta PyRosetta4.conda.linux.cxx11thread.serialization.CentOS.python37.Release 2024.39+release.59628fbc5bc09f1221e1642f1f8d157ce49b1410 2024-09-23T07:49:48] retrieved from: http://www.pyrosetta.org
2026-03-30 00:52:12,792 [INFO] Found rosetta database at: /wynton/home/rotation/jqmo/.conda/envs/mcsce/lib/python3.7/site-packages/pyrosetta/database; using it....
2026-03-30 00:52:12,793 [INFO] ┌──────────────────────────────────────────────────────────────────────────────┐
│                                 PyRosetta-4                                  │
│              Created in JHU by Sergey Lyskov and PyRosetta Team              │
│              (C) Copyright Rosetta Commons Member Institutions               │
│                                                                              │
│ NOTE: USE OF PyRosetta FOR COMMERCIAL PURPOSES REQUIRE PURCHASE OF A LICENSE │
│         See LICENSE.PyRosetta.md or email license@uw.edu for details         │
└──────────────────────────────────────────────────────────────────────────────┘
PyRosetta-4 2024 [Rosetta PyRosetta4.conda.linux.cxx11thread.serialization.CentOS.python37.Release 2024.39+release.59628fbc5bc09f1221e1642f1f8d157ce49b1410 2024-09-23T07:49:48] retrieved from: http://www.pyrosetta.org
2026-03-30 00:52:12,852 [INFO] Found rosetta database at: /wynton/home/rotation/jqmo/.conda/envs/mcsce/lib/python3.7/site-packages/pyrosetta/database; using it....
2026-03-30 00:52:12,853 [INFO] ┌──────────────────────────────────────────────────────────────────────────────┐
│                                 PyRosetta-4                                  │
│              Created in JHU by Sergey Lyskov and PyRosetta Team              │
│              (C) Copyright Rosetta Commons Member Institutions               │
│                                                                              │
│ NOTE: USE OF PyRosetta FOR COMMERCIAL PURPOSES REQUIRE PURCHASE OF A LICENSE │
│         See LICENSE.PyRosetta.md or email license@uw.edu for details         │
└──────────────────────────────────────────────────────────────────────────────┘
PyRosetta-4 2024 [Rosetta PyRosetta4.conda.linux.cxx11thread.serialization.CentOS.python37.Release 2024.39+release.59628fbc5bc09f1221e1642f1f8d157ce49b1410 2024-09-23T07:49:48] retrieved from: http://www.pyrosetta.org
2026-03-30 00:52:12,969 [INFO] Found rosetta database at: /wynton/home/rotation/jqmo/.conda/envs/mcsce/lib/python3.7/site-packages/pyrosetta/database; using it....
2026-03-30 00:52:12,970 [INFO] ┌──────────────────────────────────────────────────────────────────────────────┐
│                                 PyRosetta-4                                  │
│              Created in JHU by Sergey Lyskov and PyRosetta Team              │
│              (C) Copyright Rosetta Commons Member Institutions               │
│                                                                              │
│ NOTE: USE OF PyRosetta FOR COMMERCIAL PURPOSES REQUIRE PURCHASE OF A LICENSE │
│         See LICENSE.PyRosetta.md or email license@uw.edu for details         │
└──────────────────────────────────────────────────────────────────────────────┘
PyRosetta-4 2024 [Rosetta PyRosetta4.conda.linux.cxx11thread.serialization.CentOS.python37.Release 2024.39+release.59628fbc5bc09f1221e1642f1f8d157ce49b1410 2024-09-23T07:49:48] retrieved from: http://www.pyrosetta.org
2026-03-30 00:52:13,006 [INFO] Found rosetta database at: /wynton/home/rotation/jqmo/.conda/envs/mcsce/lib/python3.7/site-packages/pyrosetta/database; using it....
2026-03-30 00:52:13,007 [INFO] ┌──────────────────────────────────────────────────────────────────────────────┐
│                                 PyRosetta-4                                  │
│              Created in JHU by Sergey Lyskov and PyRosetta Team              │
│              (C) Copyright Rosetta Commons Member Institutions               │
│                                                                              │
│ NOTE: USE OF PyRosetta FOR COMMERCIAL PURPOSES REQUIRE PURCHASE OF A LICENSE │
│         See LICENSE.PyRosetta.md or email license@uw.edu for details         │
└──────────────────────────────────────────────────────────────────────────────┘
PyRosetta-4 2024 [Rosetta PyRosetta4.conda.linux.cxx11thread.serialization.CentOS.python37.Release 2024.39+release.59628fbc5bc09f1221e1642f1f8d157ce49b1410 2024-09-23T07:49:48] retrieved from: http://www.pyrosetta.org
2026-03-30 00:52:13,011 [INFO] Found rosetta database at: /wynton/home/rotation/jqmo/.conda/envs/mcsce/lib/python3.7/site-packages/pyrosetta/database; using it....
2026-03-30 00:52:13,012 [INFO] ┌──────────────────────────────────────────────────────────────────────────────┐
│                                 PyRosetta-4                                  │
│              Created in JHU by Sergey Lyskov and PyRosetta Team              │
│              (C) Copyright Rosetta Commons Member Institutions               │
│                                                                              │
│ NOTE: USE OF PyRosetta FOR COMMERCIAL PURPOSES REQUIRE PURCHASE OF A LICENSE │
│         See LICENSE.PyRosetta.md or email license@uw.edu for details         │
└──────────────────────────────────────────────────────────────────────────────┘
PyRosetta-4 2024 [Rosetta PyRosetta4.conda.linux.cxx11thread.serialization.CentOS.python37.Release 2024.39+release.59628fbc5bc09f1221e1642f1f8d157ce49b1410 2024-09-23T07:49:48] retrieved from: http://www.pyrosetta.org
2026-03-30 00:52:13,202 [INFO] Found rosetta database at: /wynton/home/rotation/jqmo/.conda/envs/mcsce/lib/python3.7/site-packages/pyrosetta/database; using it....
2026-03-30 00:52:13,203 [INFO] ┌──────────────────────────────────────────────────────────────────────────────┐
│                                 PyRosetta-4                                  │
│              Created in JHU by Sergey Lyskov and PyRosetta Team              │
│              (C) Copyright Rosetta Commons Member Institutions               │
│                                                                              │
│ NOTE: USE OF PyRosetta FOR COMMERCIAL PURPOSES REQUIRE PURCHASE OF A LICENSE │
│         See LICENSE.PyRosetta.md or email license@uw.edu for details         │
└──────────────────────────────────────────────────────────────────────────────┘
PyRosetta-4 2024 [Rosetta PyRosetta4.conda.linux.cxx11thread.serialization.CentOS.python37.Release 2024.39+release.59628fbc5bc09f1221e1642f1f8d157ce49b1410 2024-09-23T07:49:48] retrieved from: http://www.pyrosetta.org
2026-03-30 00:52:13,225 [INFO] Found rosetta database at: /wynton/home/rotation/jqmo/.conda/envs/mcsce/lib/python3.7/site-packages/pyrosetta/database; using it....
2026-03-30 00:52:13,226 [INFO] ┌──────────────────────────────────────────────────────────────────────────────┐
│                                 PyRosetta-4                                  │
│              Created in JHU by Sergey Lyskov and PyRosetta Team              │
│              (C) Copyright Rosetta Commons Member Institutions               │
│                                                                              │
│ NOTE: USE OF PyRosetta FOR COMMERCIAL PURPOSES REQUIRE PURCHASE OF A LICENSE │
│         See LICENSE.PyRosetta.md or email license@uw.edu for details         │
└──────────────────────────────────────────────────────────────────────────────┘
PyRosetta-4 2024 [Rosetta PyRosetta4.conda.linux.cxx11thread.serialization.CentOS.python37.Release 2024.39+release.59628fbc5bc09f1221e1642f1f8d157ce49b1410 2024-09-23T07:49:48] retrieved from: http://www.pyrosetta.org
2026-03-30 00:52:13,244 [INFO] Found rosetta database at: /wynton/home/rotation/jqmo/.conda/envs/mcsce/lib/python3.7/site-packages/pyrosetta/database; using it....
2026-03-30 00:52:13,245 [INFO] ┌──────────────────────────────────────────────────────────────────────────────┐
│                                 PyRosetta-4                                  │
│              Created in JHU by Sergey Lyskov and PyRosetta Team              │
│              (C) Copyright Rosetta Commons Member Institutions               │
│                                                                              │
│ NOTE: USE OF PyRosetta FOR COMMERCIAL PURPOSES REQUIRE PURCHASE OF A LICENSE │
│         See LICENSE.PyRosetta.md or email license@uw.edu for details         │
└──────────────────────────────────────────────────────────────────────────────┘
PyRosetta-4 2024 [Rosetta PyRosetta4.conda.linux.cxx11thread.serialization.CentOS.python37.Release 2024.39+release.59628fbc5bc09f1221e1642f1f8d157ce49b1410 2024-09-23T07:49:48] retrieved from: http://www.pyrosetta.org
2026-03-30 00:52:13,414 [INFO] Found rosetta database at: /wynton/home/rotation/jqmo/.conda/envs/mcsce/lib/python3.7/site-packages/pyrosetta/database; using it....
2026-03-30 00:52:13,415 [INFO] ┌──────────────────────────────────────────────────────────────────────────────┐
│                                 PyRosetta-4                                  │
│              Created in JHU by Sergey Lyskov and PyRosetta Team              │
│              (C) Copyright Rosetta Commons Member Institutions               │
│                                                                              │
│ NOTE: USE OF PyRosetta FOR COMMERCIAL PURPOSES REQUIRE PURCHASE OF A LICENSE │
│         See LICENSE.PyRosetta.md or email license@uw.edu for details         │
└──────────────────────────────────────────────────────────────────────────────┘
PyRosetta-4 2024 [Rosetta PyRosetta4.conda.linux.cxx11thread.serialization.CentOS.python37.Release 2024.39+release.59628fbc5bc09f1221e1642f1f8d157ce49b1410 2024-09-23T07:49:48] retrieved from: http://www.pyrosetta.org
2026-03-30 00:52:13,492 [INFO] Found rosetta database at: /wynton/home/rotation/jqmo/.conda/envs/mcsce/lib/python3.7/site-packages/pyrosetta/database; using it....
2026-03-30 00:52:13,493 [INFO] ┌──────────────────────────────────────────────────────────────────────────────┐
│                                 PyRosetta-4                                  │
│              Created in JHU by Sergey Lyskov and PyRosetta Team              │
│              (C) Copyright Rosetta Commons Member Institutions               │
│                                                                              │
│ NOTE: USE OF PyRosetta FOR COMMERCIAL PURPOSES REQUIRE PURCHASE OF A LICENSE │
│         See LICENSE.PyRosetta.md or email license@uw.edu for details         │
└──────────────────────────────────────────────────────────────────────────────┘
PyRosetta-4 2024 [Rosetta PyRosetta4.conda.linux.cxx11thread.serialization.CentOS.python37.Release 2024.39+release.59628fbc5bc09f1221e1642f1f8d157ce49b1410 2024-09-23T07:49:48] retrieved from: http://www.pyrosetta.org
2026-03-30 00:52:13,503 [INFO] Found rosetta database at: /wynton/home/rotation/jqmo/.conda/envs/mcsce/lib/python3.7/site-packages/pyrosetta/database; using it....
2026-03-30 00:52:13,504 [INFO] ┌──────────────────────────────────────────────────────────────────────────────┐
│                                 PyRosetta-4                                  │
│              Created in JHU by Sergey Lyskov and PyRosetta Team              │
│              (C) Copyright Rosetta Commons Member Institutions               │
│                                                                              │
│ NOTE: USE OF PyRosetta FOR COMMERCIAL PURPOSES REQUIRE PURCHASE OF A LICENSE │
│         See LICENSE.PyRosetta.md or email license@uw.edu for details         │
└──────────────────────────────────────────────────────────────────────────────┘
PyRosetta-4 2024 [Rosetta PyRosetta4.conda.linux.cxx11thread.serialization.CentOS.python37.Release 2024.39+release.59628fbc5bc09f1221e1642f1f8d157ce49b1410 2024-09-23T07:49:48] retrieved from: http://www.pyrosetta.org
2026-03-30 00:52:13,640 [INFO] Found rosetta database at: /wynton/home/rotation/jqmo/.conda/envs/mcsce/lib/python3.7/site-packages/pyrosetta/database; using it....
2026-03-30 00:52:13,641 [INFO] ┌──────────────────────────────────────────────────────────────────────────────┐
│                                 PyRosetta-4                                  │
│              Created in JHU by Sergey Lyskov and PyRosetta Team              │
│              (C) Copyright Rosetta Commons Member Institutions               │
│                                                                              │
│ NOTE: USE OF PyRosetta FOR COMMERCIAL PURPOSES REQUIRE PURCHASE OF A LICENSE │
│         See LICENSE.PyRosetta.md or email license@uw.edu for details         │
└──────────────────────────────────────────────────────────────────────────────┘
PyRosetta-4 2024 [Rosetta PyRosetta4.conda.linux.cxx11thread.serialization.CentOS.python37.Release 2024.39+release.59628fbc5bc09f1221e1642f1f8d157ce49b1410 2024-09-23T07:49:48] retrieved from: http://www.pyrosetta.org
2026-03-30 00:52:13,865 [INFO] Found rosetta database at: /wynton/home/rotation/jqmo/.conda/envs/mcsce/lib/python3.7/site-packages/pyrosetta/database; using it....
2026-03-30 00:52:13,866 [INFO] ┌──────────────────────────────────────────────────────────────────────────────┐
│                                 PyRosetta-4                                  │
│              Created in JHU by Sergey Lyskov and PyRosetta Team              │
│              (C) Copyright Rosetta Commons Member Institutions               │
│                                                                              │
│ NOTE: USE OF PyRosetta FOR COMMERCIAL PURPOSES REQUIRE PURCHASE OF A LICENSE │
│         See LICENSE.PyRosetta.md or email license@uw.edu for details         │
└──────────────────────────────────────────────────────────────────────────────┘
PyRosetta-4 2024 [Rosetta PyRosetta4.conda.linux.cxx11thread.serialization.CentOS.python37.Release 2024.39+release.59628fbc5bc09f1221e1642f1f8d157ce49b1410 2024-09-23T07:49:48] retrieved from: http://www.pyrosetta.org
2026-03-30 00:52:13,899 [INFO] Found rosetta database at: /wynton/home/rotation/jqmo/.conda/envs/mcsce/lib/python3.7/site-packages/pyrosetta/database; using it....
2026-03-30 00:52:13,900 [INFO] ┌──────────────────────────────────────────────────────────────────────────────┐
│                                 PyRosetta-4                                  │
│              Created in JHU by Sergey Lyskov and PyRosetta Team              │
│              (C) Copyright Rosetta Commons Member Institutions               │
│                                                                              │
│ NOTE: USE OF PyRosetta FOR COMMERCIAL PURPOSES REQUIRE PURCHASE OF A LICENSE │
│         See LICENSE.PyRosetta.md or email license@uw.edu for details         │
└──────────────────────────────────────────────────────────────────────────────┘
PyRosetta-4 2024 [Rosetta PyRosetta4.conda.linux.cxx11thread.serialization.CentOS.python37.Release 2024.39+release.59628fbc5bc09f1221e1642f1f8d157ce49b1410 2024-09-23T07:49:48] retrieved from: http://www.pyrosetta.org
2026-03-30 00:52:13,934 [INFO] Found rosetta database at: /wynton/home/rotation/jqmo/.conda/envs/mcsce/lib/python3.7/site-packages/pyrosetta/database; using it....
2026-03-30 00:52:13,938 [INFO] ┌──────────────────────────────────────────────────────────────────────────────┐
│                                 PyRosetta-4                                  │
│              Created in JHU by Sergey Lyskov and PyRosetta Team              │
│              (C) Copyright Rosetta Commons Member Institutions               │
│                                                                              │
│ NOTE: USE OF PyRosetta FOR COMMERCIAL PURPOSES REQUIRE PURCHASE OF A LICENSE │
│         See LICENSE.PyRosetta.md or email license@uw.edu for details         │
└──────────────────────────────────────────────────────────────────────────────┘
PyRosetta-4 2024 [Rosetta PyRosetta4.conda.linux.cxx11thread.serialization.CentOS.python37.Release 2024.39+release.59628fbc5bc09f1221e1642f1f8d157ce49b1410 2024-09-23T07:49:48] retrieved from: http://www.pyrosetta.org
2026-03-30 00:52:14,060 [INFO] Found rosetta database at: /wynton/home/rotation/jqmo/.conda/envs/mcsce/lib/python3.7/site-packages/pyrosetta/database; using it....
2026-03-30 00:52:14,061 [INFO] ┌──────────────────────────────────────────────────────────────────────────────┐
│                                 PyRosetta-4                                  │
│              Created in JHU by Sergey Lyskov and PyRosetta Team              │
│              (C) Copyright Rosetta Commons Member Institutions               │
│                                                                              │
│ NOTE: USE OF PyRosetta FOR COMMERCIAL PURPOSES REQUIRE PURCHASE OF A LICENSE │
│         See LICENSE.PyRosetta.md or email license@uw.edu for details         │
└──────────────────────────────────────────────────────────────────────────────┘
PyRosetta-4 2024 [Rosetta PyRosetta4.conda.linux.cxx11thread.serialization.CentOS.python37.Release 2024.39+release.59628fbc5bc09f1221e1642f1f8d157ce49b1410 2024-09-23T07:49:48] retrieved from: http://www.pyrosetta.org
2026-03-30 00:52:14,135 [INFO] Found rosetta database at: /wynton/home/rotation/jqmo/.conda/envs/mcsce/lib/python3.7/site-packages/pyrosetta/database; using it....
2026-03-30 00:52:14,136 [INFO] ┌──────────────────────────────────────────────────────────────────────────────┐
│                                 PyRosetta-4                                  │
│              Created in JHU by Sergey Lyskov and PyRosetta Team              │
│              (C) Copyright Rosetta Commons Member Institutions               │
│                                                                              │
│ NOTE: USE OF PyRosetta FOR COMMERCIAL PURPOSES REQUIRE PURCHASE OF A LICENSE │
│         See LICENSE.PyRosetta.md or email license@uw.edu for details         │
└──────────────────────────────────────────────────────────────────────────────┘
PyRosetta-4 2024 [Rosetta PyRosetta4.conda.linux.cxx11thread.serialization.CentOS.python37.Release 2024.39+release.59628fbc5bc09f1221e1642f1f8d157ce49b1410 2024-09-23T07:49:48] retrieved from: http://www.pyrosetta.org
2026-03-30 00:52:14,347 [INFO] Found rosetta database at: /wynton/home/rotation/jqmo/.conda/envs/mcsce/lib/python3.7/site-packages/pyrosetta/database; using it....
2026-03-30 00:52:14,348 [INFO] ┌──────────────────────────────────────────────────────────────────────────────┐
│                                 PyRosetta-4                                  │
│              Created in JHU by Sergey Lyskov and PyRosetta Team              │
│              (C) Copyright Rosetta Commons Member Institutions               │
│                                                                              │
│ NOTE: USE OF PyRosetta FOR COMMERCIAL PURPOSES REQUIRE PURCHASE OF A LICENSE │
│         See LICENSE.PyRosetta.md or email license@uw.edu for details         │
└──────────────────────────────────────────────────────────────────────────────┘
PyRosetta-4 2024 [Rosetta PyRosetta4.conda.linux.cxx11thread.serialization.CentOS.python37.Release 2024.39+release.59628fbc5bc09f1221e1642f1f8d157ce49b1410 2024-09-23T07:49:48] retrieved from: http://www.pyrosetta.org
2026-03-30 00:52:14,501 [INFO] Found rosetta database at: /wynton/home/rotation/jqmo/.conda/envs/mcsce/lib/python3.7/site-packages/pyrosetta/database; using it....
2026-03-30 00:52:14,502 [INFO] ┌──────────────────────────────────────────────────────────────────────────────┐
│                                 PyRosetta-4                                  │
│              Created in JHU by Sergey Lyskov and PyRosetta Team              │
│              (C) Copyright Rosetta Commons Member Institutions               │
│                                                                              │
│ NOTE: USE OF PyRosetta FOR COMMERCIAL PURPOSES REQUIRE PURCHASE OF A LICENSE │
│         See LICENSE.PyRosetta.md or email license@uw.edu for details         │
└──────────────────────────────────────────────────────────────────────────────┘
PyRosetta-4 2024 [Rosetta PyRosetta4.conda.linux.cxx11thread.serialization.CentOS.python37.Release 2024.39+release.59628fbc5bc09f1221e1642f1f8d157ce49b1410 2024-09-23T07:49:48] retrieved from: http://www.pyrosetta.org
2026-03-30 00:52:14,777 [INFO] Found rosetta database at: /wynton/home/rotation/jqmo/.conda/envs/mcsce/lib/python3.7/site-packages/pyrosetta/database; using it....
2026-03-30 00:52:14,778 [INFO] ┌──────────────────────────────────────────────────────────────────────────────┐
│                                 PyRosetta-4                                  │
│              Created in JHU by Sergey Lyskov and PyRosetta Team              │
│              (C) Copyright Rosetta Commons Member Institutions               │
│                                                                              │
│ NOTE: USE OF PyRosetta FOR COMMERCIAL PURPOSES REQUIRE PURCHASE OF A LICENSE │
│         See LICENSE.PyRosetta.md or email license@uw.edu for details         │
└──────────────────────────────────────────────────────────────────────────────┘
PyRosetta-4 2024 [Rosetta PyRosetta4.conda.linux.cxx11thread.serialization.CentOS.python37.Release 2024.39+release.59628fbc5bc09f1221e1642f1f8d157ce49b1410 2024-09-23T07:49:48] retrieved from: http://www.pyrosetta.org
2026-03-30 00:52:14,946 [INFO] Found rosetta database at: /wynton/home/rotation/jqmo/.conda/envs/mcsce/lib/python3.7/site-packages/pyrosetta/database; using it....
2026-03-30 00:52:14,947 [INFO] ┌──────────────────────────────────────────────────────────────────────────────┐
│                                 PyRosetta-4                                  │
│              Created in JHU by Sergey Lyskov and PyRosetta Team              │
│              (C) Copyright Rosetta Commons Member Institutions               │
│                                                                              │
│ NOTE: USE OF PyRosetta FOR COMMERCIAL PURPOSES REQUIRE PURCHASE OF A LICENSE │
│         See LICENSE.PyRosetta.md or email license@uw.edu for details         │
└──────────────────────────────────────────────────────────────────────────────┘
PyRosetta-4 2024 [Rosetta PyRosetta4.conda.linux.cxx11thread.serialization.CentOS.python37.Release 2024.39+release.59628fbc5bc09f1221e1642f1f8d157ce49b1410 2024-09-23T07:49:48] retrieved from: http://www.pyrosetta.org
2026-03-30 00:52:15,117 [INFO] Found rosetta database at: /wynton/home/rotation/jqmo/.conda/envs/mcsce/lib/python3.7/site-packages/pyrosetta/database; using it....
2026-03-30 00:52:15,118 [INFO] ┌──────────────────────────────────────────────────────────────────────────────┐
│                                 PyRosetta-4                                  │
│              Created in JHU by Sergey Lyskov and PyRosetta Team              │
│              (C) Copyright Rosetta Commons Member Institutions               │
│                                                                              │
│ NOTE: USE OF PyRosetta FOR COMMERCIAL PURPOSES REQUIRE PURCHASE OF A LICENSE │
│         See LICENSE.PyRosetta.md or email license@uw.edu for details         │
└──────────────────────────────────────────────────────────────────────────────┘
PyRosetta-4 2024 [Rosetta PyRosetta4.conda.linux.cxx11thread.serialization.CentOS.python37.Release 2024.39+release.59628fbc5bc09f1221e1642f1f8d157ce49b1410 2024-09-23T07:49:48] retrieved from: http://www.pyrosetta.org
2026-03-30 00:52:15,934 [INFO] Preprocessing 2f76X00_3_reres: initial score 1319.1
2026-03-30 00:52:17,849 [INFO] Preprocessing 1yb5A02_24: initial score 204.1
2026-03-30 00:52:18,115 [INFO] Preprocessing 1wtbA00_28: initial score 318.4
2026-03-30 00:52:18,165 [INFO] Preprocessing 4yn3B00_6: initial score 121.3
2026-03-30 00:52:18,362 [INFO] Preprocessing 1gcvA00_31: initial score -116.1
2026-03-30 00:52:18,427 [INFO] Preprocessing 2vqeN00_6: initial score 1044.6
2026-03-30 00:52:18,643 [INFO] Preprocessing 4b79B00_15_reres: initial score -79.2
2026-03-30 00:52:18,676 [INFO] Preprocessing 1vq8200_2: initial score 436.6
2026-03-30 00:52:18,801 [INFO] Preprocessing 3jzjA01_18: initial score 616.8
2026-03-30 00:52:18,811 [INFO] Preprocessing 5ayvA01_6: initial score -93.9
2026-03-30 00:52:19,121 [INFO] Preprocessing 2vgmA01_1: initial score 4013.8
2026-03-30 00:52:19,378 [INFO]   Post-idealize: 1261.1
2026-03-30 00:52:19,481 [INFO] Preprocessing 3stjA03_13: initial score 42.5
2026-03-30 00:52:19,592 [INFO] Preprocessing 3buxB01_22_reres: initial score 1917.3
2026-03-30 00:52:19,916 [INFO] Preprocessing 3wx7A01_4: initial score 5329.4
2026-03-30 00:52:19,927 [INFO]   Post-idealize: 474.8
2026-03-30 00:52:19,952 [INFO] Found rosetta database at: /wynton/home/rotation/jqmo/.conda/envs/mcsce/lib/python3.7/site-packages/pyrosetta/database; using it....
2026-03-30 00:52:19,953 [INFO] ┌──────────────────────────────────────────────────────────────────────────────┐
│                                 PyRosetta-4                                  │
│              Created in JHU by Sergey Lyskov and PyRosetta Team              │
│              (C) Copyright Rosetta Commons Member Institutions               │
│                                                                              │
│ NOTE: USE OF PyRosetta FOR COMMERCIAL PURPOSES REQUIRE PURCHASE OF A LICENSE │
│         See LICENSE.PyRosetta.md or email license@uw.edu for details         │
└──────────────────────────────────────────────────────────────────────────────┘
PyRosetta-4 2024 [Rosetta PyRosetta4.conda.linux.cxx11thread.serialization.CentOS.python37.Release 2024.39+release.59628fbc5bc09f1221e1642f1f8d157ce49b1410 2024-09-23T07:49:48] retrieved from: http://www.pyrosetta.org
2026-03-30 00:52:20,098 [INFO] Preprocessing 4ig1A00_19: initial score 597.0
2026-03-30 00:52:20,128 [INFO] Preprocessing 3uk2A02_1: initial score 45.3
2026-03-30 00:52:20,258 [INFO] Preprocessing 1m1jB03_0_reres: initial score 624.8
2026-03-30 00:52:20,270 [INFO] Preprocessing 1vjqA00_26: initial score 107.2
2026-03-30 00:52:20,324 [INFO]   Post-repack: 239.2
2026-03-30 00:52:20,348 [INFO]   Post-idealize: 1084.3
2026-03-30 00:52:20,355 [INFO]   Post-repack: 202.1
2026-03-30 00:52:20,466 [INFO] Preprocessing 3s3lA01_4: initial score 954.3
2026-03-30 00:52:20,516 [INFO]   Post-minimize (chi only): 168.0
2026-03-30 00:52:20,719 [INFO] Preprocessing 1ui5A00_30: initial score 601.8
2026-03-30 00:52:20,845 [INFO]   Post-idealize: 1840.6
2026-03-30 00:52:20,947 [INFO]   Post-minimize (chi only): 77.6
2026-03-30 00:52:20,989 [INFO] Preprocessing 1uddA00_6: initial score 141.0
2026-03-30 00:52:21,000 [INFO]   Post-repack: 135.3
2026-03-30 00:52:21,018 [INFO]   Post-minimize (chi+bb): -52.0
2026-03-30 00:52:21,039 [INFO] Preprocessing 3ossC00_7: initial score 425.5
2026-03-30 00:52:21,069 [INFO]   Preprocessed structure -> /wynton/scratch/jqmo/rotation_datasets/augmented_ingraham_cath_bugfree/mpnn_esmfold/1vq8200_2_preproc.pdb
2026-03-30 00:52:21,086 [INFO]   Normalized atom/residue names -> /wynton/scratch/jqmo/rotation_datasets/augmented_ingraham_cath_bugfree/mpnn_esmfold/1vq8200_2_preproc_amber.pdb
2026-03-30 00:52:21,219 [INFO]   Post-minimize (chi only): 90.1
2026-03-30 00:52:21,274 [INFO]   Post-idealize: 327.3
2026-03-30 00:52:21,283 [INFO]   Post-repack: 888.9
2026-03-30 00:52:21,356 [INFO] Preprocessing 2xotB01_2_reres: initial score -34.7
2026-03-30 00:52:21,379 [INFO] Preprocessing 4pmnA00_16: initial score 1647.4
2026-03-30 00:52:21,634 [INFO]   Post-minimize (chi only): 629.1
2026-03-30 00:52:21,717 [INFO] Preprocessing 3mkrA00_3: initial score -249.1
2026-03-30 00:52:22,085 [INFO] Preprocessing 2f5xA01_21: initial score 279.2
2026-03-30 00:52:22,166 [INFO] Preprocessing 3uogA01_9: initial score 635.5
2026-03-30 00:52:22,266 [INFO]   Post-minimize (chi+bb): -72.6
2026-03-30 00:52:22,297 [INFO]   Preprocessed structure -> /wynton/scratch/jqmo/rotation_datasets/augmented_ingraham_cath_bugfree/mpnn_esmfold/2vqeN00_6_preproc.pdb
2026-03-30 00:52:22,306 [INFO]   Normalized atom/residue names -> /wynton/scratch/jqmo/rotation_datasets/augmented_ingraham_cath_bugfree/mpnn_esmfold/2vqeN00_6_preproc_amber.pdb
2026-03-30 00:52:22,362 [INFO]   Post-repack: 26.1
2026-03-30 00:52:22,396 [INFO]   Post-minimize (chi+bb): -155.3
2026-03-30 00:52:22,431 [INFO]   Preprocessed structure -> /wynton/scratch/jqmo/rotation_datasets/augmented_ingraham_cath_bugfree/mpnn_esmfold/2f76X00_3_reres_preproc.pdb
2026-03-30 00:52:22,440 [INFO]   Normalized atom/residue names -> /wynton/scratch/jqmo/rotation_datasets/augmented_ingraham_cath_bugfree/mpnn_esmfold/2f76X00_3_reres_preproc_amber.pdb
2026-03-30 00:52:22,745 [INFO] Preprocessing 3sreA00_30: initial score 457.3
2026-03-30 00:52:22,999 [INFO]   Post-minimize (chi only): -13.4
2026-03-30 00:52:23,219 [INFO]   Post-idealize: 76.0
2026-03-30 00:52:23,317 [INFO]   Post-idealize: 293.8
2026-03-30 00:52:23,757 [INFO]   Post-minimize (chi+bb): -103.0
2026-03-30 00:52:23,789 [INFO]   Preprocessed structure -> /wynton/scratch/jqmo/rotation_datasets/augmented_ingraham_cath_bugfree/mpnn_esmfold/4yn3B00_6_preproc.pdb
2026-03-30 00:52:23,799 [INFO]   Normalized atom/residue names -> /wynton/scratch/jqmo/rotation_datasets/augmented_ingraham_cath_bugfree/mpnn_esmfold/4yn3B00_6_preproc_amber.pdb
2026-03-30 00:52:24,066 [INFO]   Post-repack: -143.1
2026-03-30 00:52:24,130 [INFO]   Post-repack: 131.4
2026-03-30 00:52:24,196 [INFO]   Post-idealize: 466.7
2026-03-30 00:52:24,274 [INFO]   Post-minimize (chi only): 131.3
2026-03-30 00:52:24,391 [INFO]   Post-idealize: 54.5
2026-03-30 00:52:24,441 [INFO]   Post-minimize (chi only): -188.6
2026-03-30 00:52:24,720 [INFO]   Post-minimize (chi+bb): -161.8
2026-03-30 00:52:24,779 [INFO]   Preprocessed structure -> /wynton/scratch/jqmo/rotation_datasets/augmented_ingraham_cath_bugfree/mpnn_esmfold/1wtbA00_28_preproc.pdb
2026-03-30 00:52:24,807 [INFO]   Normalized atom/residue names -> /wynton/scratch/jqmo/rotation_datasets/augmented_ingraham_cath_bugfree/mpnn_esmfold/1wtbA00_28_preproc_amber.pdb
2026-03-30 00:52:25,299 [INFO]   Post-repack: -132.0
2026-03-30 00:52:25,424 [INFO]   Post-repack: -75.4
2026-03-30 00:52:25,565 [INFO]   Post-minimize (chi only): -151.0
2026-03-30 00:52:25,573 [INFO]   Post-minimize (chi only): -75.4
2026-03-30 00:52:25,942 [INFO]   Post-idealize: -71.9
2026-03-30 00:52:26,246 [INFO]   Post-minimize (chi+bb): -156.1
2026-03-30 00:52:26,285 [INFO]   Preprocessed structure -> /wynton/scratch/jqmo/rotation_datasets/augmented_ingraham_cath_bugfree/mpnn_esmfold/1vjqA00_26_preproc.pdb
2026-03-30 00:52:26,311 [INFO]   Normalized atom/residue names -> /wynton/scratch/jqmo/rotation_datasets/augmented_ingraham_cath_bugfree/mpnn_esmfold/1vjqA00_26_preproc_amber.pdb
2026-03-30 00:52:26,505 [INFO]   Post-minimize (chi+bb): -292.0
2026-03-30 00:52:26,561 [INFO]   Preprocessed structure -> /wynton/scratch/jqmo/rotation_datasets/augmented_ingraham_cath_bugfree/mpnn_esmfold/3stjA03_13_preproc.pdb
2026-03-30 00:52:26,572 [INFO]   Normalized atom/residue names -> /wynton/scratch/jqmo/rotation_datasets/augmented_ingraham_cath_bugfree/mpnn_esmfold/3stjA03_13_preproc_amber.pdb
2026-03-30 00:52:26,840 [INFO]   Post-repack: -191.4
2026-03-30 00:52:27,009 [INFO]   Post-minimize (chi+bb): -180.0
2026-03-30 00:52:27,050 [INFO]   Preprocessed structure -> /wynton/scratch/jqmo/rotation_datasets/augmented_ingraham_cath_bugfree/mpnn_esmfold/3ossC00_7_preproc.pdb
2026-03-30 00:52:27,060 [INFO]   Normalized atom/residue names -> /wynton/scratch/jqmo/rotation_datasets/augmented_ingraham_cath_bugfree/mpnn_esmfold/3ossC00_7_preproc_amber.pdb
2026-03-30 00:52:27,273 [INFO]   Post-minimize (chi+bb): -241.2
2026-03-30 00:52:27,289 [INFO]   Post-minimize (chi only): -231.0
2026-03-30 00:52:27,307 [INFO]   Preprocessed structure -> /wynton/scratch/jqmo/rotation_datasets/augmented_ingraham_cath_bugfree/mpnn_esmfold/3uk2A02_1_preproc.pdb
2026-03-30 00:52:27,316 [INFO]   Normalized atom/residue names -> /wynton/scratch/jqmo/rotation_datasets/augmented_ingraham_cath_bugfree/mpnn_esmfold/3uk2A02_1_preproc_amber.pdb
2026-03-30 00:52:28,923 [INFO]   Post-idealize: 613.9
2026-03-30 00:52:28,943 [INFO] Preprocessing 4bszB00_23: initial score -0.7
2026-03-30 00:52:29,118 [INFO]   Post-repack: 482.0
2026-03-30 00:52:29,222 [INFO]   Post-minimize (chi only): 459.3
2026-03-30 00:52:29,371 [INFO]   Post-idealize: -53.3
2026-03-30 00:52:29,493 [INFO]   Post-minimize (chi+bb): -336.1
2026-03-30 00:52:29,561 [INFO]   Preprocessed structure -> /wynton/scratch/jqmo/rotation_datasets/augmented_ingraham_cath_bugfree/mpnn_esmfold/1gcvA00_31_preproc.pdb
2026-03-30 00:52:29,605 [INFO]   Normalized atom/residue names -> /wynton/scratch/jqmo/rotation_datasets/augmented_ingraham_cath_bugfree/mpnn_esmfold/1gcvA00_31_preproc_amber.pdb
2026-03-30 00:52:30,442 [INFO]   Post-idealize: 255.4
2026-03-30 00:52:30,645 [INFO]   Post-idealize: 1972.0
2026-03-30 00:52:30,662 [INFO]   Post-repack: -281.9
2026-03-30 00:52:30,853 [INFO]   Post-idealize: 849.5
2026-03-30 00:52:31,155 [INFO]   Post-minimize (chi only): -314.6
2026-03-30 00:52:31,913 [INFO]   Post-minimize (chi+bb): -127.7
2026-03-30 00:52:31,993 [INFO]   Preprocessed structure -> /wynton/scratch/jqmo/rotation_datasets/augmented_ingraham_cath_bugfree/mpnn_esmfold/1m1jB03_0_reres_preproc.pdb
2026-03-30 00:52:32,017 [INFO]   Normalized atom/residue names -> /wynton/scratch/jqmo/rotation_datasets/augmented_ingraham_cath_bugfree/mpnn_esmfold/1m1jB03_0_reres_preproc_amber.pdb
2026-03-30 00:52:32,114 [INFO]   Post-repack: 81.8
2026-03-30 00:52:32,240 [INFO]   Post-repack: 273.0
2026-03-30 00:52:32,561 [INFO]   Post-repack: -219.2
2026-03-30 00:52:32,808 [INFO]   Post-minimize (chi only): -219.3
2026-03-30 00:52:33,470 [INFO]   Post-minimize (chi only): 7.5
2026-03-30 00:52:33,625 [INFO]   Post-minimize (chi only): 61.4
2026-03-30 00:52:34,044 [INFO]   Post-idealize: 5246.3
2026-03-30 00:52:35,202 [INFO]   Post-repack: 1153.8
2026-03-30 00:52:35,553 [INFO]   Post-minimize (chi only): 1041.5
2026-03-30 00:52:35,987 [INFO]   Post-minimize (chi+bb): -471.8
2026-03-30 00:52:36,054 [INFO]   Preprocessed structure -> /wynton/scratch/jqmo/rotation_datasets/augmented_ingraham_cath_bugfree/mpnn_esmfold/5ayvA01_6_preproc.pdb
2026-03-30 00:52:36,080 [INFO]   Normalized atom/residue names -> /wynton/scratch/jqmo/rotation_datasets/augmented_ingraham_cath_bugfree/mpnn_esmfold/5ayvA01_6_preproc_amber.pdb
2026-03-30 00:52:36,283 [INFO]   Post-idealize: 1217.2
2026-03-30 00:52:37,059 [INFO]   Post-minimize (chi+bb): -429.0
2026-03-30 00:52:37,124 [INFO]   Preprocessed structure -> /wynton/scratch/jqmo/rotation_datasets/augmented_ingraham_cath_bugfree/mpnn_esmfold/1yb5A02_24_preproc.pdb
2026-03-30 00:52:37,135 [INFO]   Normalized atom/residue names -> /wynton/scratch/jqmo/rotation_datasets/augmented_ingraham_cath_bugfree/mpnn_esmfold/1yb5A02_24_preproc_amber.pdb
2026-03-30 00:52:38,168 [INFO]   Post-repack: -80.5
2026-03-30 00:52:38,199 [INFO]   Post-minimize (chi+bb): -247.6
2026-03-30 00:52:38,286 [INFO]   Preprocessed structure -> /wynton/scratch/jqmo/rotation_datasets/augmented_ingraham_cath_bugfree/mpnn_esmfold/3buxB01_22_reres_preproc.pdb
2026-03-30 00:52:38,317 [INFO]   Normalized atom/residue names -> /wynton/scratch/jqmo/rotation_datasets/augmented_ingraham_cath_bugfree/mpnn_esmfold/3buxB01_22_reres_preproc_amber.pdb
2026-03-30 00:52:38,676 [INFO]   Post-idealize: 1287.1
2026-03-30 00:52:39,059 [INFO]   Post-minimize (chi only): -181.4
2026-03-30 00:52:39,601 [INFO]   Post-minimize (chi+bb): -450.1
2026-03-30 00:52:39,689 [INFO]   Preprocessed structure -> /wynton/scratch/jqmo/rotation_datasets/augmented_ingraham_cath_bugfree/mpnn_esmfold/3jzjA01_18_preproc.pdb
2026-03-30 00:52:39,718 [INFO]   Normalized atom/residue names -> /wynton/scratch/jqmo/rotation_datasets/augmented_ingraham_cath_bugfree/mpnn_esmfold/3jzjA01_18_preproc_amber.pdb
2026-03-30 00:52:40,186 [INFO]   Post-idealize: 18.4
2026-03-30 00:52:40,233 [INFO]   Post-minimize (chi+bb): 162.3
2026-03-30 00:52:40,303 [INFO]   Preprocessed structure -> /wynton/scratch/jqmo/rotation_datasets/augmented_ingraham_cath_bugfree/mpnn_esmfold/2vgmA01_1_preproc.pdb
2026-03-30 00:52:40,314 [INFO]   Normalized atom/residue names -> /wynton/scratch/jqmo/rotation_datasets/augmented_ingraham_cath_bugfree/mpnn_esmfold/2vgmA01_1_preproc_amber.pdb
2026-03-30 00:52:40,648 [INFO]   Post-repack: 621.7
2026-03-30 00:52:41,338 [INFO]   Post-idealize: 2058.6
2026-03-30 00:52:41,814 [INFO]   Post-minimize (chi only): 309.3
2026-03-30 00:52:43,116 [INFO]   Post-repack: -82.5
2026-03-30 00:52:43,123 [INFO]   Post-repack: -244.2
2026-03-30 00:52:44,019 [INFO]   Post-idealize: 843.1
2026-03-30 00:52:44,243 [INFO]   Post-minimize (chi only): -285.2
2026-03-30 00:52:44,356 [INFO]   Post-minimize (chi only): -171.4
2026-03-30 00:52:45,967 [INFO]   Post-repack: 129.2
2026-03-30 00:52:46,367 [INFO]   Post-minimize (chi+bb): -442.6
2026-03-30 00:52:46,472 [INFO]   Preprocessed structure -> /wynton/scratch/jqmo/rotation_datasets/augmented_ingraham_cath_bugfree/mpnn_esmfold/3s3lA01_4_preproc.pdb
2026-03-30 00:52:46,490 [INFO]   Normalized atom/residue names -> /wynton/scratch/jqmo/rotation_datasets/augmented_ingraham_cath_bugfree/mpnn_esmfold/3s3lA01_4_preproc_amber.pdb
2026-03-30 00:52:46,768 [INFO]   Post-idealize: 913.9
2026-03-30 00:52:47,374 [INFO]   Post-minimize (chi only): 44.4
2026-03-30 00:52:48,020 [INFO]   Post-idealize: 1887.0
2026-03-30 00:52:48,302 [INFO]   Post-repack: 103.1
2026-03-30 00:52:49,462 [INFO]   Post-minimize (chi only): -96.4
2026-03-30 00:52:49,661 [INFO]   Post-minimize (chi+bb): -393.3
2026-03-30 00:52:49,740 [INFO]   Post-repack: 763.4
2026-03-30 00:52:49,757 [INFO]   Preprocessed structure -> /wynton/scratch/jqmo/rotation_datasets/augmented_ingraham_cath_bugfree/mpnn_esmfold/4bszB00_23_preproc.pdb
2026-03-30 00:52:49,777 [INFO]   Normalized atom/residue names -> /wynton/scratch/jqmo/rotation_datasets/augmented_ingraham_cath_bugfree/mpnn_esmfold/4bszB00_23_preproc_amber.pdb
2026-03-30 00:52:51,475 [INFO]   Post-minimize (chi only): 157.3
2026-03-30 00:52:52,894 [INFO]   Post-idealize: -29.2
2026-03-30 00:52:53,706 [INFO] Running MC-SCE on 2f76X00_3_reres_amber (5 conformers, T=300.0K)
2026-03-30 00:52:54,485 [INFO] Running MC-SCE on 3jzjA01_18_amber (5 conformers, T=300.0K)
2026-03-30 00:52:54,728 [INFO] Running MC-SCE on 2vgmA01_1_amber (5 conformers, T=300.0K)
2026-03-30 00:52:55,039 [INFO] Running MC-SCE on 3uk2A02_1_amber (5 conformers, T=300.0K)
2026-03-30 00:52:55,077 [ERROR] MC-SCE failed on 2vgmA01_1_amber: KeyError: ()
2026-03-30 00:52:55,100 [INFO] Running MC-SCE on 1wtbA00_28_amber (5 conformers, T=300.0K)
2026-03-30 00:52:55,131 [ERROR] MC-SCE failed on 3jzjA01_18_amber: KeyError: ()
2026-03-30 00:52:55,218 [INFO] Running MC-SCE on 1yb5A02_24_amber (5 conformers, T=300.0K)
  0%|          | 0/100 [00:00<?, ?it/s]2026-03-30 00:52:55,313 [INFO]   Post-minimize (chi+bb): -517.1
2026-03-30 00:52:55,342 [INFO] Running MC-SCE on 5ayvA01_6_amber (5 conformers, T=300.0K)
2026-03-30 00:52:55,369 [INFO]   Post-idealize: 222.3
2026-03-30 00:52:55,379 [INFO]   Preprocessed structure -> /wynton/scratch/jqmo/rotation_datasets/augmented_ingraham_cath_bugfree/mpnn_esmfold/4pmnA00_16_preproc.pdb
2026-03-30 00:52:55,409 [INFO]   Normalized atom/residue names -> /wynton/scratch/jqmo/rotation_datasets/augmented_ingraham_cath_bugfree/mpnn_esmfold/4pmnA00_16_preproc_amber.pdb
2026-03-30 00:52:55,611 [INFO]   Post-repack: -345.8
2026-03-30 00:52:56,135 [INFO] Running MC-SCE on 1vjqA00_26_amber (5 conformers, T=300.0K)
  0%|          | 0/103 [00:00<?, ?it/s]2026-03-30 00:52:56,302 [INFO] Running MC-SCE on 1gcvA00_31_amber (5 conformers, T=300.0K)
2026-03-30 00:52:56,328 [ERROR] MC-SCE failed on 5ayvA01_6_amber: KeyError: ()
  0%|          | 0/79 [00:00<?, ?it/s]2026-03-30 00:52:56,561 [INFO] Running MC-SCE on 1vq8200_2_amber (5 conformers, T=300.0K)
2026-03-30 00:52:56,625 [INFO]   Post-minimize (chi only): -414.8
2026-03-30 00:52:56,737 [INFO]   Post-minimize (chi+bb): -405.9
2026-03-30 00:52:56,768 [INFO] Running MC-SCE on 3stjA03_13_amber (5 conformers, T=300.0K)
2026-03-30 00:52:56,773 [ERROR] MC-SCE failed on 1gcvA00_31_amber: KeyError: ()
2026-03-30 00:52:56,844 [INFO]   Preprocessed structure -> /wynton/scratch/jqmo/rotation_datasets/augmented_ingraham_cath_bugfree/mpnn_esmfold/1ui5A00_30_preproc.pdb
2026-03-30 00:52:56,862 [INFO]   Normalized atom/residue names -> /wynton/scratch/jqmo/rotation_datasets/augmented_ingraham_cath_bugfree/mpnn_esmfold/1ui5A00_30_preproc_amber.pdb
2026-03-30 00:52:57,220 [INFO] Running MC-SCE on 4yn3B00_6_amber (5 conformers, T=300.0K)
2026-03-30 00:52:57,279 [INFO] Running MC-SCE on 2vqeN00_6_amber (5 conformers, T=300.0K)
  0%|          | 0/168 [00:00<?, ?it/s]2026-03-30 00:52:57,544 [ERROR] MC-SCE failed on 2vqeN00_6_amber: KeyError: ('N', 'H2', 'H3', 'CD', 'HD2', 'HD3', 'CG', 'HG2', 'HG3', 'CB', 'HB2', 'HB3', 'CA', 'HA', 'C', 'O')
  0%|          | 0/46 [00:00<?, ?it/s]2026-03-30 00:52:57,650 [INFO]   Post-repack: -325.7
  0%|          | 0/71 [00:00<?, ?it/s]2026-03-30 00:52:58,216 [INFO]   Post-minimize (chi+bb): -575.2
  0%|          | 0/97 [00:00<?, ?it/s]2026-03-30 00:52:58,325 [INFO]   Preprocessed structure -> /wynton/scratch/jqmo/rotation_datasets/augmented_ingraham_cath_bugfree/mpnn_esmfold/4b79B00_15_reres_preproc.pdb
2026-03-30 00:52:58,341 [INFO]   Normalized atom/residue names -> /wynton/scratch/jqmo/rotation_datasets/augmented_ingraham_cath_bugfree/mpnn_esmfold/4b79B00_15_reres_preproc_amber.pdb
2026-03-30 00:52:58,697 [INFO]   Post-minimize (chi only): -378.9
  0%|          | 0/65 [00:00<?, ?it/s]2026-03-30 00:52:59,047 [INFO] Running MC-SCE on 3buxB01_22_reres_amber (5 conformers, T=300.0K)
2026-03-30 00:52:59,103 [INFO]   Post-minimize (chi+bb): -255.7
2026-03-30 00:52:59,200 [INFO]   Preprocessed structure -> /wynton/scratch/jqmo/rotation_datasets/augmented_ingraham_cath_bugfree/mpnn_esmfold/2f5xA01_21_preproc.pdb
2026-03-30 00:52:59,217 [INFO]   Normalized atom/residue names -> /wynton/scratch/jqmo/rotation_datasets/augmented_ingraham_cath_bugfree/mpnn_esmfold/2f5xA01_21_preproc_amber.pdb
2026-03-30 00:52:59,405 [INFO] Running MC-SCE on 1m1jB03_0_reres_amber (5 conformers, T=300.0K)
2026-03-30 00:52:59,421 [INFO] Running MC-SCE on 3ossC00_7_amber (5 conformers, T=300.0K)
2026-03-30 00:53:00,290 [ERROR] MC-SCE failed on 1m1jB03_0_reres_amber: KeyError: ('N', 'H2', 'H3', 'CD', 'HD2', 'HD3', 'CG', 'HG2', 'HG3', 'CB', 'HB2', 'HB3', 'CA', 'HA', 'C', 'O')
2026-03-30 00:53:00,462 [INFO] Running MC-SCE on 3s3lA01_4_amber (5 conformers, T=300.0K)
  0%|          | 0/129 [00:00<?, ?it/s]  0%|          | 0/65 [00:00<?, ?it/s]2026-03-30 00:53:01,575 [ERROR] MC-SCE failed on 3s3lA01_4_amber: KeyError: ()
  1%|          | 1/100 [00:06<11:03,  6.70s/it]  2%|▏         | 2/100 [00:07<04:53,  3.00s/it]  3%|▎         | 3/100 [00:07<02:55,  1.81s/it]  4%|▍         | 4/100 [00:07<02:00,  1.26s/it]  5%|▌         | 5/100 [00:08<01:30,  1.05it/s]  6%|▌         | 6/100 [00:08<01:11,  1.31it/s]  7%|▋         | 7/100 [00:09<01:05,  1.42it/s]  8%|▊         | 8/100 [00:09<00:55,  1.65it/s]2026-03-30 00:53:05,327 [INFO]   Post-minimize (chi+bb): -652.0
  9%|▉         | 9/100 [00:10<00:49,  1.83it/s]2026-03-30 00:53:05,461 [INFO]   Preprocessed structure -> /wynton/scratch/jqmo/rotation_datasets/augmented_ingraham_cath_bugfree/mpnn_esmfold/2xotB01_2_reres_preproc.pdb
2026-03-30 00:53:05,485 [INFO]   Normalized atom/residue names -> /wynton/scratch/jqmo/rotation_datasets/augmented_ingraham_cath_bugfree/mpnn_esmfold/2xotB01_2_reres_preproc_amber.pdb
 10%|█         | 10/100 [00:10<00:45,  1.97it/s] 11%|█         | 11/100 [00:10<00:42,  2.09it/s]2026-03-30 00:53:06,548 [INFO]   Post-minimize (chi+bb): -422.2
 12%|█▏        | 12/100 [00:11<00:39,  2.21it/s]2026-03-30 00:53:06,656 [INFO]   Preprocessed structure -> /wynton/scratch/jqmo/rotation_datasets/augmented_ingraham_cath_bugfree/mpnn_esmfold/3uogA01_9_preproc.pdb
2026-03-30 00:53:06,691 [INFO]   Normalized atom/residue names -> /wynton/scratch/jqmo/rotation_datasets/augmented_ingraham_cath_bugfree/mpnn_esmfold/3uogA01_9_preproc_amber.pdb
 13%|█▎        | 13/100 [00:11<00:37,  2.29it/s]  1%|          | 1/103 [00:11<18:46, 11.04s/it]2026-03-30 00:53:07,581 [INFO]   Post-minimize (chi+bb): -541.0
 14%|█▍        | 14/100 [00:12<00:42,  2.03it/s]2026-03-30 00:53:07,674 [INFO]   Preprocessed structure -> /wynton/scratch/jqmo/rotation_datasets/augmented_ingraham_cath_bugfree/mpnn_esmfold/1uddA00_6_preproc.pdb
2026-03-30 00:53:07,699 [INFO]   Normalized atom/residue names -> /wynton/scratch/jqmo/rotation_datasets/augmented_ingraham_cath_bugfree/mpnn_esmfold/1uddA00_6_preproc_amber.pdb
  3%|▎         | 3/103 [00:11<05:08,  3.08s/it] 15%|█▌        | 15/100 [00:12<00:40,  2.12it/s] 16%|█▌        | 16/100 [00:13<00:38,  2.21it/s]  5%|▍         | 5/103 [00:12<02:41,  1.65s/it]2026-03-30 00:53:08,554 [INFO] Running MC-SCE on 4b79B00_15_reres_amber (5 conformers, T=300.0K)
2026-03-30 00:53:08,560 [INFO] Running MC-SCE on 4bszB00_23_amber (5 conformers, T=300.0K)
  1%|          | 1/97 [00:10<16:31, 10.32s/it]  1%|          | 1/168 [00:11<31:34, 11.34s/it] 17%|█▋        | 17/100 [00:13<00:36,  2.25it/s]  6%|▌         | 6/103 [00:12<02:13,  1.37s/it] 18%|█▊        | 18/100 [00:14<00:35,  2.29it/s]  2%|▏         | 3/168 [00:11<08:37,  3.13s/it]  2%|▏         | 2/97 [00:11<07:31,  4.75s/it]2026-03-30 00:53:09,520 [INFO] Running MC-SCE on 4pmnA00_16_amber (5 conformers, T=300.0K)
2026-03-30 00:53:09,567 [ERROR] MC-SCE failed on 4b79B00_15_reres_amber: KeyError: ()
2026-03-30 00:53:09,579 [ERROR] MC-SCE failed on 4bszB00_23_amber: KeyError: ()
  2%|▏         | 1/65 [00:10<11:37, 10.90s/it] 19%|█▉        | 19/100 [00:14<00:34,  2.32it/s]  7%|▋         | 7/103 [00:13<01:51,  1.16s/it]  3%|▎         | 5/168 [00:12<04:30,  1.66s/it]  3%|▎         | 2/65 [00:11<05:01,  4.79s/it]  4%|▍         | 4/97 [00:11<03:06,  2.01s/it]  1%|▏         | 1/79 [00:13<18:00, 13.86s/it]  8%|▊         | 8/103 [00:14<01:33,  1.01it/s] 21%|██        | 21/100 [00:15<00:29,  2.68it/s]  4%|▎         | 6/168 [00:12<03:41,  1.37s/it]  5%|▍         | 3/65 [00:11<02:56,  2.84s/it] 22%|██▏       | 22/100 [00:15<00:30,  2.60it/s]  5%|▌         | 5/97 [00:12<02:26,  1.60s/it]  4%|▍         | 7/168 [00:13<03:02,  1.13s/it]  3%|▎         | 2/79 [00:14<07:52,  6.13s/it]  9%|▊         | 9/103 [00:14<01:27,  1.07it/s]2026-03-30 00:53:11,104 [ERROR] MC-SCE failed on 4pmnA00_16_amber: KeyError: ()
 24%|██▍       | 24/100 [00:15<00:23,  3.21it/s]  6%|▌         | 4/65 [00:12<01:56,  1.91s/it]  2%|▏         | 1/46 [00:13<10:14, 13.65s/it]  6%|▌         | 10/168 [00:14<01:36,  1.64it/s]  7%|▋         | 7/97 [00:13<01:28,  1.01it/s] 25%|██▌       | 25/100 [00:16<00:25,  2.99it/s] 11%|█         | 11/103 [00:15<00:59,  1.55it/s]  8%|▊         | 5/65 [00:12<01:24,  1.40s/it]  4%|▍         | 3/79 [00:15<04:39,  3.67s/it]  4%|▍         | 2/46 [00:14<04:25,  6.03s/it] 26%|██▌       | 26/100 [00:16<00:26,  2.80it/s]  8%|▊         | 8/97 [00:13<01:19,  1.13it/s]  9%|▉         | 6/65 [00:13<01:04,  1.09s/it]  7%|▋         | 12/168 [00:14<01:23,  1.87it/s] 13%|█▎        | 13/103 [00:16<00:46,  1.96it/s] 27%|██▋       | 27/100 [00:17<00:26,  2.71it/s]  5%|▌         | 4/79 [00:16<03:09,  2.52s/it]2026-03-30 00:53:12,496 [INFO] Running MC-SCE on 1ui5A00_30_amber (5 conformers, T=300.0K)
 10%|█         | 10/97 [00:14<00:55,  1.56it/s]  7%|▋         | 3/46 [00:15<02:35,  3.61s/it]  8%|▊         | 13/168 [00:15<01:22,  1.87it/s] 28%|██▊       | 28/100 [00:17<00:27,  2.61it/s] 14%|█▎        | 14/103 [00:16<00:46,  1.90it/s] 11%|█         | 7/65 [00:14<00:56,  1.03it/s]2026-03-30 00:53:13,057 [INFO] Found rosetta database at: /wynton/home/rotation/jqmo/.conda/envs/mcsce/lib/python3.7/site-packages/pyrosetta/database; using it....
2026-03-30 00:53:13,058 [INFO] ┌──────────────────────────────────────────────────────────────────────────────┐
│                                 PyRosetta-4                                  │
│              Created in JHU by Sergey Lyskov and PyRosetta Team              │
│              (C) Copyright Rosetta Commons Member Institutions               │
│                                                                              │
│ NOTE: USE OF PyRosetta FOR COMMERCIAL PURPOSES REQUIRE PURCHASE OF A LICENSE │
│         See LICENSE.PyRosetta.md or email license@uw.edu for details         │
└──────────────────────────────────────────────────────────────────────────────┘
PyRosetta-4 2024 [Rosetta PyRosetta4.conda.linux.cxx11thread.serialization.CentOS.python37.Release 2024.39+release.59628fbc5bc09f1221e1642f1f8d157ce49b1410 2024-09-23T07:49:48] retrieved from: http://www.pyrosetta.org
  6%|▋         | 5/79 [00:16<02:19,  1.88s/it]  8%|▊         | 14/168 [00:15<01:22,  1.86it/s] 12%|█▏        | 8/65 [00:14<00:46,  1.22it/s]  9%|▊         | 4/46 [00:15<01:43,  2.47s/it] 29%|██▉       | 29/100 [00:18<00:32,  2.21it/s] 15%|█▍        | 15/103 [00:17<00:47,  1.85it/s] 11%|█▏        | 11/97 [00:15<01:01,  1.40it/s] 30%|███       | 30/100 [00:18<00:30,  2.27it/s] 14%|█▍        | 9/65 [00:15<00:40,  1.39it/s] 13%|█▎        | 6/46 [00:16<00:52,  1.30s/it] 10%|█         | 17/168 [00:16<00:58,  2.59it/s]  8%|▊         | 6/79 [00:17<01:49,  1.49s/it]2026-03-30 00:53:13,977 [ERROR] MC-SCE failed on 1ui5A00_30_amber: KeyError: ()
 16%|█▌        | 16/103 [00:17<00:47,  1.81it/s] 31%|███       | 31/100 [00:19<00:30,  2.29it/s]  1%|▏         | 1/71 [00:16<18:58, 16.27s/it] 15%|█▌        | 10/65 [00:15<00:35,  1.54it/s] 15%|█▌        | 7/46 [00:16<00:41,  1.08s/it] 12%|█▏        | 12/97 [00:16<01:03,  1.34it/s] 32%|███▏      | 32/100 [00:19<00:29,  2.30it/s] 17%|█▋        | 17/103 [00:18<00:50,  1.70it/s] 11%|█         | 18/168 [00:17<01:10,  2.11it/s] 18%|█▊        | 12/65 [00:16<00:24,  2.16it/s]2026-03-30 00:53:14,984 [INFO] Running MC-SCE on 2f5xA01_21_amber (5 conformers, T=300.0K)
  9%|▉         | 7/79 [00:18<01:36,  1.34s/it] 13%|█▎        | 13/97 [00:16<00:59,  1.42it/s] 17%|█▋        | 8/46 [00:17<00:36,  1.04it/s]  1%|          | 1/129 [00:13<29:44, 13.94s/it] 33%|███▎      | 33/100 [00:19<00:28,  2.34it/s]  3%|▎         | 2/71 [00:17<08:18,  7.22s/it] 20%|██        | 13/65 [00:16<00:24,  2.13it/s] 34%|███▍      | 34/100 [00:20<00:28,  2.35it/s] 17%|█▋        | 18/103 [00:19<00:55,  1.52it/s] 22%|██▏       | 10/46 [00:17<00:22,  1.57it/s] 11%|█▏        | 19/168 [00:18<01:21,  1.83it/s]  2%|▏         | 1/65 [00:14<15:14, 14.29s/it] 14%|█▍        | 14/97 [00:17<00:56,  1.47it/s] 10%|█         | 8/79 [00:19<01:21,  1.15s/it] 22%|██▏       | 14/65 [00:17<00:24,  2.10it/s]  2%|▏         | 3/129 [00:14<08:14,  3.92s/it] 35%|███▌      | 35/100 [00:20<00:27,  2.36it/s]2026-03-30 00:53:16,007 [ERROR] MC-SCE failed on 2f5xA01_21_amber: KeyError: ()
 24%|██▍       | 11/46 [00:18<00:21,  1.66it/s]  4%|▍         | 3/71 [00:18<04:55,  4.34s/it] 15%|█▌        | 15/97 [00:17<00:53,  1.53it/s] 18%|█▊        | 19/103 [00:20<00:56,  1.49it/s]  3%|▎         | 2/65 [00:14<06:33,  6.25s/it] 36%|███▌      | 36/100 [00:21<00:27,  2.35it/s] 12%|█▏        | 20/168 [00:19<01:30,  1.63it/s]  3%|▎         | 4/129 [00:15<05:45,  2.76s/it] 13%|█▎        | 10/79 [00:20<00:54,  1.28it/s] 28%|██▊       | 13/46 [00:18<00:14,  2.21it/s] 23%|██▎       | 15/65 [00:17<00:26,  1.89it/s] 23%|██▎       | 15/65 [00:17<00:59,  1.18s/it]
2026-03-30 00:53:16,542 [ERROR] MC-SCE failed on 4yn3B00_6_amber: IndexError: too many indices for array: array is 1-dimensional, but 2 were indexed
2026-03-30 00:53:16,857 [INFO]   Post-idealize: -182.6
 16%|█▋        | 16/97 [00:18<00:52,  1.55it/s]  5%|▍         | 3/65 [00:15<03:48,  3.68s/it]  6%|▌         | 4/71 [00:18<03:20,  2.99s/it] 37%|███▋      | 37/100 [00:21<00:31,  2.02it/s]  4%|▍         | 5/129 [00:15<04:12,  2.04s/it] 30%|███       | 14/46 [00:19<00:15,  2.04it/s] 20%|██        | 21/103 [00:20<00:47,  1.74it/s] 14%|█▍        | 11/79 [00:20<00:52,  1.29it/s] 13%|█▎        | 22/168 [00:19<01:20,  1.81it/s] 38%|███▊      | 38/100 [00:22<00:29,  2.11it/s] 19%|█▊        | 18/97 [00:19<00:38,  2.03it/s]  6%|▌         | 4/65 [00:16<02:30,  2.47s/it] 33%|███▎      | 15/46 [00:20<00:15,  2.05it/s]  5%|▍         | 6/129 [00:16<03:12,  1.56s/it]  7%|▋         | 5/71 [00:19<02:28,  2.24s/it] 39%|███▉      | 39/100 [00:22<00:28,  2.14it/s] 14%|█▎        | 23/168 [00:20<01:20,  1.80it/s] 16%|█▋        | 13/79 [00:21<00:39,  1.68it/s] 22%|██▏       | 23/103 [00:21<00:42,  1.90it/s] 35%|███▍      | 16/46 [00:20<00:14,  2.03it/s]  8%|▊         | 5/65 [00:16<01:48,  1.81s/it]  5%|▌         | 7/129 [00:17<02:32,  1.25s/it] 40%|████      | 40/100 [00:23<00:27,  2.18it/s] 14%|█▍        | 24/168 [00:21<01:19,  1.82it/s] 18%|█▊        | 14/79 [00:22<00:40,  1.59it/s] 20%|█▉        | 19/97 [00:20<00:52,  1.48it/s]  7%|▋         | 9/129 [00:17<01:35,  1.26it/s]  9%|▉         | 6/65 [00:17<01:22,  1.40s/it] 41%|████      | 41/100 [00:23<00:26,  2.20it/s]  8%|▊         | 6/71 [00:20<01:56,  1.79s/it] 37%|███▋      | 17/46 [00:21<00:16,  1.80it/s] 23%|██▎       | 24/103 [00:22<00:48,  1.63it/s]2026-03-30 00:53:19,077 [INFO] Running MC-SCE on 2xotB01_2_reres_amber (5 conformers, T=300.0K)
 42%|████▏     | 42/100 [00:24<00:25,  2.24it/s] 15%|█▍        | 25/168 [00:21<01:29,  1.59it/s] 21%|██        | 20/97 [00:21<00:50,  1.53it/s] 39%|███▉      | 18/46 [00:21<00:15,  1.86it/s] 19%|█▉        | 15/79 [00:23<00:41,  1.53it/s]2026-03-30 00:53:19,517 [INFO] Preprocessing 1kj6A00_4: initial score 295.7
  8%|▊         | 10/129 [00:18<01:34,  1.26it/s] 11%|█         | 7/65 [00:18<01:10,  1.22s/it] 24%|██▍       | 25/103 [00:23<00:48,  1.62it/s] 43%|████▎     | 43/100 [00:24<00:25,  2.27it/s] 41%|████▏     | 19/46 [00:22<00:14,  1.92it/s] 10%|▉         | 7/71 [00:21<01:41,  1.59s/it] 22%|██▏       | 21/97 [00:21<00:51,  1.48it/s]  9%|▉         | 12/129 [00:18<01:07,  1.72it/s] 15%|█▌        | 26/168 [00:22<01:36,  1.47it/s] 20%|██        | 16/79 [00:23<00:43,  1.45it/s] 12%|█▏        | 8/65 [00:18<00:58,  1.03s/it]2026-03-30 00:53:20,287 [ERROR] MC-SCE failed on 2xotB01_2_reres_amber: KeyError: ()
 43%|████▎     | 20/46 [00:22<00:13,  1.96it/s] 44%|████▍     | 44/100 [00:25<00:28,  1.96it/s] 25%|██▌       | 26/103 [00:24<00:50,  1.51it/s]2026-03-30 00:53:20,440 [INFO]   Post-idealize: 438.3
2026-03-30 00:53:20,504 [INFO]   Post-repack: -505.9
2026-03-30 00:53:20,629 [INFO]   Post-repack: 322.4
 23%|██▎       | 22/97 [00:22<00:49,  1.52it/s] 10%|█         | 13/129 [00:19<01:07,  1.73it/s] 22%|██▏       | 17/79 [00:24<00:39,  1.57it/s]2026-03-30 00:53:20,716 [INFO]   Post-minimize (chi only): 302.6
 45%|████▌     | 45/100 [00:25<00:27,  2.03it/s] 46%|████▌     | 21/46 [00:23<00:12,  1.99it/s] 14%|█▍        | 9/65 [00:19<00:50,  1.11it/s] 11%|█▏        | 8/71 [00:22<01:26,  1.37s/it] 16%|█▌        | 27/168 [00:23<01:42,  1.37it/s] 27%|██▋       | 28/103 [00:24<00:38,  1.97it/s] 46%|████▌     | 46/100 [00:25<00:25,  2.11it/s] 48%|████▊     | 22/46 [00:23<00:12,  2.00it/s] 11%|█         | 14/129 [00:20<01:06,  1.72it/s] 23%|██▎       | 18/79 [00:25<00:40,  1.50it/s] 24%|██▎       | 23/97 [00:23<00:51,  1.45it/s] 15%|█▌        | 10/65 [00:20<00:44,  1.23it/s]2026-03-30 00:53:21,577 [INFO]   Post-minimize (chi+bb): -25.6
2026-03-30 00:53:21,593 [INFO]   Preprocessed structure -> /wynton/scratch/jqmo/rotation_datasets/augmented_ingraham_cath_bugfree/mpnn_esmfold/1kj6A00_4_preproc.pdb
 28%|██▊       | 29/103 [00:25<00:39,  1.89it/s]2026-03-30 00:53:21,615 [INFO]   Normalized atom/residue names -> /wynton/scratch/jqmo/rotation_datasets/augmented_ingraham_cath_bugfree/mpnn_esmfold/1kj6A00_4_preproc_amber.pdb
2026-03-30 00:53:21,650 [INFO] Running MC-SCE on 3uogA01_9_amber (5 conformers, T=300.0K)
 47%|████▋     | 47/100 [00:26<00:24,  2.14it/s]2026-03-30 00:53:21,669 [INFO]   Post-minimize (chi only): -572.2
 13%|█▎        | 9/71 [00:23<01:15,  1.23s/it] 12%|█▏        | 15/129 [00:20<01:05,  1.73it/s] 50%|█████     | 23/46 [00:24<00:13,  1.76it/s] 17%|█▋        | 11/65 [00:20<00:40,  1.32it/s]16it/s] 24%|██▍       | 19/79 [00:25<00:40,  1.49it/s] 18%|█▊        | 30/168 [00:24<01:15,  1.83it/s] 29%|██▉       | 30/103 [00:25<00:40,  1.82it/s] 25%|██▍       | 24/97 [00:24<00:55,  1.32it/s] 12%|█▏        | 16/129 [00:21<01:05,  1.73it/s]2026-03-30 00:53:22,439 [ERROR] MC-SCE failed on 3uogA01_9_amber: KeyError: ('N', 'H2', 'H3', 'CD', 'HD2', 'HD3', 'CG', 'HG2', 'HG3', 'CB', 'HB2', 'HB3', 'CA', 'HA', 'C', 'O')
 49%|████▉     | 49/100 [00:27<00:23,  2.18it/s] 25%|██▌       | 20/79 [00:26<00:36,  1.61it/s] 14%|█▍        | 10/71 [00:24<01:08,  1.12s/it] 18%|█▊        | 12/65 [00:21<00:38,  1.39it/s] 52%|█████▏    | 24/46 [00:25<00:13,  1.62it/s] 31%|███       | 32/103 [00:26<00:32,  2.21it/s] 50%|█████     | 50/100 [00:27<00:22,  2.22it/s] 13%|█▎        | 17/129 [00:21<01:04,  1.72it/s] 19%|█▉        | 32/168 [00:25<01:09,  1.95it/s] 27%|██▋       | 21/79 [00:26<00:33,  1.72it/s] 20%|██        | 13/65 [00:21<00:35,  1.47it/s] 26%|██▌       | 25/97 [00:25<00:59,  1.21it/s] 32%|███▏      | 33/103 [00:27<00:34,  2.04it/s] 54%|█████▍    | 25/46 [00:25<00:13,  1.50it/s] 15%|█▌        | 11/71 [00:25<01:03,  1.06s/it]2026-03-30 00:53:23,608 [INFO] Running MC-SCE on 1uddA00_6_amber (5 conformers, T=300.0K)
 20%|█▉        | 33/168 [00:26<01:10,  1.91it/s] 51%|█████     | 51/100 [00:28<00:25,  1.91it/s] 28%|██▊       | 22/79 [00:27<00:35,  1.59it/s] 15%|█▍        | 19/129 [00:22<00:56,  1.96it/s] 34%|███▍      | 35/103 [00:27<00:28,  2.39it/s] 27%|██▋       | 26/97 [00:25<00:56,  1.25it/s] 52%|█████▏    | 52/100 [00:28<00:23,  2.02it/s] 23%|██▎       | 15/65 [00:22<00:28,  1.77it/s] 21%|██        | 35/168 [00:26<00:58,  2.29it/s] 57%|█████▋    | 26/46 [00:26<00:13,  1.46it/s] 30%|███       | 24/79 [00:27<00:25,  2.18it/s] 17%|█▋        | 12/71 [00:26<00:59,  1.01s/it] 16%|█▌        | 20/129 [00:23<00:59,  1.83it/s] 53%|█████▎    | 53/100 [00:29<00:22,  2.08it/s] 29%|██▉       | 28/97 [00:26<00:39,  1.74it/s] 23%|██▎       | 38/168 [00:27<00:42,  3.05it/s] 25%|██▍       | 16/65 [00:23<00:28,  1.75it/s] 32%|███▏      | 25/79 [00:28<00:25,  2.13it/s] 35%|███▍      | 36/103 [00:28<00:34,  1.94it/s] 54%|█████▍    | 54/100 [00:29<00:21,  2.16it/s] 59%|█████▊    | 27/46 [00:27<00:13,  1.42it/s] 16%|█▋        | 21/129 [00:23<00:59,  1.80it/s]2026-03-30 00:53:25,312 [ERROR] MC-SCE failed on 1uddA00_6_amber: KeyError: ()
 30%|██▉       | 29/97 [00:27<00:39,  1.71it/s] 34%|███▍      | 27/79 [00:28<00:19,  2.63it/s] 26%|██▌       | 17/65 [00:24<00:28,  1.70it/s] 55%|█████▌    | 55/100 [00:30<00:20,  2.18it/s] 18%|█▊        | 13/71 [00:27<00:57,  1.01it/s] 36%|███▌      | 37/103 [00:29<00:35,  1.85it/s] 23%|██▎       | 39/168 [00:28<00:54,  2.35it/s] 17%|█▋        | 22/129 [00:24<01:00,  1.77it/s] 61%|██████    | 28/46 [00:28<00:13,  1.38it/s] 56%|█████▌    | 56/100 [00:30<00:20,  2.19it/s] 35%|███▌      | 28/79 [00:29<00:20,  2.44it/s] 31%|███       | 30/97 [00:27<00:39,  1.71it/s] 28%|██▊       | 18/65 [00:24<00:28,  1.67it/s] 39%|███▉      | 40/103 [00:29<00:23,  2.70it/s] 18%|█▊        | 23/129 [00:25<01:00,  1.75it/s] 24%|██▍       | 40/168 [00:28<00:59,  2.14it/s] 57%|█████▋    | 57/100 [00:31<00:19,  2.19it/s] 37%|███▋      | 29/79 [00:30<00:21,  2.29it/s] 32%|███▏      | 31/97 [00:28<00:39,  1.69it/s] 63%|██████▎   | 29/46 [00:28<00:12,  1.36it/s] 20%|█▉        | 14/71 [00:28<00:59,  1.05s/it] 31%|███       | 20/65 [00:25<00:21,  2.11it/s] 58%|█████▊    | 58/100 [00:31<00:18,  2.23it/s] 40%|███▉      | 41/103 [00:30<00:25,  2.39it/s] 38%|███▊      | 30/79 [00:30<00:22,  2.22it/s] 24%|██▍       | 41/168 [00:29<01:08,  1.85it/s] 33%|███▎      | 32/97 [00:28<00:38,  1.68it/s] 19%|█▊        | 24/129 [00:25<01:08,  1.54it/s] 32%|███▏      | 21/65 [00:25<00:22,  1.95it/s] 41%|████      | 42/103 [00:31<00:27,  2.20it/s] 59%|█████▉    | 59/100 [00:32<00:21,  1.88it/s] 23%|██▎       | 16/71 [00:29<00:42,  1.29it/s] 67%|██████▋   | 31/46 [00:30<00:09,  1.56it/s] 67%|██████▋   | 31/46 [00:30<00:14,  1.03it/s]
2026-03-30 00:53:27,611 [ERROR] MC-SCE failed on 1vq8200_2_amber: IndexError: too many indices for array: array is 1-dimensional, but 2 were indexed
 39%|███▉      | 31/79 [00:31<00:25,  1.90it/s] 25%|██▌       | 42/168 [00:30<01:09,  1.80it/s] 19%|█▉        | 25/129 [00:26<01:05,  1.59it/s] 61%|██████    | 61/100 [00:32<00:15,  2.50it/s] 41%|████      | 32/79 [00:31<00:24,  1.91it/s] 42%|████▏     | 43/103 [00:31<00:31,  1.88it/s] 34%|███▍      | 22/65 [00:26<00:25,  1.67it/s] 26%|██▌       | 43/168 [00:30<01:08,  1.82it/s] 34%|███▍      | 33/97 [00:30<00:49,  1.28it/s] 62%|██████▏   | 62/100 [00:33<00:16,  2.37it/s] 24%|██▍       | 17/71 [00:30<00:44,  1.22it/s] 20%|██        | 26/129 [00:27<01:09,  1.47it/s] 42%|████▏     | 33/79 [00:32<00:24,  1.91it/s] 35%|███▌      | 23/65 [00:27<00:25,  1.65it/s] 45%|████▍     | 46/103 [00:32<00:21,  2.69it/s] 26%|██▌       | 44/168 [00:31<01:08,  1.80it/s] 63%|██████▎   | 63/100 [00:33<00:16,  2.28it/s] 21%|██        | 27/129 [00:28<01:08,  1.49it/s] 43%|████▎     | 34/79 [00:32<00:23,  1.93it/s] 35%|███▌      | 34/97 [00:30<00:50,  1.24it/s] 27%|██▋       | 45/168 [00:31<01:07,  1.82it/s] 46%|████▌     | 47/103 [00:33<00:23,  2.42it/s] 25%|██▌       | 18/71 [00:31<00:45,  1.18it/s] 65%|██████▌   | 65/100 [00:34<00:12,  2.84it/s] 22%|██▏       | 28/129 [00:28<01:06,  1.53it/s] 44%|████▍     | 35/79 [00:33<00:24,  1.81it/s] 27%|██▋       | 46/168 [00:32<01:06,  1.85it/s] 66%|██████▌   | 66/100 [00:34<00:12,  2.63it/s] 36%|███▌      | 35/97 [00:31<00:48,  1.29it/s] 37%|███▋      | 24/65 [00:28<00:31,  1.30it/s] 48%|████▊     | 49/103 [00:33<00:22,  2.38it/s] 27%|██▋       | 19/71 [00:32<00:45,  1.15it/s] 22%|██▏       | 29/129 [00:29<01:03,  1.57it/s] 67%|██████▋   | 67/100 [00:35<00:13,  2.48it/s] 28%|██▊       | 47/168 [00:33<01:07,  1.78it/s] 38%|███▊      | 37/97 [00:32<00:33,  1.79it/s] 46%|████▌     | 36/79 [00:34<00:26,  1.61it/s] 50%|████▉     | 51/103 [00:34<00:20,  2.59it/s] 23%|██▎       | 30/129 [00:29<01:01,  1.61it/s] 41%|████      | 40/97 [00:32<00:21,  2.62it/s] 68%|██████▊   | 68/100 [00:35<00:15,  2.00it/s] 40%|████      | 26/65 [00:29<00:27,  1.43it/s] 29%|██▊       | 48/168 [00:33<01:17,  1.55it/s] 28%|██▊       | 20/71 [00:33<00:45,  1.11it/s] 47%|████▋     | 37/79 [00:34<00:28,  1.49it/s] 51%|█████▏    | 53/103 [00:35<00:18,  2.73it/s] 24%|██▍       | 31/129 [00:30<01:00,  1.63it/s] 69%|██████▉   | 69/100 [00:36<00:15,  2.00it/s] 42%|████▏     | 41/97 [00:33<00:24,  2.32it/s] 29%|██▉       | 49/168 [00:34<01:13,  1.62it/s] 48%|████▊     | 38/79 [00:35<00:27,  1.51it/s] 25%|██▍       | 32/129 [00:30<00:58,  1.66it/s] 70%|███████   | 70/100 [00:36<00:15,  1.99it/s] 52%|█████▏    | 54/103 [00:35<00:20,  2.40it/s] 42%|████▏     | 27/65 [00:31<00:30,  1.23it/s] 45%|████▌     | 44/97 [00:34<00:17,  3.00it/s] 30%|██▉       | 21/71 [00:34<00:50,  1.00s/it] 30%|███       | 51/168 [00:35<00:59,  1.98it/s] 72%|███████▏  | 72/100 [00:37<00:10,  2.61it/s] 55%|█████▌    | 57/103 [00:36<00:14,  3.09it/s] 49%|████▉     | 39/79 [00:36<00:28,  1.41it/s]2026-03-30 00:53:32,976 [INFO]   Post-minimize (chi+bb): -781.4
 26%|██▌       | 33/129 [00:31<01:07,  1.42it/s] 73%|███████▎  | 73/100 [00:37<00:11,  2.43it/s]2026-03-30 00:53:33,143 [INFO]   Preprocessed structure -> /wynton/scratch/jqmo/rotation_datasets/augmented_ingraham_cath_bugfree/mpnn_esmfold/3mkrA00_3_preproc.pdb
2026-03-30 00:53:33,167 [INFO]   Normalized atom/residue names -> /wynton/scratch/jqmo/rotation_datasets/augmented_ingraham_cath_bugfree/mpnn_esmfold/3mkrA00_3_preproc_amber.pdb
 46%|████▋     | 45/97 [00:34<00:21,  2.38it/s] 52%|█████▏    | 41/79 [00:36<00:19,  1.99it/s] 57%|█████▋    | 59/103 [00:37<00:14,  3.12it/s] 32%|███▏      | 23/71 [00:35<00:36,  1.30it/s] 32%|███▏      | 53/168 [00:36<00:56,  2.04it/s] 74%|███████▍  | 74/100 [00:38<00:10,  2.39it/s] 43%|████▎     | 28/65 [00:32<00:33,  1.09it/s] 26%|██▋       | 34/129 [00:32<01:04,  1.46it/s] 53%|█████▎    | 42/79 [00:37<00:18,  1.96it/s] 75%|███████▌  | 75/100 [00:38<00:10,  2.34it/s] 58%|█████▊    | 60/103 [00:37<00:16,  2.68it/s] 27%|██▋       | 35/129 [00:33<01:01,  1.52it/s] 32%|███▏      | 54/168 [00:36<01:04,  1.76it/s] 54%|█████▍    | 43/79 [00:38<00:18,  1.95it/s] 76%|███████▌  | 76/100 [00:39<00:10,  2.30it/s] 34%|███▍      | 24/71 [00:36<00:38,  1.24it/s] 49%|████▉     | 48/97 [00:36<00:20,  2.36it/s] 45%|████▍     | 29/65 [00:33<00:35,  1.02it/s] 28%|██▊       | 36/129 [00:33<00:59,  1.58it/s] 59%|█████▉    | 61/103 [00:38<00:19,  2.10it/s] 56%|█████▌    | 44/79 [00:38<00:18,  1.94it/s] 33%|███▎      | 55/168 [00:37<01:08,  1.65it/s]2026-03-30 00:53:35,138 [INFO]   Post-idealize: 593.7
 51%|█████     | 49/97 [00:36<00:22,  2.15it/s] 77%|███████▋  | 77/100 [00:40<00:12,  1.90it/s] 35%|███▌      | 25/71 [00:37<00:39,  1.18it/s] 57%|█████▋    | 45/79 [00:39<00:17,  1.93it/s] 29%|██▊       | 37/129 [00:34<00:58,  1.56it/s] 60%|██████    | 62/103 [00:39<00:20,  1.96it/s] 78%|███████▊  | 78/100 [00:40<00:11,  1.93it/s] 52%|█████▏    | 50/97 [00:37<00:23,  2.00it/s] 58%|█████▊    | 46/79 [00:39<00:16,  1.95it/s] 33%|███▎      | 56/168 [00:38<01:15,  1.48it/s] 61%|██████    | 63/103 [00:39<00:21,  1.87it/s] 79%|███████▉  | 79/100 [00:40<00:10,  1.98it/s] 46%|████▌     | 30/65 [00:34<00:39,  1.12s/it] 29%|██▉       | 38/129 [00:35<01:03,  1.43it/s] 37%|███▋      | 26/71 [00:38<00:39,  1.15it/s] 53%|█████▎    | 51/97 [00:38<00:24,  1.84it/s] 80%|████████  | 80/100 [00:41<00:09,  2.02it/s] 59%|█████▉    | 47/79 [00:40<00:19,  1.65it/s]2026-03-30 00:53:36,801 [INFO] Running MC-SCE on 1kj6A00_4_amber (5 conformers, T=300.0K)
 62%|██████▏   | 64/103 [00:40<00:22,  1.76it/s]2026-03-30 00:53:37,023 [ERROR] MC-SCE failed on 1kj6A00_4_amber: KeyError: ()
 54%|█████▎    | 52/97 [00:38<00:25,  1.79it/s] 81%|████████  | 81/100 [00:41<00:09,  2.02it/s] 30%|███       | 39/129 [00:36<01:07,  1.33it/s]s] 61%|██████    | 48/79 [00:40<00:17,  1.73it/s] 39%|███▉      | 28/71 [00:39<00:30,  1.42it/s] 63%|██████▎   | 65/103 [00:41<00:22,  1.71it/s] 48%|████▊     | 31/65 [00:36<00:39,  1.16s/it] 82%|████████▏ | 82/100 [00:42<00:08,  2.07it/s] 62%|██████▏   | 49/79 [00:41<00:17,  1.67it/s] 55%|█████▍    | 53/97 [00:39<00:27,  1.57it/s] 83%|████████▎ | 83/100 [00:42<00:08,  2.06it/s] 64%|██████▍   | 66/103 [00:41<00:22,  1.66it/s] 31%|███       | 40/129 [00:37<01:11,  1.25it/s] 36%|███▌      | 60/168 [00:40<01:03,  1.70it/s] 41%|████      | 29/71 [00:40<00:31,  1.31it/s]2026-03-30 00:53:38,378 [INFO]   Post-repack: -368.7
 84%|████████▍ | 84/100 [00:43<00:07,  2.10it/s] 56%|█████▌    | 54/97 [00:40<00:27,  1.59it/s] 49%|████▉     | 32/65 [00:37<00:38,  1.17s/it] 65%|██████▌   | 67/103 [00:42<00:21,  1.65it/s] 63%|██████▎   | 50/79 [00:42<00:18,  1.53it/s] 32%|███▏      | 41/129 [00:37<01:05,  1.35it/s] 85%|████████▌ | 85/100 [00:43<00:07,  2.09it/s] 36%|███▋      | 61/168 [00:41<01:09,  1.53it/s] 65%|██████▍   | 51/79 [00:42<00:17,  1.60it/s] 33%|███▎      | 42/129 [00:38<01:00,  1.43it/s] 42%|████▏     | 30/71 [00:41<00:36,  1.13it/s] 58%|█████▊    | 56/97 [00:41<00:23,  1.74it/s] 66%|██████▌   | 68/103 [00:43<00:24,  1.40it/s] 66%|██████▌   | 52/79 [00:43<00:15,  1.70it/s] 86%|████████▌ | 86/100 [00:44<00:07,  1.78it/s]2026-03-30 00:53:39,883 [INFO]   Post-minimize (chi only): -514.6
 52%|█████▏    | 34/65 [00:38<00:28,  1.09it/s] 33%|███▎      | 43/129 [00:38<00:57,  1.50it/s] 37%|███▋      | 62/168 [00:42<01:16,  1.39it/s] 59%|█████▉    | 57/97 [00:41<00:23,  1.70it/s] 87%|████████▋ | 87/100 [00:45<00:07,  1.84it/s] 68%|██████▊   | 54/79 [00:43<00:10,  2.29it/s] 67%|██████▋   | 69/103 [00:44<00:23,  1.43it/s] 44%|████▎     | 31/71 [00:42<00:36,  1.10it/s] 34%|███▍      | 44/129 [00:39<00:54,  1.56it/s]2026-03-30 00:53:40,772 [INFO]   Post-idealize: 5534.6
 88%|████████▊ | 88/100 [00:45<00:06,  1.89it/s] 38%|███▊      | 64/168 [00:43<01:04,  1.62it/s] 69%|██████▉   | 71/103 [00:44<00:16,  1.94it/s] 60%|█████▉    | 58/97 [00:42<00:25,  1.56it/s] 54%|█████▍    | 35/65 [00:39<00:29,  1.01it/s] 35%|███▍      | 45/129 [00:39<00:52,  1.59it/s] 45%|████▌     | 32/71 [00:43<00:32,  1.21it/s] 72%|███████▏  | 57/79 [00:44<00:07,  2.80it/s] 89%|████████▉ | 89/100 [00:46<00:05,  1.93it/s] 71%|███████   | 73/103 [00:45<00:13,  2.25it/s] 61%|██████    | 59/97 [00:43<00:24,  1.58it/s] 73%|███████▎  | 58/79 [00:45<00:08,  2.52it/s] 36%|███▌      | 46/129 [00:40<00:51,  1.62it/s] 46%|████▋     | 33/71 [00:43<00:29,  1.31it/s] 90%|█████████ | 90/100 [00:46<00:05,  1.95it/s] 40%|███▉      | 67/168 [00:44<00:47,  2.13it/s] 91%|█████████ | 91/100 [00:47<00:04,  2.00it/s] 62%|██████▏   | 60/97 [00:44<00:23,  1.59it/s] 72%|███████▏  | 74/103 [00:46<00:14,  2.03it/s] 48%|████▊     | 34/71 [00:44<00:26,  1.39it/s] 55%|█████▌    | 36/65 [00:40<00:30,  1.05s/it] 76%|███████▌  | 60/79 [00:45<00:07,  2.65it/s] 37%|███▋      | 48/129 [00:41<00:43,  1.87it/s] 40%|████      | 68/168 [00:45<00:52,  1.91it/s] 92%|█████████▏| 92/100 [00:47<00:03,  2.03it/s] 63%|██████▎   | 61/97 [00:44<00:22,  1.60it/s] 73%|███████▎  | 75/103 [00:46<00:14,  1.91it/s] 49%|████▉     | 35/71 [00:44<00:24,  1.46it/s]2026-03-30 00:53:43,078 [INFO]   Post-repack: 2508.4
 41%|████      | 69/168 [00:45<00:52,  1.89it/s] 38%|███▊      | 49/129 [00:42<00:44,  1.80it/s] 93%|█████████▎| 93/100 [00:48<00:03,  2.03it/s] 77%|███████▋  | 61/79 [00:46<00:08,  2.11it/s] 74%|███████▍  | 76/103 [00:47<00:14,  1.85it/s] 64%|██████▍   | 62/97 [00:45<00:21,  1.60it/s] 51%|█████     | 36/71 [00:45<00:23,  1.50it/s] 58%|█████▊    | 38/65 [00:42<00:23,  1.15it/s] 39%|███▉      | 50/129 [00:42<00:44,  1.77it/s] 42%|████▏     | 70/168 [00:46<00:59,  1.65it/s] 94%|█████████▍| 94/100 [00:48<00:03,  1.70it/s] 76%|███████▌  | 78/103 [00:47<00:11,  2.23it/s] 78%|███████▊  | 62/79 [00:47<00:09,  1.75it/s] 52%|█████▏    | 37/71 [00:46<00:22,  1.54it/s] 40%|███▉      | 51/129 [00:43<00:45,  1.70it/s] 65%|██████▍   | 63/97 [00:46<00:24,  1.37it/s] 95%|█████████▌| 95/100 [00:49<00:02,  1.77it/s] 42%|████▏     | 71/168 [00:47<00:57,  1.67it/s] 60%|██████    | 39/65 [00:43<00:24,  1.07it/s] 80%|███████▉  | 63/79 [00:48<00:10,  1.56it/s] 96%|█████████▌| 96/100 [00:49<00:02,  1.86it/s] 55%|█████▍    | 39/71 [00:47<00:17,  1.82it/s] 40%|████      | 52/129 [00:43<00:45,  1.68it/s] 77%|███████▋  | 79/103 [00:48<00:13,  1.78it/s] 66%|██████▌   | 64/97 [00:46<00:23,  1.42it/s] 43%|████▎     | 72/168 [00:47<00:56,  1.70it/s] 97%|█████████▋| 97/100 [00:50<00:01,  1.94it/s] 56%|█████▋    | 40/71 [00:47<00:17,  1.76it/s] 41%|████      | 53/129 [00:44<00:45,  1.66it/s] 43%|████▎     | 73/168 [00:48<00:55,  1.72it/s] 78%|███████▊  | 80/103 [00:49<00:13,  1.71it/s] 81%|████████  | 64/79 [00:49<00:10,  1.43it/s] 98%|█████████▊| 98/100 [00:50<00:01,  1.98it/s]2026-03-30 00:53:46,029 [INFO]   Post-minimize (chi only): 993.3
 67%|██████▋   | 65/97 [00:47<00:26,  1.23it/s] 62%|██████▏   | 40/65 [00:44<00:26,  1.08s/it] 43%|████▎     | 55/129 [00:45<00:34,  2.15it/s] 58%|█████▊    | 41/71 [00:48<00:17,  1.71it/s] 44%|████▍     | 74/168 [00:48<00:55,  1.70it/s] 82%|████████▏ | 84/103 [00:50<00:06,  2.96it/s] 99%|█████████▉| 99/100 [00:51<00:00,  1.99it/s] 82%|████████▏ | 65/79 [00:50<00:10,  1.36it/s] 43%|████▎     | 56/129 [00:45<00:36,  2.01it/s] 45%|████▍     | 75/168 [00:49<00:54,  1.72it/s] 69%|██████▉   | 67/97 [00:48<00:18,  1.66it/s]100%|██████████| 100/100 [00:51<00:00,  1.98it/s]100%|██████████| 100/100 [00:51<00:00,  1.93it/s]
 83%|████████▎ | 85/103 [00:50<00:07,  2.46it/s] 59%|█████▉    | 42/71 [00:49<00:19,  1.45it/s] 65%|██████▍   | 42/65 [00:45<00:19,  1.19it/s] 46%|████▌     | 77/168 [00:50<00:41,  2.21it/s] 70%|███████   | 68/97 [00:49<00:17,  1.62it/s]  0%|          | 0/5 [00:00<?, ?it/s] 46%|████▌     | 59/129 [00:46<00:28,  2.49it/s] 83%|████████▎ | 86/103 [00:51<00:08,  2.12it/s]2026-03-30 00:53:47,879 [INFO] Running MC-SCE on 3mkrA00_3_amber (5 conformers, T=300.0K)
 84%|████████▎ | 66/79 [00:51<00:11,  1.14it/s] 61%|██████    | 43/71 [00:50<00:21,  1.30it/s] 73%|███████▎  | 71/97 [00:49<00:10,  2.42it/s] 66%|██████▌   | 43/65 [00:46<00:19,  1.14it/s] 46%|████▋     | 78/168 [00:50<00:49,  1.83it/s] 47%|████▋     | 60/129 [00:47<00:30,  2.23it/s] 84%|████████▍ | 87/103 [00:52<00:08,  1.98it/s] 85%|████████▍ | 67/79 [00:52<00:10,  1.15it/s] 47%|████▋     | 79/168 [00:51<00:49,  1.82it/s] 74%|███████▍  | 72/97 [00:50<00:11,  2.17it/s] 48%|████▊     | 62/129 [00:47<00:26,  2.52it/s] 85%|████████▌ | 88/103 [00:52<00:08,  1.83it/s] 62%|██████▏   | 44/71 [00:51<00:22,  1.20it/s] 68%|██████▊   | 44/65 [00:47<00:19,  1.08it/s] 48%|████▊     | 80/168 [00:52<00:49,  1.78it/s] 87%|████████▋ | 69/79 [00:53<00:06,  1.54it/s] 75%|███████▌  | 73/97 [00:51<00:12,  1.91it/s] 49%|████▉     | 63/129 [00:48<00:29,  2.26it/s] 48%|████▊     | 81/168 [00:52<00:49,  1.74it/s] 90%|████████▉ | 71/79 [00:53<00:04,  1.95it/s] 86%|████████▋ | 89/103 [00:53<00:09,  1.51it/s] 63%|██████▎   | 45/71 [00:52<00:22,  1.14it/s] 20%|██        | 1/5 [00:02<00:10,  2.53s/it] 51%|█████     | 66/129 [00:49<00:20,  3.04it/s] 69%|██████▉   | 45/65 [00:48<00:18,  1.06it/s]100%|██████████| 5/5 [00:02<00:00,  2.50it/s]100%|██████████| 5/5 [00:02<00:00,  1.89it/s]
2026-03-30 00:53:50,550 [INFO] Generated 0 conformers -> /wynton/scratch/jqmo/rotation_datasets/ai-cath_mcsce_ensembles/2f76X00_3_reres_amber
 77%|███████▋  | 75/97 [00:52<00:11,  1.93it/s] 49%|████▉     | 82/168 [00:53<00:50,  1.69it/s] 90%|█████████ | 93/103 [00:54<00:03,  2.72it/s] 52%|█████▏    | 67/129 [00:49<00:23,  2.65it/s]2026-03-30 00:53:50,892 [ERROR] MC-SCE failed on 3mkrA00_3_amber: KeyError: ()
 92%|█████████▏| 73/79 [00:54<00:02,  2.10it/s] 49%|████▉     | 83/168 [00:53<00:50,  1.67it/s] 71%|███████   | 46/65 [00:49<00:18,  1.04it/s] 78%|███████▊  | 76/97 [00:53<00:12,  1.74it/s] 91%|█████████▏| 94/103 [00:55<00:03,  2.37it/s] 65%|██████▍   | 46/71 [00:53<00:25,  1.00s/it] 53%|█████▎    | 68/129 [00:50<00:26,  2.32it/s] 95%|█████████▍| 75/79 [00:55<00:01,  2.27it/s] 50%|█████     | 84/168 [00:54<00:49,  1.69it/s] 79%|███████▉  | 77/97 [00:53<00:11,  1.70it/s] 93%|█████████▎| 96/103 [00:55<00:02,  2.58it/s] 96%|█████████▌| 76/79 [00:55<00:01,  2.17it/s] 72%|███████▏  | 47/65 [00:51<00:17,  1.02it/s] 53%|█████▎    | 69/129 [00:51<00:32,  1.84it/s] 66%|██████▌   | 47/71 [00:54<00:23,  1.00it/s] 51%|█████     | 85/168 [00:55<00:49,  1.67it/s] 94%|█████████▍| 97/103 [00:56<00:02,  2.30it/s] 54%|█████▍    | 70/129 [00:51<00:33,  1.75it/s] 99%|█████████▊| 78/79 [00:56<00:00,  2.22it/s] 80%|████████  | 78/97 [00:54<00:13,  1.41it/s] 52%|█████▏    | 87/168 [00:56<00:43,  1.88it/s] 95%|█████████▌| 98/103 [00:57<00:02,  2.05it/s] 68%|██████▊   | 48/71 [00:55<00:22,  1.01it/s] 68%|██████▊   | 48/71 [00:55<00:26,  1.16s/it]
2026-03-30 00:53:53,490 [ERROR] MC-SCE failed on 1vjqA00_26_amber: IndexError: too many indices for array: array is 1-dimensional, but 2 were indexed
100%|██████████| 79/79 [00:57<00:00,  2.13it/s]100%|██████████| 79/79 [00:57<00:00,  1.38it/s]
 55%|█████▌    | 71/129 [00:52<00:33,  1.71it/s] 74%|███████▍  | 48/65 [00:52<00:18,  1.11s/it]  0%|          | 0/5 [00:00<?, ?it/s] 52%|█████▏    | 88/168 [00:56<00:44,  1.80it/s] 96%|█████████▌| 99/103 [00:57<00:02,  1.89it/s] 81%|████████▏ | 79/97 [00:55<00:14,  1.28it/s] 56%|█████▌    | 72/129 [00:53<00:35,  1.60it/s] 97%|█████████▋| 100/103 [00:58<00:01,  1.80it/s] 75%|███████▌  | 49/65 [00:53<00:17,  1.09s/it] 54%|█████▎    | 90/168 [00:57<00:38,  2.04it/s] 84%|████████▎ | 81/97 [00:56<00:10,  1.48it/s] 57%|█████▋    | 73/129 [00:54<00:40,  1.39it/s] 98%|█████████▊| 101/103 [00:59<00:01,  1.52it/s] 54%|█████▍    | 91/168 [00:58<00:44,  1.72it/s] 77%|███████▋  | 50/65 [00:54<00:16,  1.08s/it] 85%|████████▍ | 82/97 [00:58<00:11,  1.30it/s] 99%|█████████▉| 102/103 [01:00<00:00,  1.55it/s] 58%|█████▊    | 75/129 [00:55<00:33,  1.59it/s] 20%|██        | 1/5 [00:02<00:10,  2.51s/it] 55%|█████▍    | 92/168 [00:59<00:51,  1.48it/s] 78%|███████▊  | 51/65 [00:55<00:15,  1.08s/it]100%|██████████| 103/103 [01:00<00:00,  1.53it/s]100%|██████████| 103/103 [01:00<00:00,  1.70it/s]
 86%|████████▌ | 83/97 [00:59<00:11,  1.19it/s]  0%|          | 0/5 [00:00<?, ?it/s] 59%|█████▉    | 76/129 [00:56<00:37,  1.41it/s] 55%|█████▌    | 93/168 [01:00<00:55,  1.34it/s] 87%|████████▋ | 84/97 [00:59<00:10,  1.27it/s] 80%|████████  | 52/65 [00:56<00:13,  1.06s/it] 40%|████      | 2/5 [00:04<00:05,  1.96s/it] 60%|██████    | 3/5 [00:04<00:02,  1.16s/it] 60%|█████▉    | 77/129 [00:57<00:40,  1.29it/s]100%|██████████| 5/5 [00:04<00:00,  1.84it/s]100%|██████████| 5/5 [00:04<00:00,  1.13it/s]
2026-03-30 00:53:58,548 [INFO] Generated 0 conformers -> /wynton/scratch/jqmo/rotation_datasets/ai-cath_mcsce_ensembles/1wtbA00_28_amber
 56%|█████▌    | 94/168 [01:01<00:58,  1.26it/s] 89%|████████▊ | 86/97 [01:00<00:06,  1.67it/s] 82%|████████▏ | 53/65 [00:57<00:12,  1.06s/it] 57%|█████▋    | 95/168 [01:02<01:00,  1.21it/s] 60%|██████    | 78/129 [00:58<00:46,  1.10it/s] 90%|████████▉ | 87/97 [01:01<00:07,  1.38it/s] 83%|████████▎ | 54/65 [00:58<00:11,  1.05s/it] 61%|██████    | 79/129 [00:59<00:46,  1.08it/s] 57%|█████▋    | 96/168 [01:03<01:09,  1.04it/s] 91%|█████████ | 88/97 [01:02<00:07,  1.20it/s] 85%|████████▍ | 55/65 [01:00<00:11,  1.17s/it] 63%|██████▎   | 81/129 [01:00<00:34,  1.39it/s] 58%|█████▊    | 97/168 [01:04<01:07,  1.05it/s] 92%|█████████▏| 89/97 [01:03<00:07,  1.11it/s] 64%|██████▎   | 82/129 [01:01<00:36,  1.28it/s] 86%|████████▌ | 56/65 [01:01<00:10,  1.13s/it] 59%|█████▉    | 99/168 [01:05<00:50,  1.38it/s] 93%|█████████▎| 90/97 [01:04<00:06,  1.04it/s] 65%|██████▌   | 84/129 [01:02<00:29,  1.51it/s] 60%|█████▉    | 100/168 [01:06<00:53,  1.28it/s] 20%|██        | 1/5 [00:06<00:25,  6.30s/it] 89%|████████▉ | 58/65 [01:02<00:06,  1.15it/s] 94%|█████████▍| 91/97 [01:05<00:05,  1.08it/s] 60%|██████    | 101/168 [01:06<00:51,  1.29it/s] 66%|██████▌   | 85/129 [01:03<00:32,  1.35it/s] 91%|█████████ | 59/65 [01:03<00:05,  1.09it/s] 61%|██████    | 102/168 [01:07<00:48,  1.37it/s] 95%|█████████▍| 92/97 [01:06<00:04,  1.06it/s] 67%|██████▋   | 86/129 [01:04<00:34,  1.26it/s] 96%|█████████▌| 93/97 [01:07<00:03,  1.16it/s] 92%|█████████▏| 60/65 [01:04<00:04,  1.06it/s] 61%|██████▏   | 103/168 [01:08<00:50,  1.30it/s] 97%|█████████▋| 94/97 [01:08<00:02,  1.24it/s] 67%|██████▋   | 87/129 [01:05<00:35,  1.18it/s] 62%|██████▏   | 104/168 [01:09<00:52,  1.23it/s] 94%|█████████▍| 61/65 [01:05<00:03,  1.02it/s] 98%|█████████▊| 95/97 [01:08<00:01,  1.31it/s]100%|██████████| 97/97 [01:08<00:00,  1.41it/s]
2026-03-30 00:54:07,593 [INFO]   Post-idealize: 1572.5
  0%|          | 0/5 [00:00<?, ?it/s] 68%|██████▊   | 88/129 [01:06<00:40,  1.01it/s] 95%|█████████▌| 62/65 [01:06<00:03,  1.01s/it] 40%|████      | 2/5 [00:10<00:15,  5.13s/it] 62%|██████▎   | 105/168 [01:10<00:59,  1.05it/s] 80%|████████  | 4/5 [00:11<00:02,  2.10s/it]100%|██████████| 5/5 [00:11<00:00,  2.24s/it]
2026-03-30 00:54:08,723 [INFO] Generated 30 conformers -> /wynton/scratch/jqmo/rotation_datasets/ai-cath_mcsce_ensembles/3uk2A02_1_amber
 69%|██████▉   | 89/129 [01:07<00:39,  1.02it/s] 97%|█████████▋| 63/65 [01:07<00:02,  1.01s/it] 63%|██████▎   | 106/168 [01:11<00:59,  1.04it/s] 71%|███████▏  | 92/129 [01:08<00:23,  1.60it/s] 64%|██████▎   | 107/168 [01:12<00:58,  1.04it/s] 98%|█████████▊| 64/65 [01:09<00:01,  1.16s/it] 73%|███████▎  | 94/129 [01:09<00:20,  1.73it/s] 20%|██        | 1/5 [00:03<00:12,  3.19s/it] 64%|██████▍   | 108/168 [01:13<00:57,  1.04it/s]2026-03-30 00:54:11,298 [INFO]   Post-repack: 459.8
100%|██████████| 65/65 [01:10<00:00,  1.14s/it]100%|██████████| 65/65 [01:10<00:00,  1.08s/it]
 74%|███████▎  | 95/129 [01:10<00:22,  1.51it/s] 40%|████      | 2/5 [00:04<00:05,  1.81s/it] 65%|██████▍   | 109/168 [01:14<00:57,  1.03it/s] 80%|████████  | 4/5 [00:04<00:00,  1.27it/s]  0%|          | 0/5 [00:00<?, ?it/s]100%|██████████| 5/5 [00:04<00:00,  1.60it/s]100%|██████████| 5/5 [00:04<00:00,  1.07it/s]
2026-03-30 00:54:12,554 [INFO] Generated 9 conformers -> /wynton/scratch/jqmo/rotation_datasets/ai-cath_mcsce_ensembles/3stjA03_13_amber
 74%|███████▍  | 96/129 [01:11<00:24,  1.37it/s] 66%|██████▌   | 111/168 [01:15<00:43,  1.32it/s]2026-03-30 00:54:13,163 [INFO]   Minimized 0.pdb: -274.7 -> -274.7
2026-03-30 00:54:13,326 [INFO]   Post-minimize (chi only): 320.9
 75%|███████▌  | 97/129 [01:12<00:24,  1.29it/s]2026-03-30 00:54:13,834 [INFO]   Minimized 1.pdb: -288.2 -> -288.6
 68%|██████▊   | 114/168 [01:16<00:28,  1.87it/s] 77%|███████▋  | 99/129 [01:13<00:19,  1.55it/s] 68%|██████▊   | 115/168 [01:17<00:30,  1.72it/s] 20%|██        | 1/5 [00:02<00:10,  2.62s/it] 69%|██████▉   | 116/168 [01:18<00:34,  1.52it/s] 78%|███████▊  | 100/129 [01:14<00:23,  1.24it/s] 70%|██████▉   | 117/168 [01:18<00:32,  1.56it/s] 70%|███████   | 118/168 [01:19<00:31,  1.58it/s] 78%|███████▊  | 101/129 [01:15<00:23,  1.18it/s] 71%|███████▏  | 120/168 [01:20<00:24,  1.98it/s] 79%|███████▉  | 102/129 [01:16<00:24,  1.12it/s]2026-03-30 00:54:18,014 [INFO]   Minimized 10.pdb: -160.6 -> -161.0
 72%|███████▏  | 121/168 [01:20<00:25,  1.84it/s] 40%|████      | 2/5 [00:06<00:09,  3.10s/it] 60%|██████    | 3/5 [00:06<00:03,  1.81s/it] 73%|███████▎  | 123/168 [01:21<00:20,  2.23it/s] 80%|███████▉  | 103/129 [01:17<00:24,  1.07it/s] 80%|████████  | 4/5 [00:06<00:01,  1.31s/it]100%|██████████| 5/5 [00:06<00:00,  1.37s/it]
2026-03-30 00:54:19,163 [INFO] Generated 0 conformers -> /wynton/scratch/jqmo/rotation_datasets/ai-cath_mcsce_ensembles/3ossC00_7_amber
 74%|███████▍  | 125/168 [01:21<00:17,  2.52it/s] 81%|████████  | 104/129 [01:18<00:23,  1.06it/s] 75%|███████▌  | 126/168 [01:22<00:19,  2.11it/s] 81%|████████▏ | 105/129 [01:19<00:23,  1.04it/s]2026-03-30 00:54:21,001 [INFO]   Minimized 27.pdb: -169.6 -> -170.3
 76%|███████▌  | 127/168 [01:23<00:26,  1.52it/s]2026-03-30 00:54:21,831 [INFO]   Minimized 12.pdb: -275.0 -> -275.3
 82%|████████▏ | 106/129 [01:20<00:21,  1.06it/s] 76%|███████▌  | 128/168 [01:24<00:29,  1.37it/s] 83%|████████▎ | 107/129 [01:21<00:18,  1.16it/s] 77%|███████▋  | 129/168 [01:25<00:30,  1.29it/s]2026-03-30 00:54:23,358 [INFO]   Minimized 28.pdb: -282.3 -> -282.6
 84%|████████▎ | 108/129 [01:22<00:18,  1.11it/s] 77%|███████▋  | 130/168 [01:26<00:31,  1.19it/s]2026-03-30 00:54:24,398 [INFO]   Minimized 19.pdb: -289.7 -> -290.1
 85%|████████▌ | 110/129 [01:23<00:13,  1.37it/s]2026-03-30 00:54:25,159 [INFO]   Minimized 47.pdb: -309.4 -> -309.7
 78%|███████▊  | 131/168 [01:27<00:32,  1.13it/s] 86%|████████▌ | 111/129 [01:24<00:14,  1.25it/s] 79%|███████▊  | 132/168 [01:28<00:32,  1.10it/s] 87%|████████▋ | 112/129 [01:25<00:14,  1.16it/s] 79%|███████▉  | 133/168 [01:29<00:32,  1.09it/s]2026-03-30 00:54:27,593 [INFO]   Minimized 55.pdb: -186.0 -> -186.3
 88%|████████▊ | 114/129 [01:26<00:10,  1.40it/s] 80%|███████▉  | 134/168 [01:30<00:32,  1.05it/s] 89%|████████▉ | 115/129 [01:27<00:11,  1.27it/s] 80%|████████  | 135/168 [01:31<00:31,  1.05it/s] 90%|████████▉ | 116/129 [01:28<00:11,  1.17it/s]2026-03-30 00:54:29,900 [INFO]   Minimized 61.pdb: -153.6 -> -153.8
 82%|████████▏ | 137/168 [01:33<00:25,  1.20it/s] 91%|█████████ | 117/129 [01:29<00:10,  1.12it/s] 82%|████████▏ | 138/168 [01:34<00:26,  1.15it/s] 91%|█████████▏| 118/129 [01:30<00:11,  1.04s/it] 83%|████████▎ | 139/168 [01:35<00:26,  1.11it/s] 92%|█████████▏| 119/129 [01:32<00:10,  1.04s/it]2026-03-30 00:54:33,272 [INFO]   Minimized 73.pdb: -259.8 -> -262.9
 83%|████████▎ | 140/168 [01:36<00:25,  1.08it/s] 93%|█████████▎| 120/129 [01:33<00:09,  1.04s/it] 84%|████████▍ | 141/168 [01:37<00:25,  1.06it/s] 94%|█████████▍| 121/129 [01:34<00:08,  1.05s/it] 85%|████████▍ | 142/168 [01:38<00:24,  1.06it/s] 95%|█████████▍| 122/129 [01:35<00:07,  1.07s/it] 85%|████████▌ | 143/168 [01:39<00:24,  1.04it/s] 86%|████████▌ | 144/168 [01:39<00:22,  1.06it/s] 95%|█████████▌| 123/129 [01:36<00:06,  1.06s/it] 86%|████████▋ | 145/168 [01:40<00:21,  1.05it/s] 96%|█████████▌| 124/129 [01:37<00:05,  1.05s/it] 87%|████████▋ | 146/168 [01:42<00:22,  1.04s/it] 98%|█████████▊| 127/129 [01:38<00:01,  1.48it/s]2026-03-30 00:54:40,111 [INFO]   Minimized 85.pdb: -285.5 -> -286.3
 88%|████████▊ | 147/168 [01:42<00:19,  1.09it/s] 99%|█████████▉| 128/129 [01:39<00:00,  1.45it/s]100%|██████████| 129/129 [01:39<00:00,  1.30it/s]
  0%|          | 0/5 [00:00<?, ?it/s] 88%|████████▊ | 148/168 [01:43<00:16,  1.19it/s] 89%|████████▊ | 149/168 [01:44<00:14,  1.28it/s] 89%|████████▉ | 150/168 [01:44<00:13,  1.34it/s] 90%|████████▉ | 151/168 [01:45<00:12,  1.38it/s]2026-03-30 00:54:43,421 [INFO]   Minimized 92.pdb: -307.7 -> -308.0
 90%|█████████ | 152/168 [01:46<00:11,  1.40it/s] 91%|█████████ | 153/168 [01:46<00:10,  1.45it/s] 92%|█████████▏| 154/168 [01:47<00:09,  1.47it/s] 20%|██        | 1/5 [00:04<00:16,  4.14s/it] 40%|████      | 2/5 [00:04<00:05,  1.90s/it] 92%|█████████▏| 155/168 [01:48<00:10,  1.28it/s] 60%|██████    | 3/5 [00:05<00:02,  1.46s/it] 93%|█████████▎| 156/168 [01:49<00:08,  1.35it/s]100%|██████████| 5/5 [00:05<00:00,  1.28it/s]100%|██████████| 5/5 [00:05<00:00,  1.19s/it]
2026-03-30 00:54:46,894 [INFO] Generated 0 conformers -> /wynton/scratch/jqmo/rotation_datasets/ai-cath_mcsce_ensembles/3buxB01_22_reres_amber
 93%|█████████▎| 157/168 [01:49<00:07,  1.39it/s] 94%|█████████▍| 158/168 [01:50<00:07,  1.42it/s] 95%|█████████▍| 159/168 [01:51<00:06,  1.41it/s] 95%|█████████▌| 160/168 [01:51<00:05,  1.41it/s] 96%|█████████▌| 161/168 [01:52<00:04,  1.43it/s] 96%|█████████▋| 162/168 [01:53<00:04,  1.44it/s] 97%|█████████▋| 163/168 [01:53<00:03,  1.48it/s] 98%|█████████▊| 164/168 [01:54<00:03,  1.28it/s] 99%|█████████▉| 166/168 [01:55<00:01,  1.75it/s] 99%|█████████▉| 167/168 [01:56<00:00,  1.68it/s]2026-03-30 00:54:54,111 [INFO]   Minimized 2.pdb: 1269.5 -> -155.1
100%|██████████| 168/168 [01:56<00:00,  1.60it/s]100%|██████████| 168/168 [01:56<00:00,  1.44it/s]
  0%|          | 0/5 [00:00<?, ?it/s] 20%|██        | 1/5 [00:01<00:04,  1.10s/it]2026-03-30 00:54:57,893 [INFO]   Minimized 28.pdb: -284.4 -> -284.7
 40%|████      | 2/5 [00:03<00:06,  2.15s/it]2026-03-30 00:54:59,111 [INFO]   Post-minimize (chi+bb): -904.3
2026-03-30 00:54:59,225 [INFO]   Preprocessed structure -> /wynton/scratch/jqmo/rotation_datasets/augmented_ingraham_cath_bugfree/mpnn_esmfold/4ig1A00_19_preproc.pdb
2026-03-30 00:54:59,337 [INFO]   Normalized atom/residue names -> /wynton/scratch/jqmo/rotation_datasets/augmented_ingraham_cath_bugfree/mpnn_esmfold/4ig1A00_19_preproc_amber.pdb
 60%|██████    | 3/5 [00:04<00:03,  1.54s/it] 80%|████████  | 4/5 [00:06<00:01,  1.48s/it]100%|██████████| 5/5 [00:06<00:00,  1.01s/it]100%|██████████| 5/5 [00:06<00:00,  1.27s/it]
2026-03-30 00:55:01,243 [INFO] Generated 0 conformers -> /wynton/scratch/jqmo/rotation_datasets/ai-cath_mcsce_ensembles/1yb5A02_24_amber
2026-03-30 00:55:14,732 [INFO] Running MC-SCE on 4ig1A00_19_amber (5 conformers, T=300.0K)
2026-03-30 00:55:18,298 [ERROR] MC-SCE failed on 4ig1A00_19_amber: KeyError: ()
2026-03-30 00:55:34,111 [INFO]   Minimized 3.pdb: 1214.9 -> -148.7
2026-03-30 00:55:38,303 [INFO]   Minimized 32.pdb: -287.8 -> -288.3
2026-03-30 00:55:42,232 [INFO]   Post-minimize (chi+bb): -889.4
2026-03-30 00:55:42,347 [INFO]   Preprocessed structure -> /wynton/scratch/jqmo/rotation_datasets/augmented_ingraham_cath_bugfree/mpnn_esmfold/3sreA00_30_preproc.pdb
2026-03-30 00:55:42,395 [INFO]   Normalized atom/residue names -> /wynton/scratch/jqmo/rotation_datasets/augmented_ingraham_cath_bugfree/mpnn_esmfold/3sreA00_30_preproc_amber.pdb
2026-03-30 00:55:42,622 [INFO]   Minimized 33.pdb: -283.2 -> -283.8
2026-03-30 00:55:45,336 [INFO]   Minimized 34.pdb: -138.5 -> -139.0
2026-03-30 00:55:47,889 [INFO]   Minimized 35.pdb: -297.7 -> -298.1
2026-03-30 00:55:50,745 [INFO]   Minimized 38.pdb: -275.6 -> -276.3
2026-03-30 00:55:55,219 [INFO]   Post-minimize (chi+bb): -625.5
2026-03-30 00:55:55,382 [INFO]   Preprocessed structure -> /wynton/scratch/jqmo/rotation_datasets/augmented_ingraham_cath_bugfree/mpnn_esmfold/3wx7A01_4_preproc.pdb
2026-03-30 00:55:55,423 [INFO]   Normalized atom/residue names -> /wynton/scratch/jqmo/rotation_datasets/augmented_ingraham_cath_bugfree/mpnn_esmfold/3wx7A01_4_preproc_amber.pdb
2026-03-30 00:55:59,324 [INFO] Running MC-SCE on 3sreA00_30_amber (5 conformers, T=300.0K)
2026-03-30 00:56:03,088 [ERROR] MC-SCE failed on 3sreA00_30_amber: KeyError: ()
2026-03-30 00:56:06,324 [INFO] Running MC-SCE on 3wx7A01_4_amber (5 conformers, T=300.0K)
2026-03-30 00:56:09,200 [ERROR] MC-SCE failed on 3wx7A01_4_amber: KeyError: ()
2026-03-30 00:56:18,019 [INFO]   Minimized 4.pdb: 1172.1 -> -277.0
2026-03-30 00:56:25,243 [INFO]   Minimized 43.pdb: -256.3 -> -257.0
2026-03-30 00:56:28,190 [INFO]   Minimized 46.pdb: -284.3 -> -284.9
2026-03-30 00:56:31,736 [INFO]   Minimized 47.pdb: -284.8 -> -285.4
2026-03-30 00:56:36,359 [INFO]   Minimized 48.pdb: -149.4 -> -150.0
2026-03-30 00:56:39,627 [INFO]   Minimized 55.pdb: -159.5 -> -159.9
2026-03-30 00:56:43,102 [INFO]   Minimized 6.pdb: -280.2 -> -280.7
2026-03-30 00:56:45,847 [INFO]   Minimized 65.pdb: -276.3 -> -276.7
2026-03-30 00:56:48,545 [INFO]   Minimized 73.pdb: -275.3 -> -275.8
2026-03-30 00:56:51,498 [INFO]   Minimized 77.pdb: -287.3 -> -287.7
2026-03-30 00:57:03,436 [INFO]   Minimized 78.pdb: -282.6 -> -283.1
2026-03-30 00:57:07,167 [INFO]   Minimized 82.pdb: -297.6 -> -298.1
2026-03-30 00:57:10,399 [INFO]   Minimized 83.pdb: -294.7 -> -295.3
2026-03-30 00:57:13,125 [INFO]   Minimized 89.pdb: -289.1 -> -289.6
2026-03-30 00:57:15,722 [INFO]   Minimized 92.pdb: -149.4 -> -149.9
2026-03-30 00:57:19,733 [INFO]   Minimized 93.pdb: -282.3 -> -282.7
2026-03-30 00:57:47,134 [INFO]   Minimized 97.pdb: -279.1 -> -281.3
2026-03-30 00:57:50,639 [INFO]   Minimized 98.pdb: -265.6 -> -266.1
