2026-03-25 23:22:15,871 [INFO] Running MC-SCE on 1yb5A02_24 (100 conformers, T=300.0K)
2026-03-25 23:22:15,872 [INFO] Running MC-SCE on 1vjqA00_26 (100 conformers, T=300.0K)
Traceback (most recent call last):
  File "scripts/run_mcsce.py", line 104, in <module>
    main()
  File "scripts/run_mcsce.py", line 100, in main
    args.n_trials, args.failed_log)
  File "scripts/run_mcsce.py", line 63, in run_mcsce
    n_trials=n_trials,
TypeError: create_side_chain_ensemble() got an unexpected keyword argument 'input_pdb'
Traceback (most recent call last):
  File "scripts/run_mcsce.py", line 104, in <module>
    main()
  File "scripts/run_mcsce.py", line 100, in main
    args.n_trials, args.failed_log)
  File "scripts/run_mcsce.py", line 63, in run_mcsce
    n_trials=n_trials,
TypeError: create_side_chain_ensemble() got an unexpected keyword argument 'input_pdb'
2026-03-25 23:22:15,895 [INFO] Running MC-SCE on 3jzjA01_18 (100 conformers, T=300.0K)
Traceback (most recent call last):
  File "scripts/run_mcsce.py", line 104, in <module>
    main()
  File "scripts/run_mcsce.py", line 100, in main
    args.n_trials, args.failed_log)
  File "scripts/run_mcsce.py", line 63, in run_mcsce
    n_trials=n_trials,
TypeError: create_side_chain_ensemble() got an unexpected keyword argument 'input_pdb'
2026-03-25 23:22:15,932 [INFO] Running MC-SCE on 2vgmA01_1 (100 conformers, T=300.0K)
Traceback (most recent call last):
  File "scripts/run_mcsce.py", line 104, in <module>
    main()
  File "scripts/run_mcsce.py", line 100, in main
    args.n_trials, args.failed_log)
  File "scripts/run_mcsce.py", line 63, in run_mcsce
    n_trials=n_trials,
TypeError: create_side_chain_ensemble() got an unexpected keyword argument 'input_pdb'
2026-03-25 23:22:15,973 [INFO] Running MC-SCE on 4pmnA00_16 (100 conformers, T=300.0K)
Traceback (most recent call last):
  File "scripts/run_mcsce.py", line 104, in <module>
    main()
  File "scripts/run_mcsce.py", line 100, in main
    args.n_trials, args.failed_log)
  File "scripts/run_mcsce.py", line 63, in run_mcsce
    n_trials=n_trials,
TypeError: create_side_chain_ensemble() got an unexpected keyword argument 'input_pdb'
2026-03-25 23:22:16,139 [INFO] Running MC-SCE on 1vq8200_2 (100 conformers, T=300.0K)
Traceback (most recent call last):
  File "scripts/run_mcsce.py", line 104, in <module>
    main()
  File "scripts/run_mcsce.py", line 100, in main
    args.n_trials, args.failed_log)
  File "scripts/run_mcsce.py", line 63, in run_mcsce
    n_trials=n_trials,
TypeError: create_side_chain_ensemble() got an unexpected keyword argument 'input_pdb'
2026-03-25 23:22:16,432 [INFO] Running MC-SCE on 1gcvA00_31 (100 conformers, T=300.0K)
Traceback (most recent call last):
  File "scripts/run_mcsce.py", line 104, in <module>
    main()
  File "scripts/run_mcsce.py", line 100, in main
    args.n_trials, args.failed_log)
  File "scripts/run_mcsce.py", line 63, in run_mcsce
    n_trials=n_trials,
TypeError: create_side_chain_ensemble() got an unexpected keyword argument 'input_pdb'
2026-03-25 23:22:16,464 [INFO] Running MC-SCE on 1wtbA00_28 (100 conformers, T=300.0K)
Traceback (most recent call last):
  File "scripts/run_mcsce.py", line 104, in <module>
    main()
  File "scripts/run_mcsce.py", line 100, in main
    args.n_trials, args.failed_log)
  File "scripts/run_mcsce.py", line 63, in run_mcsce
    n_trials=n_trials,
TypeError: create_side_chain_ensemble() got an unexpected keyword argument 'input_pdb'
2026-03-25 23:22:16,534 [INFO] Running MC-SCE on 3buxB01_22_reres (100 conformers, T=300.0K)
Traceback (most recent call last):
  File "scripts/run_mcsce.py", line 104, in <module>
    main()
  File "scripts/run_mcsce.py", line 100, in main
    args.n_trials, args.failed_log)
  File "scripts/run_mcsce.py", line 63, in run_mcsce
    n_trials=n_trials,
TypeError: create_side_chain_ensemble() got an unexpected keyword argument 'input_pdb'
2026-03-25 23:22:16,610 [INFO] Running MC-SCE on 3s3lA01_4 (100 conformers, T=300.0K)
Traceback (most recent call last):
  File "scripts/run_mcsce.py", line 104, in <module>
    main()
  File "scripts/run_mcsce.py", line 100, in main
    args.n_trials, args.failed_log)
  File "scripts/run_mcsce.py", line 63, in run_mcsce
    n_trials=n_trials,
TypeError: create_side_chain_ensemble() got an unexpected keyword argument 'input_pdb'
2026-03-25 23:22:17,081 [INFO] Running MC-SCE on 1uddA00_6 (100 conformers, T=300.0K)
Traceback (most recent call last):
  File "scripts/run_mcsce.py", line 104, in <module>
    main()
  File "scripts/run_mcsce.py", line 100, in main
    args.n_trials, args.failed_log)
  File "scripts/run_mcsce.py", line 63, in run_mcsce
    n_trials=n_trials,
TypeError: create_side_chain_ensemble() got an unexpected keyword argument 'input_pdb'
2026-03-25 23:22:18,992 [INFO] Running MC-SCE on 5ayvA01_6 (100 conformers, T=300.0K)
Traceback (most recent call last):
  File "scripts/run_mcsce.py", line 104, in <module>
    main()
  File "scripts/run_mcsce.py", line 100, in main
    args.n_trials, args.failed_log)
  File "scripts/run_mcsce.py", line 63, in run_mcsce
    n_trials=n_trials,
TypeError: create_side_chain_ensemble() got an unexpected keyword argument 'input_pdb'
2026-03-25 23:22:19,617 [INFO] Running MC-SCE on 3stjA03_13 (100 conformers, T=300.0K)
Traceback (most recent call last):
  File "scripts/run_mcsce.py", line 104, in <module>
    main()
  File "scripts/run_mcsce.py", line 100, in main
    args.n_trials, args.failed_log)
  File "scripts/run_mcsce.py", line 63, in run_mcsce
    n_trials=n_trials,
TypeError: create_side_chain_ensemble() got an unexpected keyword argument 'input_pdb'
2026-03-25 23:22:19,633 [INFO] Running MC-SCE on 3wx7A01_4 (100 conformers, T=300.0K)
Traceback (most recent call last):
  File "scripts/run_mcsce.py", line 104, in <module>
    main()
  File "scripts/run_mcsce.py", line 100, in main
    args.n_trials, args.failed_log)
  File "scripts/run_mcsce.py", line 63, in run_mcsce
    n_trials=n_trials,
TypeError: create_side_chain_ensemble() got an unexpected keyword argument 'input_pdb'
2026-03-25 23:22:19,969 [INFO] Running MC-SCE on 1ui5A00_30 (100 conformers, T=300.0K)
Traceback (most recent call last):
  File "scripts/run_mcsce.py", line 104, in <module>
    main()
  File "scripts/run_mcsce.py", line 100, in main
    args.n_trials, args.failed_log)
  File "scripts/run_mcsce.py", line 63, in run_mcsce
    n_trials=n_trials,
TypeError: create_side_chain_ensemble() got an unexpected keyword argument 'input_pdb'
2026-03-25 23:22:20,165 [INFO] Running MC-SCE on 4bszB00_23 (100 conformers, T=300.0K)
Traceback (most recent call last):
  File "scripts/run_mcsce.py", line 104, in <module>
    main()
  File "scripts/run_mcsce.py", line 100, in main
    args.n_trials, args.failed_log)
  File "scripts/run_mcsce.py", line 63, in run_mcsce
    n_trials=n_trials,
TypeError: create_side_chain_ensemble() got an unexpected keyword argument 'input_pdb'
2026-03-25 23:22:20,231 [INFO] Running MC-SCE on 3sreA00_30 (100 conformers, T=300.0K)
Traceback (most recent call last):
  File "scripts/run_mcsce.py", line 104, in <module>
    main()
  File "scripts/run_mcsce.py", line 100, in main
    args.n_trials, args.failed_log)
  File "scripts/run_mcsce.py", line 63, in run_mcsce
    n_trials=n_trials,
TypeError: create_side_chain_ensemble() got an unexpected keyword argument 'input_pdb'
2026-03-25 23:22:20,756 [INFO] Running MC-SCE on 3uogA01_9 (100 conformers, T=300.0K)
Traceback (most recent call last):
  File "scripts/run_mcsce.py", line 104, in <module>
    main()
  File "scripts/run_mcsce.py", line 100, in main
    args.n_trials, args.failed_log)
  File "scripts/run_mcsce.py", line 63, in run_mcsce
    n_trials=n_trials,
TypeError: create_side_chain_ensemble() got an unexpected keyword argument 'input_pdb'
2026-03-25 23:22:20,980 [INFO] Running MC-SCE on 4yn3B00_6 (100 conformers, T=300.0K)
Traceback (most recent call last):
  File "scripts/run_mcsce.py", line 104, in <module>
    main()
  File "scripts/run_mcsce.py", line 100, in main
    args.n_trials, args.failed_log)
  File "scripts/run_mcsce.py", line 63, in run_mcsce
    n_trials=n_trials,
TypeError: create_side_chain_ensemble() got an unexpected keyword argument 'input_pdb'
2026-03-25 23:22:21,199 [INFO] Running MC-SCE on 2vqeN00_6 (100 conformers, T=300.0K)
Traceback (most recent call last):
  File "scripts/run_mcsce.py", line 104, in <module>
    main()
  File "scripts/run_mcsce.py", line 100, in main
    args.n_trials, args.failed_log)
  File "scripts/run_mcsce.py", line 63, in run_mcsce
    n_trials=n_trials,
TypeError: create_side_chain_ensemble() got an unexpected keyword argument 'input_pdb'
2026-03-25 23:22:21,765 [INFO] Running MC-SCE on 1kj6A00_4 (100 conformers, T=300.0K)
Traceback (most recent call last):
  File "scripts/run_mcsce.py", line 104, in <module>
    main()
  File "scripts/run_mcsce.py", line 100, in main
    args.n_trials, args.failed_log)
  File "scripts/run_mcsce.py", line 63, in run_mcsce
    n_trials=n_trials,
TypeError: create_side_chain_ensemble() got an unexpected keyword argument 'input_pdb'
2026-03-25 23:22:21,961 [INFO] Running MC-SCE on 4ig1A00_19 (100 conformers, T=300.0K)
Traceback (most recent call last):
  File "scripts/run_mcsce.py", line 104, in <module>
    main()
  File "scripts/run_mcsce.py", line 100, in main
    args.n_trials, args.failed_log)
  File "scripts/run_mcsce.py", line 63, in run_mcsce
    n_trials=n_trials,
TypeError: create_side_chain_ensemble() got an unexpected keyword argument 'input_pdb'
2026-03-25 23:22:22,206 [INFO] Running MC-SCE on 3mkrA00_3 (100 conformers, T=300.0K)
Traceback (most recent call last):
  File "scripts/run_mcsce.py", line 104, in <module>
    main()
  File "scripts/run_mcsce.py", line 100, in main
    args.n_trials, args.failed_log)
  File "scripts/run_mcsce.py", line 63, in run_mcsce
    n_trials=n_trials,
TypeError: create_side_chain_ensemble() got an unexpected keyword argument 'input_pdb'
2026-03-25 23:22:23,212 [INFO] Running MC-SCE on 3ossC00_7 (100 conformers, T=300.0K)
Traceback (most recent call last):
  File "scripts/run_mcsce.py", line 104, in <module>
    main()
  File "scripts/run_mcsce.py", line 100, in main
    args.n_trials, args.failed_log)
  File "scripts/run_mcsce.py", line 63, in run_mcsce
    n_trials=n_trials,
TypeError: create_side_chain_ensemble() got an unexpected keyword argument 'input_pdb'
2026-03-25 23:22:23,234 [INFO] Running MC-SCE on 3uk2A02_1 (100 conformers, T=300.0K)
Traceback (most recent call last):
  File "scripts/run_mcsce.py", line 104, in <module>
    main()
  File "scripts/run_mcsce.py", line 100, in main
    args.n_trials, args.failed_log)
  File "scripts/run_mcsce.py", line 63, in run_mcsce
    n_trials=n_trials,
TypeError: create_side_chain_ensemble() got an unexpected keyword argument 'input_pdb'
2026-03-25 23:22:23,308 [INFO] Running MC-SCE on 2f5xA01_21 (100 conformers, T=300.0K)
Traceback (most recent call last):
  File "scripts/run_mcsce.py", line 104, in <module>
    main()
  File "scripts/run_mcsce.py", line 100, in main
    args.n_trials, args.failed_log)
  File "scripts/run_mcsce.py", line 63, in run_mcsce
    n_trials=n_trials,
TypeError: create_side_chain_ensemble() got an unexpected keyword argument 'input_pdb'
2026-03-25 23:22:23,388 [INFO] Running MC-SCE on 4b79B00_15_reres (100 conformers, T=300.0K)
Traceback (most recent call last):
  File "scripts/run_mcsce.py", line 104, in <module>
    main()
  File "scripts/run_mcsce.py", line 100, in main
    args.n_trials, args.failed_log)
  File "scripts/run_mcsce.py", line 63, in run_mcsce
    n_trials=n_trials,
TypeError: create_side_chain_ensemble() got an unexpected keyword argument 'input_pdb'
2026-03-25 23:22:23,398 [INFO] Running MC-SCE on 2xotB01_2_reres (100 conformers, T=300.0K)
Traceback (most recent call last):
  File "scripts/run_mcsce.py", line 104, in <module>
    main()
  File "scripts/run_mcsce.py", line 100, in main
    args.n_trials, args.failed_log)
  File "scripts/run_mcsce.py", line 63, in run_mcsce
    n_trials=n_trials,
TypeError: create_side_chain_ensemble() got an unexpected keyword argument 'input_pdb'
2026-03-25 23:22:24,198 [INFO] Running MC-SCE on 2f76X00_3_reres (100 conformers, T=300.0K)
Traceback (most recent call last):
  File "scripts/run_mcsce.py", line 104, in <module>
    main()
  File "scripts/run_mcsce.py", line 100, in main
    args.n_trials, args.failed_log)
  File "scripts/run_mcsce.py", line 63, in run_mcsce
    n_trials=n_trials,
TypeError: create_side_chain_ensemble() got an unexpected keyword argument 'input_pdb'
2026-03-25 23:22:25,112 [INFO] Running MC-SCE on 1m1jB03_0_reres (100 conformers, T=300.0K)
Traceback (most recent call last):
  File "scripts/run_mcsce.py", line 104, in <module>
    main()
  File "scripts/run_mcsce.py", line 100, in main
    args.n_trials, args.failed_log)
  File "scripts/run_mcsce.py", line 63, in run_mcsce
    n_trials=n_trials,
TypeError: create_side_chain_ensemble() got an unexpected keyword argument 'input_pdb'
