Traceback (most recent call last):
  File "scripts/run_mcsce.py", line 105, in <module>
    main()
  File "scripts/run_mcsce.py", line 101, in main
    args.n_trials, args.failed_log)
  File "scripts/run_mcsce.py", line 49, in run_mcsce
    from mcsce.libs.libparse import mk_folder
ImportError: cannot import name 'mk_folder' from 'mcsce.libs.libparse' (/wynton/home/rotation/jqmo/rotation3/MCSCE/src/mcsce/libs/libparse.py)
Traceback (most recent call last):
  File "scripts/run_mcsce.py", line 105, in <module>
    main()
  File "scripts/run_mcsce.py", line 101, in main
    args.n_trials, args.failed_log)
  File "scripts/run_mcsce.py", line 49, in run_mcsce
    from mcsce.libs.libparse import mk_folder
ImportError: cannot import name 'mk_folder' from 'mcsce.libs.libparse' (/wynton/home/rotation/jqmo/rotation3/MCSCE/src/mcsce/libs/libparse.py)
Traceback (most recent call last):
  File "scripts/run_mcsce.py", line 105, in <module>
    main()
  File "scripts/run_mcsce.py", line 101, in main
    args.n_trials, args.failed_log)
  File "scripts/run_mcsce.py", line 49, in run_mcsce
    from mcsce.libs.libparse import mk_folder
ImportError: cannot import name 'mk_folder' from 'mcsce.libs.libparse' (/wynton/home/rotation/jqmo/rotation3/MCSCE/src/mcsce/libs/libparse.py)
Traceback (most recent call last):
  File "scripts/run_mcsce.py", line 105, in <module>
    main()
  File "scripts/run_mcsce.py", line 101, in main
    args.n_trials, args.failed_log)
  File "scripts/run_mcsce.py", line 49, in run_mcsce
    from mcsce.libs.libparse import mk_folder
ImportError: cannot import name 'mk_folder' from 'mcsce.libs.libparse' (/wynton/home/rotation/jqmo/rotation3/MCSCE/src/mcsce/libs/libparse.py)
Traceback (most recent call last):
  File "scripts/run_mcsce.py", line 105, in <module>
    main()
  File "scripts/run_mcsce.py", line 101, in main
    args.n_trials, args.failed_log)
  File "scripts/run_mcsce.py", line 49, in run_mcsce
    from mcsce.libs.libparse import mk_folder
ImportError: cannot import name 'mk_folder' from 'mcsce.libs.libparse' (/wynton/home/rotation/jqmo/rotation3/MCSCE/src/mcsce/libs/libparse.py)
Traceback (most recent call last):
  File "scripts/run_mcsce.py", line 105, in <module>
    main()
  File "scripts/run_mcsce.py", line 101, in main
    args.n_trials, args.failed_log)
  File "scripts/run_mcsce.py", line 49, in run_mcsce
    from mcsce.libs.libparse import mk_folder
ImportError: cannot import name 'mk_folder' from 'mcsce.libs.libparse' (/wynton/home/rotation/jqmo/rotation3/MCSCE/src/mcsce/libs/libparse.py)
Traceback (most recent call last):
  File "scripts/run_mcsce.py", line 105, in <module>
    main()
  File "scripts/run_mcsce.py", line 101, in main
    args.n_trials, args.failed_log)
  File "scripts/run_mcsce.py", line 49, in run_mcsce
    from mcsce.libs.libparse import mk_folder
ImportError: cannot import name 'mk_folder' from 'mcsce.libs.libparse' (/wynton/home/rotation/jqmo/rotation3/MCSCE/src/mcsce/libs/libparse.py)
Traceback (most recent call last):
  File "scripts/run_mcsce.py", line 105, in <module>
    main()
  File "scripts/run_mcsce.py", line 101, in main
    args.n_trials, args.failed_log)
  File "scripts/run_mcsce.py", line 49, in run_mcsce
    from mcsce.libs.libparse import mk_folder
ImportError: cannot import name 'mk_folder' from 'mcsce.libs.libparse' (/wynton/home/rotation/jqmo/rotation3/MCSCE/src/mcsce/libs/libparse.py)
Traceback (most recent call last):
  File "scripts/run_mcsce.py", line 105, in <module>
    main()
  File "scripts/run_mcsce.py", line 101, in main
    args.n_trials, args.failed_log)
  File "scripts/run_mcsce.py", line 49, in run_mcsce
    from mcsce.libs.libparse import mk_folder
ImportError: cannot import name 'mk_folder' from 'mcsce.libs.libparse' (/wynton/home/rotation/jqmo/rotation3/MCSCE/src/mcsce/libs/libparse.py)
Traceback (most recent call last):
  File "scripts/run_mcsce.py", line 105, in <module>
    main()
  File "scripts/run_mcsce.py", line 101, in main
    args.n_trials, args.failed_log)
  File "scripts/run_mcsce.py", line 49, in run_mcsce
    from mcsce.libs.libparse import mk_folder
ImportError: cannot import name 'mk_folder' from 'mcsce.libs.libparse' (/wynton/home/rotation/jqmo/rotation3/MCSCE/src/mcsce/libs/libparse.py)
Traceback (most recent call last):
  File "scripts/run_mcsce.py", line 105, in <module>
    main()
  File "scripts/run_mcsce.py", line 101, in main
    args.n_trials, args.failed_log)
  File "scripts/run_mcsce.py", line 49, in run_mcsce
    from mcsce.libs.libparse import mk_folder
ImportError: cannot import name 'mk_folder' from 'mcsce.libs.libparse' (/wynton/home/rotation/jqmo/rotation3/MCSCE/src/mcsce/libs/libparse.py)
Traceback (most recent call last):
  File "scripts/run_mcsce.py", line 105, in <module>
    main()
  File "scripts/run_mcsce.py", line 101, in main
    args.n_trials, args.failed_log)
  File "scripts/run_mcsce.py", line 49, in run_mcsce
    from mcsce.libs.libparse import mk_folder
ImportError: cannot import name 'mk_folder' from 'mcsce.libs.libparse' (/wynton/home/rotation/jqmo/rotation3/MCSCE/src/mcsce/libs/libparse.py)
Traceback (most recent call last):
  File "scripts/run_mcsce.py", line 105, in <module>
    main()
  File "scripts/run_mcsce.py", line 101, in main
    args.n_trials, args.failed_log)
  File "scripts/run_mcsce.py", line 49, in run_mcsce
    from mcsce.libs.libparse import mk_folder
ImportError: cannot import name 'mk_folder' from 'mcsce.libs.libparse' (/wynton/home/rotation/jqmo/rotation3/MCSCE/src/mcsce/libs/libparse.py)
Traceback (most recent call last):
  File "scripts/run_mcsce.py", line 105, in <module>
    main()
  File "scripts/run_mcsce.py", line 101, in main
    args.n_trials, args.failed_log)
  File "scripts/run_mcsce.py", line 49, in run_mcsce
    from mcsce.libs.libparse import mk_folder
ImportError: cannot import name 'mk_folder' from 'mcsce.libs.libparse' (/wynton/home/rotation/jqmo/rotation3/MCSCE/src/mcsce/libs/libparse.py)
Traceback (most recent call last):
  File "scripts/run_mcsce.py", line 105, in <module>
    main()
  File "scripts/run_mcsce.py", line 101, in main
    args.n_trials, args.failed_log)
  File "scripts/run_mcsce.py", line 49, in run_mcsce
    from mcsce.libs.libparse import mk_folder
ImportError: cannot import name 'mk_folder' from 'mcsce.libs.libparse' (/wynton/home/rotation/jqmo/rotation3/MCSCE/src/mcsce/libs/libparse.py)
Traceback (most recent call last):
  File "scripts/run_mcsce.py", line 105, in <module>
    main()
  File "scripts/run_mcsce.py", line 101, in main
    args.n_trials, args.failed_log)
  File "scripts/run_mcsce.py", line 49, in run_mcsce
    from mcsce.libs.libparse import mk_folder
ImportError: cannot import name 'mk_folder' from 'mcsce.libs.libparse' (/wynton/home/rotation/jqmo/rotation3/MCSCE/src/mcsce/libs/libparse.py)
Traceback (most recent call last):
  File "scripts/run_mcsce.py", line 105, in <module>
    main()
  File "scripts/run_mcsce.py", line 101, in main
    args.n_trials, args.failed_log)
  File "scripts/run_mcsce.py", line 49, in run_mcsce
    from mcsce.libs.libparse import mk_folder
ImportError: cannot import name 'mk_folder' from 'mcsce.libs.libparse' (/wynton/home/rotation/jqmo/rotation3/MCSCE/src/mcsce/libs/libparse.py)
Traceback (most recent call last):
  File "scripts/run_mcsce.py", line 105, in <module>
    main()
  File "scripts/run_mcsce.py", line 101, in main
    args.n_trials, args.failed_log)
  File "scripts/run_mcsce.py", line 49, in run_mcsce
    from mcsce.libs.libparse import mk_folder
ImportError: cannot import name 'mk_folder' from 'mcsce.libs.libparse' (/wynton/home/rotation/jqmo/rotation3/MCSCE/src/mcsce/libs/libparse.py)
Traceback (most recent call last):
  File "scripts/run_mcsce.py", line 105, in <module>
    main()
  File "scripts/run_mcsce.py", line 101, in main
    args.n_trials, args.failed_log)
  File "scripts/run_mcsce.py", line 49, in run_mcsce
    from mcsce.libs.libparse import mk_folder
ImportError: cannot import name 'mk_folder' from 'mcsce.libs.libparse' (/wynton/home/rotation/jqmo/rotation3/MCSCE/src/mcsce/libs/libparse.py)
Traceback (most recent call last):
  File "scripts/run_mcsce.py", line 105, in <module>
    main()
  File "scripts/run_mcsce.py", line 101, in main
    args.n_trials, args.failed_log)
  File "scripts/run_mcsce.py", line 49, in run_mcsce
    from mcsce.libs.libparse import mk_folder
ImportError: cannot import name 'mk_folder' from 'mcsce.libs.libparse' (/wynton/home/rotation/jqmo/rotation3/MCSCE/src/mcsce/libs/libparse.py)
Traceback (most recent call last):
  File "scripts/run_mcsce.py", line 105, in <module>
    main()
  File "scripts/run_mcsce.py", line 101, in main
    args.n_trials, args.failed_log)
  File "scripts/run_mcsce.py", line 49, in run_mcsce
    from mcsce.libs.libparse import mk_folder
ImportError: cannot import name 'mk_folder' from 'mcsce.libs.libparse' (/wynton/home/rotation/jqmo/rotation3/MCSCE/src/mcsce/libs/libparse.py)
Traceback (most recent call last):
  File "scripts/run_mcsce.py", line 105, in <module>
    main()
  File "scripts/run_mcsce.py", line 101, in main
    args.n_trials, args.failed_log)
  File "scripts/run_mcsce.py", line 49, in run_mcsce
    from mcsce.libs.libparse import mk_folder
ImportError: cannot import name 'mk_folder' from 'mcsce.libs.libparse' (/wynton/home/rotation/jqmo/rotation3/MCSCE/src/mcsce/libs/libparse.py)
Traceback (most recent call last):
  File "scripts/run_mcsce.py", line 105, in <module>
    main()
  File "scripts/run_mcsce.py", line 101, in main
    args.n_trials, args.failed_log)
  File "scripts/run_mcsce.py", line 49, in run_mcsce
    from mcsce.libs.libparse import mk_folder
ImportError: cannot import name 'mk_folder' from 'mcsce.libs.libparse' (/wynton/home/rotation/jqmo/rotation3/MCSCE/src/mcsce/libs/libparse.py)
Traceback (most recent call last):
  File "scripts/run_mcsce.py", line 105, in <module>
    main()
  File "scripts/run_mcsce.py", line 101, in main
    args.n_trials, args.failed_log)
  File "scripts/run_mcsce.py", line 49, in run_mcsce
    from mcsce.libs.libparse import mk_folder
ImportError: cannot import name 'mk_folder' from 'mcsce.libs.libparse' (/wynton/home/rotation/jqmo/rotation3/MCSCE/src/mcsce/libs/libparse.py)
Traceback (most recent call last):
  File "scripts/run_mcsce.py", line 105, in <module>
    main()
  File "scripts/run_mcsce.py", line 101, in main
    args.n_trials, args.failed_log)
  File "scripts/run_mcsce.py", line 49, in run_mcsce
    from mcsce.libs.libparse import mk_folder
ImportError: cannot import name 'mk_folder' from 'mcsce.libs.libparse' (/wynton/home/rotation/jqmo/rotation3/MCSCE/src/mcsce/libs/libparse.py)
Traceback (most recent call last):
  File "scripts/run_mcsce.py", line 105, in <module>
    main()
  File "scripts/run_mcsce.py", line 101, in main
    args.n_trials, args.failed_log)
  File "scripts/run_mcsce.py", line 49, in run_mcsce
    from mcsce.libs.libparse import mk_folder
ImportError: cannot import name 'mk_folder' from 'mcsce.libs.libparse' (/wynton/home/rotation/jqmo/rotation3/MCSCE/src/mcsce/libs/libparse.py)
Traceback (most recent call last):
  File "scripts/run_mcsce.py", line 105, in <module>
    main()
  File "scripts/run_mcsce.py", line 101, in main
    args.n_trials, args.failed_log)
  File "scripts/run_mcsce.py", line 49, in run_mcsce
    from mcsce.libs.libparse import mk_folder
ImportError: cannot import name 'mk_folder' from 'mcsce.libs.libparse' (/wynton/home/rotation/jqmo/rotation3/MCSCE/src/mcsce/libs/libparse.py)
Traceback (most recent call last):
  File "scripts/run_mcsce.py", line 105, in <module>
    main()
  File "scripts/run_mcsce.py", line 101, in main
    args.n_trials, args.failed_log)
  File "scripts/run_mcsce.py", line 49, in run_mcsce
    from mcsce.libs.libparse import mk_folder
ImportError: cannot import name 'mk_folder' from 'mcsce.libs.libparse' (/wynton/home/rotation/jqmo/rotation3/MCSCE/src/mcsce/libs/libparse.py)
Traceback (most recent call last):
  File "scripts/run_mcsce.py", line 105, in <module>
    main()
  File "scripts/run_mcsce.py", line 101, in main
    args.n_trials, args.failed_log)
  File "scripts/run_mcsce.py", line 49, in run_mcsce
    from mcsce.libs.libparse import mk_folder
ImportError: cannot import name 'mk_folder' from 'mcsce.libs.libparse' (/wynton/home/rotation/jqmo/rotation3/MCSCE/src/mcsce/libs/libparse.py)
Traceback (most recent call last):
  File "scripts/run_mcsce.py", line 105, in <module>
    main()
  File "scripts/run_mcsce.py", line 101, in main
    args.n_trials, args.failed_log)
  File "scripts/run_mcsce.py", line 49, in run_mcsce
    from mcsce.libs.libparse import mk_folder
ImportError: cannot import name 'mk_folder' from 'mcsce.libs.libparse' (/wynton/home/rotation/jqmo/rotation3/MCSCE/src/mcsce/libs/libparse.py)
